C000  4C F5 C5  JMP $C5F5                       A:00 X:00 Y:00 P:24 SP:FD CYC:  0
C5F5  A2 00     LDX #$00                        A:00 X:00 Y:00 P:24 SP:FD CYC:  9
C5F7  86 00     STX $00 = 00                    A:00 X:00 Y:00 P:26 SP:FD CYC: 15
C5F9  86 10     STX $10 = 00                    A:00 X:00 Y:00 P:26 SP:FD CYC: 24
C5FB  86 11     STX $11 = 00                    A:00 X:00 Y:00 P:26 SP:FD CYC: 33
C5FD  20 2D C7  JSR $C72D                       A:00 X:00 Y:00 P:26 SP:FD CYC: 42
C72D  EA        NOP                             A:00 X:00 Y:00 P:26 SP:FB CYC: 60
C72E  38        SEC                             A:00 X:00 Y:00 P:26 SP:FB CYC: 66
C72F  B0 04     BCS $C735                       A:00 X:00 Y:00 P:27 SP:FB CYC: 72
C735  EA        NOP                             A:00 X:00 Y:00 P:27 SP:FB CYC: 81
C736  18        CLC                             A:00 X:00 Y:00 P:27 SP:FB CYC: 87
C737  B0 03     BCS $C73C                       A:00 X:00 Y:00 P:26 SP:FB CYC: 93
C739  4C 40 C7  JMP $C740                       A:00 X:00 Y:00 P:26 SP:FB CYC: 99
C740  EA        NOP                             A:00 X:00 Y:00 P:26 SP:FB CYC:108
C741  38        SEC                             A:00 X:00 Y:00 P:26 SP:FB CYC:114
C742  90 03     BCC $C747                       A:00 X:00 Y:00 P:27 SP:FB CYC:120
C744  4C 4B C7  JMP $C74B                       A:00 X:00 Y:00 P:27 SP:FB CYC:126
C74B  EA        NOP                             A:00 X:00 Y:00 P:27 SP:FB CYC:135
C74C  18        CLC                             A:00 X:00 Y:00 P:27 SP:FB CYC:141
C74D  90 04     BCC $C753                       A:00 X:00 Y:00 P:26 SP:FB CYC:147
C753  EA        NOP                             A:00 X:00 Y:00 P:26 SP:FB CYC:156
C754  A9 00     LDA #$00                        A:00 X:00 Y:00 P:26 SP:FB CYC:162
C756  F0 04     BEQ $C75C                       A:00 X:00 Y:00 P:26 SP:FB CYC:168
C75C  EA        NOP                             A:00 X:00 Y:00 P:26 SP:FB CYC:177
C75D  A9 40     LDA #$40                        A:00 X:00 Y:00 P:26 SP:FB CYC:183
C75F  F0 03     BEQ $C764                       A:40 X:00 Y:00 P:24 SP:FB CYC:189
C761  4C 68 C7  JMP $C768                       A:40 X:00 Y:00 P:24 SP:FB CYC:195
C768  EA        NOP                             A:40 X:00 Y:00 P:24 SP:FB CYC:204
C769  A9 40     LDA #$40                        A:40 X:00 Y:00 P:24 SP:FB CYC:210
C76B  D0 04     BNE $C771                       A:40 X:00 Y:00 P:24 SP:FB CYC:216
C771  EA        NOP                             A:40 X:00 Y:00 P:24 SP:FB CYC:225
C772  A9 00     LDA #$00                        A:40 X:00 Y:00 P:24 SP:FB CYC:231
C774  D0 03     BNE $C779                       A:00 X:00 Y:00 P:26 SP:FB CYC:237
C776  4C 7D C7  JMP $C77D                       A:00 X:00 Y:00 P:26 SP:FB CYC:243
C77D  EA        NOP                             A:00 X:00 Y:00 P:26 SP:FB CYC:252
C77E  A9 FF     LDA #$FF                        A:00 X:00 Y:00 P:26 SP:FB CYC:258
C780  85 01     STA $01 = 00                    A:FF X:00 Y:00 P:A4 SP:FB CYC:264
C782  24 01     BIT $01 = FF                    A:FF X:00 Y:00 P:A4 SP:FB CYC:273
C784  70 04     BVS $C78A                       A:FF X:00 Y:00 P:E4 SP:FB CYC:282
C78A  EA        NOP                             A:FF X:00 Y:00 P:E4 SP:FB CYC:291
C78B  24 01     BIT $01 = FF                    A:FF X:00 Y:00 P:E4 SP:FB CYC:297
C78D  50 03     BVC $C792                       A:FF X:00 Y:00 P:E4 SP:FB CYC:306
C78F  4C 96 C7  JMP $C796                       A:FF X:00 Y:00 P:E4 SP:FB CYC:312
C796  EA        NOP                             A:FF X:00 Y:00 P:E4 SP:FB CYC:321
C797  A9 00     LDA #$00                        A:FF X:00 Y:00 P:E4 SP:FB CYC:327
C799  85 01     STA $01 = FF                    A:00 X:00 Y:00 P:66 SP:FB CYC:333
C79B  24 01     BIT $01 = 00                    A:00 X:00 Y:00 P:66 SP:FB CYC:  1
C79D  50 04     BVC $C7A3                       A:00 X:00 Y:00 P:26 SP:FB CYC: 10
C7A3  EA        NOP                             A:00 X:00 Y:00 P:26 SP:FB CYC: 19
C7A4  24 01     BIT $01 = 00                    A:00 X:00 Y:00 P:26 SP:FB CYC: 25
C7A6  70 03     BVS $C7AB                       A:00 X:00 Y:00 P:26 SP:FB CYC: 34
C7A8  4C AF C7  JMP $C7AF                       A:00 X:00 Y:00 P:26 SP:FB CYC: 40
C7AF  EA        NOP                             A:00 X:00 Y:00 P:26 SP:FB CYC: 49
C7B0  A9 00     LDA #$00                        A:00 X:00 Y:00 P:26 SP:FB CYC: 55
C7B2  10 04     BPL $C7B8                       A:00 X:00 Y:00 P:26 SP:FB CYC: 61
C7B8  EA        NOP                             A:00 X:00 Y:00 P:26 SP:FB CYC: 70
C7B9  A9 80     LDA #$80                        A:00 X:00 Y:00 P:26 SP:FB CYC: 76
C7BB  10 03     BPL $C7C0                       A:80 X:00 Y:00 P:A4 SP:FB CYC: 82
C7BD  4C D9 C7  JMP $C7D9                       A:80 X:00 Y:00 P:A4 SP:FB CYC: 88
C7D9  EA        NOP                             A:80 X:00 Y:00 P:A4 SP:FB CYC: 97
C7DA  60        RTS                             A:80 X:00 Y:00 P:A4 SP:FB CYC:103
C600  20 DB C7  JSR $C7DB                       A:80 X:00 Y:00 P:A4 SP:FD CYC:121
C7DB  EA        NOP                             A:80 X:00 Y:00 P:A4 SP:FB CYC:139
C7DC  A9 FF     LDA #$FF                        A:80 X:00 Y:00 P:A4 SP:FB CYC:145
C7DE  85 01     STA $01 = 00                    A:FF X:00 Y:00 P:A4 SP:FB CYC:151
C7E0  24 01     BIT $01 = FF                    A:FF X:00 Y:00 P:A4 SP:FB CYC:160
C7E2  A9 00     LDA #$00                        A:FF X:00 Y:00 P:E4 SP:FB CYC:169
C7E4  38        SEC                             A:00 X:00 Y:00 P:66 SP:FB CYC:175
C7E5  78        SEI                             A:00 X:00 Y:00 P:67 SP:FB CYC:181
C7E6  F8        SED                             A:00 X:00 Y:00 P:67 SP:FB CYC:187
C7E7  08        PHP                             A:00 X:00 Y:00 P:6F SP:FB CYC:193
C7E8  68        PLA                             A:00 X:00 Y:00 P:6F SP:FA CYC:202
C7E9  29 EF     AND #$EF                        A:7F X:00 Y:00 P:6F SP:FB CYC:214
C7EB  C9 6F     CMP #$6F                        A:6F X:00 Y:00 P:6D SP:FB CYC:220
C7ED  F0 04     BEQ $C7F3                       A:6F X:00 Y:00 P:6F SP:FB CYC:226
C7F3  EA        NOP                             A:6F X:00 Y:00 P:6F SP:FB CYC:235
C7F4  A9 40     LDA #$40                        A:6F X:00 Y:00 P:6F SP:FB CYC:241
C7F6  85 01     STA $01 = FF                    A:40 X:00 Y:00 P:6D SP:FB CYC:247
C7F8  24 01     BIT $01 = 40                    A:40 X:00 Y:00 P:6D SP:FB CYC:256
C7FA  D8        CLD                             A:40 X:00 Y:00 P:6D SP:FB CYC:265
C7FB  A9 10     LDA #$10                        A:40 X:00 Y:00 P:65 SP:FB CYC:271
C7FD  18        CLC                             A:10 X:00 Y:00 P:65 SP:FB CYC:277
C7FE  08        PHP                             A:10 X:00 Y:00 P:64 SP:FB CYC:283
C7FF  68        PLA                             A:10 X:00 Y:00 P:64 SP:FA CYC:292
C800  29 EF     AND #$EF                        A:74 X:00 Y:00 P:64 SP:FB CYC:304
C802  C9 64     CMP #$64                        A:64 X:00 Y:00 P:64 SP:FB CYC:310
C804  F0 04     BEQ $C80A                       A:64 X:00 Y:00 P:67 SP:FB CYC:316
C80A  EA        NOP                             A:64 X:00 Y:00 P:67 SP:FB CYC:325
C80B  A9 80     LDA #$80                        A:64 X:00 Y:00 P:67 SP:FB CYC:331
C80D  85 01     STA $01 = 40                    A:80 X:00 Y:00 P:E5 SP:FB CYC:337
C80F  24 01     BIT $01 = 80                    A:80 X:00 Y:00 P:E5 SP:FB CYC:  5
C811  F8        SED                             A:80 X:00 Y:00 P:A5 SP:FB CYC: 14
C812  A9 00     LDA #$00                        A:80 X:00 Y:00 P:AD SP:FB CYC: 20
C814  38        SEC                             A:00 X:00 Y:00 P:2F SP:FB CYC: 26
C815  08        PHP                             A:00 X:00 Y:00 P:2F SP:FB CYC: 32
C816  68        PLA                             A:00 X:00 Y:00 P:2F SP:FA CYC: 41
C817  29 EF     AND #$EF                        A:3F X:00 Y:00 P:2F SP:FB CYC: 53
C819  C9 2F     CMP #$2F                        A:2F X:00 Y:00 P:2D SP:FB CYC: 59
C81B  F0 04     BEQ $C821                       A:2F X:00 Y:00 P:2F SP:FB CYC: 65
C821  EA        NOP                             A:2F X:00 Y:00 P:2F SP:FB CYC: 74
C822  A9 FF     LDA #$FF                        A:2F X:00 Y:00 P:2F SP:FB CYC: 80
C824  48        PHA                             A:FF X:00 Y:00 P:AD SP:FB CYC: 86
C825  28        PLP                             A:FF X:00 Y:00 P:AD SP:FA CYC: 95
C826  D0 09     BNE $C831                       A:FF X:00 Y:00 P:FF SP:FB CYC:107
C828  10 07     BPL $C831                       A:FF X:00 Y:00 P:FF SP:FB CYC:113
C82A  50 05     BVC $C831                       A:FF X:00 Y:00 P:FF SP:FB CYC:119
C82C  90 03     BCC $C831                       A:FF X:00 Y:00 P:FF SP:FB CYC:125
C82E  4C 35 C8  JMP $C835                       A:FF X:00 Y:00 P:FF SP:FB CYC:131
C835  EA        NOP                             A:FF X:00 Y:00 P:FF SP:FB CYC:140
C836  A9 04     LDA #$04                        A:FF X:00 Y:00 P:FF SP:FB CYC:146
C838  48        PHA                             A:04 X:00 Y:00 P:7D SP:FB CYC:152
C839  28        PLP                             A:04 X:00 Y:00 P:7D SP:FA CYC:161
C83A  F0 09     BEQ $C845                       A:04 X:00 Y:00 P:24 SP:FB CYC:173
C83C  30 07     BMI $C845                       A:04 X:00 Y:00 P:24 SP:FB CYC:179
C83E  70 05     BVS $C845                       A:04 X:00 Y:00 P:24 SP:FB CYC:185
C840  B0 03     BCS $C845                       A:04 X:00 Y:00 P:24 SP:FB CYC:191
C842  4C 49 C8  JMP $C849                       A:04 X:00 Y:00 P:24 SP:FB CYC:197
C849  EA        NOP                             A:04 X:00 Y:00 P:24 SP:FB CYC:206
C84A  F8        SED                             A:04 X:00 Y:00 P:24 SP:FB CYC:212
C84B  A9 FF     LDA #$FF                        A:04 X:00 Y:00 P:2C SP:FB CYC:218
C84D  85 01     STA $01 = 80                    A:FF X:00 Y:00 P:AC SP:FB CYC:224
C84F  24 01     BIT $01 = FF                    A:FF X:00 Y:00 P:AC SP:FB CYC:233
C851  18        CLC                             A:FF X:00 Y:00 P:EC SP:FB CYC:242
C852  A9 00     LDA #$00                        A:FF X:00 Y:00 P:EC SP:FB CYC:248
C854  48        PHA                             A:00 X:00 Y:00 P:6E SP:FB CYC:254
C855  A9 FF     LDA #$FF                        A:00 X:00 Y:00 P:6E SP:FA CYC:263
C857  68        PLA                             A:FF X:00 Y:00 P:EC SP:FA CYC:269
C858  D0 09     BNE $C863                       A:00 X:00 Y:00 P:EC SP:FB CYC:281
C863  A2 16     LDX #$16                        A:00 X:00 Y:00 P:EC SP:FB CYC:290
C865  86 00     STX $00 = 00                    A:00 X:16 Y:00 P:6C SP:FB CYC:296
C867  EA        NOP                             A:00 X:16 Y:00 P:6C SP:FB CYC:305
C868  A9 00     LDA #$00                        A:00 X:16 Y:00 P:6C SP:FB CYC:311
C86A  85 01     STA $01 = FF                    A:00 X:16 Y:00 P:6E SP:FB CYC:317
C86C  24 01     BIT $01 = 00                    A:00 X:16 Y:00 P:6E SP:FB CYC:326
C86E  38        SEC                             A:00 X:16 Y:00 P:2E SP:FB CYC:335
C86F  A9 FF     LDA #$FF                        A:00 X:16 Y:00 P:2F SP:FB CYC:  0
C871  48        PHA                             A:FF X:16 Y:00 P:AD SP:FB CYC:  6
C872  A9 00     LDA #$00                        A:FF X:16 Y:00 P:AD SP:FA CYC: 15
C874  68        PLA                             A:00 X:16 Y:00 P:2F SP:FA CYC: 21
C875  F0 09     BEQ $C880                       A:FF X:16 Y:00 P:2F SP:FB CYC: 33
C880  A2 17     LDX #$17                        A:FF X:16 Y:00 P:2F SP:FB CYC: 42
C882  86 00     STX $00 = 16                    A:FF X:17 Y:00 P:2D SP:FB CYC: 48
C884  60        RTS                             A:FF X:17 Y:00 P:2D SP:FB CYC: 57
C603  20 85 C8  JSR $C885                       A:FF X:17 Y:00 P:2D SP:FD CYC: 75
C885  EA        NOP                             A:FF X:17 Y:00 P:2D SP:FB CYC: 93
C886  18        CLC                             A:FF X:17 Y:00 P:2D SP:FB CYC: 99
C887  A9 FF     LDA #$FF                        A:FF X:17 Y:00 P:2C SP:FB CYC:105
C889  85 01     STA $01 = 00                    A:FF X:17 Y:00 P:AC SP:FB CYC:111
C88B  24 01     BIT $01 = FF                    A:FF X:17 Y:00 P:AC SP:FB CYC:120
C88D  A9 55     LDA #$55                        A:FF X:17 Y:00 P:EC SP:FB CYC:129
C88F  09 AA     ORA #$AA                        A:55 X:17 Y:00 P:6C SP:FB CYC:135
C891  B0 0B     BCS $C89E                       A:FF X:17 Y:00 P:EC SP:FB CYC:141
C893  10 09     BPL $C89E                       A:FF X:17 Y:00 P:EC SP:FB CYC:147
C895  C9 FF     CMP #$FF                        A:FF X:17 Y:00 P:EC SP:FB CYC:153
C897  D0 05     BNE $C89E                       A:FF X:17 Y:00 P:6F SP:FB CYC:159
C899  50 03     BVC $C89E                       A:FF X:17 Y:00 P:6F SP:FB CYC:165
C89B  4C A2 C8  JMP $C8A2                       A:FF X:17 Y:00 P:6F SP:FB CYC:171
C8A2  EA        NOP                             A:FF X:17 Y:00 P:6F SP:FB CYC:180
C8A3  38        SEC                             A:FF X:17 Y:00 P:6F SP:FB CYC:186
C8A4  B8        CLV                             A:FF X:17 Y:00 P:6F SP:FB CYC:192
C8A5  A9 00     LDA #$00                        A:FF X:17 Y:00 P:2F SP:FB CYC:198
C8A7  09 00     ORA #$00                        A:00 X:17 Y:00 P:2F SP:FB CYC:204
C8A9  D0 09     BNE $C8B4                       A:00 X:17 Y:00 P:2F SP:FB CYC:210
C8AB  70 07     BVS $C8B4                       A:00 X:17 Y:00 P:2F SP:FB CYC:216
C8AD  90 05     BCC $C8B4                       A:00 X:17 Y:00 P:2F SP:FB CYC:222
C8AF  30 03     BMI $C8B4                       A:00 X:17 Y:00 P:2F SP:FB CYC:228
C8B1  4C B8 C8  JMP $C8B8                       A:00 X:17 Y:00 P:2F SP:FB CYC:234
C8B8  EA        NOP                             A:00 X:17 Y:00 P:2F SP:FB CYC:243
C8B9  18        CLC                             A:00 X:17 Y:00 P:2F SP:FB CYC:249
C8BA  24 01     BIT $01 = FF                    A:00 X:17 Y:00 P:2E SP:FB CYC:255
C8BC  A9 55     LDA #$55                        A:00 X:17 Y:00 P:2E SP:FB CYC:264
C8BE  29 AA     AND #$AA                        A:55 X:17 Y:00 P:2C SP:FB CYC:270
C8C0  D0 09     BNE $C8CB                       A:00 X:17 Y:00 P:2E SP:FB CYC:276
C8C2  50 07     BVC $C8CB                       A:00 X:17 Y:00 P:2E SP:FB CYC:282
C8CB  A2 1A     LDX #$1A                        A:00 X:17 Y:00 P:2E SP:FB CYC:291
C8CD  86 00     STX $00 = 17                    A:00 X:1A Y:00 P:2C SP:FB CYC:297
C8CF  EA        NOP                             A:00 X:1A Y:00 P:2C SP:FB CYC:306
C8D0  38        SEC                             A:00 X:1A Y:00 P:2C SP:FB CYC:312
C8D1  B8        CLV                             A:00 X:1A Y:00 P:2D SP:FB CYC:318
C8D2  A9 F8     LDA #$F8                        A:00 X:1A Y:00 P:2D SP:FB CYC:324
C8D4  29 EF     AND #$EF                        A:F8 X:1A Y:00 P:AD SP:FB CYC:330
C8D6  90 0B     BCC $C8E3                       A:E8 X:1A Y:00 P:AD SP:FB CYC:336
C8D8  10 09     BPL $C8E3                       A:E8 X:1A Y:00 P:AD SP:FB CYC:  1
C8DA  C9 E8     CMP #$E8                        A:E8 X:1A Y:00 P:AD SP:FB CYC:  7
C8DC  D0 05     BNE $C8E3                       A:E8 X:1A Y:00 P:2F SP:FB CYC: 13
C8DE  70 03     BVS $C8E3                       A:E8 X:1A Y:00 P:2F SP:FB CYC: 19
C8E0  4C E7 C8  JMP $C8E7                       A:E8 X:1A Y:00 P:2F SP:FB CYC: 25
C8E7  EA        NOP                             A:E8 X:1A Y:00 P:2F SP:FB CYC: 34
C8E8  18        CLC                             A:E8 X:1A Y:00 P:2F SP:FB CYC: 40
C8E9  24 01     BIT $01 = FF                    A:E8 X:1A Y:00 P:2E SP:FB CYC: 46
C8EB  A9 5F     LDA #$5F                        A:E8 X:1A Y:00 P:EC SP:FB CYC: 55
C8ED  49 AA     EOR #$AA                        A:5F X:1A Y:00 P:6C SP:FB CYC: 61
C8EF  B0 0B     BCS $C8FC                       A:F5 X:1A Y:00 P:EC SP:FB CYC: 67
C8F1  10 09     BPL $C8FC                       A:F5 X:1A Y:00 P:EC SP:FB CYC: 73
C8F3  C9 F5     CMP #$F5                        A:F5 X:1A Y:00 P:EC SP:FB CYC: 79
C8F5  D0 05     BNE $C8FC                       A:F5 X:1A Y:00 P:6F SP:FB CYC: 85
C8F7  50 03     BVC $C8FC                       A:F5 X:1A Y:00 P:6F SP:FB CYC: 91
C8F9  4C 00 C9  JMP $C900                       A:F5 X:1A Y:00 P:6F SP:FB CYC: 97
C900  EA        NOP                             A:F5 X:1A Y:00 P:6F SP:FB CYC:106
C901  38        SEC                             A:F5 X:1A Y:00 P:6F SP:FB CYC:112
C902  B8        CLV                             A:F5 X:1A Y:00 P:6F SP:FB CYC:118
C903  A9 70     LDA #$70                        A:F5 X:1A Y:00 P:2F SP:FB CYC:124
C905  49 70     EOR #$70                        A:70 X:1A Y:00 P:2D SP:FB CYC:130
C907  D0 09     BNE $C912                       A:00 X:1A Y:00 P:2F SP:FB CYC:136
C909  70 07     BVS $C912                       A:00 X:1A Y:00 P:2F SP:FB CYC:142
C90B  90 05     BCC $C912                       A:00 X:1A Y:00 P:2F SP:FB CYC:148
C90D  30 03     BMI $C912                       A:00 X:1A Y:00 P:2F SP:FB CYC:154
C90F  4C 16 C9  JMP $C916                       A:00 X:1A Y:00 P:2F SP:FB CYC:160
C916  EA        NOP                             A:00 X:1A Y:00 P:2F SP:FB CYC:169
C917  18        CLC                             A:00 X:1A Y:00 P:2F SP:FB CYC:175
C918  24 01     BIT $01 = FF                    A:00 X:1A Y:00 P:2E SP:FB CYC:181
C91A  A9 00     LDA #$00                        A:00 X:1A Y:00 P:2E SP:FB CYC:190
C91C  69 69     ADC #$69                        A:00 X:1A Y:00 P:2E SP:FB CYC:196
C91E  30 0B     BMI $C92B                       A:69 X:1A Y:00 P:2C SP:FB CYC:202
C920  B0 09     BCS $C92B                       A:69 X:1A Y:00 P:2C SP:FB CYC:208
C922  C9 69     CMP #$69                        A:69 X:1A Y:00 P:2C SP:FB CYC:214
C924  D0 05     BNE $C92B                       A:69 X:1A Y:00 P:2F SP:FB CYC:220
C926  70 03     BVS $C92B                       A:69 X:1A Y:00 P:2F SP:FB CYC:226
C928  4C 2F C9  JMP $C92F                       A:69 X:1A Y:00 P:2F SP:FB CYC:232
C92F  EA        NOP                             A:69 X:1A Y:00 P:2F SP:FB CYC:241
C930  38        SEC                             A:69 X:1A Y:00 P:2F SP:FB CYC:247
C931  F8        SED                             A:69 X:1A Y:00 P:2F SP:FB CYC:253
C932  24 01     BIT $01 = FF                    A:69 X:1A Y:00 P:2F SP:FB CYC:259
C934  A9 01     LDA #$01                        A:69 X:1A Y:00 P:6D SP:FB CYC:268
C936  69 69     ADC #$69                        A:01 X:1A Y:00 P:6D SP:FB CYC:274
C938  30 0B     BMI $C945                       A:6B X:1A Y:00 P:2C SP:FB CYC:280
C93A  B0 09     BCS $C945                       A:6B X:1A Y:00 P:2C SP:FB CYC:286
C93C  C9 6B     CMP #$6B                        A:6B X:1A Y:00 P:2C SP:FB CYC:292
C93E  D0 05     BNE $C945                       A:6B X:1A Y:00 P:2F SP:FB CYC:298
C940  70 03     BVS $C945                       A:6B X:1A Y:00 P:2F SP:FB CYC:304
C942  4C 49 C9  JMP $C949                       A:6B X:1A Y:00 P:2F SP:FB CYC:310
C949  EA        NOP                             A:6B X:1A Y:00 P:2F SP:FB CYC:319
C94A  D8        CLD                             A:6B X:1A Y:00 P:2F SP:FB CYC:325
C94B  38        SEC                             A:6B X:1A Y:00 P:27 SP:FB CYC:331
C94C  B8        CLV                             A:6B X:1A Y:00 P:27 SP:FB CYC:337
C94D  A9 7F     LDA #$7F                        A:6B X:1A Y:00 P:27 SP:FB CYC:  2
C94F  69 7F     ADC #$7F                        A:7F X:1A Y:00 P:25 SP:FB CYC:  8
C951  10 0B     BPL $C95E                       A:FF X:1A Y:00 P:A4 SP:FB CYC: 14
C953  B0 09     BCS $C95E                       A:FF X:1A Y:00 P:A4 SP:FB CYC: 20
C955  C9 FF     CMP #$FF                        A:FF X:1A Y:00 P:A4 SP:FB CYC: 26
C957  D0 05     BNE $C95E                       A:FF X:1A Y:00 P:27 SP:FB CYC: 32
C959  50 03     BVC $C95E                       A:FF X:1A Y:00 P:27 SP:FB CYC: 38
C95E  A2 20     LDX #$20                        A:FF X:1A Y:00 P:27 SP:FB CYC: 47
C960  86 00     STX $00 = 1A                    A:FF X:20 Y:00 P:25 SP:FB CYC: 53
C962  EA        NOP                             A:FF X:20 Y:00 P:25 SP:FB CYC: 62
C963  18        CLC                             A:FF X:20 Y:00 P:25 SP:FB CYC: 68
C964  24 01     BIT $01 = FF                    A:FF X:20 Y:00 P:24 SP:FB CYC: 74
C966  A9 7F     LDA #$7F                        A:FF X:20 Y:00 P:E4 SP:FB CYC: 83
C968  69 80     ADC #$80                        A:7F X:20 Y:00 P:64 SP:FB CYC: 89
C96A  10 0B     BPL $C977                       A:FF X:20 Y:00 P:A4 SP:FB CYC: 95
C96C  B0 09     BCS $C977                       A:FF X:20 Y:00 P:A4 SP:FB CYC:101
C96E  C9 FF     CMP #$FF                        A:FF X:20 Y:00 P:A4 SP:FB CYC:107
C970  D0 05     BNE $C977                       A:FF X:20 Y:00 P:27 SP:FB CYC:113
C972  70 03     BVS $C977                       A:FF X:20 Y:00 P:27 SP:FB CYC:119
C974  4C 7B C9  JMP $C97B                       A:FF X:20 Y:00 P:27 SP:FB CYC:125
C97B  EA        NOP                             A:FF X:20 Y:00 P:27 SP:FB CYC:134
C97C  38        SEC                             A:FF X:20 Y:00 P:27 SP:FB CYC:140
C97D  B8        CLV                             A:FF X:20 Y:00 P:27 SP:FB CYC:146
C97E  A9 7F     LDA #$7F                        A:FF X:20 Y:00 P:27 SP:FB CYC:152
C980  69 80     ADC #$80                        A:7F X:20 Y:00 P:25 SP:FB CYC:158
C982  D0 09     BNE $C98D                       A:00 X:20 Y:00 P:67 SP:FB CYC:164
C984  30 07     BMI $C98D                       A:00 X:20 Y:00 P:67 SP:FB CYC:170
C986  70 05     BVS $C98D                       A:00 X:20 Y:00 P:67 SP:FB CYC:176
C98D  A2 22     LDX #$22                        A:00 X:20 Y:00 P:67 SP:FB CYC:185
C98F  86 00     STX $00 = 20                    A:00 X:22 Y:00 P:65 SP:FB CYC:191
C991  EA        NOP                             A:00 X:22 Y:00 P:65 SP:FB CYC:200
C992  38        SEC                             A:00 X:22 Y:00 P:65 SP:FB CYC:206
C993  B8        CLV                             A:00 X:22 Y:00 P:65 SP:FB CYC:212
C994  A9 9F     LDA #$9F                        A:00 X:22 Y:00 P:25 SP:FB CYC:218
C996  F0 09     BEQ $C9A1                       A:9F X:22 Y:00 P:A5 SP:FB CYC:224
C998  10 07     BPL $C9A1                       A:9F X:22 Y:00 P:A5 SP:FB CYC:230
C99A  70 05     BVS $C9A1                       A:9F X:22 Y:00 P:A5 SP:FB CYC:236
C99C  90 03     BCC $C9A1                       A:9F X:22 Y:00 P:A5 SP:FB CYC:242
C99E  4C A5 C9  JMP $C9A5                       A:9F X:22 Y:00 P:A5 SP:FB CYC:248
C9A5  EA        NOP                             A:9F X:22 Y:00 P:A5 SP:FB CYC:257
C9A6  18        CLC                             A:9F X:22 Y:00 P:A5 SP:FB CYC:263
C9A7  24 01     BIT $01 = FF                    A:9F X:22 Y:00 P:A4 SP:FB CYC:269
C9A9  A9 00     LDA #$00                        A:9F X:22 Y:00 P:A4 SP:FB CYC:278
C9AB  D0 09     BNE $C9B6                       A:00 X:22 Y:00 P:26 SP:FB CYC:284
C9AD  30 07     BMI $C9B6                       A:00 X:22 Y:00 P:26 SP:FB CYC:290
C9AF  50 05     BVC $C9B6                       A:00 X:22 Y:00 P:26 SP:FB CYC:296
C9B6  A2 23     LDX #$23                        A:00 X:22 Y:00 P:26 SP:FB CYC:305
C9B8  86 00     STX $00 = 22                    A:00 X:23 Y:00 P:24 SP:FB CYC:311
C9BA  EA        NOP                             A:00 X:23 Y:00 P:24 SP:FB CYC:320
C9BB  24 01     BIT $01 = FF                    A:00 X:23 Y:00 P:24 SP:FB CYC:326
C9BD  A9 40     LDA #$40                        A:00 X:23 Y:00 P:26 SP:FB CYC:335
C9BF  C9 40     CMP #$40                        A:40 X:23 Y:00 P:24 SP:FB CYC:  0
C9C1  30 09     BMI $C9CC                       A:40 X:23 Y:00 P:27 SP:FB CYC:  6
C9C3  90 07     BCC $C9CC                       A:40 X:23 Y:00 P:27 SP:FB CYC: 12
C9C5  D0 05     BNE $C9CC                       A:40 X:23 Y:00 P:27 SP:FB CYC: 18
C9C7  50 03     BVC $C9CC                       A:40 X:23 Y:00 P:27 SP:FB CYC: 24
C9CC  A2 24     LDX #$24                        A:40 X:23 Y:00 P:27 SP:FB CYC: 33
C9CE  86 00     STX $00 = 23                    A:40 X:24 Y:00 P:25 SP:FB CYC: 39
C9D0  EA        NOP                             A:40 X:24 Y:00 P:25 SP:FB CYC: 48
C9D1  B8        CLV                             A:40 X:24 Y:00 P:25 SP:FB CYC: 54
C9D2  C9 3F     CMP #$3F                        A:40 X:24 Y:00 P:25 SP:FB CYC: 60
C9D4  F0 09     BEQ $C9DF                       A:40 X:24 Y:00 P:25 SP:FB CYC: 66
C9D6  30 07     BMI $C9DF                       A:40 X:24 Y:00 P:25 SP:FB CYC: 72
C9D8  90 05     BCC $C9DF                       A:40 X:24 Y:00 P:25 SP:FB CYC: 78
C9DA  70 03     BVS $C9DF                       A:40 X:24 Y:00 P:25 SP:FB CYC: 84
C9DC  4C E3 C9  JMP $C9E3                       A:40 X:24 Y:00 P:25 SP:FB CYC: 90
C9E3  EA        NOP                             A:40 X:24 Y:00 P:25 SP:FB CYC: 99
C9E4  C9 41     CMP #$41                        A:40 X:24 Y:00 P:25 SP:FB CYC:105
C9E6  F0 07     BEQ $C9EF                       A:40 X:24 Y:00 P:A4 SP:FB CYC:111
C9E8  10 05     BPL $C9EF                       A:40 X:24 Y:00 P:A4 SP:FB CYC:117
C9EA  10 03     BPL $C9EF                       A:40 X:24 Y:00 P:A4 SP:FB CYC:123
C9EC  4C F3 C9  JMP $C9F3                       A:40 X:24 Y:00 P:A4 SP:FB CYC:129
C9F3  EA        NOP                             A:40 X:24 Y:00 P:A4 SP:FB CYC:138
C9F4  A9 80     LDA #$80                        A:40 X:24 Y:00 P:A4 SP:FB CYC:144
C9F6  C9 00     CMP #$00                        A:80 X:24 Y:00 P:A4 SP:FB CYC:150
C9F8  F0 07     BEQ $CA01                       A:80 X:24 Y:00 P:A5 SP:FB CYC:156
C9FA  10 05     BPL $CA01                       A:80 X:24 Y:00 P:A5 SP:FB CYC:162
C9FC  90 03     BCC $CA01                       A:80 X:24 Y:00 P:A5 SP:FB CYC:168
C9FE  4C 05 CA  JMP $CA05                       A:80 X:24 Y:00 P:A5 SP:FB CYC:174
CA05  EA        NOP                             A:80 X:24 Y:00 P:A5 SP:FB CYC:183
CA06  C9 80     CMP #$80                        A:80 X:24 Y:00 P:A5 SP:FB CYC:189
CA08  D0 07     BNE $CA11                       A:80 X:24 Y:00 P:27 SP:FB CYC:195
CA0A  30 05     BMI $CA11                       A:80 X:24 Y:00 P:27 SP:FB CYC:201
CA0C  90 03     BCC $CA11                       A:80 X:24 Y:00 P:27 SP:FB CYC:207
CA0E  4C 15 CA  JMP $CA15                       A:80 X:24 Y:00 P:27 SP:FB CYC:213
CA15  EA        NOP                             A:80 X:24 Y:00 P:27 SP:FB CYC:222
CA16  C9 81     CMP #$81                        A:80 X:24 Y:00 P:27 SP:FB CYC:228
CA18  B0 07     BCS $CA21                       A:80 X:24 Y:00 P:A4 SP:FB CYC:234
CA1A  F0 05     BEQ $CA21                       A:80 X:24 Y:00 P:A4 SP:FB CYC:240
CA1C  10 03     BPL $CA21                       A:80 X:24 Y:00 P:A4 SP:FB CYC:246
CA1E  4C 25 CA  JMP $CA25                       A:80 X:24 Y:00 P:A4 SP:FB CYC:252
CA25  EA        NOP                             A:80 X:24 Y:00 P:A4 SP:FB CYC:261
CA26  C9 7F     CMP #$7F                        A:80 X:24 Y:00 P:A4 SP:FB CYC:267
CA28  90 07     BCC $CA31                       A:80 X:24 Y:00 P:25 SP:FB CYC:273
CA2A  F0 05     BEQ $CA31                       A:80 X:24 Y:00 P:25 SP:FB CYC:279
CA2C  30 03     BMI $CA31                       A:80 X:24 Y:00 P:25 SP:FB CYC:285
CA2E  4C 35 CA  JMP $CA35                       A:80 X:24 Y:00 P:25 SP:FB CYC:291
CA35  EA        NOP                             A:80 X:24 Y:00 P:25 SP:FB CYC:300
CA36  24 01     BIT $01 = FF                    A:80 X:24 Y:00 P:25 SP:FB CYC:306
CA38  A0 40     LDY #$40                        A:80 X:24 Y:00 P:A5 SP:FB CYC:315
CA3A  C0 40     CPY #$40                        A:80 X:24 Y:40 P:25 SP:FB CYC:321
CA3C  D0 09     BNE $CA47                       A:80 X:24 Y:40 P:27 SP:FB CYC:327
CA3E  30 07     BMI $CA47                       A:80 X:24 Y:40 P:27 SP:FB CYC:333
CA40  90 05     BCC $CA47                       A:80 X:24 Y:40 P:27 SP:FB CYC:339
CA42  50 03     BVC $CA47                       A:80 X:24 Y:40 P:27 SP:FB CYC:  4
CA47  A2 2B     LDX #$2B                        A:80 X:24 Y:40 P:27 SP:FB CYC: 13
CA49  86 00     STX $00 = 24                    A:80 X:2B Y:40 P:25 SP:FB CYC: 19
CA4B  EA        NOP                             A:80 X:2B Y:40 P:25 SP:FB CYC: 28
CA4C  B8        CLV                             A:80 X:2B Y:40 P:25 SP:FB CYC: 34
CA4D  C0 3F     CPY #$3F                        A:80 X:2B Y:40 P:25 SP:FB CYC: 40
CA4F  F0 09     BEQ $CA5A                       A:80 X:2B Y:40 P:25 SP:FB CYC: 46
CA51  30 07     BMI $CA5A                       A:80 X:2B Y:40 P:25 SP:FB CYC: 52
CA53  90 05     BCC $CA5A                       A:80 X:2B Y:40 P:25 SP:FB CYC: 58
CA55  70 03     BVS $CA5A                       A:80 X:2B Y:40 P:25 SP:FB CYC: 64
CA57  4C 5E CA  JMP $CA5E                       A:80 X:2B Y:40 P:25 SP:FB CYC: 70
CA5E  EA        NOP                             A:80 X:2B Y:40 P:25 SP:FB CYC: 79
CA5F  C0 41     CPY #$41                        A:80 X:2B Y:40 P:25 SP:FB CYC: 85
CA61  F0 07     BEQ $CA6A                       A:80 X:2B Y:40 P:A4 SP:FB CYC: 91
CA63  10 05     BPL $CA6A                       A:80 X:2B Y:40 P:A4 SP:FB CYC: 97
CA65  10 03     BPL $CA6A                       A:80 X:2B Y:40 P:A4 SP:FB CYC:103
CA67  4C 6E CA  JMP $CA6E                       A:80 X:2B Y:40 P:A4 SP:FB CYC:109
CA6E  EA        NOP                             A:80 X:2B Y:40 P:A4 SP:FB CYC:118
CA6F  A0 80     LDY #$80                        A:80 X:2B Y:40 P:A4 SP:FB CYC:124
CA71  C0 00     CPY #$00                        A:80 X:2B Y:80 P:A4 SP:FB CYC:130
CA73  F0 07     BEQ $CA7C                       A:80 X:2B Y:80 P:A5 SP:FB CYC:136
CA75  10 05     BPL $CA7C                       A:80 X:2B Y:80 P:A5 SP:FB CYC:142
CA77  90 03     BCC $CA7C                       A:80 X:2B Y:80 P:A5 SP:FB CYC:148
CA79  4C 80 CA  JMP $CA80                       A:80 X:2B Y:80 P:A5 SP:FB CYC:154
CA80  EA        NOP                             A:80 X:2B Y:80 P:A5 SP:FB CYC:163
CA81  C0 80     CPY #$80                        A:80 X:2B Y:80 P:A5 SP:FB CYC:169
CA83  D0 07     BNE $CA8C                       A:80 X:2B Y:80 P:27 SP:FB CYC:175
CA85  30 05     BMI $CA8C                       A:80 X:2B Y:80 P:27 SP:FB CYC:181
CA87  90 03     BCC $CA8C                       A:80 X:2B Y:80 P:27 SP:FB CYC:187
CA89  4C 90 CA  JMP $CA90                       A:80 X:2B Y:80 P:27 SP:FB CYC:193
CA90  EA        NOP                             A:80 X:2B Y:80 P:27 SP:FB CYC:202
CA91  C0 81     CPY #$81                        A:80 X:2B Y:80 P:27 SP:FB CYC:208
CA93  B0 07     BCS $CA9C                       A:80 X:2B Y:80 P:A4 SP:FB CYC:214
CA95  F0 05     BEQ $CA9C                       A:80 X:2B Y:80 P:A4 SP:FB CYC:220
CA97  10 03     BPL $CA9C                       A:80 X:2B Y:80 P:A4 SP:FB CYC:226
CA99  4C A0 CA  JMP $CAA0                       A:80 X:2B Y:80 P:A4 SP:FB CYC:232
CAA0  EA        NOP                             A:80 X:2B Y:80 P:A4 SP:FB CYC:241
CAA1  C0 7F     CPY #$7F                        A:80 X:2B Y:80 P:A4 SP:FB CYC:247
CAA3  90 07     BCC $CAAC                       A:80 X:2B Y:80 P:25 SP:FB CYC:253
CAA5  F0 05     BEQ $CAAC                       A:80 X:2B Y:80 P:25 SP:FB CYC:259
CAA7  30 03     BMI $CAAC                       A:80 X:2B Y:80 P:25 SP:FB CYC:265
CAA9  4C B0 CA  JMP $CAB0                       A:80 X:2B Y:80 P:25 SP:FB CYC:271
CAB0  EA        NOP                             A:80 X:2B Y:80 P:25 SP:FB CYC:280
CAB1  24 01     BIT $01 = FF                    A:80 X:2B Y:80 P:25 SP:FB CYC:286
CAB3  A2 40     LDX #$40                        A:80 X:2B Y:80 P:A5 SP:FB CYC:295
CAB5  E0 40     CPX #$40                        A:80 X:40 Y:80 P:25 SP:FB CYC:301
CAB7  D0 09     BNE $CAC2                       A:80 X:40 Y:80 P:27 SP:FB CYC:307
CAB9  30 07     BMI $CAC2                       A:80 X:40 Y:80 P:27 SP:FB CYC:313
CABB  90 05     BCC $CAC2                       A:80 X:40 Y:80 P:27 SP:FB CYC:319
CABD  50 03     BVC $CAC2                       A:80 X:40 Y:80 P:27 SP:FB CYC:325
CAC2  A9 32     LDA #$32                        A:80 X:40 Y:80 P:27 SP:FB CYC:334
CAC4  85 00     STA $00 = 2B                    A:32 X:40 Y:80 P:25 SP:FB CYC:340
CAC6  EA        NOP                             A:32 X:40 Y:80 P:25 SP:FB CYC:  8
CAC7  B8        CLV                             A:32 X:40 Y:80 P:25 SP:FB CYC: 14
CAC8  E0 3F     CPX #$3F                        A:32 X:40 Y:80 P:25 SP:FB CYC: 20
CACA  F0 09     BEQ $CAD5                       A:32 X:40 Y:80 P:25 SP:FB CYC: 26
CACC  30 07     BMI $CAD5                       A:32 X:40 Y:80 P:25 SP:FB CYC: 32
CACE  90 05     BCC $CAD5                       A:32 X:40 Y:80 P:25 SP:FB CYC: 38
CAD0  70 03     BVS $CAD5                       A:32 X:40 Y:80 P:25 SP:FB CYC: 44
CAD2  4C D9 CA  JMP $CAD9                       A:32 X:40 Y:80 P:25 SP:FB CYC: 50
CAD9  EA        NOP                             A:32 X:40 Y:80 P:25 SP:FB CYC: 59
CADA  E0 41     CPX #$41                        A:32 X:40 Y:80 P:25 SP:FB CYC: 65
CADC  F0 07     BEQ $CAE5                       A:32 X:40 Y:80 P:A4 SP:FB CYC: 71
CADE  10 05     BPL $CAE5                       A:32 X:40 Y:80 P:A4 SP:FB CYC: 77
CAE0  10 03     BPL $CAE5                       A:32 X:40 Y:80 P:A4 SP:FB CYC: 83
CAE2  4C E9 CA  JMP $CAE9                       A:32 X:40 Y:80 P:A4 SP:FB CYC: 89
CAE9  EA        NOP                             A:32 X:40 Y:80 P:A4 SP:FB CYC: 98
CAEA  A2 80     LDX #$80                        A:32 X:40 Y:80 P:A4 SP:FB CYC:104
CAEC  E0 00     CPX #$00                        A:32 X:80 Y:80 P:A4 SP:FB CYC:110
CAEE  F0 07     BEQ $CAF7                       A:32 X:80 Y:80 P:A5 SP:FB CYC:116
CAF0  10 05     BPL $CAF7                       A:32 X:80 Y:80 P:A5 SP:FB CYC:122
CAF2  90 03     BCC $CAF7                       A:32 X:80 Y:80 P:A5 SP:FB CYC:128
CAF4  4C FB CA  JMP $CAFB                       A:32 X:80 Y:80 P:A5 SP:FB CYC:134
CAFB  EA        NOP                             A:32 X:80 Y:80 P:A5 SP:FB CYC:143
CAFC  E0 80     CPX #$80                        A:32 X:80 Y:80 P:A5 SP:FB CYC:149
CAFE  D0 07     BNE $CB07                       A:32 X:80 Y:80 P:27 SP:FB CYC:155
CB00  30 05     BMI $CB07                       A:32 X:80 Y:80 P:27 SP:FB CYC:161
CB02  90 03     BCC $CB07                       A:32 X:80 Y:80 P:27 SP:FB CYC:167
CB04  4C 0B CB  JMP $CB0B                       A:32 X:80 Y:80 P:27 SP:FB CYC:173
CB0B  EA        NOP                             A:32 X:80 Y:80 P:27 SP:FB CYC:182
CB0C  E0 81     CPX #$81                        A:32 X:80 Y:80 P:27 SP:FB CYC:188
CB0E  B0 07     BCS $CB17                       A:32 X:80 Y:80 P:A4 SP:FB CYC:194
CB10  F0 05     BEQ $CB17                       A:32 X:80 Y:80 P:A4 SP:FB CYC:200
CB12  10 03     BPL $CB17                       A:32 X:80 Y:80 P:A4 SP:FB CYC:206
CB14  4C 1B CB  JMP $CB1B                       A:32 X:80 Y:80 P:A4 SP:FB CYC:212
CB1B  EA        NOP                             A:32 X:80 Y:80 P:A4 SP:FB CYC:221
CB1C  E0 7F     CPX #$7F                        A:32 X:80 Y:80 P:A4 SP:FB CYC:227
CB1E  90 07     BCC $CB27                       A:32 X:80 Y:80 P:25 SP:FB CYC:233
CB20  F0 05     BEQ $CB27                       A:32 X:80 Y:80 P:25 SP:FB CYC:239
CB22  30 03     BMI $CB27                       A:32 X:80 Y:80 P:25 SP:FB CYC:245
CB24  4C 2B CB  JMP $CB2B                       A:32 X:80 Y:80 P:25 SP:FB CYC:251
CB2B  EA        NOP                             A:32 X:80 Y:80 P:25 SP:FB CYC:260
CB2C  38        SEC                             A:32 X:80 Y:80 P:25 SP:FB CYC:266
CB2D  B8        CLV                             A:32 X:80 Y:80 P:25 SP:FB CYC:272
CB2E  A2 9F     LDX #$9F                        A:32 X:80 Y:80 P:25 SP:FB CYC:278
CB30  F0 09     BEQ $CB3B                       A:32 X:9F Y:80 P:A5 SP:FB CYC:284
CB32  10 07     BPL $CB3B                       A:32 X:9F Y:80 P:A5 SP:FB CYC:290
CB34  70 05     BVS $CB3B                       A:32 X:9F Y:80 P:A5 SP:FB CYC:296
CB36  90 03     BCC $CB3B                       A:32 X:9F Y:80 P:A5 SP:FB CYC:302
CB38  4C 3F CB  JMP $CB3F                       A:32 X:9F Y:80 P:A5 SP:FB CYC:308
CB3F  EA        NOP                             A:32 X:9F Y:80 P:A5 SP:FB CYC:317
CB40  18        CLC                             A:32 X:9F Y:80 P:A5 SP:FB CYC:323
CB41  24 01     BIT $01 = FF                    A:32 X:9F Y:80 P:A4 SP:FB CYC:329
CB43  A2 00     LDX #$00                        A:32 X:9F Y:80 P:24 SP:FB CYC:338
CB45  D0 09     BNE $CB50                       A:32 X:00 Y:80 P:26 SP:FB CYC:  3
CB47  30 07     BMI $CB50                       A:32 X:00 Y:80 P:26 SP:FB CYC:  9
CB49  50 05     BVC $CB50                       A:32 X:00 Y:80 P:26 SP:FB CYC: 15
CB50  A2 3A     LDX #$3A                        A:32 X:00 Y:80 P:26 SP:FB CYC: 24
CB52  86 00     STX $00 = 32                    A:32 X:3A Y:80 P:24 SP:FB CYC: 30
CB54  EA        NOP                             A:32 X:3A Y:80 P:24 SP:FB CYC: 39
CB55  38        SEC                             A:32 X:3A Y:80 P:24 SP:FB CYC: 45
CB56  B8        CLV                             A:32 X:3A Y:80 P:25 SP:FB CYC: 51
CB57  A0 9F     LDY #$9F                        A:32 X:3A Y:80 P:25 SP:FB CYC: 57
CB59  F0 09     BEQ $CB64                       A:32 X:3A Y:9F P:A5 SP:FB CYC: 63
CB5B  10 07     BPL $CB64                       A:32 X:3A Y:9F P:A5 SP:FB CYC: 69
CB5D  70 05     BVS $CB64                       A:32 X:3A Y:9F P:A5 SP:FB CYC: 75
CB5F  90 03     BCC $CB64                       A:32 X:3A Y:9F P:A5 SP:FB CYC: 81
CB61  4C 68 CB  JMP $CB68                       A:32 X:3A Y:9F P:A5 SP:FB CYC: 87
CB68  EA        NOP                             A:32 X:3A Y:9F P:A5 SP:FB CYC: 96
CB69  18        CLC                             A:32 X:3A Y:9F P:A5 SP:FB CYC:102
CB6A  24 01     BIT $01 = FF                    A:32 X:3A Y:9F P:A4 SP:FB CYC:108
CB6C  A0 00     LDY #$00                        A:32 X:3A Y:9F P:24 SP:FB CYC:117
CB6E  D0 09     BNE $CB79                       A:32 X:3A Y:00 P:26 SP:FB CYC:123
CB70  30 07     BMI $CB79                       A:32 X:3A Y:00 P:26 SP:FB CYC:129
CB72  50 05     BVC $CB79                       A:32 X:3A Y:00 P:26 SP:FB CYC:135
CB79  A2 3C     LDX #$3C                        A:32 X:3A Y:00 P:26 SP:FB CYC:144
CB7B  86 00     STX $00 = 3A                    A:32 X:3C Y:00 P:24 SP:FB CYC:150
CB7D  EA        NOP                             A:32 X:3C Y:00 P:24 SP:FB CYC:159
CB7E  A9 55     LDA #$55                        A:32 X:3C Y:00 P:24 SP:FB CYC:165
CB80  A2 AA     LDX #$AA                        A:55 X:3C Y:00 P:24 SP:FB CYC:171
CB82  A0 33     LDY #$33                        A:55 X:AA Y:00 P:A4 SP:FB CYC:177
CB84  C9 55     CMP #$55                        A:55 X:AA Y:33 P:24 SP:FB CYC:183
CB86  D0 23     BNE $CBAB                       A:55 X:AA Y:33 P:27 SP:FB CYC:189
CB88  E0 AA     CPX #$AA                        A:55 X:AA Y:33 P:27 SP:FB CYC:195
CB8A  D0 1F     BNE $CBAB                       A:55 X:AA Y:33 P:27 SP:FB CYC:201
CB8C  C0 33     CPY #$33                        A:55 X:AA Y:33 P:27 SP:FB CYC:207
CB8E  D0 1B     BNE $CBAB                       A:55 X:AA Y:33 P:27 SP:FB CYC:213
CB90  C9 55     CMP #$55                        A:55 X:AA Y:33 P:27 SP:FB CYC:219
CB92  D0 17     BNE $CBAB                       A:55 X:AA Y:33 P:27 SP:FB CYC:225
CB94  E0 AA     CPX #$AA                        A:55 X:AA Y:33 P:27 SP:FB CYC:231
CB96  D0 13     BNE $CBAB                       A:55 X:AA Y:33 P:27 SP:FB CYC:237
CB98  C0 33     CPY #$33                        A:55 X:AA Y:33 P:27 SP:FB CYC:243
CB9A  D0 0F     BNE $CBAB                       A:55 X:AA Y:33 P:27 SP:FB CYC:249
CB9C  C9 56     CMP #$56                        A:55 X:AA Y:33 P:27 SP:FB CYC:255
CB9E  F0 0B     BEQ $CBAB                       A:55 X:AA Y:33 P:A4 SP:FB CYC:261
CBA0  E0 AB     CPX #$AB                        A:55 X:AA Y:33 P:A4 SP:FB CYC:267
CBA2  F0 07     BEQ $CBAB                       A:55 X:AA Y:33 P:A4 SP:FB CYC:273
CBA4  C0 34     CPY #$34                        A:55 X:AA Y:33 P:A4 SP:FB CYC:279
CBA6  F0 03     BEQ $CBAB                       A:55 X:AA Y:33 P:A4 SP:FB CYC:285
CBA8  4C AF CB  JMP $CBAF                       A:55 X:AA Y:33 P:A4 SP:FB CYC:291
CBAF  A0 71     LDY #$71                        A:55 X:AA Y:33 P:A4 SP:FB CYC:300
CBB1  20 31 F9  JSR $F931                       A:55 X:AA Y:71 P:24 SP:FB CYC:306
F931  24 01     BIT $01 = FF                    A:55 X:AA Y:71 P:24 SP:F9 CYC:324
F933  A9 40     LDA #$40                        A:55 X:AA Y:71 P:64 SP:F9 CYC:333
F935  38        SEC                             A:40 X:AA Y:71 P:64 SP:F9 CYC:339
F936  60        RTS                             A:40 X:AA Y:71 P:65 SP:F9 CYC:  4
CBB4  E9 40     SBC #$40                        A:40 X:AA Y:71 P:65 SP:FB CYC: 22
CBB6  20 37 F9  JSR $F937                       A:00 X:AA Y:71 P:67 SP:FB CYC: 28
F937  30 0B     BMI $F944                       A:00 X:AA Y:71 P:67 SP:F9 CYC: 46
F939  90 09     BCC $F944                       A:00 X:AA Y:71 P:67 SP:F9 CYC: 52
F93B  D0 07     BNE $F944                       A:00 X:AA Y:71 P:67 SP:F9 CYC: 58
F93D  70 05     BVS $F944                       A:00 X:AA Y:71 P:67 SP:F9 CYC: 64
F944  84 00     STY $00 = 3C                    A:00 X:AA Y:71 P:67 SP:F9 CYC: 73
F946  60        RTS                             A:00 X:AA Y:71 P:67 SP:F9 CYC: 82
CBB9  C8        INY                             A:00 X:AA Y:71 P:67 SP:FB CYC:100
CBBA  20 47 F9  JSR $F947                       A:00 X:AA Y:72 P:65 SP:FB CYC:106
F947  B8        CLV                             A:00 X:AA Y:72 P:65 SP:F9 CYC:124
F948  38        SEC                             A:00 X:AA Y:72 P:25 SP:F9 CYC:130
F949  A9 40     LDA #$40                        A:00 X:AA Y:72 P:25 SP:F9 CYC:136
F94B  60        RTS                             A:40 X:AA Y:72 P:25 SP:F9 CYC:142
CBBD  E9 3F     SBC #$3F                        A:40 X:AA Y:72 P:25 SP:FB CYC:160
CBBF  20 4C F9  JSR $F94C                       A:01 X:AA Y:72 P:65 SP:FB CYC:166
F94C  F0 0B     BEQ $F959                       A:01 X:AA Y:72 P:65 SP:F9 CYC:184
F94E  30 09     BMI $F959                       A:01 X:AA Y:72 P:65 SP:F9 CYC:190
F950  90 07     BCC $F959                       A:01 X:AA Y:72 P:65 SP:F9 CYC:196
F952  70 05     BVS $F959                       A:01 X:AA Y:72 P:65 SP:F9 CYC:202
F959  84 00     STY $00 = 71                    A:01 X:AA Y:72 P:65 SP:F9 CYC:211
F95B  60        RTS                             A:01 X:AA Y:72 P:65 SP:F9 CYC:220
CBC2  C8        INY                             A:01 X:AA Y:72 P:65 SP:FB CYC:238
CBC3  20 5C F9  JSR $F95C                       A:01 X:AA Y:73 P:65 SP:FB CYC:244
F95C  A9 40     LDA #$40                        A:01 X:AA Y:73 P:65 SP:F9 CYC:262
F95E  38        SEC                             A:40 X:AA Y:73 P:65 SP:F9 CYC:268
F95F  24 01     BIT $01 = FF                    A:40 X:AA Y:73 P:65 SP:F9 CYC:274
F961  60        RTS                             A:40 X:AA Y:73 P:65 SP:F9 CYC:283
CBC6  E9 41     SBC #$41                        A:40 X:AA Y:73 P:65 SP:FB CYC:301
CBC8  20 62 F9  JSR $F962                       A:FF X:AA Y:73 P:E4 SP:FB CYC:307
F962  B0 0B     BCS $F96F                       A:FF X:AA Y:73 P:E4 SP:F9 CYC:325
F964  F0 09     BEQ $F96F                       A:FF X:AA Y:73 P:E4 SP:F9 CYC:331
F966  10 07     BPL $F96F                       A:FF X:AA Y:73 P:E4 SP:F9 CYC:337
F968  70 05     BVS $F96F                       A:FF X:AA Y:73 P:E4 SP:F9 CYC:  2
F96F  84 00     STY $00 = 72                    A:FF X:AA Y:73 P:E4 SP:F9 CYC: 11
F971  60        RTS                             A:FF X:AA Y:73 P:E4 SP:F9 CYC: 20
CBCB  C8        INY                             A:FF X:AA Y:73 P:E4 SP:FB CYC: 38
CBCC  20 72 F9  JSR $F972                       A:FF X:AA Y:74 P:64 SP:FB CYC: 44
F972  18        CLC                             A:FF X:AA Y:74 P:64 SP:F9 CYC: 62
F973  A9 80     LDA #$80                        A:FF X:AA Y:74 P:64 SP:F9 CYC: 68
F975  60        RTS                             A:80 X:AA Y:74 P:E4 SP:F9 CYC: 74
CBCF  E9 00     SBC #$00                        A:80 X:AA Y:74 P:E4 SP:FB CYC: 92
CBD1  20 76 F9  JSR $F976                       A:7F X:AA Y:74 P:65 SP:FB CYC: 98
F976  90 05     BCC $F97D                       A:7F X:AA Y:74 P:65 SP:F9 CYC:116
F978  C9 7F     CMP #$7F                        A:7F X:AA Y:74 P:65 SP:F9 CYC:122
F97A  D0 01     BNE $F97D                       A:7F X:AA Y:74 P:67 SP:F9 CYC:128
F97C  60        RTS                             A:7F X:AA Y:74 P:67 SP:F9 CYC:134
CBD4  C8        INY                             A:7F X:AA Y:74 P:67 SP:FB CYC:152
CBD5  20 80 F9  JSR $F980                       A:7F X:AA Y:75 P:65 SP:FB CYC:158
F980  38        SEC                             A:7F X:AA Y:75 P:65 SP:F9 CYC:176
F981  A9 81     LDA #$81                        A:7F X:AA Y:75 P:65 SP:F9 CYC:182
F983  60        RTS                             A:81 X:AA Y:75 P:E5 SP:F9 CYC:188
CBD8  E9 7F     SBC #$7F                        A:81 X:AA Y:75 P:E5 SP:FB CYC:206
CBDA  20 84 F9  JSR $F984                       A:02 X:AA Y:75 P:65 SP:FB CYC:212
F984  50 07     BVC $F98D                       A:02 X:AA Y:75 P:65 SP:F9 CYC:230
F986  90 05     BCC $F98D                       A:02 X:AA Y:75 P:65 SP:F9 CYC:236
F988  C9 02     CMP #$02                        A:02 X:AA Y:75 P:65 SP:F9 CYC:242
F98A  D0 01     BNE $F98D                       A:02 X:AA Y:75 P:67 SP:F9 CYC:248
F98C  60        RTS                             A:02 X:AA Y:75 P:67 SP:F9 CYC:254
CBDD  60        RTS                             A:02 X:AA Y:75 P:67 SP:FB CYC:272
C606  20 DE CB  JSR $CBDE                       A:02 X:AA Y:75 P:67 SP:FD CYC:290
CBDE  EA        NOP                             A:02 X:AA Y:75 P:67 SP:FB CYC:308
CBDF  A9 FF     LDA #$FF                        A:02 X:AA Y:75 P:67 SP:FB CYC:314
CBE1  85 01     STA $01 = FF                    A:FF X:AA Y:75 P:E5 SP:FB CYC:320
CBE3  A9 44     LDA #$44                        A:FF X:AA Y:75 P:E5 SP:FB CYC:329
CBE5  A2 55     LDX #$55                        A:44 X:AA Y:75 P:65 SP:FB CYC:335
CBE7  A0 66     LDY #$66                        A:44 X:55 Y:75 P:65 SP:FB CYC:  0
CBE9  E8        INX                             A:44 X:55 Y:66 P:65 SP:FB CYC:  6
CBEA  88        DEY                             A:44 X:56 Y:66 P:65 SP:FB CYC: 12
CBEB  E0 56     CPX #$56                        A:44 X:56 Y:65 P:65 SP:FB CYC: 18
CBED  D0 21     BNE $CC10                       A:44 X:56 Y:65 P:67 SP:FB CYC: 24
CBEF  C0 65     CPY #$65                        A:44 X:56 Y:65 P:67 SP:FB CYC: 30
CBF1  D0 1D     BNE $CC10                       A:44 X:56 Y:65 P:67 SP:FB CYC: 36
CBF3  E8        INX                             A:44 X:56 Y:65 P:67 SP:FB CYC: 42
CBF4  E8        INX                             A:44 X:57 Y:65 P:65 SP:FB CYC: 48
CBF5  88        DEY                             A:44 X:58 Y:65 P:65 SP:FB CYC: 54
CBF6  88        DEY                             A:44 X:58 Y:64 P:65 SP:FB CYC: 60
CBF7  E0 58     CPX #$58                        A:44 X:58 Y:63 P:65 SP:FB CYC: 66
CBF9  D0 15     BNE $CC10                       A:44 X:58 Y:63 P:67 SP:FB CYC: 72
CBFB  C0 63     CPY #$63                        A:44 X:58 Y:63 P:67 SP:FB CYC: 78
CBFD  D0 11     BNE $CC10                       A:44 X:58 Y:63 P:67 SP:FB CYC: 84
CBFF  CA        DEX                             A:44 X:58 Y:63 P:67 SP:FB CYC: 90
CC00  C8        INY                             A:44 X:57 Y:63 P:65 SP:FB CYC: 96
CC01  E0 57     CPX #$57                        A:44 X:57 Y:64 P:65 SP:FB CYC:102
CC03  D0 0B     BNE $CC10                       A:44 X:57 Y:64 P:67 SP:FB CYC:108
CC05  C0 64     CPY #$64                        A:44 X:57 Y:64 P:67 SP:FB CYC:114
CC07  D0 07     BNE $CC10                       A:44 X:57 Y:64 P:67 SP:FB CYC:120
CC09  C9 44     CMP #$44                        A:44 X:57 Y:64 P:67 SP:FB CYC:126
CC0B  D0 03     BNE $CC10                       A:44 X:57 Y:64 P:67 SP:FB CYC:132
CC0D  4C 14 CC  JMP $CC14                       A:44 X:57 Y:64 P:67 SP:FB CYC:138
CC14  EA        NOP                             A:44 X:57 Y:64 P:67 SP:FB CYC:147
CC15  38        SEC                             A:44 X:57 Y:64 P:67 SP:FB CYC:153
CC16  A2 69     LDX #$69                        A:44 X:57 Y:64 P:67 SP:FB CYC:159
CC18  A9 96     LDA #$96                        A:44 X:69 Y:64 P:65 SP:FB CYC:165
CC1A  24 01     BIT $01 = FF                    A:96 X:69 Y:64 P:E5 SP:FB CYC:171
CC1C  A0 FF     LDY #$FF                        A:96 X:69 Y:64 P:A5 SP:FB CYC:180
CC1E  C8        INY                             A:96 X:69 Y:FF P:A5 SP:FB CYC:186
CC1F  D0 3D     BNE $CC5E                       A:96 X:69 Y:00 P:27 SP:FB CYC:192
CC21  30 3B     BMI $CC5E                       A:96 X:69 Y:00 P:27 SP:FB CYC:198
CC23  90 39     BCC $CC5E                       A:96 X:69 Y:00 P:27 SP:FB CYC:204
CC25  50 37     BVC $CC5E                       A:96 X:69 Y:00 P:27 SP:FB CYC:210
CC5E  A2 3F     LDX #$3F                        A:96 X:69 Y:00 P:27 SP:FB CYC:219
CC60  86 00     STX $00 = 73                    A:96 X:3F Y:00 P:25 SP:FB CYC:225
CC62  EA        NOP                             A:96 X:3F Y:00 P:25 SP:FB CYC:234
CC63  38        SEC                             A:96 X:3F Y:00 P:25 SP:FB CYC:240
CC64  A0 69     LDY #$69                        A:96 X:3F Y:00 P:25 SP:FB CYC:246
CC66  A9 96     LDA #$96                        A:96 X:3F Y:69 P:25 SP:FB CYC:252
CC68  24 01     BIT $01 = FF                    A:96 X:3F Y:69 P:A5 SP:FB CYC:258
CC6A  A2 FF     LDX #$FF                        A:96 X:3F Y:69 P:A5 SP:FB CYC:267
CC6C  E8        INX                             A:96 X:FF Y:69 P:A5 SP:FB CYC:273
CC6D  D0 3D     BNE $CCAC                       A:96 X:00 Y:69 P:27 SP:FB CYC:279
CC6F  30 3B     BMI $CCAC                       A:96 X:00 Y:69 P:27 SP:FB CYC:285
CC71  90 39     BCC $CCAC                       A:96 X:00 Y:69 P:27 SP:FB CYC:291
CC73  50 37     BVC $CCAC                       A:96 X:00 Y:69 P:27 SP:FB CYC:297
CCAC  A2 40     LDX #$40                        A:96 X:00 Y:69 P:27 SP:FB CYC:306
CCAE  86 00     STX $00 = 3F                    A:96 X:40 Y:69 P:25 SP:FB CYC:312
CCB0  EA        NOP                             A:96 X:40 Y:69 P:25 SP:FB CYC:321
CCB1  A9 85     LDA #$85                        A:96 X:40 Y:69 P:25 SP:FB CYC:327
CCB3  A2 34     LDX #$34                        A:85 X:40 Y:69 P:A5 SP:FB CYC:333
CCB5  A0 99     LDY #$99                        A:85 X:34 Y:69 P:25 SP:FB CYC:339
CCB7  18        CLC                             A:85 X:34 Y:99 P:A5 SP:FB CYC:  4
CCB8  24 01     BIT $01 = FF                    A:85 X:34 Y:99 P:A4 SP:FB CYC: 10
CCBA  A8        TAY                             A:85 X:34 Y:99 P:A4 SP:FB CYC: 19
CCBB  F0 2E     BEQ $CCEB                       A:85 X:34 Y:85 P:A4 SP:FB CYC: 25
CCBD  B0 2C     BCS $CCEB                       A:85 X:34 Y:85 P:A4 SP:FB CYC: 31
CCBF  50 2A     BVC $CCEB                       A:85 X:34 Y:85 P:A4 SP:FB CYC: 37
CCEB  A2 41     LDX #$41                        A:85 X:34 Y:85 P:A4 SP:FB CYC: 46
CCED  86 00     STX $00 = 40                    A:85 X:41 Y:85 P:24 SP:FB CYC: 52
CCEF  EA        NOP                             A:85 X:41 Y:85 P:24 SP:FB CYC: 61
CCF0  A9 85     LDA #$85                        A:85 X:41 Y:85 P:24 SP:FB CYC: 67
CCF2  A2 34     LDX #$34                        A:85 X:41 Y:85 P:A4 SP:FB CYC: 73
CCF4  A0 99     LDY #$99                        A:85 X:34 Y:85 P:24 SP:FB CYC: 79
CCF6  18        CLC                             A:85 X:34 Y:99 P:A4 SP:FB CYC: 85
CCF7  24 01     BIT $01 = FF                    A:85 X:34 Y:99 P:A4 SP:FB CYC: 91
CCF9  AA        TAX                             A:85 X:34 Y:99 P:A4 SP:FB CYC:100
CCFA  F0 2E     BEQ $CD2A                       A:85 X:85 Y:99 P:A4 SP:FB CYC:106
CCFC  B0 2C     BCS $CD2A                       A:85 X:85 Y:99 P:A4 SP:FB CYC:112
CCFE  50 2A     BVC $CD2A                       A:85 X:85 Y:99 P:A4 SP:FB CYC:118
CD2A  A2 42     LDX #$42                        A:85 X:85 Y:99 P:A4 SP:FB CYC:127
CD2C  86 00     STX $00 = 41                    A:85 X:42 Y:99 P:24 SP:FB CYC:133
CD2E  EA        NOP                             A:85 X:42 Y:99 P:24 SP:FB CYC:142
CD2F  A9 85     LDA #$85                        A:85 X:42 Y:99 P:24 SP:FB CYC:148
CD31  A2 34     LDX #$34                        A:85 X:42 Y:99 P:A4 SP:FB CYC:154
CD33  A0 99     LDY #$99                        A:85 X:34 Y:99 P:24 SP:FB CYC:160
CD35  18        CLC                             A:85 X:34 Y:99 P:A4 SP:FB CYC:166
CD36  24 01     BIT $01 = FF                    A:85 X:34 Y:99 P:A4 SP:FB CYC:172
CD38  98        TYA                             A:85 X:34 Y:99 P:A4 SP:FB CYC:181
CD39  F0 2E     BEQ $CD69                       A:99 X:34 Y:99 P:A4 SP:FB CYC:187
CD3B  B0 2C     BCS $CD69                       A:99 X:34 Y:99 P:A4 SP:FB CYC:193
CD3D  50 2A     BVC $CD69                       A:99 X:34 Y:99 P:A4 SP:FB CYC:199
CD69  A2 43     LDX #$43                        A:99 X:34 Y:99 P:A4 SP:FB CYC:208
CD6B  86 00     STX $00 = 42                    A:99 X:43 Y:99 P:24 SP:FB CYC:214
CD6D  EA        NOP                             A:99 X:43 Y:99 P:24 SP:FB CYC:223
CD6E  A9 85     LDA #$85                        A:99 X:43 Y:99 P:24 SP:FB CYC:229
CD70  A2 34     LDX #$34                        A:85 X:43 Y:99 P:A4 SP:FB CYC:235
CD72  A0 99     LDY #$99                        A:85 X:34 Y:99 P:24 SP:FB CYC:241
CD74  18        CLC                             A:85 X:34 Y:99 P:A4 SP:FB CYC:247
CD75  24 01     BIT $01 = FF                    A:85 X:34 Y:99 P:A4 SP:FB CYC:253
CD77  8A        TXA                             A:85 X:34 Y:99 P:A4 SP:FB CYC:262
CD78  F0 2E     BEQ $CDA8                       A:34 X:34 Y:99 P:24 SP:FB CYC:268
CD7A  B0 2C     BCS $CDA8                       A:34 X:34 Y:99 P:24 SP:FB CYC:274
CD7C  50 2A     BVC $CDA8                       A:34 X:34 Y:99 P:24 SP:FB CYC:280
CDA8  A2 44     LDX #$44                        A:34 X:34 Y:99 P:24 SP:FB CYC:289
CDAA  86 00     STX $00 = 43                    A:34 X:44 Y:99 P:24 SP:FB CYC:295
CDAC  EA        NOP                             A:34 X:44 Y:99 P:24 SP:FB CYC:304
CDAD  BA        TSX                             A:34 X:44 Y:99 P:24 SP:FB CYC:310
CDAE  8E FF 07  STX $07FF @ 07FF = 00           A:34 X:FB Y:99 P:A4 SP:FB CYC:316
CDB1  A0 33     LDY #$33                        A:34 X:FB Y:99 P:A4 SP:FB CYC:328
CDB3  A2 69     LDX #$69                        A:34 X:FB Y:33 P:24 SP:FB CYC:334
CDB5  A9 84     LDA #$84                        A:34 X:69 Y:33 P:24 SP:FB CYC:340
CDB7  18        CLC                             A:84 X:69 Y:33 P:A4 SP:FB CYC:  5
CDB8  24 01     BIT $01 = FF                    A:84 X:69 Y:33 P:A4 SP:FB CYC: 11
CDBA  9A        TXS                             A:84 X:69 Y:33 P:A4 SP:FB CYC: 20
CDBB  F0 32     BEQ $CDEF                       A:84 X:69 Y:33 P:24 SP:69 CYC: 26
CDBD  10 30     BPL $CDEF                       A:84 X:69 Y:33 P:24 SP:69 CYC: 32
CDEF  A2 45     LDX #$45                        A:84 X:69 Y:33 P:24 SP:69 CYC: 41
CDF1  86 00     STX $00 = 44                    A:84 X:45 Y:33 P:24 SP:69 CYC: 47
CDF3  AE FF 07  LDX $07FF @ 07FF = FB           A:84 X:45 Y:33 P:24 SP:69 CYC: 56
CDF6  9A        TXS                             A:84 X:FB Y:33 P:A4 SP:69 CYC: 68
CDF7  60        RTS                             A:84 X:FB Y:33 P:A4 SP:FB CYC: 74
C609  20 F8 CD  JSR $CDF8                       A:84 X:FB Y:33 P:A4 SP:FD CYC: 92
CDF8  A9 FF     LDA #$FF                        A:84 X:FB Y:33 P:A4 SP:FB CYC:110
CDFA  85 01     STA $01 = FF                    A:FF X:FB Y:33 P:A4 SP:FB CYC:116
CDFC  BA        TSX                             A:FF X:FB Y:33 P:A4 SP:FB CYC:125
CDFD  8E FF 07  STX $07FF @ 07FF = FB           A:FF X:FB Y:33 P:A4 SP:FB CYC:131
CE00  EA        NOP                             A:FF X:FB Y:33 P:A4 SP:FB CYC:143
CE01  A2 80     LDX #$80                        A:FF X:FB Y:33 P:A4 SP:FB CYC:149
CE03  9A        TXS                             A:FF X:80 Y:33 P:A4 SP:FB CYC:155
CE04  A9 33     LDA #$33                        A:FF X:80 Y:33 P:A4 SP:80 CYC:161
CE06  48        PHA                             A:33 X:80 Y:33 P:24 SP:80 CYC:167
CE07  A9 69     LDA #$69                        A:33 X:80 Y:33 P:24 SP:7F CYC:176
CE09  48        PHA                             A:69 X:80 Y:33 P:24 SP:7F CYC:182
CE0A  BA        TSX                             A:69 X:80 Y:33 P:24 SP:7E CYC:191
CE0B  E0 7E     CPX #$7E                        A:69 X:7E Y:33 P:24 SP:7E CYC:197
CE0D  D0 20     BNE $CE2F                       A:69 X:7E Y:33 P:27 SP:7E CYC:203
CE0F  68        PLA                             A:69 X:7E Y:33 P:27 SP:7E CYC:209
CE10  C9 69     CMP #$69                        A:69 X:7E Y:33 P:27 SP:7F CYC:221
CE12  D0 1B     BNE $CE2F                       A:69 X:7E Y:33 P:27 SP:7F CYC:227
CE14  68        PLA                             A:69 X:7E Y:33 P:27 SP:7F CYC:233
CE15  C9 33     CMP #$33                        A:33 X:7E Y:33 P:27 SP:80 CYC:245
CE17  D0 16     BNE $CE2F                       A:33 X:7E Y:33 P:27 SP:80 CYC:251
CE19  BA        TSX                             A:33 X:7E Y:33 P:27 SP:80 CYC:257
CE1A  E0 80     CPX #$80                        A:33 X:80 Y:33 P:A5 SP:80 CYC:263
CE1C  D0 11     BNE $CE2F                       A:33 X:80 Y:33 P:27 SP:80 CYC:269
CE1E  AD 80 01  LDA $0180 @ 0180 = 33           A:33 X:80 Y:33 P:27 SP:80 CYC:275
CE21  C9 33     CMP #$33                        A:33 X:80 Y:33 P:25 SP:80 CYC:287
CE23  D0 0A     BNE $CE2F                       A:33 X:80 Y:33 P:27 SP:80 CYC:293
CE25  AD 7F 01  LDA $017F @ 017F = 69           A:33 X:80 Y:33 P:27 SP:80 CYC:299
CE28  C9 69     CMP #$69                        A:69 X:80 Y:33 P:25 SP:80 CYC:311
CE2A  D0 03     BNE $CE2F                       A:69 X:80 Y:33 P:27 SP:80 CYC:317
CE2C  4C 33 CE  JMP $CE33                       A:69 X:80 Y:33 P:27 SP:80 CYC:323
CE33  EA        NOP                             A:69 X:80 Y:33 P:27 SP:80 CYC:332
CE34  A2 80     LDX #$80                        A:69 X:80 Y:33 P:27 SP:80 CYC:338
CE36  9A        TXS                             A:69 X:80 Y:33 P:A5 SP:80 CYC:  3
CE37  20 3D CE  JSR $CE3D                       A:69 X:80 Y:33 P:A5 SP:80 CYC:  9
CE3D  BA        TSX                             A:69 X:80 Y:33 P:A5 SP:7E CYC: 27
CE3E  E0 7E     CPX #$7E                        A:69 X:7E Y:33 P:25 SP:7E CYC: 33
CE40  D0 19     BNE $CE5B                       A:69 X:7E Y:33 P:27 SP:7E CYC: 39
CE42  68        PLA                             A:69 X:7E Y:33 P:27 SP:7E CYC: 45
CE43  68        PLA                             A:3A X:7E Y:33 P:27 SP:7F CYC: 57
CE44  BA        TSX                             A:CE X:7E Y:33 P:27 SP:80 CYC: 69
CE45  E0 80     CPX #$80                        A:CE X:80 Y:33 P:A5 SP:80 CYC: 75
CE47  D0 12     BNE $CE5B                       A:CE X:80 Y:33 P:27 SP:80 CYC: 81
CE49  A9 00     LDA #$00                        A:CE X:80 Y:33 P:27 SP:80 CYC: 87
CE4B  20 4E CE  JSR $CE4E                       A:00 X:80 Y:33 P:27 SP:80 CYC: 93
CE4E  68        PLA                             A:00 X:80 Y:33 P:27 SP:7E CYC:111
CE4F  C9 4D     CMP #$4D                        A:4E X:80 Y:33 P:27 SP:7F CYC:123
CE51  D0 08     BNE $CE5B                       A:4E X:80 Y:33 P:25 SP:7F CYC:129
CE5B  A2 47     LDX #$47                        A:4E X:80 Y:33 P:25 SP:7F CYC:138
CE5D  86 00     STX $00 = 45                    A:4E X:47 Y:33 P:25 SP:7F CYC:144
CE5F  EA        NOP                             A:4E X:47 Y:33 P:25 SP:7F CYC:153
CE60  A9 CE     LDA #$CE                        A:4E X:47 Y:33 P:25 SP:7F CYC:159
CE62  48        PHA                             A:CE X:47 Y:33 P:A5 SP:7F CYC:165
CE63  A9 66     LDA #$66                        A:CE X:47 Y:33 P:A5 SP:7E CYC:174
CE65  48        PHA                             A:66 X:47 Y:33 P:25 SP:7E CYC:180
CE66  60        RTS                             A:66 X:47 Y:33 P:25 SP:7D CYC:189
CE66  60        RTS                             A:66 X:47 Y:33 P:25 SP:7F CYC:207
00CE  00        BRK                             A:66 X:47 Y:33 P:25 SP:81 CYC:225
0000  47        BRK                             A:66 X:47 Y:33 P:35 SP:7E CYC:231
0000  47        BRK                             A:66 X:47 Y:33 P:35 SP:7B CYC:237
0000  47        BRK                             A:66 X:47 Y:33 P:35 SP:78 CYC:243
0000  47        BRK                             A:66 X:47 Y:33 P:35 SP:75 CYC:249
0000  47        BRK                             A:66 X:47 Y:33 P:35 SP:72 CYC:255
0000  47        BRK                             A:66 X:47 Y:33 P:35 SP:6F CYC:261
0000  47        BRK                             A:66 X:47 Y:33 P:35 SP:6C CYC:267
0000  47        BRK                             A:66 X:47 Y:33 P:35 SP:69 CYC:273
0000  47        BRK                             A:66 X:47 Y:33 P:35 SP:66 CYC:279
0000  47        BRK                             A:66 X:47 Y:33 P:35 SP:63 CYC:285
0000  47        BRK                             A:66 X:47 Y:33 P:35 SP:60 CYC:291
0000  47        BRK                             A:66 X:47 Y:33 P:35 SP:5D CYC:297
0000  47        BRK                             A:66 X:47 Y:33 P:35 SP:5A CYC:303
0000  47        BRK                             A:66 X:47 Y:33 P:35 SP:57 CYC:309
0000  47        BRK                             A:66 X:47 Y:33 P:35 SP:54 CYC:315
0000  47        BRK                             A:66 X:47 Y:33 P:35 SP:51 CYC:321
0000  47        BRK                             A:66 X:47 Y:33 P:35 SP:4E CYC:327
0000  47        BRK                             A:66 X:47 Y:33 P:35 SP:4B CYC:333
0000  47        BRK                             A:66 X:47 Y:33 P:35 SP:48 CYC:339
0000  47        BRK                             A:66 X:47 Y:33 P:35 SP:45 CYC:  4
0000  47        BRK                             A:66 X:47 Y:33 P:35 SP:42 CYC: 10
0000  47        BRK                             A:66 X:47 Y:33 P:35 SP:3F CYC: 16
0000  47        BRK                             A:66 X:47 Y:33 P:35 SP:3C CYC: 22
0000  47        BRK                             A:66 X:47 Y:33 P:35 SP:39 CYC: 28
0000  47        BRK                             A:66 X:47 Y:33 P:35 SP:36 CYC: 34
0000  47        BRK                             A:66 X:47 Y:33 P:35 SP:33 CYC: 40
0000  47        BRK                             A:66 X:47 Y:33 P:35 SP:30 CYC: 46
0000  47        BRK                             A:66 X:47 Y:33 P:35 SP:2D CYC: 52
0000  47        BRK                             A:66 X:47 Y:33 P:35 SP:2A CYC: 58
0000  47        BRK                             A:66 X:47 Y:33 P:35 SP:27 CYC: 64
0000  47        BRK                             A:66 X:47 Y:33 P:35 SP:24 CYC: 70
0000  47        BRK                             A:66 X:47 Y:33 P:35 SP:21 CYC: 76
0000  47        BRK                             A:66 X:47 Y:33 P:35 SP:1E CYC: 82
0000  47        BRK                             A:66 X:47 Y:33 P:35 SP:1B CYC: 88
0000  47        BRK                             A:66 X:47 Y:33 P:35 SP:18 CYC: 94
0000  47        BRK                             A:66 X:47 Y:33 P:35 SP:15 CYC:100
0000  47        BRK                             A:66 X:47 Y:33 P:35 SP:12 CYC:106
0000  47        BRK                             A:66 X:47 Y:33 P:35 SP:0F CYC:112
0000  47        BRK                             A:66 X:47 Y:33 P:35 SP:0C CYC:118
0000  47        BRK                             A:66 X:47 Y:33 P:35 SP:09 CYC:124
0000  47        BRK                             A:66 X:47 Y:33 P:35 SP:06 CYC:130
0000  47        BRK                             A:66 X:47 Y:33 P:35 SP:03 CYC:136
0000  47        BRK                             A:66 X:47 Y:33 P:35 SP:00 CYC:142
0000  47        BRK                             A:66 X:47 Y:33 P:35 SP:FD CYC:148
0000  47        BRK                             A:66 X:47 Y:33 P:35 SP:FA CYC:154
0000  47        BRK                             A:66 X:47 Y:33 P:35 SP:F7 CYC:160
0000  47        BRK                             A:66 X:47 Y:33 P:35 SP:F4 CYC:166
0000  47        BRK                             A:66 X:47 Y:33 P:35 SP:F1 CYC:172
0000  47        BRK                             A:66 X:47 Y:33 P:35 SP:EE CYC:178
0000  47        BRK                             A:66 X:47 Y:33 P:35 SP:EB CYC:184
0000  47        BRK                             A:66 X:47 Y:33 P:35 SP:E8 CYC:190
0000  47        BRK                             A:66 X:47 Y:33 P:35 SP:E5 CYC:196
0000  47        BRK                             A:66 X:47 Y:33 P:35 SP:E2 CYC:202
0000  47        BRK                             A:66 X:47 Y:33 P:35 SP:DF CYC:208
0000  47        BRK                             A:66 X:47 Y:33 P:35 SP:DC CYC:214
0000  47        BRK                             A:66 X:47 Y:33 P:35 SP:D9 CYC:220
0000  47        BRK                             A:66 X:47 Y:33 P:35 SP:D6 CYC:226
0000  47        BRK                             A:66 X:47 Y:33 P:35 SP:D3 CYC:232
0000  47        BRK                             A:66 X:47 Y:33 P:35 SP:D0 CYC:238
0000  47        BRK                             A:66 X:47 Y:33 P:35 SP:CD CYC:244
0000  47        BRK                             A:66 X:47 Y:33 P:35 SP:CA CYC:250
0000  47        BRK                             A:66 X:47 Y:33 P:35 SP:C7 CYC:256
0000  47        BRK                             A:66 X:47 Y:33 P:35 SP:C4 CYC:262
0000  47        BRK                             A:66 X:47 Y:33 P:35 SP:C1 CYC:268
0000  47        BRK                             A:66 X:47 Y:33 P:35 SP:BE CYC:274
0000  47        BRK                             A:66 X:47 Y:33 P:35 SP:BB CYC:280
0000  47        BRK                             A:66 X:47 Y:33 P:35 SP:B8 CYC:286
0000  47        BRK                             A:66 X:47 Y:33 P:35 SP:B5 CYC:292
0000  47        BRK                             A:66 X:47 Y:33 P:35 SP:B2 CYC:298
0000  47        BRK                             A:66 X:47 Y:33 P:35 SP:AF CYC:304
0000  47        BRK                             A:66 X:47 Y:33 P:35 SP:AC CYC:310
0000  47        BRK                             A:66 X:47 Y:33 P:35 SP:A9 CYC:316
0000  47        BRK                             A:66 X:47 Y:33 P:35 SP:A6 CYC:322
0000  47        BRK                             A:66 X:47 Y:33 P:35 SP:A3 CYC:328
0000  47        BRK                             A:66 X:47 Y:33 P:35 SP:A0 CYC:334
0000  47        BRK                             A:66 X:47 Y:33 P:35 SP:9D CYC:340
0000  47        BRK                             A:66 X:47 Y:33 P:35 SP:9A CYC:  5
0000  47        BRK                             A:66 X:47 Y:33 P:35 SP:97 CYC: 11
0000  47        BRK                             A:66 X:47 Y:33 P:35 SP:94 CYC: 17
0000  47        BRK                             A:66 X:47 Y:33 P:35 SP:91 CYC: 23
0000  47        BRK                             A:66 X:47 Y:33 P:35 SP:8E CYC: 29
0000  47        BRK                             A:66 X:47 Y:33 P:35 SP:8B CYC: 35
0000  47        BRK                             A:66 X:47 Y:33 P:35 SP:88 CYC: 41
0000  47        BRK                             A:66 X:47 Y:33 P:35 SP:85 CYC: 47
0000  47        BRK                             A:66 X:47 Y:33 P:35 SP:82 CYC: 53
0000  47        BRK                             A:66 X:47 Y:33 P:35 SP:7F CYC: 59
0000  47        BRK                             A:66 X:47 Y:33 P:35 SP:7C CYC: 65
0000  47        BRK                             A:66 X:47 Y:33 P:35 SP:79 CYC: 71
0000  47        BRK                             A:66 X:47 Y:33 P:35 SP:76 CYC: 77
0000  47        BRK                             A:66 X:47 Y:33 P:35 SP:73 CYC: 83
0000  47        BRK                             A:66 X:47 Y:33 P:35 SP:70 CYC: 89
0000  47        BRK                             A:66 X:47 Y:33 P:35 SP:6D CYC: 95
0000  47        BRK                             A:66 X:47 Y:33 P:35 SP:6A CYC:101
0000  47        BRK                             A:66 X:47 Y:33 P:35 SP:67 CYC:107
0000  47        BRK                             A:66 X:47 Y:33 P:35 SP:64 CYC:113
0000  47        BRK                             A:66 X:47 Y:33 P:35 SP:61 CYC:119
0000  47        BRK                             A:66 X:47 Y:33 P:35 SP:5E CYC:125
0000  47        BRK                             A:66 X:47 Y:33 P:35 SP:5B CYC:131
0000  47        BRK                             A:66 X:47 Y:33 P:35 SP:58 CYC:137
0000  47        BRK                             A:66 X:47 Y:33 P:35 SP:55 CYC:143
0000  47        BRK                             A:66 X:47 Y:33 P:35 SP:52 CYC:149
0000  47        BRK                             A:66 X:47 Y:33 P:35 SP:4F CYC:155
0000  47        BRK                             A:66 X:47 Y:33 P:35 SP:4C CYC:161
0000  47        BRK                             A:66 X:47 Y:33 P:35 SP:49 CYC:167
0000  47        BRK                             A:66 X:47 Y:33 P:35 SP:46 CYC:173
0000  47        BRK                             A:66 X:47 Y:33 P:35 SP:43 CYC:179
0000  47        BRK                             A:66 X:47 Y:33 P:35 SP:40 CYC:185
0000  47        BRK                             A:66 X:47 Y:33 P:35 SP:3D CYC:191
0000  47        BRK                             A:66 X:47 Y:33 P:35 SP:3A CYC:197
0000  47        BRK                             A:66 X:47 Y:33 P:35 SP:37 CYC:203
0000  47        BRK                             A:66 X:47 Y:33 P:35 SP:34 CYC:209
0000  47        BRK                             A:66 X:47 Y:33 P:35 SP:31 CYC:215
0000  47        BRK                             A:66 X:47 Y:33 P:35 SP:2E CYC:221
0000  47        BRK                             A:66 X:47 Y:33 P:35 SP:2B CYC:227
0000  47        BRK                             A:66 X:47 Y:33 P:35 SP:28 CYC:233
0000  47        BRK                             A:66 X:47 Y:33 P:35 SP:25 CYC:239
0000  47        BRK                             A:66 X:47 Y:33 P:35 SP:22 CYC:245
0000  47        BRK                             A:66 X:47 Y:33 P:35 SP:1F CYC:251
0000  47        BRK                             A:66 X:47 Y:33 P:35 SP:1C CYC:257
0000  47        BRK                             A:66 X:47 Y:33 P:35 SP:19 CYC:263
0000  47        BRK                             A:66 X:47 Y:33 P:35 SP:16 CYC:269
0000  47        BRK                             A:66 X:47 Y:33 P:35 SP:13 CYC:275
0000  47        BRK                             A:66 X:47 Y:33 P:35 SP:10 CYC:281
0000  47        BRK                             A:66 X:47 Y:33 P:35 SP:0D CYC:287
0000  47        BRK                             A:66 X:47 Y:33 P:35 SP:0A CYC:293
0000  47        BRK                             A:66 X:47 Y:33 P:35 SP:07 CYC:299
0000  47        BRK                             A:66 X:47 Y:33 P:35 SP:04 CYC:305
0000  47        BRK                             A:66 X:47 Y:33 P:35 SP:01 CYC:311
0000  47        BRK                             A:66 X:47 Y:33 P:35 SP:FE CYC:317
0000  47        BRK                             A:66 X:47 Y:33 P:35 SP:FB CYC:323
0000  47        BRK                             A:66 X:47 Y:33 P:35 SP:F8 CYC:329
0000  47        BRK                             A:66 X:47 Y:33 P:35 SP:F5 CYC:335
0000  47        BRK                             A:66 X:47 Y:33 P:35 SP:F2 CYC:  0
0000  47        BRK                             A:66 X:47 Y:33 P:35 SP:EF CYC:  6
0000  47        BRK                             A:66 X:47 Y:33 P:35 SP:EC CYC: 12
0000  47        BRK                             A:66 X:47 Y:33 P:35 SP:E9 CYC: 18
0000  47        BRK                             A:66 X:47 Y:33 P:35 SP:E6 CYC: 24
0000  47        BRK                             A:66 X:47 Y:33 P:35 SP:E3 CYC: 30
0000  47        BRK                             A:66 X:47 Y:33 P:35 SP:E0 CYC: 36
0000  47        BRK                             A:66 X:47 Y:33 P:35 SP:DD CYC: 42
0000  47        BRK                             A:66 X:47 Y:33 P:35 SP:DA CYC: 48
0000  47        BRK                             A:66 X:47 Y:33 P:35 SP:D7 CYC: 54
0000  47        BRK                             A:66 X:47 Y:33 P:35 SP:D4 CYC: 60
0000  47        BRK                             A:66 X:47 Y:33 P:35 SP:D1 CYC: 66
0000  47        BRK                             A:66 X:47 Y:33 P:35 SP:CE CYC: 72
0000  47        BRK                             A:66 X:47 Y:33 P:35 SP:CB CYC: 78
0000  47        BRK                             A:66 X:47 Y:33 P:35 SP:C8 CYC: 84
0000  47        BRK                             A:66 X:47 Y:33 P:35 SP:C5 CYC: 90
0000  47        BRK                             A:66 X:47 Y:33 P:35 SP:C2 CYC: 96
0000  47        BRK                             A:66 X:47 Y:33 P:35 SP:BF CYC:102
0000  47        BRK                             A:66 X:47 Y:33 P:35 SP:BC CYC:108
0000  47        BRK                             A:66 X:47 Y:33 P:35 SP:B9 CYC:114
0000  47        BRK                             A:66 X:47 Y:33 P:35 SP:B6 CYC:120
0000  47        BRK                             A:66 X:47 Y:33 P:35 SP:B3 CYC:126
0000  47        BRK                             A:66 X:47 Y:33 P:35 SP:B0 CYC:132
0000  47        BRK                             A:66 X:47 Y:33 P:35 SP:AD CYC:138
0000  47        BRK                             A:66 X:47 Y:33 P:35 SP:AA CYC:144
0000  47        BRK                             A:66 X:47 Y:33 P:35 SP:A7 CYC:150
0000  47        BRK                             A:66 X:47 Y:33 P:35 SP:A4 CYC:156
0000  47        BRK                             A:66 X:47 Y:33 P:35 SP:A1 CYC:162
0000  47        BRK                             A:66 X:47 Y:33 P:35 SP:9E CYC:168
0000  47        BRK                             A:66 X:47 Y:33 P:35 SP:9B CYC:174
0000  47        BRK                             A:66 X:47 Y:33 P:35 SP:98 CYC:180
0000  47        BRK                             A:66 X:47 Y:33 P:35 SP:95 CYC:186
0000  47        BRK                             A:66 X:47 Y:33 P:35 SP:92 CYC:192
0000  47        BRK                             A:66 X:47 Y:33 P:35 SP:8F CYC:198
0000  47        BRK                             A:66 X:47 Y:33 P:35 SP:8C CYC:204
0000  47        BRK                             A:66 X:47 Y:33 P:35 SP:89 CYC:210
0000  47        BRK                             A:66 X:47 Y:33 P:35 SP:86 CYC:216
0000  47        BRK                             A:66 X:47 Y:33 P:35 SP:83 CYC:222
0000  47        BRK                             A:66 X:47 Y:33 P:35 SP:80 CYC:228
0000  47        BRK                             A:66 X:47 Y:33 P:35 SP:7D CYC:234
0000  47        BRK                             A:66 X:47 Y:33 P:35 SP:7A CYC:240
0000  47        BRK                             A:66 X:47 Y:33 P:35 SP:77 CYC:246
0000  47        BRK                             A:66 X:47 Y:33 P:35 SP:74 CYC:252
0000  47        BRK                             A:66 X:47 Y:33 P:35 SP:71 CYC:258
0000  47        BRK                             A:66 X:47 Y:33 P:35 SP:6E CYC:264
0000  47        BRK                             A:66 X:47 Y:33 P:35 SP:6B CYC:270
0000  47        BRK                             A:66 X:47 Y:33 P:35 SP:68 CYC:276
0000  47        BRK                             A:66 X:47 Y:33 P:35 SP:65 CYC:282
0000  47        BRK                             A:66 X:47 Y:33 P:35 SP:62 CYC:288
0000  47        BRK                             A:66 X:47 Y:33 P:35 SP:5F CYC:294
0000  47        BRK                             A:66 X:47 Y:33 P:35 SP:5C CYC:300
0000  47        BRK                             A:66 X:47 Y:33 P:35 SP:59 CYC:306
0000  47        BRK                             A:66 X:47 Y:33 P:35 SP:56 CYC:312
0000  47        BRK                             A:66 X:47 Y:33 P:35 SP:53 CYC:318
0000  47        BRK                             A:66 X:47 Y:33 P:35 SP:50 CYC:324
0000  47        BRK                             A:66 X:47 Y:33 P:35 SP:4D CYC:330
0000  47        BRK                             A:66 X:47 Y:33 P:35 SP:4A CYC:336
0000  47        BRK                             A:66 X:47 Y:33 P:35 SP:47 CYC:  1
0000  47        BRK                             A:66 X:47 Y:33 P:35 SP:44 CYC:  7
0000  47        BRK                             A:66 X:47 Y:33 P:35 SP:41 CYC: 13
0000  47        BRK                             A:66 X:47 Y:33 P:35 SP:3E CYC: 19
0000  47        BRK                             A:66 X:47 Y:33 P:35 SP:3B CYC: 25
0000  47        BRK                             A:66 X:47 Y:33 P:35 SP:38 CYC: 31
0000  47        BRK                             A:66 X:47 Y:33 P:35 SP:35 CYC: 37
0000  47        BRK                             A:66 X:47 Y:33 P:35 SP:32 CYC: 43
0000  47        BRK                             A:66 X:47 Y:33 P:35 SP:2F CYC: 49
0000  47        BRK                             A:66 X:47 Y:33 P:35 SP:2C CYC: 55
0000  47        BRK                             A:66 X:47 Y:33 P:35 SP:29 CYC: 61
0000  47        BRK                             A:66 X:47 Y:33 P:35 SP:26 CYC: 67
0000  47        BRK                             A:66 X:47 Y:33 P:35 SP:23 CYC: 73
0000  47        BRK                             A:66 X:47 Y:33 P:35 SP:20 CYC: 79
0000  47        BRK                             A:66 X:47 Y:33 P:35 SP:1D CYC: 85
0000  47        BRK                             A:66 X:47 Y:33 P:35 SP:1A CYC: 91
0000  47        BRK                             A:66 X:47 Y:33 P:35 SP:17 CYC: 97
0000  47        BRK                             A:66 X:47 Y:33 P:35 SP:14 CYC:103
0000  47        BRK                             A:66 X:47 Y:33 P:35 SP:11 CYC:109
0000  47        BRK                             A:66 X:47 Y:33 P:35 SP:0E CYC:115
0000  47        BRK                             A:66 X:47 Y:33 P:35 SP:0B CYC:121
0000  47        BRK                             A:66 X:47 Y:33 P:35 SP:08 CYC:127
0000  47        BRK                             A:66 X:47 Y:33 P:35 SP:05 CYC:133
0000  47        BRK                             A:66 X:47 Y:33 P:35 SP:02 CYC:139
0000  47        BRK                             A:66 X:47 Y:33 P:35 SP:FF CYC:145
0000  47        BRK                             A:66 X:47 Y:33 P:35 SP:FC CYC:151
0000  47        BRK                             A:66 X:47 Y:33 P:35 SP:F9 CYC:157
0000  47        BRK                             A:66 X:47 Y:33 P:35 SP:F6 CYC:163
0000  47        BRK                             A:66 X:47 Y:33 P:35 SP:F3 CYC:169
0000  47        BRK                             A:66 X:47 Y:33 P:35 SP:F0 CYC:175
0000  47        BRK                             A:66 X:47 Y:33 P:35 SP:ED CYC:181
0000  47        BRK                             A:66 X:47 Y:33 P:35 SP:EA CYC:187
0000  47        BRK                             A:66 X:47 Y:33 P:35 SP:E7 CYC:193
0000  47        BRK                             A:66 X:47 Y:33 P:35 SP:E4 CYC:199
0000  47        BRK                             A:66 X:47 Y:33 P:35 SP:E1 CYC:205
0000  47        BRK                             A:66 X:47 Y:33 P:35 SP:DE CYC:211
0000  47        BRK                             A:66 X:47 Y:33 P:35 SP:DB CYC:217
0000  47        BRK                             A:66 X:47 Y:33 P:35 SP:D8 CYC:223
0000  47        BRK                             A:66 X:47 Y:33 P:35 SP:D5 CYC:229
0000  47        BRK                             A:66 X:47 Y:33 P:35 SP:D2 CYC:235
0000  47        BRK                             A:66 X:47 Y:33 P:35 SP:CF CYC:241
0000  47        BRK                             A:66 X:47 Y:33 P:35 SP:CC CYC:247
0000  47        BRK                             A:66 X:47 Y:33 P:35 SP:C9 CYC:253
0000  47        BRK                             A:66 X:47 Y:33 P:35 SP:C6 CYC:259
0000  47        BRK                             A:66 X:47 Y:33 P:35 SP:C3 CYC:265
0000  47        BRK                             A:66 X:47 Y:33 P:35 SP:C0 CYC:271
0000  47        BRK                             A:66 X:47 Y:33 P:35 SP:BD CYC:277
0000  47        BRK                             A:66 X:47 Y:33 P:35 SP:BA CYC:283
0000  47        BRK                             A:66 X:47 Y:33 P:35 SP:B7 CYC:289
0000  47        BRK                             A:66 X:47 Y:33 P:35 SP:B4 CYC:295
0000  47        BRK                             A:66 X:47 Y:33 P:35 SP:B1 CYC:301
0000  47        BRK                             A:66 X:47 Y:33 P:35 SP:AE CYC:307
0000  47        BRK                             A:66 X:47 Y:33 P:35 SP:AB CYC:313
0000  47        BRK                             A:66 X:47 Y:33 P:35 SP:A8 CYC:319
0000  47        BRK                             A:66 X:47 Y:33 P:35 SP:A5 CYC:325
0000  47        BRK                             A:66 X:47 Y:33 P:35 SP:A2 CYC:331
0000  47        BRK                             A:66 X:47 Y:33 P:35 SP:9F CYC:337
0000  47        BRK                             A:66 X:47 Y:33 P:35 SP:9C CYC:  2
0000  47        BRK                             A:66 X:47 Y:33 P:35 SP:99 CYC:  8
0000  47        BRK                             A:66 X:47 Y:33 P:35 SP:96 CYC: 14
0000  47        BRK                             A:66 X:47 Y:33 P:35 SP:93 CYC: 20
0000  47        BRK                             A:66 X:47 Y:33 P:35 SP:90 CYC: 26
0000  47        BRK                             A:66 X:47 Y:33 P:35 SP:8D CYC: 32
0000  47        BRK                             A:66 X:47 Y:33 P:35 SP:8A CYC: 38
0000  47        BRK                             A:66 X:47 Y:33 P:35 SP:87 CYC: 44
0000  47        BRK                             A:66 X:47 Y:33 P:35 SP:84 CYC: 50
0000  47        BRK                             A:66 X:47 Y:33 P:35 SP:81 CYC: 56
0000  47        BRK                             A:66 X:47 Y:33 P:35 SP:7E CYC: 62
0000  47        BRK                             A:66 X:47 Y:33 P:35 SP:7B CYC: 68
0000  47        BRK                             A:66 X:47 Y:33 P:35 SP:78 CYC: 74
0000  47        BRK                             A:66 X:47 Y:33 P:35 SP:75 CYC: 80
0000  47        BRK                             A:66 X:47 Y:33 P:35 SP:72 CYC: 86
0000  47        BRK                             A:66 X:47 Y:33 P:35 SP:6F CYC: 92
0000  47        BRK                             A:66 X:47 Y:33 P:35 SP:6C CYC: 98
0000  47        BRK                             A:66 X:47 Y:33 P:35 SP:69 CYC:104
0000  47        BRK                             A:66 X:47 Y:33 P:35 SP:66 CYC:110
0000  47        BRK                             A:66 X:47 Y:33 P:35 SP:63 CYC:116
0000  47        BRK                             A:66 X:47 Y:33 P:35 SP:60 CYC:122
0000  47        BRK                             A:66 X:47 Y:33 P:35 SP:5D CYC:128
0000  47        BRK                             A:66 X:47 Y:33 P:35 SP:5A CYC:134
0000  47        BRK                             A:66 X:47 Y:33 P:35 SP:57 CYC:140
0000  47        BRK                             A:66 X:47 Y:33 P:35 SP:54 CYC:146
0000  47        BRK                             A:66 X:47 Y:33 P:35 SP:51 CYC:152
0000  47        BRK                             A:66 X:47 Y:33 P:35 SP:4E CYC:158
0000  47        BRK                             A:66 X:47 Y:33 P:35 SP:4B CYC:164
0000  47        BRK                             A:66 X:47 Y:33 P:35 SP:48 CYC:170
0000  47        BRK                             A:66 X:47 Y:33 P:35 SP:45 CYC:176
0000  47        BRK                             A:66 X:47 Y:33 P:35 SP:42 CYC:182
0000  47        BRK                             A:66 X:47 Y:33 P:35 SP:3F CYC:188
0000  47        BRK                             A:66 X:47 Y:33 P:35 SP:3C CYC:194
0000  47        BRK                             A:66 X:47 Y:33 P:35 SP:39 CYC:200
0000  47        BRK                             A:66 X:47 Y:33 P:35 SP:36 CYC:206
0000  47        BRK                             A:66 X:47 Y:33 P:35 SP:33 CYC:212
0000  47        BRK                             A:66 X:47 Y:33 P:35 SP:30 CYC:218
0000  47        BRK                             A:66 X:47 Y:33 P:35 SP:2D CYC:224
0000  47        BRK                             A:66 X:47 Y:33 P:35 SP:2A CYC:230
0000  47        BRK                             A:66 X:47 Y:33 P:35 SP:27 CYC:236
0000  47        BRK                             A:66 X:47 Y:33 P:35 SP:24 CYC:242
0000  47        BRK                             A:66 X:47 Y:33 P:35 SP:21 CYC:248
0000  47        BRK                             A:66 X:47 Y:33 P:35 SP:1E CYC:254
0000  47        BRK                             A:66 X:47 Y:33 P:35 SP:1B CYC:260
0000  47        BRK                             A:66 X:47 Y:33 P:35 SP:18 CYC:266
0000  47        BRK                             A:66 X:47 Y:33 P:35 SP:15 CYC:272
0000  47        BRK                             A:66 X:47 Y:33 P:35 SP:12 CYC:278
0000  47        BRK                             A:66 X:47 Y:33 P:35 SP:0F CYC:284
0000  47        BRK                             A:66 X:47 Y:33 P:35 SP:0C CYC:290
0000  47        BRK                             A:66 X:47 Y:33 P:35 SP:09 CYC:296
0000  47        BRK                             A:66 X:47 Y:33 P:35 SP:06 CYC:302
0000  47        BRK                             A:66 X:47 Y:33 P:35 SP:03 CYC:308
0000  47        BRK                             A:66 X:47 Y:33 P:35 SP:00 CYC:314
0000  47        BRK                             A:66 X:47 Y:33 P:35 SP:FD CYC:320
0000  47        BRK                             A:66 X:47 Y:33 P:35 SP:FA CYC:326
0000  47        BRK                             A:66 X:47 Y:33 P:35 SP:F7 CYC:332
0000  47        BRK                             A:66 X:47 Y:33 P:35 SP:F4 CYC:338
0000  47        BRK                             A:66 X:47 Y:33 P:35 SP:F1 CYC:  3
0000  47        BRK                             A:66 X:47 Y:33 P:35 SP:EE CYC:  9
0000  47        BRK                             A:66 X:47 Y:33 P:35 SP:EB CYC: 15
0000  47        BRK                             A:66 X:47 Y:33 P:35 SP:E8 CYC: 21
0000  47        BRK                             A:66 X:47 Y:33 P:35 SP:E5 CYC: 27
0000  47        BRK                             A:66 X:47 Y:33 P:35 SP:E2 CYC: 33
0000  47        BRK                             A:66 X:47 Y:33 P:35 SP:DF CYC: 39
0000  47        BRK                             A:66 X:47 Y:33 P:35 SP:DC CYC: 45
0000  47        BRK                             A:66 X:47 Y:33 P:35 SP:D9 CYC: 51
0000  47        BRK                             A:66 X:47 Y:33 P:35 SP:D6 CYC: 57
0000  47        BRK                             A:66 X:47 Y:33 P:35 SP:D3 CYC: 63
0000  47        BRK                             A:66 X:47 Y:33 P:35 SP:D0 CYC: 69
0000  47        BRK                             A:66 X:47 Y:33 P:35 SP:CD CYC: 75
0000  47        BRK                             A:66 X:47 Y:33 P:35 SP:CA CYC: 81
0000  47        BRK                             A:66 X:47 Y:33 P:35 SP:C7 CYC: 87
0000  47        BRK                             A:66 X:47 Y:33 P:35 SP:C4 CYC: 93
0000  47        BRK                             A:66 X:47 Y:33 P:35 SP:C1 CYC: 99
0000  47        BRK                             A:66 X:47 Y:33 P:35 SP:BE CYC:105
0000  47        BRK                             A:66 X:47 Y:33 P:35 SP:BB CYC:111
0000  47        BRK                             A:66 X:47 Y:33 P:35 SP:B8 CYC:117
0000  47        BRK                             A:66 X:47 Y:33 P:35 SP:B5 CYC:123
0000  47        BRK                             A:66 X:47 Y:33 P:35 SP:B2 CYC:129
0000  47        BRK                             A:66 X:47 Y:33 P:35 SP:AF CYC:135
0000  47        BRK                             A:66 X:47 Y:33 P:35 SP:AC CYC:141
0000  47        BRK                             A:66 X:47 Y:33 P:35 SP:A9 CYC:147
0000  47        BRK                             A:66 X:47 Y:33 P:35 SP:A6 CYC:153
0000  47        BRK                             A:66 X:47 Y:33 P:35 SP:A3 CYC:159
0000  47        BRK                             A:66 X:47 Y:33 P:35 SP:A0 CYC:165
0000  47        BRK                             A:66 X:47 Y:33 P:35 SP:9D CYC:171
0000  47        BRK                             A:66 X:47 Y:33 P:35 SP:9A CYC:177
0000  47        BRK                             A:66 X:47 Y:33 P:35 SP:97 CYC:183
0000  47        BRK                             A:66 X:47 Y:33 P:35 SP:94 CYC:189
0000  47        BRK                             A:66 X:47 Y:33 P:35 SP:91 CYC:195
0000  47        BRK                             A:66 X:47 Y:33 P:35 SP:8E CYC:201
0000  47        BRK                             A:66 X:47 Y:33 P:35 SP:8B CYC:207
0000  47        BRK                             A:66 X:47 Y:33 P:35 SP:88 CYC:213
0000  47        BRK                             A:66 X:47 Y:33 P:35 SP:85 CYC:219
0000  47        BRK                             A:66 X:47 Y:33 P:35 SP:82 CYC:225
0000  47        BRK                             A:66 X:47 Y:33 P:35 SP:7F CYC:231
0000  47        BRK                             A:66 X:47 Y:33 P:35 SP:7C CYC:237
0000  47        BRK                             A:66 X:47 Y:33 P:35 SP:79 CYC:243
0000  47        BRK                             A:66 X:47 Y:33 P:35 SP:76 CYC:249
0000  47        BRK                             A:66 X:47 Y:33 P:35 SP:73 CYC:255
0000  47        BRK                             A:66 X:47 Y:33 P:35 SP:70 CYC:261
0000  47        BRK                             A:66 X:47 Y:33 P:35 SP:6D CYC:267
0000  47        BRK                             A:66 X:47 Y:33 P:35 SP:6A CYC:273
0000  47        BRK                             A:66 X:47 Y:33 P:35 SP:67 CYC:279
0000  47        BRK                             A:66 X:47 Y:33 P:35 SP:64 CYC:285
0000  47        BRK                             A:66 X:47 Y:33 P:35 SP:61 CYC:291
0000  47        BRK                             A:66 X:47 Y:33 P:35 SP:5E CYC:297
0000  47        BRK                             A:66 X:47 Y:33 P:35 SP:5B CYC:303
0000  47        BRK                             A:66 X:47 Y:33 P:35 SP:58 CYC:309
0000  47        BRK                             A:66 X:47 Y:33 P:35 SP:55 CYC:315
0000  47        BRK                             A:66 X:47 Y:33 P:35 SP:52 CYC:321
0000  47        BRK                             A:66 X:47 Y:33 P:35 SP:4F CYC:327
0000  47        BRK                             A:66 X:47 Y:33 P:35 SP:4C CYC:333
0000  47        BRK                             A:66 X:47 Y:33 P:35 SP:49 CYC:339
0000  47        BRK                             A:66 X:47 Y:33 P:35 SP:46 CYC:  4
0000  47        BRK                             A:66 X:47 Y:33 P:35 SP:43 CYC: 10
0000  47        BRK                             A:66 X:47 Y:33 P:35 SP:40 CYC: 16
0000  47        BRK                             A:66 X:47 Y:33 P:35 SP:3D CYC: 22
0000  47        BRK                             A:66 X:47 Y:33 P:35 SP:3A CYC: 28
0000  47        BRK                             A:66 X:47 Y:33 P:35 SP:37 CYC: 34
0000  47        BRK                             A:66 X:47 Y:33 P:35 SP:34 CYC: 40
0000  47        BRK                             A:66 X:47 Y:33 P:35 SP:31 CYC: 46
0000  47        BRK                             A:66 X:47 Y:33 P:35 SP:2E CYC: 52
0000  47        BRK                             A:66 X:47 Y:33 P:35 SP:2B CYC: 58
0000  47        BRK                             A:66 X:47 Y:33 P:35 SP:28 CYC: 64
0000  47        BRK                             A:66 X:47 Y:33 P:35 SP:25 CYC: 70
0000  47        BRK                             A:66 X:47 Y:33 P:35 SP:22 CYC: 76
0000  47        BRK                             A:66 X:47 Y:33 P:35 SP:1F CYC: 82
0000  47        BRK                             A:66 X:47 Y:33 P:35 SP:1C CYC: 88
0000  47        BRK                             A:66 X:47 Y:33 P:35 SP:19 CYC: 94
0000  47        BRK                             A:66 X:47 Y:33 P:35 SP:16 CYC:100
0000  47        BRK                             A:66 X:47 Y:33 P:35 SP:13 CYC:106
0000  47        BRK                             A:66 X:47 Y:33 P:35 SP:10 CYC:112
0000  47        BRK                             A:66 X:47 Y:33 P:35 SP:0D CYC:118
0000  47        BRK                             A:66 X:47 Y:33 P:35 SP:0A CYC:124
0000  47        BRK                             A:66 X:47 Y:33 P:35 SP:07 CYC:130
0000  47        BRK                             A:66 X:47 Y:33 P:35 SP:04 CYC:136
0000  47        BRK                             A:66 X:47 Y:33 P:35 SP:01 CYC:142
0000  47        BRK                             A:66 X:47 Y:33 P:35 SP:FE CYC:148
0000  47        BRK                             A:66 X:47 Y:33 P:35 SP:FB CYC:154
0000  47        BRK                             A:66 X:47 Y:33 P:35 SP:F8 CYC:160
0000  47        BRK                             A:66 X:47 Y:33 P:35 SP:F5 CYC:166
0000  47        BRK                             A:66 X:47 Y:33 P:35 SP:F2 CYC:172
0000  47        BRK                             A:66 X:47 Y:33 P:35 SP:EF CYC:178
0000  47        BRK                             A:66 X:47 Y:33 P:35 SP:EC CYC:184
0000  47        BRK                             A:66 X:47 Y:33 P:35 SP:E9 CYC:190
0000  47        BRK                             A:66 X:47 Y:33 P:35 SP:E6 CYC:196
0000  47        BRK                             A:66 X:47 Y:33 P:35 SP:E3 CYC:202
0000  47        BRK                             A:66 X:47 Y:33 P:35 SP:E0 CYC:208
0000  47        BRK                             A:66 X:47 Y:33 P:35 SP:DD CYC:214
0000  47        BRK                             A:66 X:47 Y:33 P:35 SP:DA CYC:220
0000  47        BRK                             A:66 X:47 Y:33 P:35 SP:D7 CYC:226
0000  47        BRK                             A:66 X:47 Y:33 P:35 SP:D4 CYC:232
0000  47        BRK                             A:66 X:47 Y:33 P:35 SP:D1 CYC:238
0000  47        BRK                             A:66 X:47 Y:33 P:35 SP:CE CYC:244
0000  47        BRK                             A:66 X:47 Y:33 P:35 SP:CB CYC:250
0000  47        BRK                             A:66 X:47 Y:33 P:35 SP:C8 CYC:256
0000  47        BRK                             A:66 X:47 Y:33 P:35 SP:C5 CYC:262
0000  47        BRK                             A:66 X:47 Y:33 P:35 SP:C2 CYC:268
0000  47        BRK                             A:66 X:47 Y:33 P:35 SP:BF CYC:274
0000  47        BRK                             A:66 X:47 Y:33 P:35 SP:BC CYC:280
0000  47        BRK                             A:66 X:47 Y:33 P:35 SP:B9 CYC:286
0000  47        BRK                             A:66 X:47 Y:33 P:35 SP:B6 CYC:292
0000  47        BRK                             A:66 X:47 Y:33 P:35 SP:B3 CYC:298
0000  47        BRK                             A:66 X:47 Y:33 P:35 SP:B0 CYC:304
0000  47        BRK                             A:66 X:47 Y:33 P:35 SP:AD CYC:310
0000  47        BRK                             A:66 X:47 Y:33 P:35 SP:AA CYC:316
0000  47        BRK                             A:66 X:47 Y:33 P:35 SP:A7 CYC:322
0000  47        BRK                             A:66 X:47 Y:33 P:35 SP:A4 CYC:328
0000  47        BRK                             A:66 X:47 Y:33 P:35 SP:A1 CYC:334
0000  47        BRK                             A:66 X:47 Y:33 P:35 SP:9E CYC:340
0000  47        BRK                             A:66 X:47 Y:33 P:35 SP:9B CYC:  5
0000  47        BRK                             A:66 X:47 Y:33 P:35 SP:98 CYC: 11
0000  47        BRK                             A:66 X:47 Y:33 P:35 SP:95 CYC: 17
0000  47        BRK                             A:66 X:47 Y:33 P:35 SP:92 CYC: 23
0000  47        BRK                             A:66 X:47 Y:33 P:35 SP:8F CYC: 29
0000  47        BRK                             A:66 X:47 Y:33 P:35 SP:8C CYC: 35
0000  47        BRK                             A:66 X:47 Y:33 P:35 SP:89 CYC: 41
0000  47        BRK                             A:66 X:47 Y:33 P:35 SP:86 CYC: 47
0000  47        BRK                             A:66 X:47 Y:33 P:35 SP:83 CYC: 53
0000  47        BRK                             A:66 X:47 Y:33 P:35 SP:80 CYC: 59
0000  47        BRK                             A:66 X:47 Y:33 P:35 SP:7D CYC: 65
0000  47        BRK                             A:66 X:47 Y:33 P:35 SP:7A CYC: 71
0000  47        BRK                             A:66 X:47 Y:33 P:35 SP:77 CYC: 77
0000  47        BRK                             A:66 X:47 Y:33 P:35 SP:74 CYC: 83
0000  47        BRK                             A:66 X:47 Y:33 P:35 SP:71 CYC: 89
0000  47        BRK                             A:66 X:47 Y:33 P:35 SP:6E CYC: 95
0000  47        BRK                             A:66 X:47 Y:33 P:35 SP:6B CYC:101
0000  47        BRK                             A:66 X:47 Y:33 P:35 SP:68 CYC:107
0000  47        BRK                             A:66 X:47 Y:33 P:35 SP:65 CYC:113
0000  47        BRK                             A:66 X:47 Y:33 P:35 SP:62 CYC:119
0000  47        BRK                             A:66 X:47 Y:33 P:35 SP:5F CYC:125
0000  47        BRK                             A:66 X:47 Y:33 P:35 SP:5C CYC:131
0000  47        BRK                             A:66 X:47 Y:33 P:35 SP:59 CYC:137
0000  47        BRK                             A:66 X:47 Y:33 P:35 SP:56 CYC:143
0000  47        BRK                             A:66 X:47 Y:33 P:35 SP:53 CYC:149
0000  47        BRK                             A:66 X:47 Y:33 P:35 SP:50 CYC:155
0000  47        BRK                             A:66 X:47 Y:33 P:35 SP:4D CYC:161
0000  47        BRK                             A:66 X:47 Y:33 P:35 SP:4A CYC:167
0000  47        BRK                             A:66 X:47 Y:33 P:35 SP:47 CYC:173
0000  47        BRK                             A:66 X:47 Y:33 P:35 SP:44 CYC:179
0000  47        BRK                             A:66 X:47 Y:33 P:35 SP:41 CYC:185
0000  47        BRK                             A:66 X:47 Y:33 P:35 SP:3E CYC:191
0000  47        BRK                             A:66 X:47 Y:33 P:35 SP:3B CYC:197
0000  47        BRK                             A:66 X:47 Y:33 P:35 SP:38 CYC:203
0000  47        BRK                             A:66 X:47 Y:33 P:35 SP:35 CYC:209
0000  47        BRK                             A:66 X:47 Y:33 P:35 SP:32 CYC:215
0000  47        BRK                             A:66 X:47 Y:33 P:35 SP:2F CYC:221
0000  47        BRK                             A:66 X:47 Y:33 P:35 SP:2C CYC:227
0000  47        BRK                             A:66 X:47 Y:33 P:35 SP:29 CYC:233
0000  47        BRK                             A:66 X:47 Y:33 P:35 SP:26 CYC:239
0000  47        BRK                             A:66 X:47 Y:33 P:35 SP:23 CYC:245
0000  47        BRK                             A:66 X:47 Y:33 P:35 SP:20 CYC:251
0000  47        BRK                             A:66 X:47 Y:33 P:35 SP:1D CYC:257
0000  47        BRK                             A:66 X:47 Y:33 P:35 SP:1A CYC:263
0000  47        BRK                             A:66 X:47 Y:33 P:35 SP:17 CYC:269
0000  47        BRK                             A:66 X:47 Y:33 P:35 SP:14 CYC:275
0000  47        BRK                             A:66 X:47 Y:33 P:35 SP:11 CYC:281
0000  47        BRK                             A:66 X:47 Y:33 P:35 SP:0E CYC:287
0000  47        BRK                             A:66 X:47 Y:33 P:35 SP:0B CYC:293
0000  47        BRK                             A:66 X:47 Y:33 P:35 SP:08 CYC:299
0000  47        BRK                             A:66 X:47 Y:33 P:35 SP:05 CYC:305
0000  47        BRK                             A:66 X:47 Y:33 P:35 SP:02 CYC:311
0000  47        BRK                             A:66 X:47 Y:33 P:35 SP:FF CYC:317
0000  47        BRK                             A:66 X:47 Y:33 P:35 SP:FC CYC:323
0000  47        BRK                             A:66 X:47 Y:33 P:35 SP:F9 CYC:329
0000  47        BRK                             A:66 X:47 Y:33 P:35 SP:F6 CYC:335
0000  47        BRK                             A:66 X:47 Y:33 P:35 SP:F3 CYC:  0
0000  47        BRK                             A:66 X:47 Y:33 P:35 SP:F0 CYC:  6
0000  47        BRK                             A:66 X:47 Y:33 P:35 SP:ED CYC: 12
0000  47        BRK                             A:66 X:47 Y:33 P:35 SP:EA CYC: 18
0000  47        BRK                             A:66 X:47 Y:33 P:35 SP:E7 CYC: 24
0000  47        BRK                             A:66 X:47 Y:33 P:35 SP:E4 CYC: 30
0000  47        BRK                             A:66 X:47 Y:33 P:35 SP:E1 CYC: 36
0000  47        BRK                             A:66 X:47 Y:33 P:35 SP:DE CYC: 42
0000  47        BRK                             A:66 X:47 Y:33 P:35 SP:DB CYC: 48
0000  47        BRK                             A:66 X:47 Y:33 P:35 SP:D8 CYC: 54
0000  47        BRK                             A:66 X:47 Y:33 P:35 SP:D5 CYC: 60
0000  47        BRK                             A:66 X:47 Y:33 P:35 SP:D2 CYC: 66
0000  47        BRK                             A:66 X:47 Y:33 P:35 SP:CF CYC: 72
0000  47        BRK                             A:66 X:47 Y:33 P:35 SP:CC CYC: 78
0000  47        BRK                             A:66 X:47 Y:33 P:35 SP:C9 CYC: 84
0000  47        BRK                             A:66 X:47 Y:33 P:35 SP:C6 CYC: 90
0000  47        BRK                             A:66 X:47 Y:33 P:35 SP:C3 CYC: 96
0000  47        BRK                             A:66 X:47 Y:33 P:35 SP:C0 CYC:102
0000  47        BRK                             A:66 X:47 Y:33 P:35 SP:BD CYC:108
0000  47        BRK                             A:66 X:47 Y:33 P:35 SP:BA CYC:114
0000  47        BRK                             A:66 X:47 Y:33 P:35 SP:B7 CYC:120
0000  47        BRK                             A:66 X:47 Y:33 P:35 SP:B4 CYC:126
0000  47        BRK                             A:66 X:47 Y:33 P:35 SP:B1 CYC:132
0000  47        BRK                             A:66 X:47 Y:33 P:35 SP:AE CYC:138
0000  47        BRK                             A:66 X:47 Y:33 P:35 SP:AB CYC:144
0000  47        BRK                             A:66 X:47 Y:33 P:35 SP:A8 CYC:150
0000  47        BRK                             A:66 X:47 Y:33 P:35 SP:A5 CYC:156
0000  47        BRK                             A:66 X:47 Y:33 P:35 SP:A2 CYC:162
0000  47        BRK                             A:66 X:47 Y:33 P:35 SP:9F CYC:168
0000  47        BRK                             A:66 X:47 Y:33 P:35 SP:9C CYC:174
0000  47        BRK                             A:66 X:47 Y:33 P:35 SP:99 CYC:180
0000  47        BRK                             A:66 X:47 Y:33 P:35 SP:96 CYC:186
0000  47        BRK                             A:66 X:47 Y:33 P:35 SP:93 CYC:192
0000  47        BRK                             A:66 X:47 Y:33 P:35 SP:90 CYC:198
0000  47        BRK                             A:66 X:47 Y:33 P:35 SP:8D CYC:204
0000  47        BRK                             A:66 X:47 Y:33 P:35 SP:8A CYC:210
0000  47        BRK                             A:66 X:47 Y:33 P:35 SP:87 CYC:216
0000  47        BRK                             A:66 X:47 Y:33 P:35 SP:84 CYC:222
0000  47        BRK                             A:66 X:47 Y:33 P:35 SP:81 CYC:228
0000  47        BRK                             A:66 X:47 Y:33 P:35 SP:7E CYC:234
0000  47        BRK                             A:66 X:47 Y:33 P:35 SP:7B CYC:240
0000  47        BRK                             A:66 X:47 Y:33 P:35 SP:78 CYC:246
0000  47        BRK                             A:66 X:47 Y:33 P:35 SP:75 CYC:252
0000  47        BRK                             A:66 X:47 Y:33 P:35 SP:72 CYC:258
0000  47        BRK                             A:66 X:47 Y:33 P:35 SP:6F CYC:264
0000  47        BRK                             A:66 X:47 Y:33 P:35 SP:6C CYC:270
0000  47        BRK                             A:66 X:47 Y:33 P:35 SP:69 CYC:276
0000  47        BRK                             A:66 X:47 Y:33 P:35 SP:66 CYC:282
0000  47        BRK                             A:66 X:47 Y:33 P:35 SP:63 CYC:288
0000  47        BRK                             A:66 X:47 Y:33 P:35 SP:60 CYC:294
0000  47        BRK                             A:66 X:47 Y:33 P:35 SP:5D CYC:300
0000  47        BRK                             A:66 X:47 Y:33 P:35 SP:5A CYC:306
0000  47        BRK                             A:66 X:47 Y:33 P:35 SP:57 CYC:312
0000  47        BRK                             A:66 X:47 Y:33 P:35 SP:54 CYC:318
0000  47        BRK                             A:66 X:47 Y:33 P:35 SP:51 CYC:324
0000  47        BRK                             A:66 X:47 Y:33 P:35 SP:4E CYC:330
0000  47        BRK                             A:66 X:47 Y:33 P:35 SP:4B CYC:336
0000  47        BRK                             A:66 X:47 Y:33 P:35 SP:48 CYC:  1
0000  47        BRK                             A:66 X:47 Y:33 P:35 SP:45 CYC:  7
0000  47        BRK                             A:66 X:47 Y:33 P:35 SP:42 CYC: 13
0000  47        BRK                             A:66 X:47 Y:33 P:35 SP:3F CYC: 19
0000  47        BRK                             A:66 X:47 Y:33 P:35 SP:3C CYC: 25
0000  47        BRK                             A:66 X:47 Y:33 P:35 SP:39 CYC: 31
0000  47        BRK                             A:66 X:47 Y:33 P:35 SP:36 CYC: 37
0000  47        BRK                             A:66 X:47 Y:33 P:35 SP:33 CYC: 43
0000  47        BRK                             A:66 X:47 Y:33 P:35 SP:30 CYC: 49
0000  47        BRK                             A:66 X:47 Y:33 P:35 SP:2D CYC: 55
0000  47        BRK                             A:66 X:47 Y:33 P:35 SP:2A CYC: 61
0000  47        BRK                             A:66 X:47 Y:33 P:35 SP:27 CYC: 67
0000  47        BRK                             A:66 X:47 Y:33 P:35 SP:24 CYC: 73
0000  47        BRK                             A:66 X:47 Y:33 P:35 SP:21 CYC: 79
0000  47        BRK                             A:66 X:47 Y:33 P:35 SP:1E CYC: 85
0000  47        BRK                             A:66 X:47 Y:33 P:35 SP:1B CYC: 91
0000  47        BRK                             A:66 X:47 Y:33 P:35 SP:18 CYC: 97
0000  47        BRK                             A:66 X:47 Y:33 P:35 SP:15 CYC:103
0000  47        BRK                             A:66 X:47 Y:33 P:35 SP:12 CYC:109
0000  47        BRK                             A:66 X:47 Y:33 P:35 SP:0F CYC:115
0000  47        BRK                             A:66 X:47 Y:33 P:35 SP:0C CYC:121
0000  47        BRK                             A:66 X:47 Y:33 P:35 SP:09 CYC:127
0000  47        BRK                             A:66 X:47 Y:33 P:35 SP:06 CYC:133
0000  47        BRK                             A:66 X:47 Y:33 P:35 SP:03 CYC:139
0000  47        BRK                             A:66 X:47 Y:33 P:35 SP:00 CYC:145
0000  47        BRK                             A:66 X:47 Y:33 P:35 SP:FD CYC:151
0000  47        BRK                             A:66 X:47 Y:33 P:35 SP:FA CYC:157
0000  47        BRK                             A:66 X:47 Y:33 P:35 SP:F7 CYC:163
0000  47        BRK                             A:66 X:47 Y:33 P:35 SP:F4 CYC:169
0000  47        BRK                             A:66 X:47 Y:33 P:35 SP:F1 CYC:175
0000  47        BRK                             A:66 X:47 Y:33 P:35 SP:EE CYC:181
0000  47        BRK                             A:66 X:47 Y:33 P:35 SP:EB CYC:187
0000  47        BRK                             A:66 X:47 Y:33 P:35 SP:E8 CYC:193
0000  47        BRK                             A:66 X:47 Y:33 P:35 SP:E5 CYC:199
0000  47        BRK                             A:66 X:47 Y:33 P:35 SP:E2 CYC:205
0000  47        BRK                             A:66 X:47 Y:33 P:35 SP:DF CYC:211
0000  47        BRK                             A:66 X:47 Y:33 P:35 SP:DC CYC:217
0000  47        BRK                             A:66 X:47 Y:33 P:35 SP:D9 CYC:223
0000  47        BRK                             A:66 X:47 Y:33 P:35 SP:D6 CYC:229
0000  47        BRK                             A:66 X:47 Y:33 P:35 SP:D3 CYC:235
0000  47        BRK                             A:66 X:47 Y:33 P:35 SP:D0 CYC:241
0000  47        BRK                             A:66 X:47 Y:33 P:35 SP:CD CYC:247
0000  47        BRK                             A:66 X:47 Y:33 P:35 SP:CA CYC:253
0000  47        BRK                             A:66 X:47 Y:33 P:35 SP:C7 CYC:259
0000  47        BRK                             A:66 X:47 Y:33 P:35 SP:C4 CYC:265
0000  47        BRK                             A:66 X:47 Y:33 P:35 SP:C1 CYC:271
0000  47        BRK                             A:66 X:47 Y:33 P:35 SP:BE CYC:277
0000  47        BRK                             A:66 X:47 Y:33 P:35 SP:BB CYC:283
0000  47        BRK                             A:66 X:47 Y:33 P:35 SP:B8 CYC:289
0000  47        BRK                             A:66 X:47 Y:33 P:35 SP:B5 CYC:295
0000  47        BRK                             A:66 X:47 Y:33 P:35 SP:B2 CYC:301
0000  47        BRK                             A:66 X:47 Y:33 P:35 SP:AF CYC:307
0000  47        BRK                             A:66 X:47 Y:33 P:35 SP:AC CYC:313
0000  47        BRK                             A:66 X:47 Y:33 P:35 SP:A9 CYC:319
0000  47        BRK                             A:66 X:47 Y:33 P:35 SP:A6 CYC:325
0000  47        BRK                             A:66 X:47 Y:33 P:35 SP:A3 CYC:331
0000  47        BRK                             A:66 X:47 Y:33 P:35 SP:A0 CYC:337
0000  47        BRK                             A:66 X:47 Y:33 P:35 SP:9D CYC:  2
0000  47        BRK                             A:66 X:47 Y:33 P:35 SP:9A CYC:  8
0000  47        BRK                             A:66 X:47 Y:33 P:35 SP:97 CYC: 14
0000  47        BRK                             A:66 X:47 Y:33 P:35 SP:94 CYC: 20
0000  47        BRK                             A:66 X:47 Y:33 P:35 SP:91 CYC: 26
0000  47        BRK                             A:66 X:47 Y:33 P:35 SP:8E CYC: 32
0000  47        BRK                             A:66 X:47 Y:33 P:35 SP:8B CYC: 38
0000  47        BRK                             A:66 X:47 Y:33 P:35 SP:88 CYC: 44
0000  47        BRK                             A:66 X:47 Y:33 P:35 SP:85 CYC: 50
0000  47        BRK                             A:66 X:47 Y:33 P:35 SP:82 CYC: 56
0000  47        BRK                             A:66 X:47 Y:33 P:35 SP:7F CYC: 62
0000  47        BRK                             A:66 X:47 Y:33 P:35 SP:7C CYC: 68
0000  47        BRK                             A:66 X:47 Y:33 P:35 SP:79 CYC: 74
0000  47        BRK                             A:66 X:47 Y:33 P:35 SP:76 CYC: 80
0000  47        BRK                             A:66 X:47 Y:33 P:35 SP:73 CYC: 86
0000  47        BRK                             A:66 X:47 Y:33 P:35 SP:70 CYC: 92
0000  47        BRK                             A:66 X:47 Y:33 P:35 SP:6D CYC: 98
0000  47        BRK                             A:66 X:47 Y:33 P:35 SP:6A CYC:104
0000  47        BRK                             A:66 X:47 Y:33 P:35 SP:67 CYC:110
0000  47        BRK                             A:66 X:47 Y:33 P:35 SP:64 CYC:116
0000  47        BRK                             A:66 X:47 Y:33 P:35 SP:61 CYC:122
0000  47        BRK                             A:66 X:47 Y:33 P:35 SP:5E CYC:128
0000  47        BRK                             A:66 X:47 Y:33 P:35 SP:5B CYC:134
0000  47        BRK                             A:66 X:47 Y:33 P:35 SP:58 CYC:140
0000  47        BRK                             A:66 X:47 Y:33 P:35 SP:55 CYC:146
0000  47        BRK                             A:66 X:47 Y:33 P:35 SP:52 CYC:152
0000  47        BRK                             A:66 X:47 Y:33 P:35 SP:4F CYC:158
0000  47        BRK                             A:66 X:47 Y:33 P:35 SP:4C CYC:164
0000  47        BRK                             A:66 X:47 Y:33 P:35 SP:49 CYC:170
0000  47        BRK                             A:66 X:47 Y:33 P:35 SP:46 CYC:176
0000  47        BRK                             A:66 X:47 Y:33 P:35 SP:43 CYC:182
0000  47        BRK                             A:66 X:47 Y:33 P:35 SP:40 CYC:188
0000  47        BRK                             A:66 X:47 Y:33 P:35 SP:3D CYC:194
0000  47        BRK                             A:66 X:47 Y:33 P:35 SP:3A CYC:200
0000  47        BRK                             A:66 X:47 Y:33 P:35 SP:37 CYC:206
0000  47        BRK                             A:66 X:47 Y:33 P:35 SP:34 CYC:212
0000  47        BRK                             A:66 X:47 Y:33 P:35 SP:31 CYC:218
0000  47        BRK                             A:66 X:47 Y:33 P:35 SP:2E CYC:224
0000  47        BRK                             A:66 X:47 Y:33 P:35 SP:2B CYC:230
0000  47        BRK                             A:66 X:47 Y:33 P:35 SP:28 CYC:236
0000  47        BRK                             A:66 X:47 Y:33 P:35 SP:25 CYC:242
0000  47        BRK                             A:66 X:47 Y:33 P:35 SP:22 CYC:248
0000  47        BRK                             A:66 X:47 Y:33 P:35 SP:1F CYC:254
0000  47        BRK                             A:66 X:47 Y:33 P:35 SP:1C CYC:260
0000  47        BRK                             A:66 X:47 Y:33 P:35 SP:19 CYC:266
0000  47        BRK                             A:66 X:47 Y:33 P:35 SP:16 CYC:272
0000  47        BRK                             A:66 X:47 Y:33 P:35 SP:13 CYC:278
0000  47        BRK                             A:66 X:47 Y:33 P:35 SP:10 CYC:284
0000  47        BRK                             A:66 X:47 Y:33 P:35 SP:0D CYC:290
0000  47        BRK                             A:66 X:47 Y:33 P:35 SP:0A CYC:296
0000  47        BRK                             A:66 X:47 Y:33 P:35 SP:07 CYC:302
0000  47        BRK                             A:66 X:47 Y:33 P:35 SP:04 CYC:308
0000  47        BRK                             A:66 X:47 Y:33 P:35 SP:01 CYC:314
0000  47        BRK                             A:66 X:47 Y:33 P:35 SP:FE CYC:320
0000  47        BRK                             A:66 X:47 Y:33 P:35 SP:FB CYC:326
0000  47        BRK                             A:66 X:47 Y:33 P:35 SP:F8 CYC:332
0000  47        BRK                             A:66 X:47 Y:33 P:35 SP:F5 CYC:338
0000  47        BRK                             A:66 X:47 Y:33 P:35 SP:F2 CYC:  3
0000  47        BRK                             A:66 X:47 Y:33 P:35 SP:EF CYC:  9
0000  47        BRK                             A:66 X:47 Y:33 P:35 SP:EC CYC: 15
0000  47        BRK                             A:66 X:47 Y:33 P:35 SP:E9 CYC: 21
0000  47        BRK                             A:66 X:47 Y:33 P:35 SP:E6 CYC: 27
0000  47        BRK                             A:66 X:47 Y:33 P:35 SP:E3 CYC: 33
0000  47        BRK                             A:66 X:47 Y:33 P:35 SP:E0 CYC: 39
0000  47        BRK                             A:66 X:47 Y:33 P:35 SP:DD CYC: 45
0000  47        BRK                             A:66 X:47 Y:33 P:35 SP:DA CYC: 51
0000  47        BRK                             A:66 X:47 Y:33 P:35 SP:D7 CYC: 57
0000  47        BRK                             A:66 X:47 Y:33 P:35 SP:D4 CYC: 63
0000  47        BRK                             A:66 X:47 Y:33 P:35 SP:D1 CYC: 69
0000  47        BRK                             A:66 X:47 Y:33 P:35 SP:CE CYC: 75
0000  47        BRK                             A:66 X:47 Y:33 P:35 SP:CB CYC: 81
0000  47        BRK                             A:66 X:47 Y:33 P:35 SP:C8 CYC: 87
0000  47        BRK                             A:66 X:47 Y:33 P:35 SP:C5 CYC: 93
0000  47        BRK                             A:66 X:47 Y:33 P:35 SP:C2 CYC: 99
0000  47        BRK                             A:66 X:47 Y:33 P:35 SP:BF CYC:105
0000  47        BRK                             A:66 X:47 Y:33 P:35 SP:BC CYC:111
0000  47        BRK                             A:66 X:47 Y:33 P:35 SP:B9 CYC:117
0000  47        BRK                             A:66 X:47 Y:33 P:35 SP:B6 CYC:123
0000  47        BRK                             A:66 X:47 Y:33 P:35 SP:B3 CYC:129
0000  47        BRK                             A:66 X:47 Y:33 P:35 SP:B0 CYC:135
0000  47        BRK                             A:66 X:47 Y:33 P:35 SP:AD CYC:141
0000  47        BRK                             A:66 X:47 Y:33 P:35 SP:AA CYC:147
0000  47        BRK                             A:66 X:47 Y:33 P:35 SP:A7 CYC:153
0000  47        BRK                             A:66 X:47 Y:33 P:35 SP:A4 CYC:159
0000  47        BRK                             A:66 X:47 Y:33 P:35 SP:A1 CYC:165
0000  47        BRK                             A:66 X:47 Y:33 P:35 SP:9E CYC:171
0000  47        BRK                             A:66 X:47 Y:33 P:35 SP:9B CYC:177
0000  47        BRK                             A:66 X:47 Y:33 P:35 SP:98 CYC:183
0000  47        BRK                             A:66 X:47 Y:33 P:35 SP:95 CYC:189
0000  47        BRK                             A:66 X:47 Y:33 P:35 SP:92 CYC:195
0000  47        BRK                             A:66 X:47 Y:33 P:35 SP:8F CYC:201
0000  47        BRK                             A:66 X:47 Y:33 P:35 SP:8C CYC:207
0000  47        BRK                             A:66 X:47 Y:33 P:35 SP:89 CYC:213
0000  47        BRK                             A:66 X:47 Y:33 P:35 SP:86 CYC:219
0000  47        BRK                             A:66 X:47 Y:33 P:35 SP:83 CYC:225
0000  47        BRK                             A:66 X:47 Y:33 P:35 SP:80 CYC:231
0000  47        BRK                             A:66 X:47 Y:33 P:35 SP:7D CYC:237
0000  47        BRK                             A:66 X:47 Y:33 P:35 SP:7A CYC:243
0000  47        BRK                             A:66 X:47 Y:33 P:35 SP:77 CYC:249
0000  47        BRK                             A:66 X:47 Y:33 P:35 SP:74 CYC:255
0000  47        BRK                             A:66 X:47 Y:33 P:35 SP:71 CYC:261
0000  47        BRK                             A:66 X:47 Y:33 P:35 SP:6E CYC:267
0000  47        BRK                             A:66 X:47 Y:33 P:35 SP:6B CYC:273
0000  47        BRK                             A:66 X:47 Y:33 P:35 SP:68 CYC:279
0000  47        BRK                             A:66 X:47 Y:33 P:35 SP:65 CYC:285
0000  47        BRK                             A:66 X:47 Y:33 P:35 SP:62 CYC:291
0000  47        BRK                             A:66 X:47 Y:33 P:35 SP:5F CYC:297
0000  47        BRK                             A:66 X:47 Y:33 P:35 SP:5C CYC:303
0000  47        BRK                             A:66 X:47 Y:33 P:35 SP:59 CYC:309
0000  47        BRK                             A:66 X:47 Y:33 P:35 SP:56 CYC:315
0000  47        BRK                             A:66 X:47 Y:33 P:35 SP:53 CYC:321
0000  47        BRK                             A:66 X:47 Y:33 P:35 SP:50 CYC:327
0000  47        BRK                             A:66 X:47 Y:33 P:35 SP:4D CYC:333
0000  47        BRK                             A:66 X:47 Y:33 P:35 SP:4A CYC:339
0000  47        BRK                             A:66 X:47 Y:33 P:35 SP:47 CYC:  4
0000  47        BRK                             A:66 X:47 Y:33 P:35 SP:44 CYC: 10
0000  47        BRK                             A:66 X:47 Y:33 P:35 SP:41 CYC: 16
0000  47        BRK                             A:66 X:47 Y:33 P:35 SP:3E CYC: 22
0000  47        BRK                             A:66 X:47 Y:33 P:35 SP:3B CYC: 28
0000  47        BRK                             A:66 X:47 Y:33 P:35 SP:38 CYC: 34
0000  47        BRK                             A:66 X:47 Y:33 P:35 SP:35 CYC: 40
0000  47        BRK                             A:66 X:47 Y:33 P:35 SP:32 CYC: 46
0000  47        BRK                             A:66 X:47 Y:33 P:35 SP:2F CYC: 52
0000  47        BRK                             A:66 X:47 Y:33 P:35 SP:2C CYC: 58
0000  47        BRK                             A:66 X:47 Y:33 P:35 SP:29 CYC: 64
0000  47        BRK                             A:66 X:47 Y:33 P:35 SP:26 CYC: 70
0000  47        BRK                             A:66 X:47 Y:33 P:35 SP:23 CYC: 76
0000  47        BRK                             A:66 X:47 Y:33 P:35 SP:20 CYC: 82
0000  47        BRK                             A:66 X:47 Y:33 P:35 SP:1D CYC: 88
0000  47        BRK                             A:66 X:47 Y:33 P:35 SP:1A CYC: 94
0000  47        BRK                             A:66 X:47 Y:33 P:35 SP:17 CYC:100
0000  47        BRK                             A:66 X:47 Y:33 P:35 SP:14 CYC:106
0000  47        BRK                             A:66 X:47 Y:33 P:35 SP:11 CYC:112
0000  47        BRK                             A:66 X:47 Y:33 P:35 SP:0E CYC:118
0000  47        BRK                             A:66 X:47 Y:33 P:35 SP:0B CYC:124
0000  47        BRK                             A:66 X:47 Y:33 P:35 SP:08 CYC:130
0000  47        BRK                             A:66 X:47 Y:33 P:35 SP:05 CYC:136
0000  47        BRK                             A:66 X:47 Y:33 P:35 SP:02 CYC:142
0000  47        BRK                             A:66 X:47 Y:33 P:35 SP:FF CYC:148
0000  47        BRK                             A:66 X:47 Y:33 P:35 SP:FC CYC:154
0000  47        BRK                             A:66 X:47 Y:33 P:35 SP:F9 CYC:160
0000  47        BRK                             A:66 X:47 Y:33 P:35 SP:F6 CYC:166
0000  47        BRK                             A:66 X:47 Y:33 P:35 SP:F3 CYC:172
0000  47        BRK                             A:66 X:47 Y:33 P:35 SP:F0 CYC:178
0000  47        BRK                             A:66 X:47 Y:33 P:35 SP:ED CYC:184
0000  47        BRK                             A:66 X:47 Y:33 P:35 SP:EA CYC:190
0000  47        BRK                             A:66 X:47 Y:33 P:35 SP:E7 CYC:196
0000  47        BRK                             A:66 X:47 Y:33 P:35 SP:E4 CYC:202
0000  47        BRK                             A:66 X:47 Y:33 P:35 SP:E1 CYC:208
0000  47        BRK                             A:66 X:47 Y:33 P:35 SP:DE CYC:214
0000  47        BRK                             A:66 X:47 Y:33 P:35 SP:DB CYC:220
0000  47        BRK                             A:66 X:47 Y:33 P:35 SP:D8 CYC:226
0000  47        BRK                             A:66 X:47 Y:33 P:35 SP:D5 CYC:232
0000  47        BRK                             A:66 X:47 Y:33 P:35 SP:D2 CYC:238
0000  47        BRK                             A:66 X:47 Y:33 P:35 SP:CF CYC:244
0000  47        BRK                             A:66 X:47 Y:33 P:35 SP:CC CYC:250
0000  47        BRK                             A:66 X:47 Y:33 P:35 SP:C9 CYC:256
0000  47        BRK                             A:66 X:47 Y:33 P:35 SP:C6 CYC:262
0000  47        BRK                             A:66 X:47 Y:33 P:35 SP:C3 CYC:268
0000  47        BRK                             A:66 X:47 Y:33 P:35 SP:C0 CYC:274
0000  47        BRK                             A:66 X:47 Y:33 P:35 SP:BD CYC:280
0000  47        BRK                             A:66 X:47 Y:33 P:35 SP:BA CYC:286
0000  47        BRK                             A:66 X:47 Y:33 P:35 SP:B7 CYC:292
0000  47        BRK                             A:66 X:47 Y:33 P:35 SP:B4 CYC:298
0000  47        BRK                             A:66 X:47 Y:33 P:35 SP:B1 CYC:304
0000  47        BRK                             A:66 X:47 Y:33 P:35 SP:AE CYC:310
0000  47        BRK                             A:66 X:47 Y:33 P:35 SP:AB CYC:316
0000  47        BRK                             A:66 X:47 Y:33 P:35 SP:A8 CYC:322
0000  47        BRK                             A:66 X:47 Y:33 P:35 SP:A5 CYC:328
0000  47        BRK                             A:66 X:47 Y:33 P:35 SP:A2 CYC:334
0000  47        BRK                             A:66 X:47 Y:33 P:35 SP:9F CYC:340
0000  47        BRK                             A:66 X:47 Y:33 P:35 SP:9C CYC:  5
0000  47        BRK                             A:66 X:47 Y:33 P:35 SP:99 CYC: 11
0000  47        BRK                             A:66 X:47 Y:33 P:35 SP:96 CYC: 17
0000  47        BRK                             A:66 X:47 Y:33 P:35 SP:93 CYC: 23
0000  47        BRK                             A:66 X:47 Y:33 P:35 SP:90 CYC: 29
0000  47        BRK                             A:66 X:47 Y:33 P:35 SP:8D CYC: 35
0000  47        BRK                             A:66 X:47 Y:33 P:35 SP:8A CYC: 41
0000  47        BRK                             A:66 X:47 Y:33 P:35 SP:87 CYC: 47
0000  47        BRK                             A:66 X:47 Y:33 P:35 SP:84 CYC: 53
0000  47        BRK                             A:66 X:47 Y:33 P:35 SP:81 CYC: 59
0000  47        BRK                             A:66 X:47 Y:33 P:35 SP:7E CYC: 65
0000  47        BRK                             A:66 X:47 Y:33 P:35 SP:7B CYC: 71
0000  47        BRK                             A:66 X:47 Y:33 P:35 SP:78 CYC: 77
0000  47        BRK                             A:66 X:47 Y:33 P:35 SP:75 CYC: 83
0000  47        BRK                             A:66 X:47 Y:33 P:35 SP:72 CYC: 89
0000  47        BRK                             A:66 X:47 Y:33 P:35 SP:6F CYC: 95
0000  47        BRK                             A:66 X:47 Y:33 P:35 SP:6C CYC:101
0000  47        BRK                             A:66 X:47 Y:33 P:35 SP:69 CYC:107
0000  47        BRK                             A:66 X:47 Y:33 P:35 SP:66 CYC:113
0000  47        BRK                             A:66 X:47 Y:33 P:35 SP:63 CYC:119
0000  47        BRK                             A:66 X:47 Y:33 P:35 SP:60 CYC:125
0000  47        BRK                             A:66 X:47 Y:33 P:35 SP:5D CYC:131
0000  47        BRK                             A:66 X:47 Y:33 P:35 SP:5A CYC:137
0000  47        BRK                             A:66 X:47 Y:33 P:35 SP:57 CYC:143
0000  47        BRK                             A:66 X:47 Y:33 P:35 SP:54 CYC:149
0000  47        BRK                             A:66 X:47 Y:33 P:35 SP:51 CYC:155
0000  47        BRK                             A:66 X:47 Y:33 P:35 SP:4E CYC:161
0000  47        BRK                             A:66 X:47 Y:33 P:35 SP:4B CYC:167
0000  47        BRK                             A:66 X:47 Y:33 P:35 SP:48 CYC:173
0000  47        BRK                             A:66 X:47 Y:33 P:35 SP:45 CYC:179
0000  47        BRK                             A:66 X:47 Y:33 P:35 SP:42 CYC:185
0000  47        BRK                             A:66 X:47 Y:33 P:35 SP:3F CYC:191
0000  47        BRK                             A:66 X:47 Y:33 P:35 SP:3C CYC:197
0000  47        BRK                             A:66 X:47 Y:33 P:35 SP:39 CYC:203
0000  47        BRK                             A:66 X:47 Y:33 P:35 SP:36 CYC:209
0000  47        BRK                             A:66 X:47 Y:33 P:35 SP:33 CYC:215
0000  47        BRK                             A:66 X:47 Y:33 P:35 SP:30 CYC:221
0000  47        BRK                             A:66 X:47 Y:33 P:35 SP:2D CYC:227
0000  47        BRK                             A:66 X:47 Y:33 P:35 SP:2A CYC:233
0000  47        BRK                             A:66 X:47 Y:33 P:35 SP:27 CYC:239
0000  47        BRK                             A:66 X:47 Y:33 P:35 SP:24 CYC:245
0000  47        BRK                             A:66 X:47 Y:33 P:35 SP:21 CYC:251
0000  47        BRK                             A:66 X:47 Y:33 P:35 SP:1E CYC:257
0000  47        BRK                             A:66 X:47 Y:33 P:35 SP:1B CYC:263
0000  47        BRK                             A:66 X:47 Y:33 P:35 SP:18 CYC:269
0000  47        BRK                             A:66 X:47 Y:33 P:35 SP:15 CYC:275
0000  47        BRK                             A:66 X:47 Y:33 P:35 SP:12 CYC:281
0000  47        BRK                             A:66 X:47 Y:33 P:35 SP:0F CYC:287
0000  47        BRK                             A:66 X:47 Y:33 P:35 SP:0C CYC:293
0000  47        BRK                             A:66 X:47 Y:33 P:35 SP:09 CYC:299
0000  47        BRK                             A:66 X:47 Y:33 P:35 SP:06 CYC:305
0000  47        BRK                             A:66 X:47 Y:33 P:35 SP:03 CYC:311
0000  47        BRK                             A:66 X:47 Y:33 P:35 SP:00 CYC:317
0000  47        BRK                             A:66 X:47 Y:33 P:35 SP:FD CYC:323
0000  47        BRK                             A:66 X:47 Y:33 P:35 SP:FA CYC:329
0000  47        BRK                             A:66 X:47 Y:33 P:35 SP:F7 CYC:335
0000  47        BRK                             A:66 X:47 Y:33 P:35 SP:F4 CYC:  0
0000  47        BRK                             A:66 X:47 Y:33 P:35 SP:F1 CYC:  6
0000  47        BRK                             A:66 X:47 Y:33 P:35 SP:EE CYC: 12
0000  47        BRK                             A:66 X:47 Y:33 P:35 SP:EB CYC: 18
0000  47        BRK                             A:66 X:47 Y:33 P:35 SP:E8 CYC: 24
0000  47        BRK                             A:66 X:47 Y:33 P:35 SP:E5 CYC: 30
0000  47        BRK                             A:66 X:47 Y:33 P:35 SP:E2 CYC: 36
0000  47        BRK                             A:66 X:47 Y:33 P:35 SP:DF CYC: 42
0000  47        BRK                             A:66 X:47 Y:33 P:35 SP:DC CYC: 48
0000  47        BRK                             A:66 X:47 Y:33 P:35 SP:D9 CYC: 54
0000  47        BRK                             A:66 X:47 Y:33 P:35 SP:D6 CYC: 60
0000  47        BRK                             A:66 X:47 Y:33 P:35 SP:D3 CYC: 66
0000  47        BRK                             A:66 X:47 Y:33 P:35 SP:D0 CYC: 72
0000  47        BRK                             A:66 X:47 Y:33 P:35 SP:CD CYC: 78
0000  47        BRK                             A:66 X:47 Y:33 P:35 SP:CA CYC: 84
0000  47        BRK                             A:66 X:47 Y:33 P:35 SP:C7 CYC: 90
0000  47        BRK                             A:66 X:47 Y:33 P:35 SP:C4 CYC: 96
0000  47        BRK                             A:66 X:47 Y:33 P:35 SP:C1 CYC:102
0000  47        BRK                             A:66 X:47 Y:33 P:35 SP:BE CYC:108
0000  47        BRK                             A:66 X:47 Y:33 P:35 SP:BB CYC:114
0000  47        BRK                             A:66 X:47 Y:33 P:35 SP:B8 CYC:120
0000  47        BRK                             A:66 X:47 Y:33 P:35 SP:B5 CYC:126
0000  47        BRK                             A:66 X:47 Y:33 P:35 SP:B2 CYC:132
0000  47        BRK                             A:66 X:47 Y:33 P:35 SP:AF CYC:138
0000  47        BRK                             A:66 X:47 Y:33 P:35 SP:AC CYC:144
0000  47        BRK                             A:66 X:47 Y:33 P:35 SP:A9 CYC:150
0000  47        BRK                             A:66 X:47 Y:33 P:35 SP:A6 CYC:156
0000  47        BRK                             A:66 X:47 Y:33 P:35 SP:A3 CYC:162
0000  47        BRK                             A:66 X:47 Y:33 P:35 SP:A0 CYC:168
0000  47        BRK                             A:66 X:47 Y:33 P:35 SP:9D CYC:174
0000  47        BRK                             A:66 X:47 Y:33 P:35 SP:9A CYC:180
0000  47        BRK                             A:66 X:47 Y:33 P:35 SP:97 CYC:186
0000  47        BRK                             A:66 X:47 Y:33 P:35 SP:94 CYC:192
0000  47        BRK                             A:66 X:47 Y:33 P:35 SP:91 CYC:198
0000  47        BRK                             A:66 X:47 Y:33 P:35 SP:8E CYC:204
0000  47        BRK                             A:66 X:47 Y:33 P:35 SP:8B CYC:210
0000  47        BRK                             A:66 X:47 Y:33 P:35 SP:88 CYC:216
0000  47        BRK                             A:66 X:47 Y:33 P:35 SP:85 CYC:222
0000  47        BRK                             A:66 X:47 Y:33 P:35 SP:82 CYC:228
0000  47        BRK                             A:66 X:47 Y:33 P:35 SP:7F CYC:234
0000  47        BRK                             A:66 X:47 Y:33 P:35 SP:7C CYC:240
0000  47        BRK                             A:66 X:47 Y:33 P:35 SP:79 CYC:246
0000  47        BRK                             A:66 X:47 Y:33 P:35 SP:76 CYC:252
0000  47        BRK                             A:66 X:47 Y:33 P:35 SP:73 CYC:258
0000  47        BRK                             A:66 X:47 Y:33 P:35 SP:70 CYC:264
0000  47        BRK                             A:66 X:47 Y:33 P:35 SP:6D CYC:270
0000  47        BRK                             A:66 X:47 Y:33 P:35 SP:6A CYC:276
0000  47        BRK                             A:66 X:47 Y:33 P:35 SP:67 CYC:282
0000  47        BRK                             A:66 X:47 Y:33 P:35 SP:64 CYC:288
0000  47        BRK                             A:66 X:47 Y:33 P:35 SP:61 CYC:294
0000  47        BRK                             A:66 X:47 Y:33 P:35 SP:5E CYC:300
0000  47        BRK                             A:66 X:47 Y:33 P:35 SP:5B CYC:306
0000  47        BRK                             A:66 X:47 Y:33 P:35 SP:58 CYC:312
0000  47        BRK                             A:66 X:47 Y:33 P:35 SP:55 CYC:318
0000  47        BRK                             A:66 X:47 Y:33 P:35 SP:52 CYC:324
0000  47        BRK                             A:66 X:47 Y:33 P:35 SP:4F CYC:330
0000  47        BRK                             A:66 X:47 Y:33 P:35 SP:4C CYC:336
0000  47        BRK                             A:66 X:47 Y:33 P:35 SP:49 CYC:  1
0000  47        BRK                             A:66 X:47 Y:33 P:35 SP:46 CYC:  7
0000  47        BRK                             A:66 X:47 Y:33 P:35 SP:43 CYC: 13
0000  47        BRK                             A:66 X:47 Y:33 P:35 SP:40 CYC: 19
0000  47        BRK                             A:66 X:47 Y:33 P:35 SP:3D CYC: 25
0000  47        BRK                             A:66 X:47 Y:33 P:35 SP:3A CYC: 31
0000  47        BRK                             A:66 X:47 Y:33 P:35 SP:37 CYC: 37
0000  47        BRK                             A:66 X:47 Y:33 P:35 SP:34 CYC: 43
0000  47        BRK                             A:66 X:47 Y:33 P:35 SP:31 CYC: 49
0000  47        BRK                             A:66 X:47 Y:33 P:35 SP:2E CYC: 55
0000  47        BRK                             A:66 X:47 Y:33 P:35 SP:2B CYC: 61
0000  47        BRK                             A:66 X:47 Y:33 P:35 SP:28 CYC: 67
0000  47        BRK                             A:66 X:47 Y:33 P:35 SP:25 CYC: 73
0000  47        BRK                             A:66 X:47 Y:33 P:35 SP:22 CYC: 79
0000  47        BRK                             A:66 X:47 Y:33 P:35 SP:1F CYC: 85
0000  47        BRK                             A:66 X:47 Y:33 P:35 SP:1C CYC: 91
0000  47        BRK                             A:66 X:47 Y:33 P:35 SP:19 CYC: 97
0000  47        BRK                             A:66 X:47 Y:33 P:35 SP:16 CYC:103
0000  47        BRK                             A:66 X:47 Y:33 P:35 SP:13 CYC:109
0000  47        BRK                             A:66 X:47 Y:33 P:35 SP:10 CYC:115
0000  47        BRK                             A:66 X:47 Y:33 P:35 SP:0D CYC:121
0000  47        BRK                             A:66 X:47 Y:33 P:35 SP:0A CYC:127
0000  47        BRK                             A:66 X:47 Y:33 P:35 SP:07 CYC:133
0000  47        BRK                             A:66 X:47 Y:33 P:35 SP:04 CYC:139
0000  47        BRK                             A:66 X:47 Y:33 P:35 SP:01 CYC:145
0000  47        BRK                             A:66 X:47 Y:33 P:35 SP:FE CYC:151
0000  47        BRK                             A:66 X:47 Y:33 P:35 SP:FB CYC:157
0000  47        BRK                             A:66 X:47 Y:33 P:35 SP:F8 CYC:163
0000  47        BRK                             A:66 X:47 Y:33 P:35 SP:F5 CYC:169
0000  47        BRK                             A:66 X:47 Y:33 P:35 SP:F2 CYC:175
0000  47        BRK                             A:66 X:47 Y:33 P:35 SP:EF CYC:181
0000  47        BRK                             A:66 X:47 Y:33 P:35 SP:EC CYC:187
0000  47        BRK                             A:66 X:47 Y:33 P:35 SP:E9 CYC:193
0000  47        BRK                             A:66 X:47 Y:33 P:35 SP:E6 CYC:199
0000  47        BRK                             A:66 X:47 Y:33 P:35 SP:E3 CYC:205
0000  47        BRK                             A:66 X:47 Y:33 P:35 SP:E0 CYC:211
0000  47        BRK                             A:66 X:47 Y:33 P:35 SP:DD CYC:217
0000  47        BRK                             A:66 X:47 Y:33 P:35 SP:DA CYC:223
0000  47        BRK                             A:66 X:47 Y:33 P:35 SP:D7 CYC:229
0000  47        BRK                             A:66 X:47 Y:33 P:35 SP:D4 CYC:235
0000  47        BRK                             A:66 X:47 Y:33 P:35 SP:D1 CYC:241
0000  47        BRK                             A:66 X:47 Y:33 P:35 SP:CE CYC:247
0000  47        BRK                             A:66 X:47 Y:33 P:35 SP:CB CYC:253
0000  47        BRK                             A:66 X:47 Y:33 P:35 SP:C8 CYC:259
0000  47        BRK                             A:66 X:47 Y:33 P:35 SP:C5 CYC:265
0000  47        BRK                             A:66 X:47 Y:33 P:35 SP:C2 CYC:271
0000  47        BRK                             A:66 X:47 Y:33 P:35 SP:BF CYC:277
0000  47        BRK                             A:66 X:47 Y:33 P:35 SP:BC CYC:283
0000  47        BRK                             A:66 X:47 Y:33 P:35 SP:B9 CYC:289
0000  47        BRK                             A:66 X:47 Y:33 P:35 SP:B6 CYC:295
0000  47        BRK                             A:66 X:47 Y:33 P:35 SP:B3 CYC:301
0000  47        BRK                             A:66 X:47 Y:33 P:35 SP:B0 CYC:307
0000  47        BRK                             A:66 X:47 Y:33 P:35 SP:AD CYC:313
0000  47        BRK                             A:66 X:47 Y:33 P:35 SP:AA CYC:319
0000  47        BRK                             A:66 X:47 Y:33 P:35 SP:A7 CYC:325
0000  47        BRK                             A:66 X:47 Y:33 P:35 SP:A4 CYC:331
0000  47        BRK                             A:66 X:47 Y:33 P:35 SP:A1 CYC:337
0000  47        BRK                             A:66 X:47 Y:33 P:35 SP:9E CYC:  2
0000  47        BRK                             A:66 X:47 Y:33 P:35 SP:9B CYC:  8
0000  47        BRK                             A:66 X:47 Y:33 P:35 SP:98 CYC: 14
0000  47        BRK                             A:66 X:47 Y:33 P:35 SP:95 CYC: 20
0000  47        BRK                             A:66 X:47 Y:33 P:35 SP:92 CYC: 26
0000  47        BRK                             A:66 X:47 Y:33 P:35 SP:8F CYC: 32
0000  47        BRK                             A:66 X:47 Y:33 P:35 SP:8C CYC: 38
0000  47        BRK                             A:66 X:47 Y:33 P:35 SP:89 CYC: 44
0000  47        BRK                             A:66 X:47 Y:33 P:35 SP:86 CYC: 50
0000  47        BRK                             A:66 X:47 Y:33 P:35 SP:83 CYC: 56
0000  47        BRK                             A:66 X:47 Y:33 P:35 SP:80 CYC: 62
0000  47        BRK                             A:66 X:47 Y:33 P:35 SP:7D CYC: 68
0000  47        BRK                             A:66 X:47 Y:33 P:35 SP:7A CYC: 74
0000  47        BRK                             A:66 X:47 Y:33 P:35 SP:77 CYC: 80
0000  47        BRK                             A:66 X:47 Y:33 P:35 SP:74 CYC: 86
0000  47        BRK                             A:66 X:47 Y:33 P:35 SP:71 CYC: 92
0000  47        BRK                             A:66 X:47 Y:33 P:35 SP:6E CYC: 98
0000  47        BRK                             A:66 X:47 Y:33 P:35 SP:6B CYC:104
0000  47        BRK                             A:66 X:47 Y:33 P:35 SP:68 CYC:110
0000  47        BRK                             A:66 X:47 Y:33 P:35 SP:65 CYC:116
0000  47        BRK                             A:66 X:47 Y:33 P:35 SP:62 CYC:122
0000  47        BRK                             A:66 X:47 Y:33 P:35 SP:5F CYC:128
0000  47        BRK                             A:66 X:47 Y:33 P:35 SP:5C CYC:134
0000  47        BRK                             A:66 X:47 Y:33 P:35 SP:59 CYC:140
0000  47        BRK                             A:66 X:47 Y:33 P:35 SP:56 CYC:146
0000  47        BRK                             A:66 X:47 Y:33 P:35 SP:53 CYC:152
0000  47        BRK                             A:66 X:47 Y:33 P:35 SP:50 CYC:158
0000  47        BRK                             A:66 X:47 Y:33 P:35 SP:4D CYC:164
0000  47        BRK                             A:66 X:47 Y:33 P:35 SP:4A CYC:170
0000  47        BRK                             A:66 X:47 Y:33 P:35 SP:47 CYC:176
0000  47        BRK                             A:66 X:47 Y:33 P:35 SP:44 CYC:182
0000  47        BRK                             A:66 X:47 Y:33 P:35 SP:41 CYC:188
0000  47        BRK                             A:66 X:47 Y:33 P:35 SP:3E CYC:194
0000  47        BRK                             A:66 X:47 Y:33 P:35 SP:3B CYC:200
0000  47        BRK                             A:66 X:47 Y:33 P:35 SP:38 CYC:206
0000  47        BRK                             A:66 X:47 Y:33 P:35 SP:35 CYC:212
0000  47        BRK                             A:66 X:47 Y:33 P:35 SP:32 CYC:218
0000  47        BRK                             A:66 X:47 Y:33 P:35 SP:2F CYC:224
0000  47        BRK                             A:66 X:47 Y:33 P:35 SP:2C CYC:230
0000  47        BRK                             A:66 X:47 Y:33 P:35 SP:29 CYC:236
0000  47        BRK                             A:66 X:47 Y:33 P:35 SP:26 CYC:242
0000  47        BRK                             A:66 X:47 Y:33 P:35 SP:23 CYC:248
0000  47        BRK                             A:66 X:47 Y:33 P:35 SP:20 CYC:254
0000  47        BRK                             A:66 X:47 Y:33 P:35 SP:1D CYC:260
0000  47        BRK                             A:66 X:47 Y:33 P:35 SP:1A CYC:266
0000  47        BRK                             A:66 X:47 Y:33 P:35 SP:17 CYC:272
0000  47        BRK                             A:66 X:47 Y:33 P:35 SP:14 CYC:278
0000  47        BRK                             A:66 X:47 Y:33 P:35 SP:11 CYC:284
0000  47        BRK                             A:66 X:47 Y:33 P:35 SP:0E CYC:290
0000  47        BRK                             A:66 X:47 Y:33 P:35 SP:0B CYC:296
0000  47        BRK                             A:66 X:47 Y:33 P:35 SP:08 CYC:302
0000  47        BRK                             A:66 X:47 Y:33 P:35 SP:05 CYC:308
0000  47        BRK                             A:66 X:47 Y:33 P:35 SP:02 CYC:314
0000  47        BRK                             A:66 X:47 Y:33 P:35 SP:FF CYC:320
0000  47        BRK                             A:66 X:47 Y:33 P:35 SP:FC CYC:326
0000  47        BRK                             A:66 X:47 Y:33 P:35 SP:F9 CYC:332
0000  47        BRK                             A:66 X:47 Y:33 P:35 SP:F6 CYC:338
0000  47        BRK                             A:66 X:47 Y:33 P:35 SP:F3 CYC:  3
0000  47        BRK                             A:66 X:47 Y:33 P:35 SP:F0 CYC:  9
0000  47        BRK                             A:66 X:47 Y:33 P:35 SP:ED CYC: 15
0000  47        BRK                             A:66 X:47 Y:33 P:35 SP:EA CYC: 21
0000  47        BRK                             A:66 X:47 Y:33 P:35 SP:E7 CYC: 27
0000  47        BRK                             A:66 X:47 Y:33 P:35 SP:E4 CYC: 33
0000  47        BRK                             A:66 X:47 Y:33 P:35 SP:E1 CYC: 39
0000  47        BRK                             A:66 X:47 Y:33 P:35 SP:DE CYC: 45
0000  47        BRK                             A:66 X:47 Y:33 P:35 SP:DB CYC: 51
0000  47        BRK                             A:66 X:47 Y:33 P:35 SP:D8 CYC: 57
0000  47        BRK                             A:66 X:47 Y:33 P:35 SP:D5 CYC: 63
0000  47        BRK                             A:66 X:47 Y:33 P:35 SP:D2 CYC: 69
0000  47        BRK                             A:66 X:47 Y:33 P:35 SP:CF CYC: 75
0000  47        BRK                             A:66 X:47 Y:33 P:35 SP:CC CYC: 81
0000  47        BRK                             A:66 X:47 Y:33 P:35 SP:C9 CYC: 87
0000  47        BRK                             A:66 X:47 Y:33 P:35 SP:C6 CYC: 93
0000  47        BRK                             A:66 X:47 Y:33 P:35 SP:C3 CYC: 99
0000  47        BRK                             A:66 X:47 Y:33 P:35 SP:C0 CYC:105
0000  47        BRK                             A:66 X:47 Y:33 P:35 SP:BD CYC:111
0000  47        BRK                             A:66 X:47 Y:33 P:35 SP:BA CYC:117
0000  47        BRK                             A:66 X:47 Y:33 P:35 SP:B7 CYC:123
0000  47        BRK                             A:66 X:47 Y:33 P:35 SP:B4 CYC:129
0000  47        BRK                             A:66 X:47 Y:33 P:35 SP:B1 CYC:135
0000  47        BRK                             A:66 X:47 Y:33 P:35 SP:AE CYC:141
0000  47        BRK                             A:66 X:47 Y:33 P:35 SP:AB CYC:147
0000  47        BRK                             A:66 X:47 Y:33 P:35 SP:A8 CYC:153
0000  47        BRK                             A:66 X:47 Y:33 P:35 SP:A5 CYC:159
0000  47        BRK                             A:66 X:47 Y:33 P:35 SP:A2 CYC:165
0000  47        BRK                             A:66 X:47 Y:33 P:35 SP:9F CYC:171
0000  47        BRK                             A:66 X:47 Y:33 P:35 SP:9C CYC:177
0000  47        BRK                             A:66 X:47 Y:33 P:35 SP:99 CYC:183
0000  47        BRK                             A:66 X:47 Y:33 P:35 SP:96 CYC:189
0000  47        BRK                             A:66 X:47 Y:33 P:35 SP:93 CYC:195
0000  47        BRK                             A:66 X:47 Y:33 P:35 SP:90 CYC:201
0000  47        BRK                             A:66 X:47 Y:33 P:35 SP:8D CYC:207
0000  47        BRK                             A:66 X:47 Y:33 P:35 SP:8A CYC:213
0000  47        BRK                             A:66 X:47 Y:33 P:35 SP:87 CYC:219
0000  47        BRK                             A:66 X:47 Y:33 P:35 SP:84 CYC:225
0000  47        BRK                             A:66 X:47 Y:33 P:35 SP:81 CYC:231
0000  47        BRK                             A:66 X:47 Y:33 P:35 SP:7E CYC:237
0000  47        BRK                             A:66 X:47 Y:33 P:35 SP:7B CYC:243
0000  47        BRK                             A:66 X:47 Y:33 P:35 SP:78 CYC:249
0000  47        BRK                             A:66 X:47 Y:33 P:35 SP:75 CYC:255
0000  47        BRK                             A:66 X:47 Y:33 P:35 SP:72 CYC:261
0000  47        BRK                             A:66 X:47 Y:33 P:35 SP:6F CYC:267
0000  47        BRK                             A:66 X:47 Y:33 P:35 SP:6C CYC:273
0000  47        BRK                             A:66 X:47 Y:33 P:35 SP:69 CYC:279
0000  47        BRK                             A:66 X:47 Y:33 P:35 SP:66 CYC:285
0000  47        BRK                             A:66 X:47 Y:33 P:35 SP:63 CYC:291
0000  47        BRK                             A:66 X:47 Y:33 P:35 SP:60 CYC:297
0000  47        BRK                             A:66 X:47 Y:33 P:35 SP:5D CYC:303
0000  47        BRK                             A:66 X:47 Y:33 P:35 SP:5A CYC:309
0000  47        BRK                             A:66 X:47 Y:33 P:35 SP:57 CYC:315
0000  47        BRK                             A:66 X:47 Y:33 P:35 SP:54 CYC:321
0000  47        BRK                             A:66 X:47 Y:33 P:35 SP:51 CYC:327
0000  47        BRK                             A:66 X:47 Y:33 P:35 SP:4E CYC:333
0000  47        BRK                             A:66 X:47 Y:33 P:35 SP:4B CYC:339
0000  47        BRK                             A:66 X:47 Y:33 P:35 SP:48 CYC:  4
0000  47        BRK                             A:66 X:47 Y:33 P:35 SP:45 CYC: 10
0000  47        BRK                             A:66 X:47 Y:33 P:35 SP:42 CYC: 16
0000  47        BRK                             A:66 X:47 Y:33 P:35 SP:3F CYC: 22
0000  47        BRK                             A:66 X:47 Y:33 P:35 SP:3C CYC: 28
0000  47        BRK                             A:66 X:47 Y:33 P:35 SP:39 CYC: 34
0000  47        BRK                             A:66 X:47 Y:33 P:35 SP:36 CYC: 40
0000  47        BRK                             A:66 X:47 Y:33 P:35 SP:33 CYC: 46
0000  47        BRK                             A:66 X:47 Y:33 P:35 SP:30 CYC: 52
0000  47        BRK                             A:66 X:47 Y:33 P:35 SP:2D CYC: 58
0000  47        BRK                             A:66 X:47 Y:33 P:35 SP:2A CYC: 64
0000  47        BRK                             A:66 X:47 Y:33 P:35 SP:27 CYC: 70
0000  47        BRK                             A:66 X:47 Y:33 P:35 SP:24 CYC: 76
0000  47        BRK                             A:66 X:47 Y:33 P:35 SP:21 CYC: 82
0000  47        BRK                             A:66 X:47 Y:33 P:35 SP:1E CYC: 88
0000  47        BRK                             A:66 X:47 Y:33 P:35 SP:1B CYC: 94
0000  47        BRK                             A:66 X:47 Y:33 P:35 SP:18 CYC:100
0000  47        BRK                             A:66 X:47 Y:33 P:35 SP:15 CYC:106
0000  47        BRK                             A:66 X:47 Y:33 P:35 SP:12 CYC:112
0000  47        BRK                             A:66 X:47 Y:33 P:35 SP:0F CYC:118
0000  47        BRK                             A:66 X:47 Y:33 P:35 SP:0C CYC:124
0000  47        BRK                             A:66 X:47 Y:33 P:35 SP:09 CYC:130
0000  47        BRK                             A:66 X:47 Y:33 P:35 SP:06 CYC:136
0000  47        BRK                             A:66 X:47 Y:33 P:35 SP:03 CYC:142
0000  47        BRK                             A:66 X:47 Y:33 P:35 SP:00 CYC:148
0000  47        BRK                             A:66 X:47 Y:33 P:35 SP:FD CYC:154
0000  47        BRK                             A:66 X:47 Y:33 P:35 SP:FA CYC:160
0000  47        BRK                             A:66 X:47 Y:33 P:35 SP:F7 CYC:166
0000  47        BRK                             A:66 X:47 Y:33 P:35 SP:F4 CYC:172
0000  47        BRK                             A:66 X:47 Y:33 P:35 SP:F1 CYC:178
0000  47        BRK                             A:66 X:47 Y:33 P:35 SP:EE CYC:184
0000  47        BRK                             A:66 X:47 Y:33 P:35 SP:EB CYC:190
0000  47        BRK                             A:66 X:47 Y:33 P:35 SP:E8 CYC:196
0000  47        BRK                             A:66 X:47 Y:33 P:35 SP:E5 CYC:202
0000  47        BRK                             A:66 X:47 Y:33 P:35 SP:E2 CYC:208
0000  47        BRK                             A:66 X:47 Y:33 P:35 SP:DF CYC:214
0000  47        BRK                             A:66 X:47 Y:33 P:35 SP:DC CYC:220
0000  47        BRK                             A:66 X:47 Y:33 P:35 SP:D9 CYC:226
0000  47        BRK                             A:66 X:47 Y:33 P:35 SP:D6 CYC:232
0000  47        BRK                             A:66 X:47 Y:33 P:35 SP:D3 CYC:238
0000  47        BRK                             A:66 X:47 Y:33 P:35 SP:D0 CYC:244
0000  47        BRK                             A:66 X:47 Y:33 P:35 SP:CD CYC:250
0000  47        BRK                             A:66 X:47 Y:33 P:35 SP:CA CYC:256
0000  47        BRK                             A:66 X:47 Y:33 P:35 SP:C7 CYC:262
0000  47        BRK                             A:66 X:47 Y:33 P:35 SP:C4 CYC:268
0000  47        BRK                             A:66 X:47 Y:33 P:35 SP:C1 CYC:274
0000  47        BRK                             A:66 X:47 Y:33 P:35 SP:BE CYC:280
0000  47        BRK                             A:66 X:47 Y:33 P:35 SP:BB CYC:286
0000  47        BRK                             A:66 X:47 Y:33 P:35 SP:B8 CYC:292
0000  47        BRK                             A:66 X:47 Y:33 P:35 SP:B5 CYC:298
0000  47        BRK                             A:66 X:47 Y:33 P:35 SP:B2 CYC:304
0000  47        BRK                             A:66 X:47 Y:33 P:35 SP:AF CYC:310
0000  47        BRK                             A:66 X:47 Y:33 P:35 SP:AC CYC:316
0000  47        BRK                             A:66 X:47 Y:33 P:35 SP:A9 CYC:322
0000  47        BRK                             A:66 X:47 Y:33 P:35 SP:A6 CYC:328
0000  47        BRK                             A:66 X:47 Y:33 P:35 SP:A3 CYC:334
0000  47        BRK                             A:66 X:47 Y:33 P:35 SP:A0 CYC:340
0000  47        BRK                             A:66 X:47 Y:33 P:35 SP:9D CYC:  5
0000  47        BRK                             A:66 X:47 Y:33 P:35 SP:9A CYC: 11
0000  47        BRK                             A:66 X:47 Y:33 P:35 SP:97 CYC: 17
0000  47        BRK                             A:66 X:47 Y:33 P:35 SP:94 CYC: 23
0000  47        BRK                             A:66 X:47 Y:33 P:35 SP:91 CYC: 29
0000  47        BRK                             A:66 X:47 Y:33 P:35 SP:8E CYC: 35
0000  47        BRK                             A:66 X:47 Y:33 P:35 SP:8B CYC: 41
0000  47        BRK                             A:66 X:47 Y:33 P:35 SP:88 CYC: 47
0000  47        BRK                             A:66 X:47 Y:33 P:35 SP:85 CYC: 53
0000  47        BRK                             A:66 X:47 Y:33 P:35 SP:82 CYC: 59
0000  47        BRK                             A:66 X:47 Y:33 P:35 SP:7F CYC: 65
0000  47        BRK                             A:66 X:47 Y:33 P:35 SP:7C CYC: 71
0000  47        BRK                             A:66 X:47 Y:33 P:35 SP:79 CYC: 77
0000  47        BRK                             A:66 X:47 Y:33 P:35 SP:76 CYC: 83
0000  47        BRK                             A:66 X:47 Y:33 P:35 SP:73 CYC: 89
0000  47        BRK                             A:66 X:47 Y:33 P:35 SP:70 CYC: 95
0000  47        BRK                             A:66 X:47 Y:33 P:35 SP:6D CYC:101
0000  47        BRK                             A:66 X:47 Y:33 P:35 SP:6A CYC:107
0000  47        BRK                             A:66 X:47 Y:33 P:35 SP:67 CYC:113
0000  47        BRK                             A:66 X:47 Y:33 P:35 SP:64 CYC:119
0000  47        BRK                             A:66 X:47 Y:33 P:35 SP:61 CYC:125
0000  47        BRK                             A:66 X:47 Y:33 P:35 SP:5E CYC:131
0000  47        BRK                             A:66 X:47 Y:33 P:35 SP:5B CYC:137
0000  47        BRK                             A:66 X:47 Y:33 P:35 SP:58 CYC:143
0000  47        BRK                             A:66 X:47 Y:33 P:35 SP:55 CYC:149
0000  47        BRK                             A:66 X:47 Y:33 P:35 SP:52 CYC:155
0000  47        BRK                             A:66 X:47 Y:33 P:35 SP:4F CYC:161
0000  47        BRK                             A:66 X:47 Y:33 P:35 SP:4C CYC:167
0000  47        BRK                             A:66 X:47 Y:33 P:35 SP:49 CYC:173
0000  47        BRK                             A:66 X:47 Y:33 P:35 SP:46 CYC:179
0000  47        BRK                             A:66 X:47 Y:33 P:35 SP:43 CYC:185
0000  47        BRK                             A:66 X:47 Y:33 P:35 SP:40 CYC:191
0000  47        BRK                             A:66 X:47 Y:33 P:35 SP:3D CYC:197
0000  47        BRK                             A:66 X:47 Y:33 P:35 SP:3A CYC:203
0000  47        BRK                             A:66 X:47 Y:33 P:35 SP:37 CYC:209
0000  47        BRK                             A:66 X:47 Y:33 P:35 SP:34 CYC:215
0000  47        BRK                             A:66 X:47 Y:33 P:35 SP:31 CYC:221
0000  47        BRK                             A:66 X:47 Y:33 P:35 SP:2E CYC:227
0000  47        BRK                             A:66 X:47 Y:33 P:35 SP:2B CYC:233
0000  47        BRK                             A:66 X:47 Y:33 P:35 SP:28 CYC:239
0000  47        BRK                             A:66 X:47 Y:33 P:35 SP:25 CYC:245
0000  47        BRK                             A:66 X:47 Y:33 P:35 SP:22 CYC:251
0000  47        BRK                             A:66 X:47 Y:33 P:35 SP:1F CYC:257
0000  47        BRK                             A:66 X:47 Y:33 P:35 SP:1C CYC:263
0000  47        BRK                             A:66 X:47 Y:33 P:35 SP:19 CYC:269
0000  47        BRK                             A:66 X:47 Y:33 P:35 SP:16 CYC:275
0000  47        BRK                             A:66 X:47 Y:33 P:35 SP:13 CYC:281
0000  47        BRK                             A:66 X:47 Y:33 P:35 SP:10 CYC:287
0000  47        BRK                             A:66 X:47 Y:33 P:35 SP:0D CYC:293
0000  47        BRK                             A:66 X:47 Y:33 P:35 SP:0A CYC:299
0000  47        BRK                             A:66 X:47 Y:33 P:35 SP:07 CYC:305
0000  47        BRK                             A:66 X:47 Y:33 P:35 SP:04 CYC:311
0000  47        BRK                             A:66 X:47 Y:33 P:35 SP:01 CYC:317
0000  47        BRK                             A:66 X:47 Y:33 P:35 SP:FE CYC:323
0000  47        BRK                             A:66 X:47 Y:33 P:35 SP:FB CYC:329
0000  47        BRK                             A:66 X:47 Y:33 P:35 SP:F8 CYC:335
0000  47        BRK                             A:66 X:47 Y:33 P:35 SP:F5 CYC:  0
0000  47        BRK                             A:66 X:47 Y:33 P:35 SP:F2 CYC:  6
0000  47        BRK                             A:66 X:47 Y:33 P:35 SP:EF CYC: 12
0000  47        BRK                             A:66 X:47 Y:33 P:35 SP:EC CYC: 18
0000  47        BRK                             A:66 X:47 Y:33 P:35 SP:E9 CYC: 24
0000  47        BRK                             A:66 X:47 Y:33 P:35 SP:E6 CYC: 30
0000  47        BRK                             A:66 X:47 Y:33 P:35 SP:E3 CYC: 36
0000  47        BRK                             A:66 X:47 Y:33 P:35 SP:E0 CYC: 42
0000  47        BRK                             A:66 X:47 Y:33 P:35 SP:DD CYC: 48
0000  47        BRK                             A:66 X:47 Y:33 P:35 SP:DA CYC: 54
0000  47        BRK                             A:66 X:47 Y:33 P:35 SP:D7 CYC: 60
0000  47        BRK                             A:66 X:47 Y:33 P:35 SP:D4 CYC: 66
0000  47        BRK                             A:66 X:47 Y:33 P:35 SP:D1 CYC: 72
0000  47        BRK                             A:66 X:47 Y:33 P:35 SP:CE CYC: 78
0000  47        BRK                             A:66 X:47 Y:33 P:35 SP:CB CYC: 84
0000  47        BRK                             A:66 X:47 Y:33 P:35 SP:C8 CYC: 90
0000  47        BRK                             A:66 X:47 Y:33 P:35 SP:C5 CYC: 96
0000  47        BRK                             A:66 X:47 Y:33 P:35 SP:C2 CYC:102
0000  47        BRK                             A:66 X:47 Y:33 P:35 SP:BF CYC:108
0000  47        BRK                             A:66 X:47 Y:33 P:35 SP:BC CYC:114
0000  47        BRK                             A:66 X:47 Y:33 P:35 SP:B9 CYC:120
0000  47        BRK                             A:66 X:47 Y:33 P:35 SP:B6 CYC:126
0000  47        BRK                             A:66 X:47 Y:33 P:35 SP:B3 CYC:132
0000  47        BRK                             A:66 X:47 Y:33 P:35 SP:B0 CYC:138
0000  47        BRK                             A:66 X:47 Y:33 P:35 SP:AD CYC:144
0000  47        BRK                             A:66 X:47 Y:33 P:35 SP:AA CYC:150
0000  47        BRK                             A:66 X:47 Y:33 P:35 SP:A7 CYC:156
0000  47        BRK                             A:66 X:47 Y:33 P:35 SP:A4 CYC:162
0000  47        BRK                             A:66 X:47 Y:33 P:35 SP:A1 CYC:168
0000  47        BRK                             A:66 X:47 Y:33 P:35 SP:9E CYC:174
0000  47        BRK                             A:66 X:47 Y:33 P:35 SP:9B CYC:180
0000  47        BRK                             A:66 X:47 Y:33 P:35 SP:98 CYC:186
0000  47        BRK                             A:66 X:47 Y:33 P:35 SP:95 CYC:192
0000  47        BRK                             A:66 X:47 Y:33 P:35 SP:92 CYC:198
0000  47        BRK                             A:66 X:47 Y:33 P:35 SP:8F CYC:204
0000  47        BRK                             A:66 X:47 Y:33 P:35 SP:8C CYC:210
0000  47        BRK                             A:66 X:47 Y:33 P:35 SP:89 CYC:216
0000  47        BRK                             A:66 X:47 Y:33 P:35 SP:86 CYC:222
0000  47        BRK                             A:66 X:47 Y:33 P:35 SP:83 CYC:228
0000  47        BRK                             A:66 X:47 Y:33 P:35 SP:80 CYC:234
0000  47        BRK                             A:66 X:47 Y:33 P:35 SP:7D CYC:240
0000  47        BRK                             A:66 X:47 Y:33 P:35 SP:7A CYC:246
0000  47        BRK                             A:66 X:47 Y:33 P:35 SP:77 CYC:252
0000  47        BRK                             A:66 X:47 Y:33 P:35 SP:74 CYC:258
0000  47        BRK                             A:66 X:47 Y:33 P:35 SP:71 CYC:264
0000  47        BRK                             A:66 X:47 Y:33 P:35 SP:6E CYC:270
0000  47        BRK                             A:66 X:47 Y:33 P:35 SP:6B CYC:276
0000  47        BRK                             A:66 X:47 Y:33 P:35 SP:68 CYC:282
0000  47        BRK                             A:66 X:47 Y:33 P:35 SP:65 CYC:288
0000  47        BRK                             A:66 X:47 Y:33 P:35 SP:62 CYC:294
0000  47        BRK                             A:66 X:47 Y:33 P:35 SP:5F CYC:300
0000  47        BRK                             A:66 X:47 Y:33 P:35 SP:5C CYC:306
0000  47        BRK                             A:66 X:47 Y:33 P:35 SP:59 CYC:312
0000  47        BRK                             A:66 X:47 Y:33 P:35 SP:56 CYC:318
0000  47        BRK                             A:66 X:47 Y:33 P:35 SP:53 CYC:324
0000  47        BRK                             A:66 X:47 Y:33 P:35 SP:50 CYC:330
0000  47        BRK                             A:66 X:47 Y:33 P:35 SP:4D CYC:336
0000  47        BRK                             A:66 X:47 Y:33 P:35 SP:4A CYC:  1
0000  47        BRK                             A:66 X:47 Y:33 P:35 SP:47 CYC:  7
0000  47        BRK                             A:66 X:47 Y:33 P:35 SP:44 CYC: 13
0000  47        BRK                             A:66 X:47 Y:33 P:35 SP:41 CYC: 19
0000  47        BRK                             A:66 X:47 Y:33 P:35 SP:3E CYC: 25
0000  47        BRK                             A:66 X:47 Y:33 P:35 SP:3B CYC: 31
0000  47        BRK                             A:66 X:47 Y:33 P:35 SP:38 CYC: 37
0000  47        BRK                             A:66 X:47 Y:33 P:35 SP:35 CYC: 43
0000  47        BRK                             A:66 X:47 Y:33 P:35 SP:32 CYC: 49
0000  47        BRK                             A:66 X:47 Y:33 P:35 SP:2F CYC: 55
0000  47        BRK                             A:66 X:47 Y:33 P:35 SP:2C CYC: 61
0000  47        BRK                             A:66 X:47 Y:33 P:35 SP:29 CYC: 67
0000  47        BRK                             A:66 X:47 Y:33 P:35 SP:26 CYC: 73
0000  47        BRK                             A:66 X:47 Y:33 P:35 SP:23 CYC: 79
0000  47        BRK                             A:66 X:47 Y:33 P:35 SP:20 CYC: 85
0000  47        BRK                             A:66 X:47 Y:33 P:35 SP:1D CYC: 91
0000  47        BRK                             A:66 X:47 Y:33 P:35 SP:1A CYC: 97
0000  47        BRK                             A:66 X:47 Y:33 P:35 SP:17 CYC:103
0000  47        BRK                             A:66 X:47 Y:33 P:35 SP:14 CYC:109
0000  47        BRK                             A:66 X:47 Y:33 P:35 SP:11 CYC:115
0000  47        BRK                             A:66 X:47 Y:33 P:35 SP:0E CYC:121
0000  47        BRK                             A:66 X:47 Y:33 P:35 SP:0B CYC:127
0000  47        BRK                             A:66 X:47 Y:33 P:35 SP:08 CYC:133
0000  47        BRK                             A:66 X:47 Y:33 P:35 SP:05 CYC:139
0000  47        BRK                             A:66 X:47 Y:33 P:35 SP:02 CYC:145
0000  47        BRK                             A:66 X:47 Y:33 P:35 SP:FF CYC:151
0000  47        BRK                             A:66 X:47 Y:33 P:35 SP:FC CYC:157
0000  47        BRK                             A:66 X:47 Y:33 P:35 SP:F9 CYC:163
0000  47        BRK                             A:66 X:47 Y:33 P:35 SP:F6 CYC:169
0000  47        BRK                             A:66 X:47 Y:33 P:35 SP:F3 CYC:175
0000  47        BRK                             A:66 X:47 Y:33 P:35 SP:F0 CYC:181
0000  47        BRK                             A:66 X:47 Y:33 P:35 SP:ED CYC:187
0000  47        BRK                             A:66 X:47 Y:33 P:35 SP:EA CYC:193
0000  47        BRK                             A:66 X:47 Y:33 P:35 SP:E7 CYC:199
0000  47        BRK                             A:66 X:47 Y:33 P:35 SP:E4 CYC:205
0000  47        BRK                             A:66 X:47 Y:33 P:35 SP:E1 CYC:211
0000  47        BRK                             A:66 X:47 Y:33 P:35 SP:DE CYC:217
0000  47        BRK                             A:66 X:47 Y:33 P:35 SP:DB CYC:223
0000  47        BRK                             A:66 X:47 Y:33 P:35 SP:D8 CYC:229
0000  47        BRK                             A:66 X:47 Y:33 P:35 SP:D5 CYC:235
0000  47        BRK                             A:66 X:47 Y:33 P:35 SP:D2 CYC:241
0000  47        BRK                             A:66 X:47 Y:33 P:35 SP:CF CYC:247
0000  47        BRK                             A:66 X:47 Y:33 P:35 SP:CC CYC:253
0000  47        BRK                             A:66 X:47 Y:33 P:35 SP:C9 CYC:259
0000  47        BRK                             A:66 X:47 Y:33 P:35 SP:C6 CYC:265
0000  47        BRK                             A:66 X:47 Y:33 P:35 SP:C3 CYC:271
0000  47        BRK                             A:66 X:47 Y:33 P:35 SP:C0 CYC:277
0000  47        BRK                             A:66 X:47 Y:33 P:35 SP:BD CYC:283
0000  47        BRK                             A:66 X:47 Y:33 P:35 SP:BA CYC:289
0000  47        BRK                             A:66 X:47 Y:33 P:35 SP:B7 CYC:295
0000  47        BRK                             A:66 X:47 Y:33 P:35 SP:B4 CYC:301
0000  47        BRK                             A:66 X:47 Y:33 P:35 SP:B1 CYC:307
0000  47        BRK                             A:66 X:47 Y:33 P:35 SP:AE CYC:313
0000  47        BRK                             A:66 X:47 Y:33 P:35 SP:AB CYC:319
0000  47        BRK                             A:66 X:47 Y:33 P:35 SP:A8 CYC:325
0000  47        BRK                             A:66 X:47 Y:33 P:35 SP:A5 CYC:331
0000  47        BRK                             A:66 X:47 Y:33 P:35 SP:A2 CYC:337
0000  47        BRK                             A:66 X:47 Y:33 P:35 SP:9F CYC:  2
0000  47        BRK                             A:66 X:47 Y:33 P:35 SP:9C CYC:  8
0000  47        BRK                             A:66 X:47 Y:33 P:35 SP:99 CYC: 14
0000  47        BRK                             A:66 X:47 Y:33 P:35 SP:96 CYC: 20
0000  47        BRK                             A:66 X:47 Y:33 P:35 SP:93 CYC: 26
0000  47        BRK                             A:66 X:47 Y:33 P:35 SP:90 CYC: 32
0000  47        BRK                             A:66 X:47 Y:33 P:35 SP:8D CYC: 38
0000  47        BRK                             A:66 X:47 Y:33 P:35 SP:8A CYC: 44
0000  47        BRK                             A:66 X:47 Y:33 P:35 SP:87 CYC: 50
0000  47        BRK                             A:66 X:47 Y:33 P:35 SP:84 CYC: 56
0000  47        BRK                             A:66 X:47 Y:33 P:35 SP:81 CYC: 62
0000  47        BRK                             A:66 X:47 Y:33 P:35 SP:7E CYC: 68
0000  47        BRK                             A:66 X:47 Y:33 P:35 SP:7B CYC: 74
0000  47        BRK                             A:66 X:47 Y:33 P:35 SP:78 CYC: 80
0000  47        BRK                             A:66 X:47 Y:33 P:35 SP:75 CYC: 86
0000  47        BRK                             A:66 X:47 Y:33 P:35 SP:72 CYC: 92
0000  47        BRK                             A:66 X:47 Y:33 P:35 SP:6F CYC: 98
0000  47        BRK                             A:66 X:47 Y:33 P:35 SP:6C CYC:104
0000  47        BRK                             A:66 X:47 Y:33 P:35 SP:69 CYC:110
0000  47        BRK                             A:66 X:47 Y:33 P:35 SP:66 CYC:116
0000  47        BRK                             A:66 X:47 Y:33 P:35 SP:63 CYC:122
0000  47        BRK                             A:66 X:47 Y:33 P:35 SP:60 CYC:128
0000  47        BRK                             A:66 X:47 Y:33 P:35 SP:5D CYC:134
0000  47        BRK                             A:66 X:47 Y:33 P:35 SP:5A CYC:140
0000  47        BRK                             A:66 X:47 Y:33 P:35 SP:57 CYC:146
0000  47        BRK                             A:66 X:47 Y:33 P:35 SP:54 CYC:152
0000  47        BRK                             A:66 X:47 Y:33 P:35 SP:51 CYC:158
0000  47        BRK                             A:66 X:47 Y:33 P:35 SP:4E CYC:164
0000  47        BRK                             A:66 X:47 Y:33 P:35 SP:4B CYC:170
0000  47        BRK                             A:66 X:47 Y:33 P:35 SP:48 CYC:176
0000  47        BRK                             A:66 X:47 Y:33 P:35 SP:45 CYC:182
0000  47        BRK                             A:66 X:47 Y:33 P:35 SP:42 CYC:188
0000  47        BRK                             A:66 X:47 Y:33 P:35 SP:3F CYC:194
0000  47        BRK                             A:66 X:47 Y:33 P:35 SP:3C CYC:200
0000  47        BRK                             A:66 X:47 Y:33 P:35 SP:39 CYC:206
0000  47        BRK                             A:66 X:47 Y:33 P:35 SP:36 CYC:212
0000  47        BRK                             A:66 X:47 Y:33 P:35 SP:33 CYC:218
0000  47        BRK                             A:66 X:47 Y:33 P:35 SP:30 CYC:224
0000  47        BRK                             A:66 X:47 Y:33 P:35 SP:2D CYC:230
0000  47        BRK                             A:66 X:47 Y:33 P:35 SP:2A CYC:236
0000  47        BRK                             A:66 X:47 Y:33 P:35 SP:27 CYC:242
0000  47        BRK                             A:66 X:47 Y:33 P:35 SP:24 CYC:248
0000  47        BRK                             A:66 X:47 Y:33 P:35 SP:21 CYC:254
0000  47        BRK                             A:66 X:47 Y:33 P:35 SP:1E CYC:260
0000  47        BRK                             A:66 X:47 Y:33 P:35 SP:1B CYC:266
0000  47        BRK                             A:66 X:47 Y:33 P:35 SP:18 CYC:272
0000  47        BRK                             A:66 X:47 Y:33 P:35 SP:15 CYC:278
0000  47        BRK                             A:66 X:47 Y:33 P:35 SP:12 CYC:284
0000  47        BRK                             A:66 X:47 Y:33 P:35 SP:0F CYC:290
0000  47        BRK                             A:66 X:47 Y:33 P:35 SP:0C CYC:296
0000  47        BRK                             A:66 X:47 Y:33 P:35 SP:09 CYC:302
0000  47        BRK                             A:66 X:47 Y:33 P:35 SP:06 CYC:308
0000  47        BRK                             A:66 X:47 Y:33 P:35 SP:03 CYC:314
0000  47        BRK                             A:66 X:47 Y:33 P:35 SP:00 CYC:320
0000  47        BRK                             A:66 X:47 Y:33 P:35 SP:FD CYC:326
0000  47        BRK                             A:66 X:47 Y:33 P:35 SP:FA CYC:332
0000  47        BRK                             A:66 X:47 Y:33 P:35 SP:F7 CYC:338
0000  47        BRK                             A:66 X:47 Y:33 P:35 SP:F4 CYC:  3
0000  47        BRK                             A:66 X:47 Y:33 P:35 SP:F1 CYC:  9
0000  47        BRK                             A:66 X:47 Y:33 P:35 SP:EE CYC: 15
0000  47        BRK                             A:66 X:47 Y:33 P:35 SP:EB CYC: 21
0000  47        BRK                             A:66 X:47 Y:33 P:35 SP:E8 CYC: 27
0000  47        BRK                             A:66 X:47 Y:33 P:35 SP:E5 CYC: 33
0000  47        BRK                             A:66 X:47 Y:33 P:35 SP:E2 CYC: 39
0000  47        BRK                             A:66 X:47 Y:33 P:35 SP:DF CYC: 45
0000  47        BRK                             A:66 X:47 Y:33 P:35 SP:DC CYC: 51
0000  47        BRK                             A:66 X:47 Y:33 P:35 SP:D9 CYC: 57
0000  47        BRK                             A:66 X:47 Y:33 P:35 SP:D6 CYC: 63
0000  47        BRK                             A:66 X:47 Y:33 P:35 SP:D3 CYC: 69
0000  47        BRK                             A:66 X:47 Y:33 P:35 SP:D0 CYC: 75
0000  47        BRK                             A:66 X:47 Y:33 P:35 SP:CD CYC: 81
0000  47        BRK                             A:66 X:47 Y:33 P:35 SP:CA CYC: 87
0000  47        BRK                             A:66 X:47 Y:33 P:35 SP:C7 CYC: 93
0000  47        BRK                             A:66 X:47 Y:33 P:35 SP:C4 CYC: 99
0000  47        BRK                             A:66 X:47 Y:33 P:35 SP:C1 CYC:105
0000  47        BRK                             A:66 X:47 Y:33 P:35 SP:BE CYC:111
0000  47        BRK                             A:66 X:47 Y:33 P:35 SP:BB CYC:117
0000  47        BRK                             A:66 X:47 Y:33 P:35 SP:B8 CYC:123
0000  47        BRK                             A:66 X:47 Y:33 P:35 SP:B5 CYC:129
0000  47        BRK                             A:66 X:47 Y:33 P:35 SP:B2 CYC:135
0000  47        BRK                             A:66 X:47 Y:33 P:35 SP:AF CYC:141
0000  47        BRK                             A:66 X:47 Y:33 P:35 SP:AC CYC:147
0000  47        BRK                             A:66 X:47 Y:33 P:35 SP:A9 CYC:153
0000  47        BRK                             A:66 X:47 Y:33 P:35 SP:A6 CYC:159
0000  47        BRK                             A:66 X:47 Y:33 P:35 SP:A3 CYC:165
0000  47        BRK                             A:66 X:47 Y:33 P:35 SP:A0 CYC:171
0000  47        BRK                             A:66 X:47 Y:33 P:35 SP:9D CYC:177
0000  47        BRK                             A:66 X:47 Y:33 P:35 SP:9A CYC:183
0000  47        BRK                             A:66 X:47 Y:33 P:35 SP:97 CYC:189
0000  47        BRK                             A:66 X:47 Y:33 P:35 SP:94 CYC:195
0000  47        BRK                             A:66 X:47 Y:33 P:35 SP:91 CYC:201
0000  47        BRK                             A:66 X:47 Y:33 P:35 SP:8E CYC:207
0000  47        BRK                             A:66 X:47 Y:33 P:35 SP:8B CYC:213
0000  47        BRK                             A:66 X:47 Y:33 P:35 SP:88 CYC:219
0000  47        BRK                             A:66 X:47 Y:33 P:35 SP:85 CYC:225
0000  47        BRK                             A:66 X:47 Y:33 P:35 SP:82 CYC:231
0000  47        BRK                             A:66 X:47 Y:33 P:35 SP:7F CYC:237
0000  47        BRK                             A:66 X:47 Y:33 P:35 SP:7C CYC:243
0000  47        BRK                             A:66 X:47 Y:33 P:35 SP:79 CYC:249
0000  47        BRK                             A:66 X:47 Y:33 P:35 SP:76 CYC:255
0000  47        BRK                             A:66 X:47 Y:33 P:35 SP:73 CYC:261
0000  47        BRK                             A:66 X:47 Y:33 P:35 SP:70 CYC:267
0000  47        BRK                             A:66 X:47 Y:33 P:35 SP:6D CYC:273
0000  47        BRK                             A:66 X:47 Y:33 P:35 SP:6A CYC:279
0000  47        BRK                             A:66 X:47 Y:33 P:35 SP:67 CYC:285
0000  47        BRK                             A:66 X:47 Y:33 P:35 SP:64 CYC:291
0000  47        BRK                             A:66 X:47 Y:33 P:35 SP:61 CYC:297
0000  47        BRK                             A:66 X:47 Y:33 P:35 SP:5E CYC:303
0000  47        BRK                             A:66 X:47 Y:33 P:35 SP:5B CYC:309
0000  47        BRK                             A:66 X:47 Y:33 P:35 SP:58 CYC:315
0000  47        BRK                             A:66 X:47 Y:33 P:35 SP:55 CYC:321
0000  47        BRK                             A:66 X:47 Y:33 P:35 SP:52 CYC:327
0000  47        BRK                             A:66 X:47 Y:33 P:35 SP:4F CYC:333
0000  47        BRK                             A:66 X:47 Y:33 P:35 SP:4C CYC:339
0000  47        BRK                             A:66 X:47 Y:33 P:35 SP:49 CYC:  4
0000  47        BRK                             A:66 X:47 Y:33 P:35 SP:46 CYC: 10
0000  47        BRK                             A:66 X:47 Y:33 P:35 SP:43 CYC: 16
0000  47        BRK                             A:66 X:47 Y:33 P:35 SP:40 CYC: 22
0000  47        BRK                             A:66 X:47 Y:33 P:35 SP:3D CYC: 28
0000  47        BRK                             A:66 X:47 Y:33 P:35 SP:3A CYC: 34
0000  47        BRK                             A:66 X:47 Y:33 P:35 SP:37 CYC: 40
0000  47        BRK                             A:66 X:47 Y:33 P:35 SP:34 CYC: 46
0000  47        BRK                             A:66 X:47 Y:33 P:35 SP:31 CYC: 52
0000  47        BRK                             A:66 X:47 Y:33 P:35 SP:2E CYC: 58
0000  47        BRK                             A:66 X:47 Y:33 P:35 SP:2B CYC: 64
0000  47        BRK                             A:66 X:47 Y:33 P:35 SP:28 CYC: 70
0000  47        BRK                             A:66 X:47 Y:33 P:35 SP:25 CYC: 76
0000  47        BRK                             A:66 X:47 Y:33 P:35 SP:22 CYC: 82
0000  47        BRK                             A:66 X:47 Y:33 P:35 SP:1F CYC: 88
0000  47        BRK                             A:66 X:47 Y:33 P:35 SP:1C CYC: 94
0000  47        BRK                             A:66 X:47 Y:33 P:35 SP:19 CYC:100
0000  47        BRK                             A:66 X:47 Y:33 P:35 SP:16 CYC:106
0000  47        BRK                             A:66 X:47 Y:33 P:35 SP:13 CYC:112
0000  47        BRK                             A:66 X:47 Y:33 P:35 SP:10 CYC:118
0000  47        BRK                             A:66 X:47 Y:33 P:35 SP:0D CYC:124
0000  47        BRK                             A:66 X:47 Y:33 P:35 SP:0A CYC:130
0000  47        BRK                             A:66 X:47 Y:33 P:35 SP:07 CYC:136
0000  47        BRK                             A:66 X:47 Y:33 P:35 SP:04 CYC:142
0000  47        BRK                             A:66 X:47 Y:33 P:35 SP:01 CYC:148
0000  47        BRK                             A:66 X:47 Y:33 P:35 SP:FE CYC:154
0000  47        BRK                             A:66 X:47 Y:33 P:35 SP:FB CYC:160
0000  47        BRK                             A:66 X:47 Y:33 P:35 SP:F8 CYC:166
0000  47        BRK                             A:66 X:47 Y:33 P:35 SP:F5 CYC:172
0000  47        BRK                             A:66 X:47 Y:33 P:35 SP:F2 CYC:178
0000  47        BRK                             A:66 X:47 Y:33 P:35 SP:EF CYC:184
0000  47        BRK                             A:66 X:47 Y:33 P:35 SP:EC CYC:190
0000  47        BRK                             A:66 X:47 Y:33 P:35 SP:E9 CYC:196
0000  47        BRK                             A:66 X:47 Y:33 P:35 SP:E6 CYC:202
0000  47        BRK                             A:66 X:47 Y:33 P:35 SP:E3 CYC:208
0000  47        BRK                             A:66 X:47 Y:33 P:35 SP:E0 CYC:214
0000  47        BRK                             A:66 X:47 Y:33 P:35 SP:DD CYC:220
0000  47        BRK                             A:66 X:47 Y:33 P:35 SP:DA CYC:226
0000  47        BRK                             A:66 X:47 Y:33 P:35 SP:D7 CYC:232
0000  47        BRK                             A:66 X:47 Y:33 P:35 SP:D4 CYC:238
0000  47        BRK                             A:66 X:47 Y:33 P:35 SP:D1 CYC:244
0000  47        BRK                             A:66 X:47 Y:33 P:35 SP:CE CYC:250
0000  47        BRK                             A:66 X:47 Y:33 P:35 SP:CB CYC:256
0000  47        BRK                             A:66 X:47 Y:33 P:35 SP:C8 CYC:262
0000  47        BRK                             A:66 X:47 Y:33 P:35 SP:C5 CYC:268
0000  47        BRK                             A:66 X:47 Y:33 P:35 SP:C2 CYC:274
0000  47        BRK                             A:66 X:47 Y:33 P:35 SP:BF CYC:280
0000  47        BRK                             A:66 X:47 Y:33 P:35 SP:BC CYC:286
0000  47        BRK                             A:66 X:47 Y:33 P:35 SP:B9 CYC:292
0000  47        BRK                             A:66 X:47 Y:33 P:35 SP:B6 CYC:298
0000  47        BRK                             A:66 X:47 Y:33 P:35 SP:B3 CYC:304
0000  47        BRK                             A:66 X:47 Y:33 P:35 SP:B0 CYC:310
0000  47        BRK                             A:66 X:47 Y:33 P:35 SP:AD CYC:316
0000  47        BRK                             A:66 X:47 Y:33 P:35 SP:AA CYC:322
0000  47        BRK                             A:66 X:47 Y:33 P:35 SP:A7 CYC:328
0000  47        BRK                             A:66 X:47 Y:33 P:35 SP:A4 CYC:334
0000  47        BRK                             A:66 X:47 Y:33 P:35 SP:A1 CYC:340
0000  47        BRK                             A:66 X:47 Y:33 P:35 SP:9E CYC:  5
0000  47        BRK                             A:66 X:47 Y:33 P:35 SP:9B CYC: 11
0000  47        BRK                             A:66 X:47 Y:33 P:35 SP:98 CYC: 17
0000  47        BRK                             A:66 X:47 Y:33 P:35 SP:95 CYC: 23
0000  47        BRK                             A:66 X:47 Y:33 P:35 SP:92 CYC: 29
0000  47        BRK                             A:66 X:47 Y:33 P:35 SP:8F CYC: 35
0000  47        BRK                             A:66 X:47 Y:33 P:35 SP:8C CYC: 41
0000  47        BRK                             A:66 X:47 Y:33 P:35 SP:89 CYC: 47
0000  47        BRK                             A:66 X:47 Y:33 P:35 SP:86 CYC: 53
0000  47        BRK                             A:66 X:47 Y:33 P:35 SP:83 CYC: 59
0000  47        BRK                             A:66 X:47 Y:33 P:35 SP:80 CYC: 65
0000  47        BRK                             A:66 X:47 Y:33 P:35 SP:7D CYC: 71
0000  47        BRK                             A:66 X:47 Y:33 P:35 SP:7A CYC: 77
0000  47        BRK                             A:66 X:47 Y:33 P:35 SP:77 CYC: 83
0000  47        BRK                             A:66 X:47 Y:33 P:35 SP:74 CYC: 89
0000  47        BRK                             A:66 X:47 Y:33 P:35 SP:71 CYC: 95
0000  47        BRK                             A:66 X:47 Y:33 P:35 SP:6E CYC:101
0000  47        BRK                             A:66 X:47 Y:33 P:35 SP:6B CYC:107
0000  47        BRK                             A:66 X:47 Y:33 P:35 SP:68 CYC:113
0000  47        BRK                             A:66 X:47 Y:33 P:35 SP:65 CYC:119
0000  47        BRK                             A:66 X:47 Y:33 P:35 SP:62 CYC:125
0000  47        BRK                             A:66 X:47 Y:33 P:35 SP:5F CYC:131
0000  47        BRK                             A:66 X:47 Y:33 P:35 SP:5C CYC:137
0000  47        BRK                             A:66 X:47 Y:33 P:35 SP:59 CYC:143
0000  47        BRK                             A:66 X:47 Y:33 P:35 SP:56 CYC:149
0000  47        BRK                             A:66 X:47 Y:33 P:35 SP:53 CYC:155
0000  47        BRK                             A:66 X:47 Y:33 P:35 SP:50 CYC:161
0000  47        BRK                             A:66 X:47 Y:33 P:35 SP:4D CYC:167
0000  47        BRK                             A:66 X:47 Y:33 P:35 SP:4A CYC:173
0000  47        BRK                             A:66 X:47 Y:33 P:35 SP:47 CYC:179
0000  47        BRK                             A:66 X:47 Y:33 P:35 SP:44 CYC:185
0000  47        BRK                             A:66 X:47 Y:33 P:35 SP:41 CYC:191
0000  47        BRK                             A:66 X:47 Y:33 P:35 SP:3E CYC:197
0000  47        BRK                             A:66 X:47 Y:33 P:35 SP:3B CYC:203
0000  47        BRK                             A:66 X:47 Y:33 P:35 SP:38 CYC:209
0000  47        BRK                             A:66 X:47 Y:33 P:35 SP:35 CYC:215
0000  47        BRK                             A:66 X:47 Y:33 P:35 SP:32 CYC:221
0000  47        BRK                             A:66 X:47 Y:33 P:35 SP:2F CYC:227
0000  47        BRK                             A:66 X:47 Y:33 P:35 SP:2C CYC:233
0000  47        BRK                             A:66 X:47 Y:33 P:35 SP:29 CYC:239
0000  47        BRK                             A:66 X:47 Y:33 P:35 SP:26 CYC:245
0000  47        BRK                             A:66 X:47 Y:33 P:35 SP:23 CYC:251
0000  47        BRK                             A:66 X:47 Y:33 P:35 SP:20 CYC:257
0000  47        BRK                             A:66 X:47 Y:33 P:35 SP:1D CYC:263
0000  47        BRK                             A:66 X:47 Y:33 P:35 SP:1A CYC:269
0000  47        BRK                             A:66 X:47 Y:33 P:35 SP:17 CYC:275
0000  47        BRK                             A:66 X:47 Y:33 P:35 SP:14 CYC:281
0000  47        BRK                             A:66 X:47 Y:33 P:35 SP:11 CYC:287
0000  47        BRK                             A:66 X:47 Y:33 P:35 SP:0E CYC:293
0000  47        BRK                             A:66 X:47 Y:33 P:35 SP:0B CYC:299
0000  47        BRK                             A:66 X:47 Y:33 P:35 SP:08 CYC:305
0000  47        BRK                             A:66 X:47 Y:33 P:35 SP:05 CYC:311
0000  47        BRK                             A:66 X:47 Y:33 P:35 SP:02 CYC:317
0000  47        BRK                             A:66 X:47 Y:33 P:35 SP:FF CYC:323
0000  47        BRK                             A:66 X:47 Y:33 P:35 SP:FC CYC:329
0000  47        BRK                             A:66 X:47 Y:33 P:35 SP:F9 CYC:335
0000  47        BRK                             A:66 X:47 Y:33 P:35 SP:F6 CYC:  0
0000  47        BRK                             A:66 X:47 Y:33 P:35 SP:F3 CYC:  6
0000  47        BRK                             A:66 X:47 Y:33 P:35 SP:F0 CYC: 12
0000  47        BRK                             A:66 X:47 Y:33 P:35 SP:ED CYC: 18
0000  47        BRK                             A:66 X:47 Y:33 P:35 SP:EA CYC: 24
0000  47        BRK                             A:66 X:47 Y:33 P:35 SP:E7 CYC: 30
0000  47        BRK                             A:66 X:47 Y:33 P:35 SP:E4 CYC: 36
0000  47        BRK                             A:66 X:47 Y:33 P:35 SP:E1 CYC: 42
0000  47        BRK                             A:66 X:47 Y:33 P:35 SP:DE CYC: 48
0000  47        BRK                             A:66 X:47 Y:33 P:35 SP:DB CYC: 54
0000  47        BRK                             A:66 X:47 Y:33 P:35 SP:D8 CYC: 60
0000  47        BRK                             A:66 X:47 Y:33 P:35 SP:D5 CYC: 66
0000  47        BRK                             A:66 X:47 Y:33 P:35 SP:D2 CYC: 72
0000  47        BRK                             A:66 X:47 Y:33 P:35 SP:CF CYC: 78
0000  47        BRK                             A:66 X:47 Y:33 P:35 SP:CC CYC: 84
0000  47        BRK                             A:66 X:47 Y:33 P:35 SP:C9 CYC: 90
0000  47        BRK                             A:66 X:47 Y:33 P:35 SP:C6 CYC: 96
0000  47        BRK                             A:66 X:47 Y:33 P:35 SP:C3 CYC:102
0000  47        BRK                             A:66 X:47 Y:33 P:35 SP:C0 CYC:108
0000  47        BRK                             A:66 X:47 Y:33 P:35 SP:BD CYC:114
0000  47        BRK                             A:66 X:47 Y:33 P:35 SP:BA CYC:120
0000  47        BRK                             A:66 X:47 Y:33 P:35 SP:B7 CYC:126
0000  47        BRK                             A:66 X:47 Y:33 P:35 SP:B4 CYC:132
0000  47        BRK                             A:66 X:47 Y:33 P:35 SP:B1 CYC:138
0000  47        BRK                             A:66 X:47 Y:33 P:35 SP:AE CYC:144
0000  47        BRK                             A:66 X:47 Y:33 P:35 SP:AB CYC:150
0000  47        BRK                             A:66 X:47 Y:33 P:35 SP:A8 CYC:156
0000  47        BRK                             A:66 X:47 Y:33 P:35 SP:A5 CYC:162
0000  47        BRK                             A:66 X:47 Y:33 P:35 SP:A2 CYC:168
0000  47        BRK                             A:66 X:47 Y:33 P:35 SP:9F CYC:174
0000  47        BRK                             A:66 X:47 Y:33 P:35 SP:9C CYC:180
0000  47        BRK                             A:66 X:47 Y:33 P:35 SP:99 CYC:186
0000  47        BRK                             A:66 X:47 Y:33 P:35 SP:96 CYC:192
0000  47        BRK                             A:66 X:47 Y:33 P:35 SP:93 CYC:198
0000  47        BRK                             A:66 X:47 Y:33 P:35 SP:90 CYC:204
0000  47        BRK                             A:66 X:47 Y:33 P:35 SP:8D CYC:210
0000  47        BRK                             A:66 X:47 Y:33 P:35 SP:8A CYC:216
0000  47        BRK                             A:66 X:47 Y:33 P:35 SP:87 CYC:222
0000  47        BRK                             A:66 X:47 Y:33 P:35 SP:84 CYC:228
0000  47        BRK                             A:66 X:47 Y:33 P:35 SP:81 CYC:234
0000  47        BRK                             A:66 X:47 Y:33 P:35 SP:7E CYC:240
0000  47        BRK                             A:66 X:47 Y:33 P:35 SP:7B CYC:246
0000  47        BRK                             A:66 X:47 Y:33 P:35 SP:78 CYC:252
0000  47        BRK                             A:66 X:47 Y:33 P:35 SP:75 CYC:258
0000  47        BRK                             A:66 X:47 Y:33 P:35 SP:72 CYC:264
0000  47        BRK                             A:66 X:47 Y:33 P:35 SP:6F CYC:270
0000  47        BRK                             A:66 X:47 Y:33 P:35 SP:6C CYC:276
0000  47        BRK                             A:66 X:47 Y:33 P:35 SP:69 CYC:282
0000  47        BRK                             A:66 X:47 Y:33 P:35 SP:66 CYC:288
0000  47        BRK                             A:66 X:47 Y:33 P:35 SP:63 CYC:294
0000  47        BRK                             A:66 X:47 Y:33 P:35 SP:60 CYC:300
0000  47        BRK                             A:66 X:47 Y:33 P:35 SP:5D CYC:306
0000  47        BRK                             A:66 X:47 Y:33 P:35 SP:5A CYC:312
0000  47        BRK                             A:66 X:47 Y:33 P:35 SP:57 CYC:318
0000  47        BRK                             A:66 X:47 Y:33 P:35 SP:54 CYC:324
0000  47        BRK                             A:66 X:47 Y:33 P:35 SP:51 CYC:330
0000  47        BRK                             A:66 X:47 Y:33 P:35 SP:4E CYC:336
0000  47        BRK                             A:66 X:47 Y:33 P:35 SP:4B CYC:  1
0000  47        BRK                             A:66 X:47 Y:33 P:35 SP:48 CYC:  7
0000  47        BRK                             A:66 X:47 Y:33 P:35 SP:45 CYC: 13
0000  47        BRK                             A:66 X:47 Y:33 P:35 SP:42 CYC: 19
0000  47        BRK                             A:66 X:47 Y:33 P:35 SP:3F CYC: 25
0000  47        BRK                             A:66 X:47 Y:33 P:35 SP:3C CYC: 31
0000  47        BRK                             A:66 X:47 Y:33 P:35 SP:39 CYC: 37
0000  47        BRK                             A:66 X:47 Y:33 P:35 SP:36 CYC: 43
0000  47        BRK                             A:66 X:47 Y:33 P:35 SP:33 CYC: 49
0000  47        BRK                             A:66 X:47 Y:33 P:35 SP:30 CYC: 55
0000  47        BRK                             A:66 X:47 Y:33 P:35 SP:2D CYC: 61
0000  47        BRK                             A:66 X:47 Y:33 P:35 SP:2A CYC: 67
0000  47        BRK                             A:66 X:47 Y:33 P:35 SP:27 CYC: 73
0000  47        BRK                             A:66 X:47 Y:33 P:35 SP:24 CYC: 79
0000  47        BRK                             A:66 X:47 Y:33 P:35 SP:21 CYC: 85
0000  47        BRK                             A:66 X:47 Y:33 P:35 SP:1E CYC: 91
0000  47        BRK                             A:66 X:47 Y:33 P:35 SP:1B CYC: 97
0000  47        BRK                             A:66 X:47 Y:33 P:35 SP:18 CYC:103
0000  47        BRK                             A:66 X:47 Y:33 P:35 SP:15 CYC:109
0000  47        BRK                             A:66 X:47 Y:33 P:35 SP:12 CYC:115
0000  47        BRK                             A:66 X:47 Y:33 P:35 SP:0F CYC:121
0000  47        BRK                             A:66 X:47 Y:33 P:35 SP:0C CYC:127
0000  47        BRK                             A:66 X:47 Y:33 P:35 SP:09 CYC:133
0000  47        BRK                             A:66 X:47 Y:33 P:35 SP:06 CYC:139
0000  47        BRK                             A:66 X:47 Y:33 P:35 SP:03 CYC:145
0000  47        BRK                             A:66 X:47 Y:33 P:35 SP:00 CYC:151
0000  47        BRK                             A:66 X:47 Y:33 P:35 SP:FD CYC:157
0000  47        BRK                             A:66 X:47 Y:33 P:35 SP:FA CYC:163
0000  47        BRK                             A:66 X:47 Y:33 P:35 SP:F7 CYC:169
0000  47        BRK                             A:66 X:47 Y:33 P:35 SP:F4 CYC:175
0000  47        BRK                             A:66 X:47 Y:33 P:35 SP:F1 CYC:181
0000  47        BRK                             A:66 X:47 Y:33 P:35 SP:EE CYC:187
0000  47        BRK                             A:66 X:47 Y:33 P:35 SP:EB CYC:193
0000  47        BRK                             A:66 X:47 Y:33 P:35 SP:E8 CYC:199
0000  47        BRK                             A:66 X:47 Y:33 P:35 SP:E5 CYC:205
0000  47        BRK                             A:66 X:47 Y:33 P:35 SP:E2 CYC:211
0000  47        BRK                             A:66 X:47 Y:33 P:35 SP:DF CYC:217
0000  47        BRK                             A:66 X:47 Y:33 P:35 SP:DC CYC:223
0000  47        BRK                             A:66 X:47 Y:33 P:35 SP:D9 CYC:229
0000  47        BRK                             A:66 X:47 Y:33 P:35 SP:D6 CYC:235
0000  47        BRK                             A:66 X:47 Y:33 P:35 SP:D3 CYC:241
0000  47        BRK                             A:66 X:47 Y:33 P:35 SP:D0 CYC:247
0000  47        BRK                             A:66 X:47 Y:33 P:35 SP:CD CYC:253
0000  47        BRK                             A:66 X:47 Y:33 P:35 SP:CA CYC:259
0000  47        BRK                             A:66 X:47 Y:33 P:35 SP:C7 CYC:265
0000  47        BRK                             A:66 X:47 Y:33 P:35 SP:C4 CYC:271
0000  47        BRK                             A:66 X:47 Y:33 P:35 SP:C1 CYC:277
0000  47        BRK                             A:66 X:47 Y:33 P:35 SP:BE CYC:283
0000  47        BRK                             A:66 X:47 Y:33 P:35 SP:BB CYC:289
0000  47        BRK                             A:66 X:47 Y:33 P:35 SP:B8 CYC:295
0000  47        BRK                             A:66 X:47 Y:33 P:35 SP:B5 CYC:301
0000  47        BRK                             A:66 X:47 Y:33 P:35 SP:B2 CYC:307
0000  47        BRK                             A:66 X:47 Y:33 P:35 SP:AF CYC:313
0000  47        BRK                             A:66 X:47 Y:33 P:35 SP:AC CYC:319
0000  47        BRK                             A:66 X:47 Y:33 P:35 SP:A9 CYC:325
0000  47        BRK                             A:66 X:47 Y:33 P:35 SP:A6 CYC:331
0000  47        BRK                             A:66 X:47 Y:33 P:35 SP:A3 CYC:337
0000  47        BRK                             A:66 X:47 Y:33 P:35 SP:A0 CYC:  2
0000  47        BRK                             A:66 X:47 Y:33 P:35 SP:9D CYC:  8
0000  47        BRK                             A:66 X:47 Y:33 P:35 SP:9A CYC: 14
0000  47        BRK                             A:66 X:47 Y:33 P:35 SP:97 CYC: 20
0000  47        BRK                             A:66 X:47 Y:33 P:35 SP:94 CYC: 26
0000  47        BRK                             A:66 X:47 Y:33 P:35 SP:91 CYC: 32
0000  47        BRK                             A:66 X:47 Y:33 P:35 SP:8E CYC: 38
0000  47        BRK                             A:66 X:47 Y:33 P:35 SP:8B CYC: 44
0000  47        BRK                             A:66 X:47 Y:33 P:35 SP:88 CYC: 50
0000  47        BRK                             A:66 X:47 Y:33 P:35 SP:85 CYC: 56
0000  47        BRK                             A:66 X:47 Y:33 P:35 SP:82 CYC: 62
0000  47        BRK                             A:66 X:47 Y:33 P:35 SP:7F CYC: 68
0000  47        BRK                             A:66 X:47 Y:33 P:35 SP:7C CYC: 74
0000  47        BRK                             A:66 X:47 Y:33 P:35 SP:79 CYC: 80
0000  47        BRK                             A:66 X:47 Y:33 P:35 SP:76 CYC: 86
0000  47        BRK                             A:66 X:47 Y:33 P:35 SP:73 CYC: 92
0000  47        BRK                             A:66 X:47 Y:33 P:35 SP:70 CYC: 98
0000  47        BRK                             A:66 X:47 Y:33 P:35 SP:6D CYC:104
0000  47        BRK                             A:66 X:47 Y:33 P:35 SP:6A CYC:110
0000  47        BRK                             A:66 X:47 Y:33 P:35 SP:67 CYC:116
0000  47        BRK                             A:66 X:47 Y:33 P:35 SP:64 CYC:122
0000  47        BRK                             A:66 X:47 Y:33 P:35 SP:61 CYC:128
0000  47        BRK                             A:66 X:47 Y:33 P:35 SP:5E CYC:134
0000  47        BRK                             A:66 X:47 Y:33 P:35 SP:5B CYC:140
0000  47        BRK                             A:66 X:47 Y:33 P:35 SP:58 CYC:146
0000  47        BRK                             A:66 X:47 Y:33 P:35 SP:55 CYC:152
0000  47        BRK                             A:66 X:47 Y:33 P:35 SP:52 CYC:158
0000  47        BRK                             A:66 X:47 Y:33 P:35 SP:4F CYC:164
0000  47        BRK                             A:66 X:47 Y:33 P:35 SP:4C CYC:170
0000  47        BRK                             A:66 X:47 Y:33 P:35 SP:49 CYC:176
0000  47        BRK                             A:66 X:47 Y:33 P:35 SP:46 CYC:182
0000  47        BRK                             A:66 X:47 Y:33 P:35 SP:43 CYC:188
0000  47        BRK                             A:66 X:47 Y:33 P:35 SP:40 CYC:194
0000  47        BRK                             A:66 X:47 Y:33 P:35 SP:3D CYC:200
0000  47        BRK                             A:66 X:47 Y:33 P:35 SP:3A CYC:206
0000  47        BRK                             A:66 X:47 Y:33 P:35 SP:37 CYC:212
0000  47        BRK                             A:66 X:47 Y:33 P:35 SP:34 CYC:218
0000  47        BRK                             A:66 X:47 Y:33 P:35 SP:31 CYC:224
0000  47        BRK                             A:66 X:47 Y:33 P:35 SP:2E CYC:230
0000  47        BRK                             A:66 X:47 Y:33 P:35 SP:2B CYC:236
0000  47        BRK                             A:66 X:47 Y:33 P:35 SP:28 CYC:242
0000  47        BRK                             A:66 X:47 Y:33 P:35 SP:25 CYC:248
0000  47        BRK                             A:66 X:47 Y:33 P:35 SP:22 CYC:254
0000  47        BRK                             A:66 X:47 Y:33 P:35 SP:1F CYC:260
0000  47        BRK                             A:66 X:47 Y:33 P:35 SP:1C CYC:266
0000  47        BRK                             A:66 X:47 Y:33 P:35 SP:19 CYC:272
0000  47        BRK                             A:66 X:47 Y:33 P:35 SP:16 CYC:278
0000  47        BRK                             A:66 X:47 Y:33 P:35 SP:13 CYC:284
0000  47        BRK                             A:66 X:47 Y:33 P:35 SP:10 CYC:290
0000  47        BRK                             A:66 X:47 Y:33 P:35 SP:0D CYC:296
0000  47        BRK                             A:66 X:47 Y:33 P:35 SP:0A CYC:302
0000  47        BRK                             A:66 X:47 Y:33 P:35 SP:07 CYC:308
0000  47        BRK                             A:66 X:47 Y:33 P:35 SP:04 CYC:314
0000  47        BRK                             A:66 X:47 Y:33 P:35 SP:01 CYC:320
0000  47        BRK                             A:66 X:47 Y:33 P:35 SP:FE CYC:326
0000  47        BRK                             A:66 X:47 Y:33 P:35 SP:FB CYC:332
0000  47        BRK                             A:66 X:47 Y:33 P:35 SP:F8 CYC:338
0000  47        BRK                             A:66 X:47 Y:33 P:35 SP:F5 CYC:  3
0000  47        BRK                             A:66 X:47 Y:33 P:35 SP:F2 CYC:  9
0000  47        BRK                             A:66 X:47 Y:33 P:35 SP:EF CYC: 15
0000  47        BRK                             A:66 X:47 Y:33 P:35 SP:EC CYC: 21
0000  47        BRK                             A:66 X:47 Y:33 P:35 SP:E9 CYC: 27
0000  47        BRK                             A:66 X:47 Y:33 P:35 SP:E6 CYC: 33
0000  47        BRK                             A:66 X:47 Y:33 P:35 SP:E3 CYC: 39
0000  47        BRK                             A:66 X:47 Y:33 P:35 SP:E0 CYC: 45
0000  47        BRK                             A:66 X:47 Y:33 P:35 SP:DD CYC: 51
0000  47        BRK                             A:66 X:47 Y:33 P:35 SP:DA CYC: 57
0000  47        BRK                             A:66 X:47 Y:33 P:35 SP:D7 CYC: 63
0000  47        BRK                             A:66 X:47 Y:33 P:35 SP:D4 CYC: 69
0000  47        BRK                             A:66 X:47 Y:33 P:35 SP:D1 CYC: 75
0000  47        BRK                             A:66 X:47 Y:33 P:35 SP:CE CYC: 81
0000  47        BRK                             A:66 X:47 Y:33 P:35 SP:CB CYC: 87
0000  47        BRK                             A:66 X:47 Y:33 P:35 SP:C8 CYC: 93
0000  47        BRK                             A:66 X:47 Y:33 P:35 SP:C5 CYC: 99
0000  47        BRK                             A:66 X:47 Y:33 P:35 SP:C2 CYC:105
0000  47        BRK                             A:66 X:47 Y:33 P:35 SP:BF CYC:111
0000  47        BRK                             A:66 X:47 Y:33 P:35 SP:BC CYC:117
0000  47        BRK                             A:66 X:47 Y:33 P:35 SP:B9 CYC:123
0000  47        BRK                             A:66 X:47 Y:33 P:35 SP:B6 CYC:129
0000  47        BRK                             A:66 X:47 Y:33 P:35 SP:B3 CYC:135
0000  47        BRK                             A:66 X:47 Y:33 P:35 SP:B0 CYC:141
0000  47        BRK                             A:66 X:47 Y:33 P:35 SP:AD CYC:147
0000  47        BRK                             A:66 X:47 Y:33 P:35 SP:AA CYC:153
0000  47        BRK                             A:66 X:47 Y:33 P:35 SP:A7 CYC:159
0000  47        BRK                             A:66 X:47 Y:33 P:35 SP:A4 CYC:165
0000  47        BRK                             A:66 X:47 Y:33 P:35 SP:A1 CYC:171
0000  47        BRK                             A:66 X:47 Y:33 P:35 SP:9E CYC:177
0000  47        BRK                             A:66 X:47 Y:33 P:35 SP:9B CYC:183
0000  47        BRK                             A:66 X:47 Y:33 P:35 SP:98 CYC:189
0000  47        BRK                             A:66 X:47 Y:33 P:35 SP:95 CYC:195
0000  47        BRK                             A:66 X:47 Y:33 P:35 SP:92 CYC:201
0000  47        BRK                             A:66 X:47 Y:33 P:35 SP:8F CYC:207
0000  47        BRK                             A:66 X:47 Y:33 P:35 SP:8C CYC:213
0000  47        BRK                             A:66 X:47 Y:33 P:35 SP:89 CYC:219
0000  47        BRK                             A:66 X:47 Y:33 P:35 SP:86 CYC:225
0000  47        BRK                             A:66 X:47 Y:33 P:35 SP:83 CYC:231
0000  47        BRK                             A:66 X:47 Y:33 P:35 SP:80 CYC:237
0000  47        BRK                             A:66 X:47 Y:33 P:35 SP:7D CYC:243
0000  47        BRK                             A:66 X:47 Y:33 P:35 SP:7A CYC:249
0000  47        BRK                             A:66 X:47 Y:33 P:35 SP:77 CYC:255
0000  47        BRK                             A:66 X:47 Y:33 P:35 SP:74 CYC:261
0000  47        BRK                             A:66 X:47 Y:33 P:35 SP:71 CYC:267
0000  47        BRK                             A:66 X:47 Y:33 P:35 SP:6E CYC:273
0000  47        BRK                             A:66 X:47 Y:33 P:35 SP:6B CYC:279
0000  47        BRK                             A:66 X:47 Y:33 P:35 SP:68 CYC:285
0000  47        BRK                             A:66 X:47 Y:33 P:35 SP:65 CYC:291
0000  47        BRK                             A:66 X:47 Y:33 P:35 SP:62 CYC:297
0000  47        BRK                             A:66 X:47 Y:33 P:35 SP:5F CYC:303
0000  47        BRK                             A:66 X:47 Y:33 P:35 SP:5C CYC:309
0000  47        BRK                             A:66 X:47 Y:33 P:35 SP:59 CYC:315
0000  47        BRK                             A:66 X:47 Y:33 P:35 SP:56 CYC:321
0000  47        BRK                             A:66 X:47 Y:33 P:35 SP:53 CYC:327
0000  47        BRK                             A:66 X:47 Y:33 P:35 SP:50 CYC:333
0000  47        BRK                             A:66 X:47 Y:33 P:35 SP:4D CYC:339
0000  47        BRK                             A:66 X:47 Y:33 P:35 SP:4A CYC:  4
0000  47        BRK                             A:66 X:47 Y:33 P:35 SP:47 CYC: 10
0000  47        BRK                             A:66 X:47 Y:33 P:35 SP:44 CYC: 16
0000  47        BRK                             A:66 X:47 Y:33 P:35 SP:41 CYC: 22
0000  47        BRK                             A:66 X:47 Y:33 P:35 SP:3E CYC: 28
0000  47        BRK                             A:66 X:47 Y:33 P:35 SP:3B CYC: 34
0000  47        BRK                             A:66 X:47 Y:33 P:35 SP:38 CYC: 40
0000  47        BRK                             A:66 X:47 Y:33 P:35 SP:35 CYC: 46
0000  47        BRK                             A:66 X:47 Y:33 P:35 SP:32 CYC: 52
0000  47        BRK                             A:66 X:47 Y:33 P:35 SP:2F CYC: 58
0000  47        BRK                             A:66 X:47 Y:33 P:35 SP:2C CYC: 64
0000  47        BRK                             A:66 X:47 Y:33 P:35 SP:29 CYC: 70
0000  47        BRK                             A:66 X:47 Y:33 P:35 SP:26 CYC: 76
0000  47        BRK                             A:66 X:47 Y:33 P:35 SP:23 CYC: 82
0000  47        BRK                             A:66 X:47 Y:33 P:35 SP:20 CYC: 88
0000  47        BRK                             A:66 X:47 Y:33 P:35 SP:1D CYC: 94
0000  47        BRK                             A:66 X:47 Y:33 P:35 SP:1A CYC:100
0000  47        BRK                             A:66 X:47 Y:33 P:35 SP:17 CYC:106
0000  47        BRK                             A:66 X:47 Y:33 P:35 SP:14 CYC:112
0000  47        BRK                             A:66 X:47 Y:33 P:35 SP:11 CYC:118
0000  47        BRK                             A:66 X:47 Y:33 P:35 SP:0E CYC:124
0000  47        BRK                             A:66 X:47 Y:33 P:35 SP:0B CYC:130
0000  47        BRK                             A:66 X:47 Y:33 P:35 SP:08 CYC:136
0000  47        BRK                             A:66 X:47 Y:33 P:35 SP:05 CYC:142
0000  47        BRK                             A:66 X:47 Y:33 P:35 SP:02 CYC:148
0000  47        BRK                             A:66 X:47 Y:33 P:35 SP:FF CYC:154
0000  47        BRK                             A:66 X:47 Y:33 P:35 SP:FC CYC:160
0000  47        BRK                             A:66 X:47 Y:33 P:35 SP:F9 CYC:166
0000  47        BRK                             A:66 X:47 Y:33 P:35 SP:F6 CYC:172
0000  47        BRK                             A:66 X:47 Y:33 P:35 SP:F3 CYC:178
0000  47        BRK                             A:66 X:47 Y:33 P:35 SP:F0 CYC:184
0000  47        BRK                             A:66 X:47 Y:33 P:35 SP:ED CYC:190
0000  47        BRK                             A:66 X:47 Y:33 P:35 SP:EA CYC:196
0000  47        BRK                             A:66 X:47 Y:33 P:35 SP:E7 CYC:202
0000  47        BRK                             A:66 X:47 Y:33 P:35 SP:E4 CYC:208
0000  47        BRK                             A:66 X:47 Y:33 P:35 SP:E1 CYC:214
0000  47        BRK                             A:66 X:47 Y:33 P:35 SP:DE CYC:220
0000  47        BRK                             A:66 X:47 Y:33 P:35 SP:DB CYC:226
0000  47        BRK                             A:66 X:47 Y:33 P:35 SP:D8 CYC:232
0000  47        BRK                             A:66 X:47 Y:33 P:35 SP:D5 CYC:238
0000  47        BRK                             A:66 X:47 Y:33 P:35 SP:D2 CYC:244
0000  47        BRK                             A:66 X:47 Y:33 P:35 SP:CF CYC:250
0000  47        BRK                             A:66 X:47 Y:33 P:35 SP:CC CYC:256
0000  47        BRK                             A:66 X:47 Y:33 P:35 SP:C9 CYC:262
0000  47        BRK                             A:66 X:47 Y:33 P:35 SP:C6 CYC:268
0000  47        BRK                             A:66 X:47 Y:33 P:35 SP:C3 CYC:274
0000  47        BRK                             A:66 X:47 Y:33 P:35 SP:C0 CYC:280
0000  47        BRK                             A:66 X:47 Y:33 P:35 SP:BD CYC:286
0000  47        BRK                             A:66 X:47 Y:33 P:35 SP:BA CYC:292
0000  47        BRK                             A:66 X:47 Y:33 P:35 SP:B7 CYC:298
0000  47        BRK                             A:66 X:47 Y:33 P:35 SP:B4 CYC:304
0000  47        BRK                             A:66 X:47 Y:33 P:35 SP:B1 CYC:310
0000  47        BRK                             A:66 X:47 Y:33 P:35 SP:AE CYC:316
0000  47        BRK                             A:66 X:47 Y:33 P:35 SP:AB CYC:322
0000  47        BRK                             A:66 X:47 Y:33 P:35 SP:A8 CYC:328
0000  47        BRK                             A:66 X:47 Y:33 P:35 SP:A5 CYC:334
0000  47        BRK                             A:66 X:47 Y:33 P:35 SP:A2 CYC:340
0000  47        BRK                             A:66 X:47 Y:33 P:35 SP:9F CYC:  5
0000  47        BRK                             A:66 X:47 Y:33 P:35 SP:9C CYC: 11
0000  47        BRK                             A:66 X:47 Y:33 P:35 SP:99 CYC: 17
0000  47        BRK                             A:66 X:47 Y:33 P:35 SP:96 CYC: 23
0000  47        BRK                             A:66 X:47 Y:33 P:35 SP:93 CYC: 29
0000  47        BRK                             A:66 X:47 Y:33 P:35 SP:90 CYC: 35
0000  47        BRK                             A:66 X:47 Y:33 P:35 SP:8D CYC: 41
0000  47        BRK                             A:66 X:47 Y:33 P:35 SP:8A CYC: 47
0000  47        BRK                             A:66 X:47 Y:33 P:35 SP:87 CYC: 53
0000  47        BRK                             A:66 X:47 Y:33 P:35 SP:84 CYC: 59
0000  47        BRK                             A:66 X:47 Y:33 P:35 SP:81 CYC: 65
0000  47        BRK                             A:66 X:47 Y:33 P:35 SP:7E CYC: 71
0000  47        BRK                             A:66 X:47 Y:33 P:35 SP:7B CYC: 77
0000  47        BRK                             A:66 X:47 Y:33 P:35 SP:78 CYC: 83
0000  47        BRK                             A:66 X:47 Y:33 P:35 SP:75 CYC: 89
0000  47        BRK                             A:66 X:47 Y:33 P:35 SP:72 CYC: 95
0000  47        BRK                             A:66 X:47 Y:33 P:35 SP:6F CYC:101
0000  47        BRK                             A:66 X:47 Y:33 P:35 SP:6C CYC:107
0000  47        BRK                             A:66 X:47 Y:33 P:35 SP:69 CYC:113
0000  47        BRK                             A:66 X:47 Y:33 P:35 SP:66 CYC:119
0000  47        BRK                             A:66 X:47 Y:33 P:35 SP:63 CYC:125
0000  47        BRK                             A:66 X:47 Y:33 P:35 SP:60 CYC:131
0000  47        BRK                             A:66 X:47 Y:33 P:35 SP:5D CYC:137
0000  47        BRK                             A:66 X:47 Y:33 P:35 SP:5A CYC:143
0000  47        BRK                             A:66 X:47 Y:33 P:35 SP:57 CYC:149
0000  47        BRK                             A:66 X:47 Y:33 P:35 SP:54 CYC:155
0000  47        BRK                             A:66 X:47 Y:33 P:35 SP:51 CYC:161
0000  47        BRK                             A:66 X:47 Y:33 P:35 SP:4E CYC:167
0000  47        BRK                             A:66 X:47 Y:33 P:35 SP:4B CYC:173
0000  47        BRK                             A:66 X:47 Y:33 P:35 SP:48 CYC:179
0000  47        BRK                             A:66 X:47 Y:33 P:35 SP:45 CYC:185
0000  47        BRK                             A:66 X:47 Y:33 P:35 SP:42 CYC:191
0000  47        BRK                             A:66 X:47 Y:33 P:35 SP:3F CYC:197
0000  47        BRK                             A:66 X:47 Y:33 P:35 SP:3C CYC:203
0000  47        BRK                             A:66 X:47 Y:33 P:35 SP:39 CYC:209
0000  47        BRK                             A:66 X:47 Y:33 P:35 SP:36 CYC:215
0000  47        BRK                             A:66 X:47 Y:33 P:35 SP:33 CYC:221
0000  47        BRK                             A:66 X:47 Y:33 P:35 SP:30 CYC:227
0000  47        BRK                             A:66 X:47 Y:33 P:35 SP:2D CYC:233
0000  47        BRK                             A:66 X:47 Y:33 P:35 SP:2A CYC:239
0000  47        BRK                             A:66 X:47 Y:33 P:35 SP:27 CYC:245
0000  47        BRK                             A:66 X:47 Y:33 P:35 SP:24 CYC:251
0000  47        BRK                             A:66 X:47 Y:33 P:35 SP:21 CYC:257
0000  47        BRK                             A:66 X:47 Y:33 P:35 SP:1E CYC:263
0000  47        BRK                             A:66 X:47 Y:33 P:35 SP:1B CYC:269
0000  47        BRK                             A:66 X:47 Y:33 P:35 SP:18 CYC:275
0000  47        BRK                             A:66 X:47 Y:33 P:35 SP:15 CYC:281
0000  47        BRK                             A:66 X:47 Y:33 P:35 SP:12 CYC:287
0000  47        BRK                             A:66 X:47 Y:33 P:35 SP:0F CYC:293
0000  47        BRK                             A:66 X:47 Y:33 P:35 SP:0C CYC:299
0000  47        BRK                             A:66 X:47 Y:33 P:35 SP:09 CYC:305
0000  47        BRK                             A:66 X:47 Y:33 P:35 SP:06 CYC:311
0000  47        BRK                             A:66 X:47 Y:33 P:35 SP:03 CYC:317
0000  47        BRK                             A:66 X:47 Y:33 P:35 SP:00 CYC:323
0000  47        BRK                             A:66 X:47 Y:33 P:35 SP:FD CYC:329
0000  47        BRK                             A:66 X:47 Y:33 P:35 SP:FA CYC:335
0000  47        BRK                             A:66 X:47 Y:33 P:35 SP:F7 CYC:  0
0000  47        BRK                             A:66 X:47 Y:33 P:35 SP:F4 CYC:  6
0000  47        BRK                             A:66 X:47 Y:33 P:35 SP:F1 CYC: 12
0000  47        BRK                             A:66 X:47 Y:33 P:35 SP:EE CYC: 18
0000  47        BRK                             A:66 X:47 Y:33 P:35 SP:EB CYC: 24
0000  47        BRK                             A:66 X:47 Y:33 P:35 SP:E8 CYC: 30
0000  47        BRK                             A:66 X:47 Y:33 P:35 SP:E5 CYC: 36
0000  47        BRK                             A:66 X:47 Y:33 P:35 SP:E2 CYC: 42
0000  47        BRK                             A:66 X:47 Y:33 P:35 SP:DF CYC: 48
0000  47        BRK                             A:66 X:47 Y:33 P:35 SP:DC CYC: 54
0000  47        BRK                             A:66 X:47 Y:33 P:35 SP:D9 CYC: 60
0000  47        BRK                             A:66 X:47 Y:33 P:35 SP:D6 CYC: 66
0000  47        BRK                             A:66 X:47 Y:33 P:35 SP:D3 CYC: 72
0000  47        BRK                             A:66 X:47 Y:33 P:35 SP:D0 CYC: 78
0000  47        BRK                             A:66 X:47 Y:33 P:35 SP:CD CYC: 84
0000  47        BRK                             A:66 X:47 Y:33 P:35 SP:CA CYC: 90
0000  47        BRK                             A:66 X:47 Y:33 P:35 SP:C7 CYC: 96
0000  47        BRK                             A:66 X:47 Y:33 P:35 SP:C4 CYC:102
0000  47        BRK                             A:66 X:47 Y:33 P:35 SP:C1 CYC:108
0000  47        BRK                             A:66 X:47 Y:33 P:35 SP:BE CYC:114
0000  47        BRK                             A:66 X:47 Y:33 P:35 SP:BB CYC:120
0000  47        BRK                             A:66 X:47 Y:33 P:35 SP:B8 CYC:126
0000  47        BRK                             A:66 X:47 Y:33 P:35 SP:B5 CYC:132
0000  47        BRK                             A:66 X:47 Y:33 P:35 SP:B2 CYC:138
0000  47        BRK                             A:66 X:47 Y:33 P:35 SP:AF CYC:144
0000  47        BRK                             A:66 X:47 Y:33 P:35 SP:AC CYC:150
0000  47        BRK                             A:66 X:47 Y:33 P:35 SP:A9 CYC:156
0000  47        BRK                             A:66 X:47 Y:33 P:35 SP:A6 CYC:162
0000  47        BRK                             A:66 X:47 Y:33 P:35 SP:A3 CYC:168
0000  47        BRK                             A:66 X:47 Y:33 P:35 SP:A0 CYC:174
0000  47        BRK                             A:66 X:47 Y:33 P:35 SP:9D CYC:180
0000  47        BRK                             A:66 X:47 Y:33 P:35 SP:9A CYC:186
0000  47        BRK                             A:66 X:47 Y:33 P:35 SP:97 CYC:192
0000  47        BRK                             A:66 X:47 Y:33 P:35 SP:94 CYC:198
0000  47        BRK                             A:66 X:47 Y:33 P:35 SP:91 CYC:204
0000  47        BRK                             A:66 X:47 Y:33 P:35 SP:8E CYC:210
0000  47        BRK                             A:66 X:47 Y:33 P:35 SP:8B CYC:216
0000  47        BRK                             A:66 X:47 Y:33 P:35 SP:88 CYC:222
0000  47        BRK                             A:66 X:47 Y:33 P:35 SP:85 CYC:228
0000  47        BRK                             A:66 X:47 Y:33 P:35 SP:82 CYC:234
0000  47        BRK                             A:66 X:47 Y:33 P:35 SP:7F CYC:240
0000  47        BRK                             A:66 X:47 Y:33 P:35 SP:7C CYC:246
0000  47        BRK                             A:66 X:47 Y:33 P:35 SP:79 CYC:252
0000  47        BRK                             A:66 X:47 Y:33 P:35 SP:76 CYC:258
0000  47        BRK                             A:66 X:47 Y:33 P:35 SP:73 CYC:264
0000  47        BRK                             A:66 X:47 Y:33 P:35 SP:70 CYC:270
0000  47        BRK                             A:66 X:47 Y:33 P:35 SP:6D CYC:276
0000  47        BRK                             A:66 X:47 Y:33 P:35 SP:6A CYC:282
0000  47        BRK                             A:66 X:47 Y:33 P:35 SP:67 CYC:288
0000  47        BRK                             A:66 X:47 Y:33 P:35 SP:64 CYC:294
0000  47        BRK                             A:66 X:47 Y:33 P:35 SP:61 CYC:300
0000  47        BRK                             A:66 X:47 Y:33 P:35 SP:5E CYC:306
0000  47        BRK                             A:66 X:47 Y:33 P:35 SP:5B CYC:312
0000  47        BRK                             A:66 X:47 Y:33 P:35 SP:58 CYC:318
0000  47        BRK                             A:66 X:47 Y:33 P:35 SP:55 CYC:324
0000  47        BRK                             A:66 X:47 Y:33 P:35 SP:52 CYC:330
0000  47        BRK                             A:66 X:47 Y:33 P:35 SP:4F CYC:336
0000  47        BRK                             A:66 X:47 Y:33 P:35 SP:4C CYC:  1
0000  47        BRK                             A:66 X:47 Y:33 P:35 SP:49 CYC:  7
0000  47        BRK                             A:66 X:47 Y:33 P:35 SP:46 CYC: 13
0000  47        BRK                             A:66 X:47 Y:33 P:35 SP:43 CYC: 19
0000  47        BRK                             A:66 X:47 Y:33 P:35 SP:40 CYC: 25
0000  47        BRK                             A:66 X:47 Y:33 P:35 SP:3D CYC: 31
0000  47        BRK                             A:66 X:47 Y:33 P:35 SP:3A CYC: 37
0000  47        BRK                             A:66 X:47 Y:33 P:35 SP:37 CYC: 43
0000  47        BRK                             A:66 X:47 Y:33 P:35 SP:34 CYC: 49
0000  47        BRK                             A:66 X:47 Y:33 P:35 SP:31 CYC: 55
0000  47        BRK                             A:66 X:47 Y:33 P:35 SP:2E CYC: 61
0000  47        BRK                             A:66 X:47 Y:33 P:35 SP:2B CYC: 67
0000  47        BRK                             A:66 X:47 Y:33 P:35 SP:28 CYC: 73
0000  47        BRK                             A:66 X:47 Y:33 P:35 SP:25 CYC: 79
0000  47        BRK                             A:66 X:47 Y:33 P:35 SP:22 CYC: 85
0000  47        BRK                             A:66 X:47 Y:33 P:35 SP:1F CYC: 91
0000  47        BRK                             A:66 X:47 Y:33 P:35 SP:1C CYC: 97
0000  47        BRK                             A:66 X:47 Y:33 P:35 SP:19 CYC:103
0000  47        BRK                             A:66 X:47 Y:33 P:35 SP:16 CYC:109
0000  47        BRK                             A:66 X:47 Y:33 P:35 SP:13 CYC:115
0000  47        BRK                             A:66 X:47 Y:33 P:35 SP:10 CYC:121
0000  47        BRK                             A:66 X:47 Y:33 P:35 SP:0D CYC:127
0000  47        BRK                             A:66 X:47 Y:33 P:35 SP:0A CYC:133
0000  47        BRK                             A:66 X:47 Y:33 P:35 SP:07 CYC:139
0000  47        BRK                             A:66 X:47 Y:33 P:35 SP:04 CYC:145
0000  47        BRK                             A:66 X:47 Y:33 P:35 SP:01 CYC:151
0000  47        BRK                             A:66 X:47 Y:33 P:35 SP:FE CYC:157
0000  47        BRK                             A:66 X:47 Y:33 P:35 SP:FB CYC:163
0000  47        BRK                             A:66 X:47 Y:33 P:35 SP:F8 CYC:169
0000  47        BRK                             A:66 X:47 Y:33 P:35 SP:F5 CYC:175
0000  47        BRK                             A:66 X:47 Y:33 P:35 SP:F2 CYC:181
0000  47        BRK                             A:66 X:47 Y:33 P:35 SP:EF CYC:187
0000  47        BRK                             A:66 X:47 Y:33 P:35 SP:EC CYC:193
0000  47        BRK                             A:66 X:47 Y:33 P:35 SP:E9 CYC:199
0000  47        BRK                             A:66 X:47 Y:33 P:35 SP:E6 CYC:205
0000  47        BRK                             A:66 X:47 Y:33 P:35 SP:E3 CYC:211
0000  47        BRK                             A:66 X:47 Y:33 P:35 SP:E0 CYC:217
0000  47        BRK                             A:66 X:47 Y:33 P:35 SP:DD CYC:223
0000  47        BRK                             A:66 X:47 Y:33 P:35 SP:DA CYC:229
0000  47        BRK                             A:66 X:47 Y:33 P:35 SP:D7 CYC:235
0000  47        BRK                             A:66 X:47 Y:33 P:35 SP:D4 CYC:241
0000  47        BRK                             A:66 X:47 Y:33 P:35 SP:D1 CYC:247
0000  47        BRK                             A:66 X:47 Y:33 P:35 SP:CE CYC:253
0000  47        BRK                             A:66 X:47 Y:33 P:35 SP:CB CYC:259
0000  47        BRK                             A:66 X:47 Y:33 P:35 SP:C8 CYC:265
0000  47        BRK                             A:66 X:47 Y:33 P:35 SP:C5 CYC:271
0000  47        BRK                             A:66 X:47 Y:33 P:35 SP:C2 CYC:277
0000  47        BRK                             A:66 X:47 Y:33 P:35 SP:BF CYC:283
0000  47        BRK                             A:66 X:47 Y:33 P:35 SP:BC CYC:289
0000  47        BRK                             A:66 X:47 Y:33 P:35 SP:B9 CYC:295
0000  47        BRK                             A:66 X:47 Y:33 P:35 SP:B6 CYC:301
0000  47        BRK                             A:66 X:47 Y:33 P:35 SP:B3 CYC:307
0000  47        BRK                             A:66 X:47 Y:33 P:35 SP:B0 CYC:313
0000  47        BRK                             A:66 X:47 Y:33 P:35 SP:AD CYC:319
0000  47        BRK                             A:66 X:47 Y:33 P:35 SP:AA CYC:325
0000  47        BRK                             A:66 X:47 Y:33 P:35 SP:A7 CYC:331
0000  47        BRK                             A:66 X:47 Y:33 P:35 SP:A4 CYC:337
0000  47        BRK                             A:66 X:47 Y:33 P:35 SP:A1 CYC:  2
0000  47        BRK                             A:66 X:47 Y:33 P:35 SP:9E CYC:  8
0000  47        BRK                             A:66 X:47 Y:33 P:35 SP:9B CYC: 14
0000  47        BRK                             A:66 X:47 Y:33 P:35 SP:98 CYC: 20
0000  47        BRK                             A:66 X:47 Y:33 P:35 SP:95 CYC: 26
0000  47        BRK                             A:66 X:47 Y:33 P:35 SP:92 CYC: 32
0000  47        BRK                             A:66 X:47 Y:33 P:35 SP:8F CYC: 38
0000  47        BRK                             A:66 X:47 Y:33 P:35 SP:8C CYC: 44
0000  47        BRK                             A:66 X:47 Y:33 P:35 SP:89 CYC: 50
0000  47        BRK                             A:66 X:47 Y:33 P:35 SP:86 CYC: 56
0000  47        BRK                             A:66 X:47 Y:33 P:35 SP:83 CYC: 62
0000  47        BRK                             A:66 X:47 Y:33 P:35 SP:80 CYC: 68
0000  47        BRK                             A:66 X:47 Y:33 P:35 SP:7D CYC: 74
0000  47        BRK                             A:66 X:47 Y:33 P:35 SP:7A CYC: 80
0000  47        BRK                             A:66 X:47 Y:33 P:35 SP:77 CYC: 86
0000  47        BRK                             A:66 X:47 Y:33 P:35 SP:74 CYC: 92
0000  47        BRK                             A:66 X:47 Y:33 P:35 SP:71 CYC: 98
0000  47        BRK                             A:66 X:47 Y:33 P:35 SP:6E CYC:104
0000  47        BRK                             A:66 X:47 Y:33 P:35 SP:6B CYC:110
0000  47        BRK                             A:66 X:47 Y:33 P:35 SP:68 CYC:116
0000  47        BRK                             A:66 X:47 Y:33 P:35 SP:65 CYC:122
0000  47        BRK                             A:66 X:47 Y:33 P:35 SP:62 CYC:128
0000  47        BRK                             A:66 X:47 Y:33 P:35 SP:5F CYC:134
0000  47        BRK                             A:66 X:47 Y:33 P:35 SP:5C CYC:140
0000  47        BRK                             A:66 X:47 Y:33 P:35 SP:59 CYC:146
0000  47        BRK                             A:66 X:47 Y:33 P:35 SP:56 CYC:152
0000  47        BRK                             A:66 X:47 Y:33 P:35 SP:53 CYC:158
0000  47        BRK                             A:66 X:47 Y:33 P:35 SP:50 CYC:164
0000  47        BRK                             A:66 X:47 Y:33 P:35 SP:4D CYC:170
0000  47        BRK                             A:66 X:47 Y:33 P:35 SP:4A CYC:176
0000  47        BRK                             A:66 X:47 Y:33 P:35 SP:47 CYC:182
0000  47        BRK                             A:66 X:47 Y:33 P:35 SP:44 CYC:188
0000  47        BRK                             A:66 X:47 Y:33 P:35 SP:41 CYC:194
0000  47        BRK                             A:66 X:47 Y:33 P:35 SP:3E CYC:200
0000  47        BRK                             A:66 X:47 Y:33 P:35 SP:3B CYC:206
0000  47        BRK                             A:66 X:47 Y:33 P:35 SP:38 CYC:212
0000  47        BRK                             A:66 X:47 Y:33 P:35 SP:35 CYC:218
0000  47        BRK                             A:66 X:47 Y:33 P:35 SP:32 CYC:224
0000  47        BRK                             A:66 X:47 Y:33 P:35 SP:2F CYC:230
0000  47        BRK                             A:66 X:47 Y:33 P:35 SP:2C CYC:236
0000  47        BRK                             A:66 X:47 Y:33 P:35 SP:29 CYC:242
0000  47        BRK                             A:66 X:47 Y:33 P:35 SP:26 CYC:248
0000  47        BRK                             A:66 X:47 Y:33 P:35 SP:23 CYC:254
0000  47        BRK                             A:66 X:47 Y:33 P:35 SP:20 CYC:260
0000  47        BRK                             A:66 X:47 Y:33 P:35 SP:1D CYC:266
0000  47        BRK                             A:66 X:47 Y:33 P:35 SP:1A CYC:272
0000  47        BRK                             A:66 X:47 Y:33 P:35 SP:17 CYC:278
0000  47        BRK                             A:66 X:47 Y:33 P:35 SP:14 CYC:284
0000  47        BRK                             A:66 X:47 Y:33 P:35 SP:11 CYC:290
0000  47        BRK                             A:66 X:47 Y:33 P:35 SP:0E CYC:296
0000  47        BRK                             A:66 X:47 Y:33 P:35 SP:0B CYC:302
0000  47        BRK                             A:66 X:47 Y:33 P:35 SP:08 CYC:308
0000  47        BRK                             A:66 X:47 Y:33 P:35 SP:05 CYC:314
0000  47        BRK                             A:66 X:47 Y:33 P:35 SP:02 CYC:320
0000  47        BRK                             A:66 X:47 Y:33 P:35 SP:FF CYC:326
0000  47        BRK                             A:66 X:47 Y:33 P:35 SP:FC CYC:332
0000  47        BRK                             A:66 X:47 Y:33 P:35 SP:F9 CYC:338
0000  47        BRK                             A:66 X:47 Y:33 P:35 SP:F6 CYC:  3
0000  47        BRK                             A:66 X:47 Y:33 P:35 SP:F3 CYC:  9
0000  47        BRK                             A:66 X:47 Y:33 P:35 SP:F0 CYC: 15
0000  47        BRK                             A:66 X:47 Y:33 P:35 SP:ED CYC: 21
0000  47        BRK                             A:66 X:47 Y:33 P:35 SP:EA CYC: 27
0000  47        BRK                             A:66 X:47 Y:33 P:35 SP:E7 CYC: 33
0000  47        BRK                             A:66 X:47 Y:33 P:35 SP:E4 CYC: 39
0000  47        BRK                             A:66 X:47 Y:33 P:35 SP:E1 CYC: 45
0000  47        BRK                             A:66 X:47 Y:33 P:35 SP:DE CYC: 51
0000  47        BRK                             A:66 X:47 Y:33 P:35 SP:DB CYC: 57
0000  47        BRK                             A:66 X:47 Y:33 P:35 SP:D8 CYC: 63
0000  47        BRK                             A:66 X:47 Y:33 P:35 SP:D5 CYC: 69
0000  47        BRK                             A:66 X:47 Y:33 P:35 SP:D2 CYC: 75
0000  47        BRK                             A:66 X:47 Y:33 P:35 SP:CF CYC: 81
0000  47        BRK                             A:66 X:47 Y:33 P:35 SP:CC CYC: 87
0000  47        BRK                             A:66 X:47 Y:33 P:35 SP:C9 CYC: 93
0000  47        BRK                             A:66 X:47 Y:33 P:35 SP:C6 CYC: 99
0000  47        BRK                             A:66 X:47 Y:33 P:35 SP:C3 CYC:105
0000  47        BRK                             A:66 X:47 Y:33 P:35 SP:C0 CYC:111
0000  47        BRK                             A:66 X:47 Y:33 P:35 SP:BD CYC:117
0000  47        BRK                             A:66 X:47 Y:33 P:35 SP:BA CYC:123
0000  47        BRK                             A:66 X:47 Y:33 P:35 SP:B7 CYC:129
0000  47        BRK                             A:66 X:47 Y:33 P:35 SP:B4 CYC:135
0000  47        BRK                             A:66 X:47 Y:33 P:35 SP:B1 CYC:141
0000  47        BRK                             A:66 X:47 Y:33 P:35 SP:AE CYC:147
0000  47        BRK                             A:66 X:47 Y:33 P:35 SP:AB CYC:153
0000  47        BRK                             A:66 X:47 Y:33 P:35 SP:A8 CYC:159
0000  47        BRK                             A:66 X:47 Y:33 P:35 SP:A5 CYC:165
0000  47        BRK                             A:66 X:47 Y:33 P:35 SP:A2 CYC:171
0000  47        BRK                             A:66 X:47 Y:33 P:35 SP:9F CYC:177
0000  47        BRK                             A:66 X:47 Y:33 P:35 SP:9C CYC:183
0000  47        BRK                             A:66 X:47 Y:33 P:35 SP:99 CYC:189
0000  47        BRK                             A:66 X:47 Y:33 P:35 SP:96 CYC:195
0000  47        BRK                             A:66 X:47 Y:33 P:35 SP:93 CYC:201
0000  47        BRK                             A:66 X:47 Y:33 P:35 SP:90 CYC:207
0000  47        BRK                             A:66 X:47 Y:33 P:35 SP:8D CYC:213
0000  47        BRK                             A:66 X:47 Y:33 P:35 SP:8A CYC:219
0000  47        BRK                             A:66 X:47 Y:33 P:35 SP:87 CYC:225
0000  47        BRK                             A:66 X:47 Y:33 P:35 SP:84 CYC:231
0000  47        BRK                             A:66 X:47 Y:33 P:35 SP:81 CYC:237
0000  47        BRK                             A:66 X:47 Y:33 P:35 SP:7E CYC:243
0000  47        BRK                             A:66 X:47 Y:33 P:35 SP:7B CYC:249
0000  47        BRK                             A:66 X:47 Y:33 P:35 SP:78 CYC:255
0000  47        BRK                             A:66 X:47 Y:33 P:35 SP:75 CYC:261
0000  47        BRK                             A:66 X:47 Y:33 P:35 SP:72 CYC:267
0000  47        BRK                             A:66 X:47 Y:33 P:35 SP:6F CYC:273
0000  47        BRK                             A:66 X:47 Y:33 P:35 SP:6C CYC:279
0000  47        BRK                             A:66 X:47 Y:33 P:35 SP:69 CYC:285
0000  47        BRK                             A:66 X:47 Y:33 P:35 SP:66 CYC:291
0000  47        BRK                             A:66 X:47 Y:33 P:35 SP:63 CYC:297
0000  47        BRK                             A:66 X:47 Y:33 P:35 SP:60 CYC:303
0000  47        BRK                             A:66 X:47 Y:33 P:35 SP:5D CYC:309
0000  47        BRK                             A:66 X:47 Y:33 P:35 SP:5A CYC:315
0000  47        BRK                             A:66 X:47 Y:33 P:35 SP:57 CYC:321
0000  47        BRK                             A:66 X:47 Y:33 P:35 SP:54 CYC:327
0000  47        BRK                             A:66 X:47 Y:33 P:35 SP:51 CYC:333
0000  47        BRK                             A:66 X:47 Y:33 P:35 SP:4E CYC:339
0000  47        BRK                             A:66 X:47 Y:33 P:35 SP:4B CYC:  4
0000  47        BRK                             A:66 X:47 Y:33 P:35 SP:48 CYC: 10
0000  47        BRK                             A:66 X:47 Y:33 P:35 SP:45 CYC: 16
0000  47        BRK                             A:66 X:47 Y:33 P:35 SP:42 CYC: 22
0000  47        BRK                             A:66 X:47 Y:33 P:35 SP:3F CYC: 28
0000  47        BRK                             A:66 X:47 Y:33 P:35 SP:3C CYC: 34
0000  47        BRK                             A:66 X:47 Y:33 P:35 SP:39 CYC: 40
0000  47        BRK                             A:66 X:47 Y:33 P:35 SP:36 CYC: 46
0000  47        BRK                             A:66 X:47 Y:33 P:35 SP:33 CYC: 52
0000  47        BRK                             A:66 X:47 Y:33 P:35 SP:30 CYC: 58
0000  47        BRK                             A:66 X:47 Y:33 P:35 SP:2D CYC: 64
0000  47        BRK                             A:66 X:47 Y:33 P:35 SP:2A CYC: 70
0000  47        BRK                             A:66 X:47 Y:33 P:35 SP:27 CYC: 76
0000  47        BRK                             A:66 X:47 Y:33 P:35 SP:24 CYC: 82
0000  47        BRK                             A:66 X:47 Y:33 P:35 SP:21 CYC: 88
0000  47        BRK                             A:66 X:47 Y:33 P:35 SP:1E CYC: 94
0000  47        BRK                             A:66 X:47 Y:33 P:35 SP:1B CYC:100
0000  47        BRK                             A:66 X:47 Y:33 P:35 SP:18 CYC:106
0000  47        BRK                             A:66 X:47 Y:33 P:35 SP:15 CYC:112
0000  47        BRK                             A:66 X:47 Y:33 P:35 SP:12 CYC:118
0000  47        BRK                             A:66 X:47 Y:33 P:35 SP:0F CYC:124
0000  47        BRK                             A:66 X:47 Y:33 P:35 SP:0C CYC:130
0000  47        BRK                             A:66 X:47 Y:33 P:35 SP:09 CYC:136
0000  47        BRK                             A:66 X:47 Y:33 P:35 SP:06 CYC:142
0000  47        BRK                             A:66 X:47 Y:33 P:35 SP:03 CYC:148
0000  47        BRK                             A:66 X:47 Y:33 P:35 SP:00 CYC:154
0000  47        BRK                             A:66 X:47 Y:33 P:35 SP:FD CYC:160
0000  47        BRK                             A:66 X:47 Y:33 P:35 SP:FA CYC:166
0000  47        BRK                             A:66 X:47 Y:33 P:35 SP:F7 CYC:172
0000  47        BRK                             A:66 X:47 Y:33 P:35 SP:F4 CYC:178
0000  47        BRK                             A:66 X:47 Y:33 P:35 SP:F1 CYC:184
0000  47        BRK                             A:66 X:47 Y:33 P:35 SP:EE CYC:190
0000  47        BRK                             A:66 X:47 Y:33 P:35 SP:EB CYC:196
0000  47        BRK                             A:66 X:47 Y:33 P:35 SP:E8 CYC:202
0000  47        BRK                             A:66 X:47 Y:33 P:35 SP:E5 CYC:208
0000  47        BRK                             A:66 X:47 Y:33 P:35 SP:E2 CYC:214
0000  47        BRK                             A:66 X:47 Y:33 P:35 SP:DF CYC:220
0000  47        BRK                             A:66 X:47 Y:33 P:35 SP:DC CYC:226
0000  47        BRK                             A:66 X:47 Y:33 P:35 SP:D9 CYC:232
0000  47        BRK                             A:66 X:47 Y:33 P:35 SP:D6 CYC:238
0000  47        BRK                             A:66 X:47 Y:33 P:35 SP:D3 CYC:244
0000  47        BRK                             A:66 X:47 Y:33 P:35 SP:D0 CYC:250
0000  47        BRK                             A:66 X:47 Y:33 P:35 SP:CD CYC:256
0000  47        BRK                             A:66 X:47 Y:33 P:35 SP:CA CYC:262
0000  47        BRK                             A:66 X:47 Y:33 P:35 SP:C7 CYC:268
0000  47        BRK                             A:66 X:47 Y:33 P:35 SP:C4 CYC:274
0000  47        BRK                             A:66 X:47 Y:33 P:35 SP:C1 CYC:280
0000  47        BRK                             A:66 X:47 Y:33 P:35 SP:BE CYC:286
0000  47        BRK                             A:66 X:47 Y:33 P:35 SP:BB CYC:292
0000  47        BRK                             A:66 X:47 Y:33 P:35 SP:B8 CYC:298
0000  47        BRK                             A:66 X:47 Y:33 P:35 SP:B5 CYC:304
0000  47        BRK                             A:66 X:47 Y:33 P:35 SP:B2 CYC:310
0000  47        BRK                             A:66 X:47 Y:33 P:35 SP:AF CYC:316
0000  47        BRK                             A:66 X:47 Y:33 P:35 SP:AC CYC:322
0000  47        BRK                             A:66 X:47 Y:33 P:35 SP:A9 CYC:328
0000  47        BRK                             A:66 X:47 Y:33 P:35 SP:A6 CYC:334
0000  47        BRK                             A:66 X:47 Y:33 P:35 SP:A3 CYC:340
0000  47        BRK                             A:66 X:47 Y:33 P:35 SP:A0 CYC:  5
0000  47        BRK                             A:66 X:47 Y:33 P:35 SP:9D CYC: 11
0000  47        BRK                             A:66 X:47 Y:33 P:35 SP:9A CYC: 17
0000  47        BRK                             A:66 X:47 Y:33 P:35 SP:97 CYC: 23
0000  47        BRK                             A:66 X:47 Y:33 P:35 SP:94 CYC: 29
0000  47        BRK                             A:66 X:47 Y:33 P:35 SP:91 CYC: 35
0000  47        BRK                             A:66 X:47 Y:33 P:35 SP:8E CYC: 41
0000  47        BRK                             A:66 X:47 Y:33 P:35 SP:8B CYC: 47
0000  47        BRK                             A:66 X:47 Y:33 P:35 SP:88 CYC: 53
0000  47        BRK                             A:66 X:47 Y:33 P:35 SP:85 CYC: 59
0000  47        BRK                             A:66 X:47 Y:33 P:35 SP:82 CYC: 65
0000  47        BRK                             A:66 X:47 Y:33 P:35 SP:7F CYC: 71
0000  47        BRK                             A:66 X:47 Y:33 P:35 SP:7C CYC: 77
0000  47        BRK                             A:66 X:47 Y:33 P:35 SP:79 CYC: 83
0000  47        BRK                             A:66 X:47 Y:33 P:35 SP:76 CYC: 89
0000  47        BRK                             A:66 X:47 Y:33 P:35 SP:73 CYC: 95
0000  47        BRK                             A:66 X:47 Y:33 P:35 SP:70 CYC:101
0000  47        BRK                             A:66 X:47 Y:33 P:35 SP:6D CYC:107
0000  47        BRK                             A:66 X:47 Y:33 P:35 SP:6A CYC:113
0000  47        BRK                             A:66 X:47 Y:33 P:35 SP:67 CYC:119
0000  47        BRK                             A:66 X:47 Y:33 P:35 SP:64 CYC:125
0000  47        BRK                             A:66 X:47 Y:33 P:35 SP:61 CYC:131
0000  47        BRK                             A:66 X:47 Y:33 P:35 SP:5E CYC:137
0000  47        BRK                             A:66 X:47 Y:33 P:35 SP:5B CYC:143
0000  47        BRK                             A:66 X:47 Y:33 P:35 SP:58 CYC:149
0000  47        BRK                             A:66 X:47 Y:33 P:35 SP:55 CYC:155
0000  47        BRK                             A:66 X:47 Y:33 P:35 SP:52 CYC:161
0000  47        BRK                             A:66 X:47 Y:33 P:35 SP:4F CYC:167
0000  47        BRK                             A:66 X:47 Y:33 P:35 SP:4C CYC:173
0000  47        BRK                             A:66 X:47 Y:33 P:35 SP:49 CYC:179
0000  47        BRK                             A:66 X:47 Y:33 P:35 SP:46 CYC:185
0000  47        BRK                             A:66 X:47 Y:33 P:35 SP:43 CYC:191
0000  47        BRK                             A:66 X:47 Y:33 P:35 SP:40 CYC:197
0000  47        BRK                             A:66 X:47 Y:33 P:35 SP:3D CYC:203
0000  47        BRK                             A:66 X:47 Y:33 P:35 SP:3A CYC:209
0000  47        BRK                             A:66 X:47 Y:33 P:35 SP:37 CYC:215
0000  47        BRK                             A:66 X:47 Y:33 P:35 SP:34 CYC:221
0000  47        BRK                             A:66 X:47 Y:33 P:35 SP:31 CYC:227
0000  47        BRK                             A:66 X:47 Y:33 P:35 SP:2E CYC:233
0000  47        BRK                             A:66 X:47 Y:33 P:35 SP:2B CYC:239
0000  47        BRK                             A:66 X:47 Y:33 P:35 SP:28 CYC:245
0000  47        BRK                             A:66 X:47 Y:33 P:35 SP:25 CYC:251
0000  47        BRK                             A:66 X:47 Y:33 P:35 SP:22 CYC:257
0000  47        BRK                             A:66 X:47 Y:33 P:35 SP:1F CYC:263
0000  47        BRK                             A:66 X:47 Y:33 P:35 SP:1C CYC:269
0000  47        BRK                             A:66 X:47 Y:33 P:35 SP:19 CYC:275
0000  47        BRK                             A:66 X:47 Y:33 P:35 SP:16 CYC:281
0000  47        BRK                             A:66 X:47 Y:33 P:35 SP:13 CYC:287
0000  47        BRK                             A:66 X:47 Y:33 P:35 SP:10 CYC:293
0000  47        BRK                             A:66 X:47 Y:33 P:35 SP:0D CYC:299
0000  47        BRK                             A:66 X:47 Y:33 P:35 SP:0A CYC:305
0000  47        BRK                             A:66 X:47 Y:33 P:35 SP:07 CYC:311
0000  47        BRK                             A:66 X:47 Y:33 P:35 SP:04 CYC:317
0000  47        BRK                             A:66 X:47 Y:33 P:35 SP:01 CYC:323
0000  47        BRK                             A:66 X:47 Y:33 P:35 SP:FE CYC:329
0000  47        BRK                             A:66 X:47 Y:33 P:35 SP:FB CYC:335
0000  47        BRK                             A:66 X:47 Y:33 P:35 SP:F8 CYC:  0
0000  47        BRK                             A:66 X:47 Y:33 P:35 SP:F5 CYC:  6
0000  47        BRK                             A:66 X:47 Y:33 P:35 SP:F2 CYC: 12
0000  47        BRK                             A:66 X:47 Y:33 P:35 SP:EF CYC: 18
0000  47        BRK                             A:66 X:47 Y:33 P:35 SP:EC CYC: 24
0000  47        BRK                             A:66 X:47 Y:33 P:35 SP:E9 CYC: 30
0000  47        BRK                             A:66 X:47 Y:33 P:35 SP:E6 CYC: 36
0000  47        BRK                             A:66 X:47 Y:33 P:35 SP:E3 CYC: 42
0000  47        BRK                             A:66 X:47 Y:33 P:35 SP:E0 CYC: 48
0000  47        BRK                             A:66 X:47 Y:33 P:35 SP:DD CYC: 54
0000  47        BRK                             A:66 X:47 Y:33 P:35 SP:DA CYC: 60
0000  47        BRK                             A:66 X:47 Y:33 P:35 SP:D7 CYC: 66
0000  47        BRK                             A:66 X:47 Y:33 P:35 SP:D4 CYC: 72
0000  47        BRK                             A:66 X:47 Y:33 P:35 SP:D1 CYC: 78
0000  47        BRK                             A:66 X:47 Y:33 P:35 SP:CE CYC: 84
0000  47        BRK                             A:66 X:47 Y:33 P:35 SP:CB CYC: 90
0000  47        BRK                             A:66 X:47 Y:33 P:35 SP:C8 CYC: 96
0000  47        BRK                             A:66 X:47 Y:33 P:35 SP:C5 CYC:102
0000  47        BRK                             A:66 X:47 Y:33 P:35 SP:C2 CYC:108
0000  47        BRK                             A:66 X:47 Y:33 P:35 SP:BF CYC:114
0000  47        BRK                             A:66 X:47 Y:33 P:35 SP:BC CYC:120
0000  47        BRK                             A:66 X:47 Y:33 P:35 SP:B9 CYC:126
0000  47        BRK                             A:66 X:47 Y:33 P:35 SP:B6 CYC:132
0000  47        BRK                             A:66 X:47 Y:33 P:35 SP:B3 CYC:138
0000  47        BRK                             A:66 X:47 Y:33 P:35 SP:B0 CYC:144
0000  47        BRK                             A:66 X:47 Y:33 P:35 SP:AD CYC:150
0000  47        BRK                             A:66 X:47 Y:33 P:35 SP:AA CYC:156
0000  47        BRK                             A:66 X:47 Y:33 P:35 SP:A7 CYC:162
0000  47        BRK                             A:66 X:47 Y:33 P:35 SP:A4 CYC:168
0000  47        BRK                             A:66 X:47 Y:33 P:35 SP:A1 CYC:174
0000  47        BRK                             A:66 X:47 Y:33 P:35 SP:9E CYC:180
0000  47        BRK                             A:66 X:47 Y:33 P:35 SP:9B CYC:186
0000  47        BRK                             A:66 X:47 Y:33 P:35 SP:98 CYC:192
0000  47        BRK                             A:66 X:47 Y:33 P:35 SP:95 CYC:198
0000  47        BRK                             A:66 X:47 Y:33 P:35 SP:92 CYC:204
0000  47        BRK                             A:66 X:47 Y:33 P:35 SP:8F CYC:210
0000  47        BRK                             A:66 X:47 Y:33 P:35 SP:8C CYC:216
0000  47        BRK                             A:66 X:47 Y:33 P:35 SP:89 CYC:222
0000  47        BRK                             A:66 X:47 Y:33 P:35 SP:86 CYC:228
0000  47        BRK                             A:66 X:47 Y:33 P:35 SP:83 CYC:234
0000  47        BRK                             A:66 X:47 Y:33 P:35 SP:80 CYC:240
0000  47        BRK                             A:66 X:47 Y:33 P:35 SP:7D CYC:246
0000  47        BRK                             A:66 X:47 Y:33 P:35 SP:7A CYC:252
0000  47        BRK                             A:66 X:47 Y:33 P:35 SP:77 CYC:258
0000  47        BRK                             A:66 X:47 Y:33 P:35 SP:74 CYC:264
0000  47        BRK                             A:66 X:47 Y:33 P:35 SP:71 CYC:270
0000  47        BRK                             A:66 X:47 Y:33 P:35 SP:6E CYC:276
0000  47        BRK                             A:66 X:47 Y:33 P:35 SP:6B CYC:282
0000  47        BRK                             A:66 X:47 Y:33 P:35 SP:68 CYC:288
0000  47        BRK                             A:66 X:47 Y:33 P:35 SP:65 CYC:294
0000  47        BRK                             A:66 X:47 Y:33 P:35 SP:62 CYC:300
0000  47        BRK                             A:66 X:47 Y:33 P:35 SP:5F CYC:306
0000  47        BRK                             A:66 X:47 Y:33 P:35 SP:5C CYC:312
0000  47        BRK                             A:66 X:47 Y:33 P:35 SP:59 CYC:318
0000  47        BRK                             A:66 X:47 Y:33 P:35 SP:56 CYC:324
0000  47        BRK                             A:66 X:47 Y:33 P:35 SP:53 CYC:330
0000  47        BRK                             A:66 X:47 Y:33 P:35 SP:50 CYC:336
0000  47        BRK                             A:66 X:47 Y:33 P:35 SP:4D CYC:  1
0000  47        BRK                             A:66 X:47 Y:33 P:35 SP:4A CYC:  7
0000  47        BRK                             A:66 X:47 Y:33 P:35 SP:47 CYC: 13
0000  47        BRK                             A:66 X:47 Y:33 P:35 SP:44 CYC: 19
0000  47        BRK                             A:66 X:47 Y:33 P:35 SP:41 CYC: 25
0000  47        BRK                             A:66 X:47 Y:33 P:35 SP:3E CYC: 31
0000  47        BRK                             A:66 X:47 Y:33 P:35 SP:3B CYC: 37
0000  47        BRK                             A:66 X:47 Y:33 P:35 SP:38 CYC: 43
0000  47        BRK                             A:66 X:47 Y:33 P:35 SP:35 CYC: 49
0000  47        BRK                             A:66 X:47 Y:33 P:35 SP:32 CYC: 55
0000  47        BRK                             A:66 X:47 Y:33 P:35 SP:2F CYC: 61
0000  47        BRK                             A:66 X:47 Y:33 P:35 SP:2C CYC: 67
0000  47        BRK                             A:66 X:47 Y:33 P:35 SP:29 CYC: 73
0000  47        BRK                             A:66 X:47 Y:33 P:35 SP:26 CYC: 79
0000  47        BRK                             A:66 X:47 Y:33 P:35 SP:23 CYC: 85
0000  47        BRK                             A:66 X:47 Y:33 P:35 SP:20 CYC: 91
0000  47        BRK                             A:66 X:47 Y:33 P:35 SP:1D CYC: 97
0000  47        BRK                             A:66 X:47 Y:33 P:35 SP:1A CYC:103
0000  47        BRK                             A:66 X:47 Y:33 P:35 SP:17 CYC:109
0000  47        BRK                             A:66 X:47 Y:33 P:35 SP:14 CYC:115
0000  47        BRK                             A:66 X:47 Y:33 P:35 SP:11 CYC:121
0000  47        BRK                             A:66 X:47 Y:33 P:35 SP:0E CYC:127
0000  47        BRK                             A:66 X:47 Y:33 P:35 SP:0B CYC:133
0000  47        BRK                             A:66 X:47 Y:33 P:35 SP:08 CYC:139
0000  47        BRK                             A:66 X:47 Y:33 P:35 SP:05 CYC:145
0000  47        BRK                             A:66 X:47 Y:33 P:35 SP:02 CYC:151
0000  47        BRK                             A:66 X:47 Y:33 P:35 SP:FF CYC:157
0000  47        BRK                             A:66 X:47 Y:33 P:35 SP:FC CYC:163
0000  47        BRK                             A:66 X:47 Y:33 P:35 SP:F9 CYC:169
0000  47        BRK                             A:66 X:47 Y:33 P:35 SP:F6 CYC:175
0000  47        BRK                             A:66 X:47 Y:33 P:35 SP:F3 CYC:181
0000  47        BRK                             A:66 X:47 Y:33 P:35 SP:F0 CYC:187
0000  47        BRK                             A:66 X:47 Y:33 P:35 SP:ED CYC:193
0000  47        BRK                             A:66 X:47 Y:33 P:35 SP:EA CYC:199
0000  47        BRK                             A:66 X:47 Y:33 P:35 SP:E7 CYC:205
0000  47        BRK                             A:66 X:47 Y:33 P:35 SP:E4 CYC:211
0000  47        BRK                             A:66 X:47 Y:33 P:35 SP:E1 CYC:217
0000  47        BRK                             A:66 X:47 Y:33 P:35 SP:DE CYC:223
0000  47        BRK                             A:66 X:47 Y:33 P:35 SP:DB CYC:229
0000  47        BRK                             A:66 X:47 Y:33 P:35 SP:D8 CYC:235
0000  47        BRK                             A:66 X:47 Y:33 P:35 SP:D5 CYC:241
0000  47        BRK                             A:66 X:47 Y:33 P:35 SP:D2 CYC:247
0000  47        BRK                             A:66 X:47 Y:33 P:35 SP:CF CYC:253
0000  47        BRK                             A:66 X:47 Y:33 P:35 SP:CC CYC:259
0000  47        BRK                             A:66 X:47 Y:33 P:35 SP:C9 CYC:265
0000  47        BRK                             A:66 X:47 Y:33 P:35 SP:C6 CYC:271
0000  47        BRK                             A:66 X:47 Y:33 P:35 SP:C3 CYC:277
0000  47        BRK                             A:66 X:47 Y:33 P:35 SP:C0 CYC:283
0000  47        BRK                             A:66 X:47 Y:33 P:35 SP:BD CYC:289
0000  47        BRK                             A:66 X:47 Y:33 P:35 SP:BA CYC:295
0000  47        BRK                             A:66 X:47 Y:33 P:35 SP:B7 CYC:301
0000  47        BRK                             A:66 X:47 Y:33 P:35 SP:B4 CYC:307
0000  47        BRK                             A:66 X:47 Y:33 P:35 SP:B1 CYC:313
0000  47        BRK                             A:66 X:47 Y:33 P:35 SP:AE CYC:319
0000  47        BRK                             A:66 X:47 Y:33 P:35 SP:AB CYC:325
0000  47        BRK                             A:66 X:47 Y:33 P:35 SP:A8 CYC:331
0000  47        BRK                             A:66 X:47 Y:33 P:35 SP:A5 CYC:337
0000  47        BRK                             A:66 X:47 Y:33 P:35 SP:A2 CYC:  2
0000  47        BRK                             A:66 X:47 Y:33 P:35 SP:9F CYC:  8
0000  47        BRK                             A:66 X:47 Y:33 P:35 SP:9C CYC: 14
0000  47        BRK                             A:66 X:47 Y:33 P:35 SP:99 CYC: 20
0000  47        BRK                             A:66 X:47 Y:33 P:35 SP:96 CYC: 26
0000  47        BRK                             A:66 X:47 Y:33 P:35 SP:93 CYC: 32
0000  47        BRK                             A:66 X:47 Y:33 P:35 SP:90 CYC: 38
0000  47        BRK                             A:66 X:47 Y:33 P:35 SP:8D CYC: 44
0000  47        BRK                             A:66 X:47 Y:33 P:35 SP:8A CYC: 50
0000  47        BRK                             A:66 X:47 Y:33 P:35 SP:87 CYC: 56
0000  47        BRK                             A:66 X:47 Y:33 P:35 SP:84 CYC: 62
0000  47        BRK                             A:66 X:47 Y:33 P:35 SP:81 CYC: 68
0000  47        BRK                             A:66 X:47 Y:33 P:35 SP:7E CYC: 74
0000  47        BRK                             A:66 X:47 Y:33 P:35 SP:7B CYC: 80
0000  47        BRK                             A:66 X:47 Y:33 P:35 SP:78 CYC: 86
0000  47        BRK                             A:66 X:47 Y:33 P:35 SP:75 CYC: 92
0000  47        BRK                             A:66 X:47 Y:33 P:35 SP:72 CYC: 98
0000  47        BRK                             A:66 X:47 Y:33 P:35 SP:6F CYC:104
0000  47        BRK                             A:66 X:47 Y:33 P:35 SP:6C CYC:110
0000  47        BRK                             A:66 X:47 Y:33 P:35 SP:69 CYC:116
0000  47        BRK                             A:66 X:47 Y:33 P:35 SP:66 CYC:122
0000  47        BRK                             A:66 X:47 Y:33 P:35 SP:63 CYC:128
0000  47        BRK                             A:66 X:47 Y:33 P:35 SP:60 CYC:134
0000  47        BRK                             A:66 X:47 Y:33 P:35 SP:5D CYC:140
0000  47        BRK                             A:66 X:47 Y:33 P:35 SP:5A CYC:146
0000  47        BRK                             A:66 X:47 Y:33 P:35 SP:57 CYC:152
0000  47        BRK                             A:66 X:47 Y:33 P:35 SP:54 CYC:158
0000  47        BRK                             A:66 X:47 Y:33 P:35 SP:51 CYC:164
0000  47        BRK                             A:66 X:47 Y:33 P:35 SP:4E CYC:170
0000  47        BRK                             A:66 X:47 Y:33 P:35 SP:4B CYC:176
0000  47        BRK                             A:66 X:47 Y:33 P:35 SP:48 CYC:182
0000  47        BRK                             A:66 X:47 Y:33 P:35 SP:45 CYC:188
0000  47        BRK                             A:66 X:47 Y:33 P:35 SP:42 CYC:194
0000  47        BRK                             A:66 X:47 Y:33 P:35 SP:3F CYC:200
0000  47        BRK                             A:66 X:47 Y:33 P:35 SP:3C CYC:206
0000  47        BRK                             A:66 X:47 Y:33 P:35 SP:39 CYC:212
0000  47        BRK                             A:66 X:47 Y:33 P:35 SP:36 CYC:218
0000  47        BRK                             A:66 X:47 Y:33 P:35 SP:33 CYC:224
0000  47        BRK                             A:66 X:47 Y:33 P:35 SP:30 CYC:230
0000  47        BRK                             A:66 X:47 Y:33 P:35 SP:2D CYC:236
0000  47        BRK                             A:66 X:47 Y:33 P:35 SP:2A CYC:242
0000  47        BRK                             A:66 X:47 Y:33 P:35 SP:27 CYC:248
0000  47        BRK                             A:66 X:47 Y:33 P:35 SP:24 CYC:254
0000  47        BRK                             A:66 X:47 Y:33 P:35 SP:21 CYC:260
0000  47        BRK                             A:66 X:47 Y:33 P:35 SP:1E CYC:266
0000  47        BRK                             A:66 X:47 Y:33 P:35 SP:1B CYC:272
0000  47        BRK                             A:66 X:47 Y:33 P:35 SP:18 CYC:278
0000  47        BRK                             A:66 X:47 Y:33 P:35 SP:15 CYC:284
0000  47        BRK                             A:66 X:47 Y:33 P:35 SP:12 CYC:290
0000  47        BRK                             A:66 X:47 Y:33 P:35 SP:0F CYC:296
0000  47        BRK                             A:66 X:47 Y:33 P:35 SP:0C CYC:302
0000  47        BRK                             A:66 X:47 Y:33 P:35 SP:09 CYC:308
0000  47        BRK                             A:66 X:47 Y:33 P:35 SP:06 CYC:314
0000  47        BRK                             A:66 X:47 Y:33 P:35 SP:03 CYC:320
0000  47        BRK                             A:66 X:47 Y:33 P:35 SP:00 CYC:326
0000  47        BRK                             A:66 X:47 Y:33 P:35 SP:FD CYC:332
0000  47        BRK                             A:66 X:47 Y:33 P:35 SP:FA CYC:338
0000  47        BRK                             A:66 X:47 Y:33 P:35 SP:F7 CYC:  3
0000  47        BRK                             A:66 X:47 Y:33 P:35 SP:F4 CYC:  9
0000  47        BRK                             A:66 X:47 Y:33 P:35 SP:F1 CYC: 15
0000  47        BRK                             A:66 X:47 Y:33 P:35 SP:EE CYC: 21
0000  47        BRK                             A:66 X:47 Y:33 P:35 SP:EB CYC: 27
0000  47        BRK                             A:66 X:47 Y:33 P:35 SP:E8 CYC: 33
0000  47        BRK                             A:66 X:47 Y:33 P:35 SP:E5 CYC: 39
0000  47        BRK                             A:66 X:47 Y:33 P:35 SP:E2 CYC: 45
0000  47        BRK                             A:66 X:47 Y:33 P:35 SP:DF CYC: 51
0000  47        BRK                             A:66 X:47 Y:33 P:35 SP:DC CYC: 57
0000  47        BRK                             A:66 X:47 Y:33 P:35 SP:D9 CYC: 63
0000  47        BRK                             A:66 X:47 Y:33 P:35 SP:D6 CYC: 69
0000  47        BRK                             A:66 X:47 Y:33 P:35 SP:D3 CYC: 75
0000  47        BRK                             A:66 X:47 Y:33 P:35 SP:D0 CYC: 81
0000  47        BRK                             A:66 X:47 Y:33 P:35 SP:CD CYC: 87
0000  47        BRK                             A:66 X:47 Y:33 P:35 SP:CA CYC: 93
0000  47        BRK                             A:66 X:47 Y:33 P:35 SP:C7 CYC: 99
0000  47        BRK                             A:66 X:47 Y:33 P:35 SP:C4 CYC:105
0000  47        BRK                             A:66 X:47 Y:33 P:35 SP:C1 CYC:111
0000  47        BRK                             A:66 X:47 Y:33 P:35 SP:BE CYC:117
0000  47        BRK                             A:66 X:47 Y:33 P:35 SP:BB CYC:123
0000  47        BRK                             A:66 X:47 Y:33 P:35 SP:B8 CYC:129
0000  47        BRK                             A:66 X:47 Y:33 P:35 SP:B5 CYC:135
0000  47        BRK                             A:66 X:47 Y:33 P:35 SP:B2 CYC:141
0000  47        BRK                             A:66 X:47 Y:33 P:35 SP:AF CYC:147
0000  47        BRK                             A:66 X:47 Y:33 P:35 SP:AC CYC:153
0000  47        BRK                             A:66 X:47 Y:33 P:35 SP:A9 CYC:159
0000  47        BRK                             A:66 X:47 Y:33 P:35 SP:A6 CYC:165
0000  47        BRK                             A:66 X:47 Y:33 P:35 SP:A3 CYC:171
0000  47        BRK                             A:66 X:47 Y:33 P:35 SP:A0 CYC:177
0000  47        BRK                             A:66 X:47 Y:33 P:35 SP:9D CYC:183
0000  47        BRK                             A:66 X:47 Y:33 P:35 SP:9A CYC:189
0000  47        BRK                             A:66 X:47 Y:33 P:35 SP:97 CYC:195
0000  47        BRK                             A:66 X:47 Y:33 P:35 SP:94 CYC:201
0000  47        BRK                             A:66 X:47 Y:33 P:35 SP:91 CYC:207
0000  47        BRK                             A:66 X:47 Y:33 P:35 SP:8E CYC:213
0000  47        BRK                             A:66 X:47 Y:33 P:35 SP:8B CYC:219
0000  47        BRK                             A:66 X:47 Y:33 P:35 SP:88 CYC:225
0000  47        BRK                             A:66 X:47 Y:33 P:35 SP:85 CYC:231
0000  47        BRK                             A:66 X:47 Y:33 P:35 SP:82 CYC:237
0000  47        BRK                             A:66 X:47 Y:33 P:35 SP:7F CYC:243
0000  47        BRK                             A:66 X:47 Y:33 P:35 SP:7C CYC:249
0000  47        BRK                             A:66 X:47 Y:33 P:35 SP:79 CYC:255
0000  47        BRK                             A:66 X:47 Y:33 P:35 SP:76 CYC:261
0000  47        BRK                             A:66 X:47 Y:33 P:35 SP:73 CYC:267
0000  47        BRK                             A:66 X:47 Y:33 P:35 SP:70 CYC:273
0000  47        BRK                             A:66 X:47 Y:33 P:35 SP:6D CYC:279
0000  47        BRK                             A:66 X:47 Y:33 P:35 SP:6A CYC:285
0000  47        BRK                             A:66 X:47 Y:33 P:35 SP:67 CYC:291
0000  47        BRK                             A:66 X:47 Y:33 P:35 SP:64 CYC:297
0000  47        BRK                             A:66 X:47 Y:33 P:35 SP:61 CYC:303
0000  47        BRK                             A:66 X:47 Y:33 P:35 SP:5E CYC:309
0000  47        BRK                             A:66 X:47 Y:33 P:35 SP:5B CYC:315
0000  47        BRK                             A:66 X:47 Y:33 P:35 SP:58 CYC:321
0000  47        BRK                             A:66 X:47 Y:33 P:35 SP:55 CYC:327
0000  47        BRK                             A:66 X:47 Y:33 P:35 SP:52 CYC:333
0000  47        BRK                             A:66 X:47 Y:33 P:35 SP:4F CYC:339
0000  47        BRK                             A:66 X:47 Y:33 P:35 SP:4C CYC:  4
0000  47        BRK                             A:66 X:47 Y:33 P:35 SP:49 CYC: 10
0000  47        BRK                             A:66 X:47 Y:33 P:35 SP:46 CYC: 16
0000  47        BRK                             A:66 X:47 Y:33 P:35 SP:43 CYC: 22
0000  47        BRK                             A:66 X:47 Y:33 P:35 SP:40 CYC: 28
0000  47        BRK                             A:66 X:47 Y:33 P:35 SP:3D CYC: 34
0000  47        BRK                             A:66 X:47 Y:33 P:35 SP:3A CYC: 40
0000  47        BRK                             A:66 X:47 Y:33 P:35 SP:37 CYC: 46
0000  47        BRK                             A:66 X:47 Y:33 P:35 SP:34 CYC: 52
0000  47        BRK                             A:66 X:47 Y:33 P:35 SP:31 CYC: 58
0000  47        BRK                             A:66 X:47 Y:33 P:35 SP:2E CYC: 64
0000  47        BRK                             A:66 X:47 Y:33 P:35 SP:2B CYC: 70
0000  47        BRK                             A:66 X:47 Y:33 P:35 SP:28 CYC: 76
0000  47        BRK                             A:66 X:47 Y:33 P:35 SP:25 CYC: 82
0000  47        BRK                             A:66 X:47 Y:33 P:35 SP:22 CYC: 88
0000  47        BRK                             A:66 X:47 Y:33 P:35 SP:1F CYC: 94
0000  47        BRK                             A:66 X:47 Y:33 P:35 SP:1C CYC:100
0000  47        BRK                             A:66 X:47 Y:33 P:35 SP:19 CYC:106
0000  47        BRK                             A:66 X:47 Y:33 P:35 SP:16 CYC:112
0000  47        BRK                             A:66 X:47 Y:33 P:35 SP:13 CYC:118
0000  47        BRK                             A:66 X:47 Y:33 P:35 SP:10 CYC:124
0000  47        BRK                             A:66 X:47 Y:33 P:35 SP:0D CYC:130
0000  47        BRK                             A:66 X:47 Y:33 P:35 SP:0A CYC:136
0000  47        BRK                             A:66 X:47 Y:33 P:35 SP:07 CYC:142
0000  47        BRK                             A:66 X:47 Y:33 P:35 SP:04 CYC:148
0000  47        BRK                             A:66 X:47 Y:33 P:35 SP:01 CYC:154
0000  47        BRK                             A:66 X:47 Y:33 P:35 SP:FE CYC:160
0000  47        BRK                             A:66 X:47 Y:33 P:35 SP:FB CYC:166
0000  47        BRK                             A:66 X:47 Y:33 P:35 SP:F8 CYC:172
0000  47        BRK                             A:66 X:47 Y:33 P:35 SP:F5 CYC:178
0000  47        BRK                             A:66 X:47 Y:33 P:35 SP:F2 CYC:184
0000  47        BRK                             A:66 X:47 Y:33 P:35 SP:EF CYC:190
0000  47        BRK                             A:66 X:47 Y:33 P:35 SP:EC CYC:196
0000  47        BRK                             A:66 X:47 Y:33 P:35 SP:E9 CYC:202
0000  47        BRK                             A:66 X:47 Y:33 P:35 SP:E6 CYC:208
0000  47        BRK                             A:66 X:47 Y:33 P:35 SP:E3 CYC:214
0000  47        BRK                             A:66 X:47 Y:33 P:35 SP:E0 CYC:220
0000  47        BRK                             A:66 X:47 Y:33 P:35 SP:DD CYC:226
0000  47        BRK                             A:66 X:47 Y:33 P:35 SP:DA CYC:232
0000  47        BRK                             A:66 X:47 Y:33 P:35 SP:D7 CYC:238
0000  47        BRK                             A:66 X:47 Y:33 P:35 SP:D4 CYC:244
0000  47        BRK                             A:66 X:47 Y:33 P:35 SP:D1 CYC:250
0000  47        BRK                             A:66 X:47 Y:33 P:35 SP:CE CYC:256
0000  47        BRK                             A:66 X:47 Y:33 P:35 SP:CB CYC:262
0000  47        BRK                             A:66 X:47 Y:33 P:35 SP:C8 CYC:268
0000  47        BRK                             A:66 X:47 Y:33 P:35 SP:C5 CYC:274
0000  47        BRK                             A:66 X:47 Y:33 P:35 SP:C2 CYC:280
0000  47        BRK                             A:66 X:47 Y:33 P:35 SP:BF CYC:286
0000  47        BRK                             A:66 X:47 Y:33 P:35 SP:BC CYC:292
0000  47        BRK                             A:66 X:47 Y:33 P:35 SP:B9 CYC:298
0000  47        BRK                             A:66 X:47 Y:33 P:35 SP:B6 CYC:304
0000  47        BRK                             A:66 X:47 Y:33 P:35 SP:B3 CYC:310
0000  47        BRK                             A:66 X:47 Y:33 P:35 SP:B0 CYC:316
0000  47        BRK                             A:66 X:47 Y:33 P:35 SP:AD CYC:322
0000  47        BRK                             A:66 X:47 Y:33 P:35 SP:AA CYC:328
0000  47        BRK                             A:66 X:47 Y:33 P:35 SP:A7 CYC:334
0000  47        BRK                             A:66 X:47 Y:33 P:35 SP:A4 CYC:340
0000  47        BRK                             A:66 X:47 Y:33 P:35 SP:A1 CYC:  5
0000  47        BRK                             A:66 X:47 Y:33 P:35 SP:9E CYC: 11
0000  47        BRK                             A:66 X:47 Y:33 P:35 SP:9B CYC: 17
0000  47        BRK                             A:66 X:47 Y:33 P:35 SP:98 CYC: 23
0000  47        BRK                             A:66 X:47 Y:33 P:35 SP:95 CYC: 29
0000  47        BRK                             A:66 X:47 Y:33 P:35 SP:92 CYC: 35
0000  47        BRK                             A:66 X:47 Y:33 P:35 SP:8F CYC: 41
0000  47        BRK                             A:66 X:47 Y:33 P:35 SP:8C CYC: 47
0000  47        BRK                             A:66 X:47 Y:33 P:35 SP:89 CYC: 53
0000  47        BRK                             A:66 X:47 Y:33 P:35 SP:86 CYC: 59
0000  47        BRK                             A:66 X:47 Y:33 P:35 SP:83 CYC: 65
0000  47        BRK                             A:66 X:47 Y:33 P:35 SP:80 CYC: 71
0000  47        BRK                             A:66 X:47 Y:33 P:35 SP:7D CYC: 77
0000  47        BRK                             A:66 X:47 Y:33 P:35 SP:7A CYC: 83
0000  47        BRK                             A:66 X:47 Y:33 P:35 SP:77 CYC: 89
0000  47        BRK                             A:66 X:47 Y:33 P:35 SP:74 CYC: 95
0000  47        BRK                             A:66 X:47 Y:33 P:35 SP:71 CYC:101
0000  47        BRK                             A:66 X:47 Y:33 P:35 SP:6E CYC:107
0000  47        BRK                             A:66 X:47 Y:33 P:35 SP:6B CYC:113
0000  47        BRK                             A:66 X:47 Y:33 P:35 SP:68 CYC:119
0000  47        BRK                             A:66 X:47 Y:33 P:35 SP:65 CYC:125
0000  47        BRK                             A:66 X:47 Y:33 P:35 SP:62 CYC:131
0000  47        BRK                             A:66 X:47 Y:33 P:35 SP:5F CYC:137
0000  47        BRK                             A:66 X:47 Y:33 P:35 SP:5C CYC:143
0000  47        BRK                             A:66 X:47 Y:33 P:35 SP:59 CYC:149
0000  47        BRK                             A:66 X:47 Y:33 P:35 SP:56 CYC:155
0000  47        BRK                             A:66 X:47 Y:33 P:35 SP:53 CYC:161
0000  47        BRK                             A:66 X:47 Y:33 P:35 SP:50 CYC:167
0000  47        BRK                             A:66 X:47 Y:33 P:35 SP:4D CYC:173
0000  47        BRK                             A:66 X:47 Y:33 P:35 SP:4A CYC:179
0000  47        BRK                             A:66 X:47 Y:33 P:35 SP:47 CYC:185
0000  47        BRK                             A:66 X:47 Y:33 P:35 SP:44 CYC:191
0000  47        BRK                             A:66 X:47 Y:33 P:35 SP:41 CYC:197
0000  47        BRK                             A:66 X:47 Y:33 P:35 SP:3E CYC:203
0000  47        BRK                             A:66 X:47 Y:33 P:35 SP:3B CYC:209
0000  47        BRK                             A:66 X:47 Y:33 P:35 SP:38 CYC:215
0000  47        BRK                             A:66 X:47 Y:33 P:35 SP:35 CYC:221
0000  47        BRK                             A:66 X:47 Y:33 P:35 SP:32 CYC:227
0000  47        BRK                             A:66 X:47 Y:33 P:35 SP:2F CYC:233
0000  47        BRK                             A:66 X:47 Y:33 P:35 SP:2C CYC:239
0000  47        BRK                             A:66 X:47 Y:33 P:35 SP:29 CYC:245
0000  47        BRK                             A:66 X:47 Y:33 P:35 SP:26 CYC:251
0000  47        BRK                             A:66 X:47 Y:33 P:35 SP:23 CYC:257
0000  47        BRK                             A:66 X:47 Y:33 P:35 SP:20 CYC:263
0000  47        BRK                             A:66 X:47 Y:33 P:35 SP:1D CYC:269
0000  47        BRK                             A:66 X:47 Y:33 P:35 SP:1A CYC:275
0000  47        BRK                             A:66 X:47 Y:33 P:35 SP:17 CYC:281
0000  47        BRK                             A:66 X:47 Y:33 P:35 SP:14 CYC:287
0000  47        BRK                             A:66 X:47 Y:33 P:35 SP:11 CYC:293
0000  47        BRK                             A:66 X:47 Y:33 P:35 SP:0E CYC:299
0000  47        BRK                             A:66 X:47 Y:33 P:35 SP:0B CYC:305
0000  47        BRK                             A:66 X:47 Y:33 P:35 SP:08 CYC:311
0000  47        BRK                             A:66 X:47 Y:33 P:35 SP:05 CYC:317
0000  47        BRK                             A:66 X:47 Y:33 P:35 SP:02 CYC:323
0000  47        BRK                             A:66 X:47 Y:33 P:35 SP:FF CYC:329
0000  47        BRK                             A:66 X:47 Y:33 P:35 SP:FC CYC:335
0000  47        BRK                             A:66 X:47 Y:33 P:35 SP:F9 CYC:  0
0000  47        BRK                             A:66 X:47 Y:33 P:35 SP:F6 CYC:  6
0000  47        BRK                             A:66 X:47 Y:33 P:35 SP:F3 CYC: 12
0000  47        BRK                             A:66 X:47 Y:33 P:35 SP:F0 CYC: 18
0000  47        BRK                             A:66 X:47 Y:33 P:35 SP:ED CYC: 24
0000  47        BRK                             A:66 X:47 Y:33 P:35 SP:EA CYC: 30
0000  47        BRK                             A:66 X:47 Y:33 P:35 SP:E7 CYC: 36
0000  47        BRK                             A:66 X:47 Y:33 P:35 SP:E4 CYC: 42
0000  47        BRK                             A:66 X:47 Y:33 P:35 SP:E1 CYC: 48
0000  47        BRK                             A:66 X:47 Y:33 P:35 SP:DE CYC: 54
0000  47        BRK                             A:66 X:47 Y:33 P:35 SP:DB CYC: 60
0000  47        BRK                             A:66 X:47 Y:33 P:35 SP:D8 CYC: 66
0000  47        BRK                             A:66 X:47 Y:33 P:35 SP:D5 CYC: 72
0000  47        BRK                             A:66 X:47 Y:33 P:35 SP:D2 CYC: 78
0000  47        BRK                             A:66 X:47 Y:33 P:35 SP:CF CYC: 84
0000  47        BRK                             A:66 X:47 Y:33 P:35 SP:CC CYC: 90
0000  47        BRK                             A:66 X:47 Y:33 P:35 SP:C9 CYC: 96
0000  47        BRK                             A:66 X:47 Y:33 P:35 SP:C6 CYC:102
0000  47        BRK                             A:66 X:47 Y:33 P:35 SP:C3 CYC:108
0000  47        BRK                             A:66 X:47 Y:33 P:35 SP:C0 CYC:114
0000  47        BRK                             A:66 X:47 Y:33 P:35 SP:BD CYC:120
0000  47        BRK                             A:66 X:47 Y:33 P:35 SP:BA CYC:126
0000  47        BRK                             A:66 X:47 Y:33 P:35 SP:B7 CYC:132
0000  47        BRK                             A:66 X:47 Y:33 P:35 SP:B4 CYC:138
0000  47        BRK                             A:66 X:47 Y:33 P:35 SP:B1 CYC:144
0000  47        BRK                             A:66 X:47 Y:33 P:35 SP:AE CYC:150
0000  47        BRK                             A:66 X:47 Y:33 P:35 SP:AB CYC:156
0000  47        BRK                             A:66 X:47 Y:33 P:35 SP:A8 CYC:162
0000  47        BRK                             A:66 X:47 Y:33 P:35 SP:A5 CYC:168
0000  47        BRK                             A:66 X:47 Y:33 P:35 SP:A2 CYC:174
0000  47        BRK                             A:66 X:47 Y:33 P:35 SP:9F CYC:180
0000  47        BRK                             A:66 X:47 Y:33 P:35 SP:9C CYC:186
0000  47        BRK                             A:66 X:47 Y:33 P:35 SP:99 CYC:192
0000  47        BRK                             A:66 X:47 Y:33 P:35 SP:96 CYC:198
0000  47        BRK                             A:66 X:47 Y:33 P:35 SP:93 CYC:204
0000  47        BRK                             A:66 X:47 Y:33 P:35 SP:90 CYC:210
0000  47        BRK                             A:66 X:47 Y:33 P:35 SP:8D CYC:216
0000  47        BRK                             A:66 X:47 Y:33 P:35 SP:8A CYC:222
0000  47        BRK                             A:66 X:47 Y:33 P:35 SP:87 CYC:228
0000  47        BRK                             A:66 X:47 Y:33 P:35 SP:84 CYC:234
0000  47        BRK                             A:66 X:47 Y:33 P:35 SP:81 CYC:240
0000  47        BRK                             A:66 X:47 Y:33 P:35 SP:7E CYC:246
0000  47        BRK                             A:66 X:47 Y:33 P:35 SP:7B CYC:252
0000  47        BRK                             A:66 X:47 Y:33 P:35 SP:78 CYC:258
0000  47        BRK                             A:66 X:47 Y:33 P:35 SP:75 CYC:264
0000  47        BRK                             A:66 X:47 Y:33 P:35 SP:72 CYC:270
0000  47        BRK                             A:66 X:47 Y:33 P:35 SP:6F CYC:276
0000  47        BRK                             A:66 X:47 Y:33 P:35 SP:6C CYC:282
0000  47        BRK                             A:66 X:47 Y:33 P:35 SP:69 CYC:288
0000  47        BRK                             A:66 X:47 Y:33 P:35 SP:66 CYC:294
0000  47        BRK                             A:66 X:47 Y:33 P:35 SP:63 CYC:300
0000  47        BRK                             A:66 X:47 Y:33 P:35 SP:60 CYC:306
0000  47        BRK                             A:66 X:47 Y:33 P:35 SP:5D CYC:312
0000  47        BRK                             A:66 X:47 Y:33 P:35 SP:5A CYC:318
0000  47        BRK                             A:66 X:47 Y:33 P:35 SP:57 CYC:324
0000  47        BRK                             A:66 X:47 Y:33 P:35 SP:54 CYC:330
0000  47        BRK                             A:66 X:47 Y:33 P:35 SP:51 CYC:336
0000  47        BRK                             A:66 X:47 Y:33 P:35 SP:4E CYC:  1
0000  47        BRK                             A:66 X:47 Y:33 P:35 SP:4B CYC:  7
0000  47        BRK                             A:66 X:47 Y:33 P:35 SP:48 CYC: 13
0000  47        BRK                             A:66 X:47 Y:33 P:35 SP:45 CYC: 19
0000  47        BRK                             A:66 X:47 Y:33 P:35 SP:42 CYC: 25
0000  47        BRK                             A:66 X:47 Y:33 P:35 SP:3F CYC: 31
0000  47        BRK                             A:66 X:47 Y:33 P:35 SP:3C CYC: 37
0000  47        BRK                             A:66 X:47 Y:33 P:35 SP:39 CYC: 43
0000  47        BRK                             A:66 X:47 Y:33 P:35 SP:36 CYC: 49
0000  47        BRK                             A:66 X:47 Y:33 P:35 SP:33 CYC: 55
0000  47        BRK                             A:66 X:47 Y:33 P:35 SP:30 CYC: 61
0000  47        BRK                             A:66 X:47 Y:33 P:35 SP:2D CYC: 67
0000  47        BRK                             A:66 X:47 Y:33 P:35 SP:2A CYC: 73
0000  47        BRK                             A:66 X:47 Y:33 P:35 SP:27 CYC: 79
0000  47        BRK                             A:66 X:47 Y:33 P:35 SP:24 CYC: 85
0000  47        BRK                             A:66 X:47 Y:33 P:35 SP:21 CYC: 91
0000  47        BRK                             A:66 X:47 Y:33 P:35 SP:1E CYC: 97
0000  47        BRK                             A:66 X:47 Y:33 P:35 SP:1B CYC:103
0000  47        BRK                             A:66 X:47 Y:33 P:35 SP:18 CYC:109
0000  47        BRK                             A:66 X:47 Y:33 P:35 SP:15 CYC:115
0000  47        BRK                             A:66 X:47 Y:33 P:35 SP:12 CYC:121
0000  47        BRK                             A:66 X:47 Y:33 P:35 SP:0F CYC:127
0000  47        BRK                             A:66 X:47 Y:33 P:35 SP:0C CYC:133
0000  47        BRK                             A:66 X:47 Y:33 P:35 SP:09 CYC:139
0000  47        BRK                             A:66 X:47 Y:33 P:35 SP:06 CYC:145
0000  47        BRK                             A:66 X:47 Y:33 P:35 SP:03 CYC:151
0000  47        BRK                             A:66 X:47 Y:33 P:35 SP:00 CYC:157
0000  47        BRK                             A:66 X:47 Y:33 P:35 SP:FD CYC:163
0000  47        BRK                             A:66 X:47 Y:33 P:35 SP:FA CYC:169
0000  47        BRK                             A:66 X:47 Y:33 P:35 SP:F7 CYC:175
0000  47        BRK                             A:66 X:47 Y:33 P:35 SP:F4 CYC:181
0000  47        BRK                             A:66 X:47 Y:33 P:35 SP:F1 CYC:187
0000  47        BRK                             A:66 X:47 Y:33 P:35 SP:EE CYC:193
0000  47        BRK                             A:66 X:47 Y:33 P:35 SP:EB CYC:199
0000  47        BRK                             A:66 X:47 Y:33 P:35 SP:E8 CYC:205
0000  47        BRK                             A:66 X:47 Y:33 P:35 SP:E5 CYC:211
0000  47        BRK                             A:66 X:47 Y:33 P:35 SP:E2 CYC:217
0000  47        BRK                             A:66 X:47 Y:33 P:35 SP:DF CYC:223
0000  47        BRK                             A:66 X:47 Y:33 P:35 SP:DC CYC:229
0000  47        BRK                             A:66 X:47 Y:33 P:35 SP:D9 CYC:235
0000  47        BRK                             A:66 X:47 Y:33 P:35 SP:D6 CYC:241
0000  47        BRK                             A:66 X:47 Y:33 P:35 SP:D3 CYC:247
0000  47        BRK                             A:66 X:47 Y:33 P:35 SP:D0 CYC:253
0000  47        BRK                             A:66 X:47 Y:33 P:35 SP:CD CYC:259
0000  47        BRK                             A:66 X:47 Y:33 P:35 SP:CA CYC:265
0000  47        BRK                             A:66 X:47 Y:33 P:35 SP:C7 CYC:271
0000  47        BRK                             A:66 X:47 Y:33 P:35 SP:C4 CYC:277
0000  47        BRK                             A:66 X:47 Y:33 P:35 SP:C1 CYC:283
0000  47        BRK                             A:66 X:47 Y:33 P:35 SP:BE CYC:289
0000  47        BRK                             A:66 X:47 Y:33 P:35 SP:BB CYC:295
0000  47        BRK                             A:66 X:47 Y:33 P:35 SP:B8 CYC:301
0000  47        BRK                             A:66 X:47 Y:33 P:35 SP:B5 CYC:307
0000  47        BRK                             A:66 X:47 Y:33 P:35 SP:B2 CYC:313
0000  47        BRK                             A:66 X:47 Y:33 P:35 SP:AF CYC:319
0000  47        BRK                             A:66 X:47 Y:33 P:35 SP:AC CYC:325
0000  47        BRK                             A:66 X:47 Y:33 P:35 SP:A9 CYC:331
0000  47        BRK                             A:66 X:47 Y:33 P:35 SP:A6 CYC:337
0000  47        BRK                             A:66 X:47 Y:33 P:35 SP:A3 CYC:  2
0000  47        BRK                             A:66 X:47 Y:33 P:35 SP:A0 CYC:  8
0000  47        BRK                             A:66 X:47 Y:33 P:35 SP:9D CYC: 14
0000  47        BRK                             A:66 X:47 Y:33 P:35 SP:9A CYC: 20
0000  47        BRK                             A:66 X:47 Y:33 P:35 SP:97 CYC: 26
0000  47        BRK                             A:66 X:47 Y:33 P:35 SP:94 CYC: 32
0000  47        BRK                             A:66 X:47 Y:33 P:35 SP:91 CYC: 38
0000  47        BRK                             A:66 X:47 Y:33 P:35 SP:8E CYC: 44
0000  47        BRK                             A:66 X:47 Y:33 P:35 SP:8B CYC: 50
0000  47        BRK                             A:66 X:47 Y:33 P:35 SP:88 CYC: 56
0000  47        BRK                             A:66 X:47 Y:33 P:35 SP:85 CYC: 62
0000  47        BRK                             A:66 X:47 Y:33 P:35 SP:82 CYC: 68
0000  47        BRK                             A:66 X:47 Y:33 P:35 SP:7F CYC: 74
0000  47        BRK                             A:66 X:47 Y:33 P:35 SP:7C CYC: 80
0000  47        BRK                             A:66 X:47 Y:33 P:35 SP:79 CYC: 86
0000  47        BRK                             A:66 X:47 Y:33 P:35 SP:76 CYC: 92
0000  47        BRK                             A:66 X:47 Y:33 P:35 SP:73 CYC: 98
0000  47        BRK                             A:66 X:47 Y:33 P:35 SP:70 CYC:104
0000  47        BRK                             A:66 X:47 Y:33 P:35 SP:6D CYC:110
0000  47        BRK                             A:66 X:47 Y:33 P:35 SP:6A CYC:116
0000  47        BRK                             A:66 X:47 Y:33 P:35 SP:67 CYC:122
0000  47        BRK                             A:66 X:47 Y:33 P:35 SP:64 CYC:128
0000  47        BRK                             A:66 X:47 Y:33 P:35 SP:61 CYC:134
0000  47        BRK                             A:66 X:47 Y:33 P:35 SP:5E CYC:140
0000  47        BRK                             A:66 X:47 Y:33 P:35 SP:5B CYC:146
0000  47        BRK                             A:66 X:47 Y:33 P:35 SP:58 CYC:152
0000  47        BRK                             A:66 X:47 Y:33 P:35 SP:55 CYC:158
0000  47        BRK                             A:66 X:47 Y:33 P:35 SP:52 CYC:164
0000  47        BRK                             A:66 X:47 Y:33 P:35 SP:4F CYC:170
0000  47        BRK                             A:66 X:47 Y:33 P:35 SP:4C CYC:176
0000  47        BRK                             A:66 X:47 Y:33 P:35 SP:49 CYC:182
0000  47        BRK                             A:66 X:47 Y:33 P:35 SP:46 CYC:188
0000  47        BRK                             A:66 X:47 Y:33 P:35 SP:43 CYC:194
0000  47        BRK                             A:66 X:47 Y:33 P:35 SP:40 CYC:200
0000  47        BRK                             A:66 X:47 Y:33 P:35 SP:3D CYC:206
0000  47        BRK                             A:66 X:47 Y:33 P:35 SP:3A CYC:212
0000  47        BRK                             A:66 X:47 Y:33 P:35 SP:37 CYC:218
0000  47        BRK                             A:66 X:47 Y:33 P:35 SP:34 CYC:224
0000  47        BRK                             A:66 X:47 Y:33 P:35 SP:31 CYC:230
0000  47        BRK                             A:66 X:47 Y:33 P:35 SP:2E CYC:236
0000  47        BRK                             A:66 X:47 Y:33 P:35 SP:2B CYC:242
0000  47        BRK                             A:66 X:47 Y:33 P:35 SP:28 CYC:248
0000  47        BRK                             A:66 X:47 Y:33 P:35 SP:25 CYC:254
0000  47        BRK                             A:66 X:47 Y:33 P:35 SP:22 CYC:260
0000  47        BRK                             A:66 X:47 Y:33 P:35 SP:1F CYC:266
0000  47        BRK                             A:66 X:47 Y:33 P:35 SP:1C CYC:272
0000  47        BRK                             A:66 X:47 Y:33 P:35 SP:19 CYC:278
0000  47        BRK                             A:66 X:47 Y:33 P:35 SP:16 CYC:284
0000  47        BRK                             A:66 X:47 Y:33 P:35 SP:13 CYC:290
0000  47        BRK                             A:66 X:47 Y:33 P:35 SP:10 CYC:296
0000  47        BRK                             A:66 X:47 Y:33 P:35 SP:0D CYC:302
0000  47        BRK                             A:66 X:47 Y:33 P:35 SP:0A CYC:308
0000  47        BRK                             A:66 X:47 Y:33 P:35 SP:07 CYC:314
0000  47        BRK                             A:66 X:47 Y:33 P:35 SP:04 CYC:320
0000  47        BRK                             A:66 X:47 Y:33 P:35 SP:01 CYC:326
0000  47        BRK                             A:66 X:47 Y:33 P:35 SP:FE CYC:332
0000  47        BRK                             A:66 X:47 Y:33 P:35 SP:FB CYC:338
0000  47        BRK                             A:66 X:47 Y:33 P:35 SP:F8 CYC:  3
0000  47        BRK                             A:66 X:47 Y:33 P:35 SP:F5 CYC:  9
0000  47        BRK                             A:66 X:47 Y:33 P:35 SP:F2 CYC: 15
0000  47        BRK                             A:66 X:47 Y:33 P:35 SP:EF CYC: 21
0000  47        BRK                             A:66 X:47 Y:33 P:35 SP:EC CYC: 27
0000  47        BRK                             A:66 X:47 Y:33 P:35 SP:E9 CYC: 33
0000  47        BRK                             A:66 X:47 Y:33 P:35 SP:E6 CYC: 39
0000  47        BRK                             A:66 X:47 Y:33 P:35 SP:E3 CYC: 45
0000  47        BRK                             A:66 X:47 Y:33 P:35 SP:E0 CYC: 51
0000  47        BRK                             A:66 X:47 Y:33 P:35 SP:DD CYC: 57
0000  47        BRK                             A:66 X:47 Y:33 P:35 SP:DA CYC: 63
0000  47        BRK                             A:66 X:47 Y:33 P:35 SP:D7 CYC: 69
0000  47        BRK                             A:66 X:47 Y:33 P:35 SP:D4 CYC: 75
0000  47        BRK                             A:66 X:47 Y:33 P:35 SP:D1 CYC: 81
0000  47        BRK                             A:66 X:47 Y:33 P:35 SP:CE CYC: 87
0000  47        BRK                             A:66 X:47 Y:33 P:35 SP:CB CYC: 93
0000  47        BRK                             A:66 X:47 Y:33 P:35 SP:C8 CYC: 99
0000  47        BRK                             A:66 X:47 Y:33 P:35 SP:C5 CYC:105
0000  47        BRK                             A:66 X:47 Y:33 P:35 SP:C2 CYC:111
0000  47        BRK                             A:66 X:47 Y:33 P:35 SP:BF CYC:117
0000  47        BRK                             A:66 X:47 Y:33 P:35 SP:BC CYC:123
0000  47        BRK                             A:66 X:47 Y:33 P:35 SP:B9 CYC:129
0000  47        BRK                             A:66 X:47 Y:33 P:35 SP:B6 CYC:135
0000  47        BRK                             A:66 X:47 Y:33 P:35 SP:B3 CYC:141
0000  47        BRK                             A:66 X:47 Y:33 P:35 SP:B0 CYC:147
0000  47        BRK                             A:66 X:47 Y:33 P:35 SP:AD CYC:153
0000  47        BRK                             A:66 X:47 Y:33 P:35 SP:AA CYC:159
0000  47        BRK                             A:66 X:47 Y:33 P:35 SP:A7 CYC:165
0000  47        BRK                             A:66 X:47 Y:33 P:35 SP:A4 CYC:171
0000  47        BRK                             A:66 X:47 Y:33 P:35 SP:A1 CYC:177
0000  47        BRK                             A:66 X:47 Y:33 P:35 SP:9E CYC:183
0000  47        BRK                             A:66 X:47 Y:33 P:35 SP:9B CYC:189
0000  47        BRK                             A:66 X:47 Y:33 P:35 SP:98 CYC:195
0000  47        BRK                             A:66 X:47 Y:33 P:35 SP:95 CYC:201
0000  47        BRK                             A:66 X:47 Y:33 P:35 SP:92 CYC:207
0000  47        BRK                             A:66 X:47 Y:33 P:35 SP:8F CYC:213
0000  47        BRK                             A:66 X:47 Y:33 P:35 SP:8C CYC:219
0000  47        BRK                             A:66 X:47 Y:33 P:35 SP:89 CYC:225
0000  47        BRK                             A:66 X:47 Y:33 P:35 SP:86 CYC:231
0000  47        BRK                             A:66 X:47 Y:33 P:35 SP:83 CYC:237
0000  47        BRK                             A:66 X:47 Y:33 P:35 SP:80 CYC:243
0000  47        BRK                             A:66 X:47 Y:33 P:35 SP:7D CYC:249
0000  47        BRK                             A:66 X:47 Y:33 P:35 SP:7A CYC:255
0000  47        BRK                             A:66 X:47 Y:33 P:35 SP:77 CYC:261
0000  47        BRK                             A:66 X:47 Y:33 P:35 SP:74 CYC:267
0000  47        BRK                             A:66 X:47 Y:33 P:35 SP:71 CYC:273
0000  47        BRK                             A:66 X:47 Y:33 P:35 SP:6E CYC:279
0000  47        BRK                             A:66 X:47 Y:33 P:35 SP:6B CYC:285
0000  47        BRK                             A:66 X:47 Y:33 P:35 SP:68 CYC:291
0000  47        BRK                             A:66 X:47 Y:33 P:35 SP:65 CYC:297
0000  47        BRK                             A:66 X:47 Y:33 P:35 SP:62 CYC:303
0000  47        BRK                             A:66 X:47 Y:33 P:35 SP:5F CYC:309
0000  47        BRK                             A:66 X:47 Y:33 P:35 SP:5C CYC:315
0000  47        BRK                             A:66 X:47 Y:33 P:35 SP:59 CYC:321
0000  47        BRK                             A:66 X:47 Y:33 P:35 SP:56 CYC:327
0000  47        BRK                             A:66 X:47 Y:33 P:35 SP:53 CYC:333
0000  47        BRK                             A:66 X:47 Y:33 P:35 SP:50 CYC:339
0000  47        BRK                             A:66 X:47 Y:33 P:35 SP:4D CYC:  4
0000  47        BRK                             A:66 X:47 Y:33 P:35 SP:4A CYC: 10
0000  47        BRK                             A:66 X:47 Y:33 P:35 SP:47 CYC: 16
0000  47        BRK                             A:66 X:47 Y:33 P:35 SP:44 CYC: 22
0000  47        BRK                             A:66 X:47 Y:33 P:35 SP:41 CYC: 28
0000  47        BRK                             A:66 X:47 Y:33 P:35 SP:3E CYC: 34
0000  47        BRK                             A:66 X:47 Y:33 P:35 SP:3B CYC: 40
0000  47        BRK                             A:66 X:47 Y:33 P:35 SP:38 CYC: 46
0000  47        BRK                             A:66 X:47 Y:33 P:35 SP:35 CYC: 52
0000  47        BRK                             A:66 X:47 Y:33 P:35 SP:32 CYC: 58
0000  47        BRK                             A:66 X:47 Y:33 P:35 SP:2F CYC: 64
0000  47        BRK                             A:66 X:47 Y:33 P:35 SP:2C CYC: 70
0000  47        BRK                             A:66 X:47 Y:33 P:35 SP:29 CYC: 76
0000  47        BRK                             A:66 X:47 Y:33 P:35 SP:26 CYC: 82
0000  47        BRK                             A:66 X:47 Y:33 P:35 SP:23 CYC: 88
0000  47        BRK                             A:66 X:47 Y:33 P:35 SP:20 CYC: 94
0000  47        BRK                             A:66 X:47 Y:33 P:35 SP:1D CYC:100
0000  47        BRK                             A:66 X:47 Y:33 P:35 SP:1A CYC:106
0000  47        BRK                             A:66 X:47 Y:33 P:35 SP:17 CYC:112
0000  47        BRK                             A:66 X:47 Y:33 P:35 SP:14 CYC:118
0000  47        BRK                             A:66 X:47 Y:33 P:35 SP:11 CYC:124
0000  47        BRK                             A:66 X:47 Y:33 P:35 SP:0E CYC:130
0000  47        BRK                             A:66 X:47 Y:33 P:35 SP:0B CYC:136
0000  47        BRK                             A:66 X:47 Y:33 P:35 SP:08 CYC:142
0000  47        BRK                             A:66 X:47 Y:33 P:35 SP:05 CYC:148
0000  47        BRK                             A:66 X:47 Y:33 P:35 SP:02 CYC:154
0000  47        BRK                             A:66 X:47 Y:33 P:35 SP:FF CYC:160
0000  47        BRK                             A:66 X:47 Y:33 P:35 SP:FC CYC:166
0000  47        BRK                             A:66 X:47 Y:33 P:35 SP:F9 CYC:172
0000  47        BRK                             A:66 X:47 Y:33 P:35 SP:F6 CYC:178
0000  47        BRK                             A:66 X:47 Y:33 P:35 SP:F3 CYC:184
0000  47        BRK                             A:66 X:47 Y:33 P:35 SP:F0 CYC:190
0000  47        BRK                             A:66 X:47 Y:33 P:35 SP:ED CYC:196
0000  47        BRK                             A:66 X:47 Y:33 P:35 SP:EA CYC:202
0000  47        BRK                             A:66 X:47 Y:33 P:35 SP:E7 CYC:208
0000  47        BRK                             A:66 X:47 Y:33 P:35 SP:E4 CYC:214
0000  47        BRK                             A:66 X:47 Y:33 P:35 SP:E1 CYC:220
0000  47        BRK                             A:66 X:47 Y:33 P:35 SP:DE CYC:226
0000  47        BRK                             A:66 X:47 Y:33 P:35 SP:DB CYC:232
0000  47        BRK                             A:66 X:47 Y:33 P:35 SP:D8 CYC:238
0000  47        BRK                             A:66 X:47 Y:33 P:35 SP:D5 CYC:244
0000  47        BRK                             A:66 X:47 Y:33 P:35 SP:D2 CYC:250
0000  47        BRK                             A:66 X:47 Y:33 P:35 SP:CF CYC:256
0000  47        BRK                             A:66 X:47 Y:33 P:35 SP:CC CYC:262
0000  47        BRK                             A:66 X:47 Y:33 P:35 SP:C9 CYC:268
0000  47        BRK                             A:66 X:47 Y:33 P:35 SP:C6 CYC:274
0000  47        BRK                             A:66 X:47 Y:33 P:35 SP:C3 CYC:280
0000  47        BRK                             A:66 X:47 Y:33 P:35 SP:C0 CYC:286
0000  47        BRK                             A:66 X:47 Y:33 P:35 SP:BD CYC:292
0000  47        BRK                             A:66 X:47 Y:33 P:35 SP:BA CYC:298
0000  47        BRK                             A:66 X:47 Y:33 P:35 SP:B7 CYC:304
0000  47        BRK                             A:66 X:47 Y:33 P:35 SP:B4 CYC:310
0000  47        BRK                             A:66 X:47 Y:33 P:35 SP:B1 CYC:316
0000  47        BRK                             A:66 X:47 Y:33 P:35 SP:AE CYC:322
0000  47        BRK                             A:66 X:47 Y:33 P:35 SP:AB CYC:328
0000  47        BRK                             A:66 X:47 Y:33 P:35 SP:A8 CYC:334
0000  47        BRK                             A:66 X:47 Y:33 P:35 SP:A5 CYC:340
0000  47        BRK                             A:66 X:47 Y:33 P:35 SP:A2 CYC:  5
0000  47        BRK                             A:66 X:47 Y:33 P:35 SP:9F CYC: 11
0000  47        BRK                             A:66 X:47 Y:33 P:35 SP:9C CYC: 17
0000  47        BRK                             A:66 X:47 Y:33 P:35 SP:99 CYC: 23
0000  47        BRK                             A:66 X:47 Y:33 P:35 SP:96 CYC: 29
0000  47        BRK                             A:66 X:47 Y:33 P:35 SP:93 CYC: 35
0000  47        BRK                             A:66 X:47 Y:33 P:35 SP:90 CYC: 41
0000  47        BRK                             A:66 X:47 Y:33 P:35 SP:8D CYC: 47
0000  47        BRK                             A:66 X:47 Y:33 P:35 SP:8A CYC: 53
0000  47        BRK                             A:66 X:47 Y:33 P:35 SP:87 CYC: 59
0000  47        BRK                             A:66 X:47 Y:33 P:35 SP:84 CYC: 65
0000  47        BRK                             A:66 X:47 Y:33 P:35 SP:81 CYC: 71
0000  47        BRK                             A:66 X:47 Y:33 P:35 SP:7E CYC: 77
0000  47        BRK                             A:66 X:47 Y:33 P:35 SP:7B CYC: 83
0000  47        BRK                             A:66 X:47 Y:33 P:35 SP:78 CYC: 89
0000  47        BRK                             A:66 X:47 Y:33 P:35 SP:75 CYC: 95
0000  47        BRK                             A:66 X:47 Y:33 P:35 SP:72 CYC:101
0000  47        BRK                             A:66 X:47 Y:33 P:35 SP:6F CYC:107
0000  47        BRK                             A:66 X:47 Y:33 P:35 SP:6C CYC:113
0000  47        BRK                             A:66 X:47 Y:33 P:35 SP:69 CYC:119
0000  47        BRK                             A:66 X:47 Y:33 P:35 SP:66 CYC:125
0000  47        BRK                             A:66 X:47 Y:33 P:35 SP:63 CYC:131
0000  47        BRK                             A:66 X:47 Y:33 P:35 SP:60 CYC:137
0000  47        BRK                             A:66 X:47 Y:33 P:35 SP:5D CYC:143
0000  47        BRK                             A:66 X:47 Y:33 P:35 SP:5A CYC:149
0000  47        BRK                             A:66 X:47 Y:33 P:35 SP:57 CYC:155
0000  47        BRK                             A:66 X:47 Y:33 P:35 SP:54 CYC:161
0000  47        BRK                             A:66 X:47 Y:33 P:35 SP:51 CYC:167
0000  47        BRK                             A:66 X:47 Y:33 P:35 SP:4E CYC:173
0000  47        BRK                             A:66 X:47 Y:33 P:35 SP:4B CYC:179
0000  47        BRK                             A:66 X:47 Y:33 P:35 SP:48 CYC:185
0000  47        BRK                             A:66 X:47 Y:33 P:35 SP:45 CYC:191
0000  47        BRK                             A:66 X:47 Y:33 P:35 SP:42 CYC:197
0000  47        BRK                             A:66 X:47 Y:33 P:35 SP:3F CYC:203
0000  47        BRK                             A:66 X:47 Y:33 P:35 SP:3C CYC:209
0000  47        BRK                             A:66 X:47 Y:33 P:35 SP:39 CYC:215
0000  47        BRK                             A:66 X:47 Y:33 P:35 SP:36 CYC:221
0000  47        BRK                             A:66 X:47 Y:33 P:35 SP:33 CYC:227
0000  47        BRK                             A:66 X:47 Y:33 P:35 SP:30 CYC:233
0000  47        BRK                             A:66 X:47 Y:33 P:35 SP:2D CYC:239
0000  47        BRK                             A:66 X:47 Y:33 P:35 SP:2A CYC:245
0000  47        BRK                             A:66 X:47 Y:33 P:35 SP:27 CYC:251
0000  47        BRK                             A:66 X:47 Y:33 P:35 SP:24 CYC:257
0000  47        BRK                             A:66 X:47 Y:33 P:35 SP:21 CYC:263
0000  47        BRK                             A:66 X:47 Y:33 P:35 SP:1E CYC:269
0000  47        BRK                             A:66 X:47 Y:33 P:35 SP:1B CYC:275
0000  47        BRK                             A:66 X:47 Y:33 P:35 SP:18 CYC:281
0000  47        BRK                             A:66 X:47 Y:33 P:35 SP:15 CYC:287
0000  47        BRK                             A:66 X:47 Y:33 P:35 SP:12 CYC:293
0000  47        BRK                             A:66 X:47 Y:33 P:35 SP:0F CYC:299
0000  47        BRK                             A:66 X:47 Y:33 P:35 SP:0C CYC:305
0000  47        BRK                             A:66 X:47 Y:33 P:35 SP:09 CYC:311
0000  47        BRK                             A:66 X:47 Y:33 P:35 SP:06 CYC:317
0000  47        BRK                             A:66 X:47 Y:33 P:35 SP:03 CYC:323
0000  47        BRK                             A:66 X:47 Y:33 P:35 SP:00 CYC:329
0000  47        BRK                             A:66 X:47 Y:33 P:35 SP:FD CYC:335
0000  47        BRK                             A:66 X:47 Y:33 P:35 SP:FA CYC:  0
0000  47        BRK                             A:66 X:47 Y:33 P:35 SP:F7 CYC:  6
0000  47        BRK                             A:66 X:47 Y:33 P:35 SP:F4 CYC: 12
0000  47        BRK                             A:66 X:47 Y:33 P:35 SP:F1 CYC: 18
0000  47        BRK                             A:66 X:47 Y:33 P:35 SP:EE CYC: 24
0000  47        BRK                             A:66 X:47 Y:33 P:35 SP:EB CYC: 30
0000  47        BRK                             A:66 X:47 Y:33 P:35 SP:E8 CYC: 36
0000  47        BRK                             A:66 X:47 Y:33 P:35 SP:E5 CYC: 42
0000  47        BRK                             A:66 X:47 Y:33 P:35 SP:E2 CYC: 48
0000  47        BRK                             A:66 X:47 Y:33 P:35 SP:DF CYC: 54
0000  47        BRK                             A:66 X:47 Y:33 P:35 SP:DC CYC: 60
0000  47        BRK                             A:66 X:47 Y:33 P:35 SP:D9 CYC: 66
0000  47        BRK                             A:66 X:47 Y:33 P:35 SP:D6 CYC: 72
0000  47        BRK                             A:66 X:47 Y:33 P:35 SP:D3 CYC: 78
0000  47        BRK                             A:66 X:47 Y:33 P:35 SP:D0 CYC: 84
0000  47        BRK                             A:66 X:47 Y:33 P:35 SP:CD CYC: 90
0000  47        BRK                             A:66 X:47 Y:33 P:35 SP:CA CYC: 96
0000  47        BRK                             A:66 X:47 Y:33 P:35 SP:C7 CYC:102
0000  47        BRK                             A:66 X:47 Y:33 P:35 SP:C4 CYC:108
0000  47        BRK                             A:66 X:47 Y:33 P:35 SP:C1 CYC:114
0000  47        BRK                             A:66 X:47 Y:33 P:35 SP:BE CYC:120
0000  47        BRK                             A:66 X:47 Y:33 P:35 SP:BB CYC:126
0000  47        BRK                             A:66 X:47 Y:33 P:35 SP:B8 CYC:132
0000  47        BRK                             A:66 X:47 Y:33 P:35 SP:B5 CYC:138
0000  47        BRK                             A:66 X:47 Y:33 P:35 SP:B2 CYC:144
0000  47        BRK                             A:66 X:47 Y:33 P:35 SP:AF CYC:150
0000  47        BRK                             A:66 X:47 Y:33 P:35 SP:AC CYC:156
0000  47        BRK                             A:66 X:47 Y:33 P:35 SP:A9 CYC:162
0000  47        BRK                             A:66 X:47 Y:33 P:35 SP:A6 CYC:168
0000  47        BRK                             A:66 X:47 Y:33 P:35 SP:A3 CYC:174
0000  47        BRK                             A:66 X:47 Y:33 P:35 SP:A0 CYC:180
0000  47        BRK                             A:66 X:47 Y:33 P:35 SP:9D CYC:186
0000  47        BRK                             A:66 X:47 Y:33 P:35 SP:9A CYC:192
0000  47        BRK                             A:66 X:47 Y:33 P:35 SP:97 CYC:198
0000  47        BRK                             A:66 X:47 Y:33 P:35 SP:94 CYC:204
0000  47        BRK                             A:66 X:47 Y:33 P:35 SP:91 CYC:210
0000  47        BRK                             A:66 X:47 Y:33 P:35 SP:8E CYC:216
0000  47        BRK                             A:66 X:47 Y:33 P:35 SP:8B CYC:222
0000  47        BRK                             A:66 X:47 Y:33 P:35 SP:88 CYC:228
0000  47        BRK                             A:66 X:47 Y:33 P:35 SP:85 CYC:234
0000  47        BRK                             A:66 X:47 Y:33 P:35 SP:82 CYC:240
0000  47        BRK                             A:66 X:47 Y:33 P:35 SP:7F CYC:246
0000  47        BRK                             A:66 X:47 Y:33 P:35 SP:7C CYC:252
0000  47        BRK                             A:66 X:47 Y:33 P:35 SP:79 CYC:258
0000  47        BRK                             A:66 X:47 Y:33 P:35 SP:76 CYC:264
0000  47        BRK                             A:66 X:47 Y:33 P:35 SP:73 CYC:270
0000  47        BRK                             A:66 X:47 Y:33 P:35 SP:70 CYC:276
0000  47        BRK                             A:66 X:47 Y:33 P:35 SP:6D CYC:282
0000  47        BRK                             A:66 X:47 Y:33 P:35 SP:6A CYC:288
0000  47        BRK                             A:66 X:47 Y:33 P:35 SP:67 CYC:294
0000  47        BRK                             A:66 X:47 Y:33 P:35 SP:64 CYC:300
0000  47        BRK                             A:66 X:47 Y:33 P:35 SP:61 CYC:306
0000  47        BRK                             A:66 X:47 Y:33 P:35 SP:5E CYC:312
0000  47        BRK                             A:66 X:47 Y:33 P:35 SP:5B CYC:318
0000  47        BRK                             A:66 X:47 Y:33 P:35 SP:58 CYC:324
0000  47        BRK                             A:66 X:47 Y:33 P:35 SP:55 CYC:330
0000  47        BRK                             A:66 X:47 Y:33 P:35 SP:52 CYC:336
0000  47        BRK                             A:66 X:47 Y:33 P:35 SP:4F CYC:  1
0000  47        BRK                             A:66 X:47 Y:33 P:35 SP:4C CYC:  7
0000  47        BRK                             A:66 X:47 Y:33 P:35 SP:49 CYC: 13
0000  47        BRK                             A:66 X:47 Y:33 P:35 SP:46 CYC: 19
0000  47        BRK                             A:66 X:47 Y:33 P:35 SP:43 CYC: 25
0000  47        BRK                             A:66 X:47 Y:33 P:35 SP:40 CYC: 31
0000  47        BRK                             A:66 X:47 Y:33 P:35 SP:3D CYC: 37
0000  47        BRK                             A:66 X:47 Y:33 P:35 SP:3A CYC: 43
0000  47        BRK                             A:66 X:47 Y:33 P:35 SP:37 CYC: 49
0000  47        BRK                             A:66 X:47 Y:33 P:35 SP:34 CYC: 55
0000  47        BRK                             A:66 X:47 Y:33 P:35 SP:31 CYC: 61
0000  47        BRK                             A:66 X:47 Y:33 P:35 SP:2E CYC: 67
0000  47        BRK                             A:66 X:47 Y:33 P:35 SP:2B CYC: 73
0000  47        BRK                             A:66 X:47 Y:33 P:35 SP:28 CYC: 79
0000  47        BRK                             A:66 X:47 Y:33 P:35 SP:25 CYC: 85
0000  47        BRK                             A:66 X:47 Y:33 P:35 SP:22 CYC: 91
0000  47        BRK                             A:66 X:47 Y:33 P:35 SP:1F CYC: 97
0000  47        BRK                             A:66 X:47 Y:33 P:35 SP:1C CYC:103
0000  47        BRK                             A:66 X:47 Y:33 P:35 SP:19 CYC:109
0000  47        BRK                             A:66 X:47 Y:33 P:35 SP:16 CYC:115
0000  47        BRK                             A:66 X:47 Y:33 P:35 SP:13 CYC:121
0000  47        BRK                             A:66 X:47 Y:33 P:35 SP:10 CYC:127
0000  47        BRK                             A:66 X:47 Y:33 P:35 SP:0D CYC:133
0000  47        BRK                             A:66 X:47 Y:33 P:35 SP:0A CYC:139
0000  47        BRK                             A:66 X:47 Y:33 P:35 SP:07 CYC:145
0000  47        BRK                             A:66 X:47 Y:33 P:35 SP:04 CYC:151
0000  47        BRK                             A:66 X:47 Y:33 P:35 SP:01 CYC:157
0000  47        BRK                             A:66 X:47 Y:33 P:35 SP:FE CYC:163
0000  47        BRK                             A:66 X:47 Y:33 P:35 SP:FB CYC:169
0000  47        BRK                             A:66 X:47 Y:33 P:35 SP:F8 CYC:175
0000  47        BRK                             A:66 X:47 Y:33 P:35 SP:F5 CYC:181
0000  47        BRK                             A:66 X:47 Y:33 P:35 SP:F2 CYC:187
0000  47        BRK                             A:66 X:47 Y:33 P:35 SP:EF CYC:193
0000  47        BRK                             A:66 X:47 Y:33 P:35 SP:EC CYC:199
0000  47        BRK                             A:66 X:47 Y:33 P:35 SP:E9 CYC:205
0000  47        BRK                             A:66 X:47 Y:33 P:35 SP:E6 CYC:211
0000  47        BRK                             A:66 X:47 Y:33 P:35 SP:E3 CYC:217
0000  47        BRK                             A:66 X:47 Y:33 P:35 SP:E0 CYC:223
0000  47        BRK                             A:66 X:47 Y:33 P:35 SP:DD CYC:229
0000  47        BRK                             A:66 X:47 Y:33 P:35 SP:DA CYC:235
0000  47        BRK                             A:66 X:47 Y:33 P:35 SP:D7 CYC:241
0000  47        BRK                             A:66 X:47 Y:33 P:35 SP:D4 CYC:247
0000  47        BRK                             A:66 X:47 Y:33 P:35 SP:D1 CYC:253
0000  47        BRK                             A:66 X:47 Y:33 P:35 SP:CE CYC:259
0000  47        BRK                             A:66 X:47 Y:33 P:35 SP:CB CYC:265
0000  47        BRK                             A:66 X:47 Y:33 P:35 SP:C8 CYC:271
0000  47        BRK                             A:66 X:47 Y:33 P:35 SP:C5 CYC:277
0000  47        BRK                             A:66 X:47 Y:33 P:35 SP:C2 CYC:283
0000  47        BRK                             A:66 X:47 Y:33 P:35 SP:BF CYC:289
0000  47        BRK                             A:66 X:47 Y:33 P:35 SP:BC CYC:295
0000  47        BRK                             A:66 X:47 Y:33 P:35 SP:B9 CYC:301
0000  47        BRK                             A:66 X:47 Y:33 P:35 SP:B6 CYC:307
0000  47        BRK                             A:66 X:47 Y:33 P:35 SP:B3 CYC:313
0000  47        BRK                             A:66 X:47 Y:33 P:35 SP:B0 CYC:319
0000  47        BRK                             A:66 X:47 Y:33 P:35 SP:AD CYC:325
0000  47        BRK                             A:66 X:47 Y:33 P:35 SP:AA CYC:331
0000  47        BRK                             A:66 X:47 Y:33 P:35 SP:A7 CYC:337
0000  47        BRK                             A:66 X:47 Y:33 P:35 SP:A4 CYC:  2
0000  47        BRK                             A:66 X:47 Y:33 P:35 SP:A1 CYC:  8
0000  47        BRK                             A:66 X:47 Y:33 P:35 SP:9E CYC: 14
0000  47        BRK                             A:66 X:47 Y:33 P:35 SP:9B CYC: 20
0000  47        BRK                             A:66 X:47 Y:33 P:35 SP:98 CYC: 26
0000  47        BRK                             A:66 X:47 Y:33 P:35 SP:95 CYC: 32
0000  47        BRK                             A:66 X:47 Y:33 P:35 SP:92 CYC: 38
0000  47        BRK                             A:66 X:47 Y:33 P:35 SP:8F CYC: 44
0000  47        BRK                             A:66 X:47 Y:33 P:35 SP:8C CYC: 50
0000  47        BRK                             A:66 X:47 Y:33 P:35 SP:89 CYC: 56
0000  47        BRK                             A:66 X:47 Y:33 P:35 SP:86 CYC: 62
0000  47        BRK                             A:66 X:47 Y:33 P:35 SP:83 CYC: 68
0000  47        BRK                             A:66 X:47 Y:33 P:35 SP:80 CYC: 74
0000  47        BRK                             A:66 X:47 Y:33 P:35 SP:7D CYC: 80
0000  47        BRK                             A:66 X:47 Y:33 P:35 SP:7A CYC: 86
0000  47        BRK                             A:66 X:47 Y:33 P:35 SP:77 CYC: 92
0000  47        BRK                             A:66 X:47 Y:33 P:35 SP:74 CYC: 98
0000  47        BRK                             A:66 X:47 Y:33 P:35 SP:71 CYC:104
0000  47        BRK                             A:66 X:47 Y:33 P:35 SP:6E CYC:110
0000  47        BRK                             A:66 X:47 Y:33 P:35 SP:6B CYC:116
0000  47        BRK                             A:66 X:47 Y:33 P:35 SP:68 CYC:122
0000  47        BRK                             A:66 X:47 Y:33 P:35 SP:65 CYC:128
0000  47        BRK                             A:66 X:47 Y:33 P:35 SP:62 CYC:134
0000  47        BRK                             A:66 X:47 Y:33 P:35 SP:5F CYC:140
0000  47        BRK                             A:66 X:47 Y:33 P:35 SP:5C CYC:146
0000  47        BRK                             A:66 X:47 Y:33 P:35 SP:59 CYC:152
0000  47        BRK                             A:66 X:47 Y:33 P:35 SP:56 CYC:158
0000  47        BRK                             A:66 X:47 Y:33 P:35 SP:53 CYC:164
0000  47        BRK                             A:66 X:47 Y:33 P:35 SP:50 CYC:170
0000  47        BRK                             A:66 X:47 Y:33 P:35 SP:4D CYC:176
0000  47        BRK                             A:66 X:47 Y:33 P:35 SP:4A CYC:182
0000  47        BRK                             A:66 X:47 Y:33 P:35 SP:47 CYC:188
0000  47        BRK                             A:66 X:47 Y:33 P:35 SP:44 CYC:194
0000  47        BRK                             A:66 X:47 Y:33 P:35 SP:41 CYC:200
0000  47        BRK                             A:66 X:47 Y:33 P:35 SP:3E CYC:206
0000  47        BRK                             A:66 X:47 Y:33 P:35 SP:3B CYC:212
0000  47        BRK                             A:66 X:47 Y:33 P:35 SP:38 CYC:218
0000  47        BRK                             A:66 X:47 Y:33 P:35 SP:35 CYC:224
0000  47        BRK                             A:66 X:47 Y:33 P:35 SP:32 CYC:230
0000  47        BRK                             A:66 X:47 Y:33 P:35 SP:2F CYC:236
0000  47        BRK                             A:66 X:47 Y:33 P:35 SP:2C CYC:242
0000  47        BRK                             A:66 X:47 Y:33 P:35 SP:29 CYC:248
0000  47        BRK                             A:66 X:47 Y:33 P:35 SP:26 CYC:254
0000  47        BRK                             A:66 X:47 Y:33 P:35 SP:23 CYC:260
0000  47        BRK                             A:66 X:47 Y:33 P:35 SP:20 CYC:266
0000  47        BRK                             A:66 X:47 Y:33 P:35 SP:1D CYC:272
0000  47        BRK                             A:66 X:47 Y:33 P:35 SP:1A CYC:278
0000  47        BRK                             A:66 X:47 Y:33 P:35 SP:17 CYC:284
0000  47        BRK                             A:66 X:47 Y:33 P:35 SP:14 CYC:290
0000  47        BRK                             A:66 X:47 Y:33 P:35 SP:11 CYC:296
0000  47        BRK                             A:66 X:47 Y:33 P:35 SP:0E CYC:302
0000  47        BRK                             A:66 X:47 Y:33 P:35 SP:0B CYC:308
0000  47        BRK                             A:66 X:47 Y:33 P:35 SP:08 CYC:314
0000  47        BRK                             A:66 X:47 Y:33 P:35 SP:05 CYC:320
0000  47        BRK                             A:66 X:47 Y:33 P:35 SP:02 CYC:326
0000  47        BRK                             A:66 X:47 Y:33 P:35 SP:FF CYC:332
0000  47        BRK                             A:66 X:47 Y:33 P:35 SP:FC CYC:338
0000  47        BRK                             A:66 X:47 Y:33 P:35 SP:F9 CYC:  3
0000  47        BRK                             A:66 X:47 Y:33 P:35 SP:F6 CYC:  9
0000  47        BRK                             A:66 X:47 Y:33 P:35 SP:F3 CYC: 15
0000  47        BRK                             A:66 X:47 Y:33 P:35 SP:F0 CYC: 21
0000  47        BRK                             A:66 X:47 Y:33 P:35 SP:ED CYC: 27
0000  47        BRK                             A:66 X:47 Y:33 P:35 SP:EA CYC: 33
0000  47        BRK                             A:66 X:47 Y:33 P:35 SP:E7 CYC: 39
0000  47        BRK                             A:66 X:47 Y:33 P:35 SP:E4 CYC: 45
0000  47        BRK                             A:66 X:47 Y:33 P:35 SP:E1 CYC: 51
0000  47        BRK                             A:66 X:47 Y:33 P:35 SP:DE CYC: 57
0000  47        BRK                             A:66 X:47 Y:33 P:35 SP:DB CYC: 63
0000  47        BRK                             A:66 X:47 Y:33 P:35 SP:D8 CYC: 69
0000  47        BRK                             A:66 X:47 Y:33 P:35 SP:D5 CYC: 75
0000  47        BRK                             A:66 X:47 Y:33 P:35 SP:D2 CYC: 81
0000  47        BRK                             A:66 X:47 Y:33 P:35 SP:CF CYC: 87
0000  47        BRK                             A:66 X:47 Y:33 P:35 SP:CC CYC: 93
0000  47        BRK                             A:66 X:47 Y:33 P:35 SP:C9 CYC: 99
0000  47        BRK                             A:66 X:47 Y:33 P:35 SP:C6 CYC:105
0000  47        BRK                             A:66 X:47 Y:33 P:35 SP:C3 CYC:111
0000  47        BRK                             A:66 X:47 Y:33 P:35 SP:C0 CYC:117
0000  47        BRK                             A:66 X:47 Y:33 P:35 SP:BD CYC:123
0000  47        BRK                             A:66 X:47 Y:33 P:35 SP:BA CYC:129
0000  47        BRK                             A:66 X:47 Y:33 P:35 SP:B7 CYC:135
0000  47        BRK                             A:66 X:47 Y:33 P:35 SP:B4 CYC:141
0000  47        BRK                             A:66 X:47 Y:33 P:35 SP:B1 CYC:147
0000  47        BRK                             A:66 X:47 Y:33 P:35 SP:AE CYC:153
0000  47        BRK                             A:66 X:47 Y:33 P:35 SP:AB CYC:159
0000  47        BRK                             A:66 X:47 Y:33 P:35 SP:A8 CYC:165
0000  47        BRK                             A:66 X:47 Y:33 P:35 SP:A5 CYC:171
0000  47        BRK                             A:66 X:47 Y:33 P:35 SP:A2 CYC:177
0000  47        BRK                             A:66 X:47 Y:33 P:35 SP:9F CYC:183
0000  47        BRK                             A:66 X:47 Y:33 P:35 SP:9C CYC:189
0000  47        BRK                             A:66 X:47 Y:33 P:35 SP:99 CYC:195
0000  47        BRK                             A:66 X:47 Y:33 P:35 SP:96 CYC:201
0000  47        BRK                             A:66 X:47 Y:33 P:35 SP:93 CYC:207
0000  47        BRK                             A:66 X:47 Y:33 P:35 SP:90 CYC:213
0000  47        BRK                             A:66 X:47 Y:33 P:35 SP:8D CYC:219
0000  47        BRK                             A:66 X:47 Y:33 P:35 SP:8A CYC:225
0000  47        BRK                             A:66 X:47 Y:33 P:35 SP:87 CYC:231
0000  47        BRK                             A:66 X:47 Y:33 P:35 SP:84 CYC:237
0000  47        BRK                             A:66 X:47 Y:33 P:35 SP:81 CYC:243
0000  47        BRK                             A:66 X:47 Y:33 P:35 SP:7E CYC:249
0000  47        BRK                             A:66 X:47 Y:33 P:35 SP:7B CYC:255
0000  47        BRK                             A:66 X:47 Y:33 P:35 SP:78 CYC:261
0000  47        BRK                             A:66 X:47 Y:33 P:35 SP:75 CYC:267
0000  47        BRK                             A:66 X:47 Y:33 P:35 SP:72 CYC:273
0000  47        BRK                             A:66 X:47 Y:33 P:35 SP:6F CYC:279
0000  47        BRK                             A:66 X:47 Y:33 P:35 SP:6C CYC:285
0000  47        BRK                             A:66 X:47 Y:33 P:35 SP:69 CYC:291
0000  47        BRK                             A:66 X:47 Y:33 P:35 SP:66 CYC:297
0000  47        BRK                             A:66 X:47 Y:33 P:35 SP:63 CYC:303
0000  47        BRK                             A:66 X:47 Y:33 P:35 SP:60 CYC:309
0000  47        BRK                             A:66 X:47 Y:33 P:35 SP:5D CYC:315
0000  47        BRK                             A:66 X:47 Y:33 P:35 SP:5A CYC:321
0000  47        BRK                             A:66 X:47 Y:33 P:35 SP:57 CYC:327
0000  47        BRK                             A:66 X:47 Y:33 P:35 SP:54 CYC:333
0000  47        BRK                             A:66 X:47 Y:33 P:35 SP:51 CYC:339
0000  47        BRK                             A:66 X:47 Y:33 P:35 SP:4E CYC:  4
0000  47        BRK                             A:66 X:47 Y:33 P:35 SP:4B CYC: 10
0000  47        BRK                             A:66 X:47 Y:33 P:35 SP:48 CYC: 16
0000  47        BRK                             A:66 X:47 Y:33 P:35 SP:45 CYC: 22
0000  47        BRK                             A:66 X:47 Y:33 P:35 SP:42 CYC: 28
0000  47        BRK                             A:66 X:47 Y:33 P:35 SP:3F CYC: 34
0000  47        BRK                             A:66 X:47 Y:33 P:35 SP:3C CYC: 40
0000  47        BRK                             A:66 X:47 Y:33 P:35 SP:39 CYC: 46
0000  47        BRK                             A:66 X:47 Y:33 P:35 SP:36 CYC: 52
0000  47        BRK                             A:66 X:47 Y:33 P:35 SP:33 CYC: 58
0000  47        BRK                             A:66 X:47 Y:33 P:35 SP:30 CYC: 64
0000  47        BRK                             A:66 X:47 Y:33 P:35 SP:2D CYC: 70
0000  47        BRK                             A:66 X:47 Y:33 P:35 SP:2A CYC: 76
0000  47        BRK                             A:66 X:47 Y:33 P:35 SP:27 CYC: 82
0000  47        BRK                             A:66 X:47 Y:33 P:35 SP:24 CYC: 88
0000  47        BRK                             A:66 X:47 Y:33 P:35 SP:21 CYC: 94
0000  47        BRK                             A:66 X:47 Y:33 P:35 SP:1E CYC:100
0000  47        BRK                             A:66 X:47 Y:33 P:35 SP:1B CYC:106
0000  47        BRK                             A:66 X:47 Y:33 P:35 SP:18 CYC:112
0000  47        BRK                             A:66 X:47 Y:33 P:35 SP:15 CYC:118
0000  47        BRK                             A:66 X:47 Y:33 P:35 SP:12 CYC:124
0000  47        BRK                             A:66 X:47 Y:33 P:35 SP:0F CYC:130
0000  47        BRK                             A:66 X:47 Y:33 P:35 SP:0C CYC:136
0000  47        BRK                             A:66 X:47 Y:33 P:35 SP:09 CYC:142
0000  47        BRK                             A:66 X:47 Y:33 P:35 SP:06 CYC:148
0000  47        BRK                             A:66 X:47 Y:33 P:35 SP:03 CYC:154
0000  47        BRK                             A:66 X:47 Y:33 P:35 SP:00 CYC:160
0000  47        BRK                             A:66 X:47 Y:33 P:35 SP:FD CYC:166
0000  47        BRK                             A:66 X:47 Y:33 P:35 SP:FA CYC:172
0000  47        BRK                             A:66 X:47 Y:33 P:35 SP:F7 CYC:178
0000  47        BRK                             A:66 X:47 Y:33 P:35 SP:F4 CYC:184
0000  47        BRK                             A:66 X:47 Y:33 P:35 SP:F1 CYC:190
0000  47        BRK                             A:66 X:47 Y:33 P:35 SP:EE CYC:196
0000  47        BRK                             A:66 X:47 Y:33 P:35 SP:EB CYC:202
0000  47        BRK                             A:66 X:47 Y:33 P:35 SP:E8 CYC:208
0000  47        BRK                             A:66 X:47 Y:33 P:35 SP:E5 CYC:214
0000  47        BRK                             A:66 X:47 Y:33 P:35 SP:E2 CYC:220
0000  47        BRK                             A:66 X:47 Y:33 P:35 SP:DF CYC:226
0000  47        BRK                             A:66 X:47 Y:33 P:35 SP:DC CYC:232
0000  47        BRK                             A:66 X:47 Y:33 P:35 SP:D9 CYC:238
0000  47        BRK                             A:66 X:47 Y:33 P:35 SP:D6 CYC:244
0000  47        BRK                             A:66 X:47 Y:33 P:35 SP:D3 CYC:250
0000  47        BRK                             A:66 X:47 Y:33 P:35 SP:D0 CYC:256
0000  47        BRK                             A:66 X:47 Y:33 P:35 SP:CD CYC:262
0000  47        BRK                             A:66 X:47 Y:33 P:35 SP:CA CYC:268
0000  47        BRK                             A:66 X:47 Y:33 P:35 SP:C7 CYC:274
0000  47        BRK                             A:66 X:47 Y:33 P:35 SP:C4 CYC:280
0000  47        BRK                             A:66 X:47 Y:33 P:35 SP:C1 CYC:286
0000  47        BRK                             A:66 X:47 Y:33 P:35 SP:BE CYC:292
0000  47        BRK                             A:66 X:47 Y:33 P:35 SP:BB CYC:298
0000  47        BRK                             A:66 X:47 Y:33 P:35 SP:B8 CYC:304
0000  47        BRK                             A:66 X:47 Y:33 P:35 SP:B5 CYC:310
0000  47        BRK                             A:66 X:47 Y:33 P:35 SP:B2 CYC:316
0000  47        BRK                             A:66 X:47 Y:33 P:35 SP:AF CYC:322
0000  47        BRK                             A:66 X:47 Y:33 P:35 SP:AC CYC:328
0000  47        BRK                             A:66 X:47 Y:33 P:35 SP:A9 CYC:334
0000  47        BRK                             A:66 X:47 Y:33 P:35 SP:A6 CYC:340
0000  47        BRK                             A:66 X:47 Y:33 P:35 SP:A3 CYC:  5
0000  47        BRK                             A:66 X:47 Y:33 P:35 SP:A0 CYC: 11
0000  47        BRK                             A:66 X:47 Y:33 P:35 SP:9D CYC: 17
0000  47        BRK                             A:66 X:47 Y:33 P:35 SP:9A CYC: 23
0000  47        BRK                             A:66 X:47 Y:33 P:35 SP:97 CYC: 29
0000  47        BRK                             A:66 X:47 Y:33 P:35 SP:94 CYC: 35
0000  47        BRK                             A:66 X:47 Y:33 P:35 SP:91 CYC: 41
0000  47        BRK                             A:66 X:47 Y:33 P:35 SP:8E CYC: 47
0000  47        BRK                             A:66 X:47 Y:33 P:35 SP:8B CYC: 53
0000  47        BRK                             A:66 X:47 Y:33 P:35 SP:88 CYC: 59
0000  47        BRK                             A:66 X:47 Y:33 P:35 SP:85 CYC: 65
0000  47        BRK                             A:66 X:47 Y:33 P:35 SP:82 CYC: 71
0000  47        BRK                             A:66 X:47 Y:33 P:35 SP:7F CYC: 77
0000  47        BRK                             A:66 X:47 Y:33 P:35 SP:7C CYC: 83
0000  47        BRK                             A:66 X:47 Y:33 P:35 SP:79 CYC: 89
0000  47        BRK                             A:66 X:47 Y:33 P:35 SP:76 CYC: 95
0000  47        BRK                             A:66 X:47 Y:33 P:35 SP:73 CYC:101
0000  47        BRK                             A:66 X:47 Y:33 P:35 SP:70 CYC:107
0000  47        BRK                             A:66 X:47 Y:33 P:35 SP:6D CYC:113
0000  47        BRK                             A:66 X:47 Y:33 P:35 SP:6A CYC:119
0000  47        BRK                             A:66 X:47 Y:33 P:35 SP:67 CYC:125
0000  47        BRK                             A:66 X:47 Y:33 P:35 SP:64 CYC:131
0000  47        BRK                             A:66 X:47 Y:33 P:35 SP:61 CYC:137
0000  47        BRK                             A:66 X:47 Y:33 P:35 SP:5E CYC:143
0000  47        BRK                             A:66 X:47 Y:33 P:35 SP:5B CYC:149
0000  47        BRK                             A:66 X:47 Y:33 P:35 SP:58 CYC:155
0000  47        BRK                             A:66 X:47 Y:33 P:35 SP:55 CYC:161
0000  47        BRK                             A:66 X:47 Y:33 P:35 SP:52 CYC:167
0000  47        BRK                             A:66 X:47 Y:33 P:35 SP:4F CYC:173
0000  47        BRK                             A:66 X:47 Y:33 P:35 SP:4C CYC:179
0000  47        BRK                             A:66 X:47 Y:33 P:35 SP:49 CYC:185
0000  47        BRK                             A:66 X:47 Y:33 P:35 SP:46 CYC:191
0000  47        BRK                             A:66 X:47 Y:33 P:35 SP:43 CYC:197
0000  47        BRK                             A:66 X:47 Y:33 P:35 SP:40 CYC:203
0000  47        BRK                             A:66 X:47 Y:33 P:35 SP:3D CYC:209
0000  47        BRK                             A:66 X:47 Y:33 P:35 SP:3A CYC:215
0000  47        BRK                             A:66 X:47 Y:33 P:35 SP:37 CYC:221
0000  47        BRK                             A:66 X:47 Y:33 P:35 SP:34 CYC:227
0000  47        BRK                             A:66 X:47 Y:33 P:35 SP:31 CYC:233
0000  47        BRK                             A:66 X:47 Y:33 P:35 SP:2E CYC:239
0000  47        BRK                             A:66 X:47 Y:33 P:35 SP:2B CYC:245
0000  47        BRK                             A:66 X:47 Y:33 P:35 SP:28 CYC:251
0000  47        BRK                             A:66 X:47 Y:33 P:35 SP:25 CYC:257
0000  47        BRK                             A:66 X:47 Y:33 P:35 SP:22 CYC:263
0000  47        BRK                             A:66 X:47 Y:33 P:35 SP:1F CYC:269
0000  47        BRK                             A:66 X:47 Y:33 P:35 SP:1C CYC:275
0000  47        BRK                             A:66 X:47 Y:33 P:35 SP:19 CYC:281
0000  47        BRK                             A:66 X:47 Y:33 P:35 SP:16 CYC:287
0000  47        BRK                             A:66 X:47 Y:33 P:35 SP:13 CYC:293
0000  47        BRK                             A:66 X:47 Y:33 P:35 SP:10 CYC:299
0000  47        BRK                             A:66 X:47 Y:33 P:35 SP:0D CYC:305
0000  47        BRK                             A:66 X:47 Y:33 P:35 SP:0A CYC:311
0000  47        BRK                             A:66 X:47 Y:33 P:35 SP:07 CYC:317
0000  47        BRK                             A:66 X:47 Y:33 P:35 SP:04 CYC:323
0000  47        BRK                             A:66 X:47 Y:33 P:35 SP:01 CYC:329
0000  47        BRK                             A:66 X:47 Y:33 P:35 SP:FE CYC:335
0000  47        BRK                             A:66 X:47 Y:33 P:35 SP:FB CYC:  0
0000  47        BRK                             A:66 X:47 Y:33 P:35 SP:F8 CYC:  6
0000  47        BRK                             A:66 X:47 Y:33 P:35 SP:F5 CYC: 12
0000  47        BRK                             A:66 X:47 Y:33 P:35 SP:F2 CYC: 18
0000  47        BRK                             A:66 X:47 Y:33 P:35 SP:EF CYC: 24
0000  47        BRK                             A:66 X:47 Y:33 P:35 SP:EC CYC: 30
0000  47        BRK                             A:66 X:47 Y:33 P:35 SP:E9 CYC: 36
0000  47        BRK                             A:66 X:47 Y:33 P:35 SP:E6 CYC: 42
0000  47        BRK                             A:66 X:47 Y:33 P:35 SP:E3 CYC: 48
0000  47        BRK                             A:66 X:47 Y:33 P:35 SP:E0 CYC: 54
0000  47        BRK                             A:66 X:47 Y:33 P:35 SP:DD CYC: 60
0000  47        BRK                             A:66 X:47 Y:33 P:35 SP:DA CYC: 66
0000  47        BRK                             A:66 X:47 Y:33 P:35 SP:D7 CYC: 72
0000  47        BRK                             A:66 X:47 Y:33 P:35 SP:D4 CYC: 78
0000  47        BRK                             A:66 X:47 Y:33 P:35 SP:D1 CYC: 84
0000  47        BRK                             A:66 X:47 Y:33 P:35 SP:CE CYC: 90
0000  47        BRK                             A:66 X:47 Y:33 P:35 SP:CB CYC: 96
0000  47        BRK                             A:66 X:47 Y:33 P:35 SP:C8 CYC:102
0000  47        BRK                             A:66 X:47 Y:33 P:35 SP:C5 CYC:108
0000  47        BRK                             A:66 X:47 Y:33 P:35 SP:C2 CYC:114
0000  47        BRK                             A:66 X:47 Y:33 P:35 SP:BF CYC:120
0000  47        BRK                             A:66 X:47 Y:33 P:35 SP:BC CYC:126
0000  47        BRK                             A:66 X:47 Y:33 P:35 SP:B9 CYC:132
0000  47        BRK                             A:66 X:47 Y:33 P:35 SP:B6 CYC:138
0000  47        BRK                             A:66 X:47 Y:33 P:35 SP:B3 CYC:144
0000  47        BRK                             A:66 X:47 Y:33 P:35 SP:B0 CYC:150
0000  47        BRK                             A:66 X:47 Y:33 P:35 SP:AD CYC:156
0000  47        BRK                             A:66 X:47 Y:33 P:35 SP:AA CYC:162
0000  47        BRK                             A:66 X:47 Y:33 P:35 SP:A7 CYC:168
0000  47        BRK                             A:66 X:47 Y:33 P:35 SP:A4 CYC:174
0000  47        BRK                             A:66 X:47 Y:33 P:35 SP:A1 CYC:180
0000  47        BRK                             A:66 X:47 Y:33 P:35 SP:9E CYC:186
0000  47        BRK                             A:66 X:47 Y:33 P:35 SP:9B CYC:192
0000  47        BRK                             A:66 X:47 Y:33 P:35 SP:98 CYC:198
0000  47        BRK                             A:66 X:47 Y:33 P:35 SP:95 CYC:204
0000  47        BRK                             A:66 X:47 Y:33 P:35 SP:92 CYC:210
0000  47        BRK                             A:66 X:47 Y:33 P:35 SP:8F CYC:216
0000  47        BRK                             A:66 X:47 Y:33 P:35 SP:8C CYC:222
0000  47        BRK                             A:66 X:47 Y:33 P:35 SP:89 CYC:228
0000  47        BRK                             A:66 X:47 Y:33 P:35 SP:86 CYC:234
0000  47        BRK                             A:66 X:47 Y:33 P:35 SP:83 CYC:240
0000  47        BRK                             A:66 X:47 Y:33 P:35 SP:80 CYC:246
0000  47        BRK                             A:66 X:47 Y:33 P:35 SP:7D CYC:252
0000  47        BRK                             A:66 X:47 Y:33 P:35 SP:7A CYC:258
0000  47        BRK                             A:66 X:47 Y:33 P:35 SP:77 CYC:264
0000  47        BRK                             A:66 X:47 Y:33 P:35 SP:74 CYC:270
0000  47        BRK                             A:66 X:47 Y:33 P:35 SP:71 CYC:276
0000  47        BRK                             A:66 X:47 Y:33 P:35 SP:6E CYC:282
0000  47        BRK                             A:66 X:47 Y:33 P:35 SP:6B CYC:288
0000  47        BRK                             A:66 X:47 Y:33 P:35 SP:68 CYC:294
0000  47        BRK                             A:66 X:47 Y:33 P:35 SP:65 CYC:300
0000  47        BRK                             A:66 X:47 Y:33 P:35 SP:62 CYC:306
0000  47        BRK                             A:66 X:47 Y:33 P:35 SP:5F CYC:312
0000  47        BRK                             A:66 X:47 Y:33 P:35 SP:5C CYC:318
0000  47        BRK                             A:66 X:47 Y:33 P:35 SP:59 CYC:324
0000  47        BRK                             A:66 X:47 Y:33 P:35 SP:56 CYC:330
0000  47        BRK                             A:66 X:47 Y:33 P:35 SP:53 CYC:336
0000  47        BRK                             A:66 X:47 Y:33 P:35 SP:50 CYC:  1
0000  47        BRK                             A:66 X:47 Y:33 P:35 SP:4D CYC:  7
0000  47        BRK                             A:66 X:47 Y:33 P:35 SP:4A CYC: 13
0000  47        BRK                             A:66 X:47 Y:33 P:35 SP:47 CYC: 19
0000  47        BRK                             A:66 X:47 Y:33 P:35 SP:44 CYC: 25
0000  47        BRK                             A:66 X:47 Y:33 P:35 SP:41 CYC: 31
0000  47        BRK                             A:66 X:47 Y:33 P:35 SP:3E CYC: 37
0000  47        BRK                             A:66 X:47 Y:33 P:35 SP:3B CYC: 43
0000  47        BRK                             A:66 X:47 Y:33 P:35 SP:38 CYC: 49
0000  47        BRK                             A:66 X:47 Y:33 P:35 SP:35 CYC: 55
0000  47        BRK                             A:66 X:47 Y:33 P:35 SP:32 CYC: 61
0000  47        BRK                             A:66 X:47 Y:33 P:35 SP:2F CYC: 67
0000  47        BRK                             A:66 X:47 Y:33 P:35 SP:2C CYC: 73
0000  47        BRK                             A:66 X:47 Y:33 P:35 SP:29 CYC: 79
0000  47        BRK                             A:66 X:47 Y:33 P:35 SP:26 CYC: 85
0000  47        BRK                             A:66 X:47 Y:33 P:35 SP:23 CYC: 91
0000  47        BRK                             A:66 X:47 Y:33 P:35 SP:20 CYC: 97
0000  47        BRK                             A:66 X:47 Y:33 P:35 SP:1D CYC:103
0000  47        BRK                             A:66 X:47 Y:33 P:35 SP:1A CYC:109
0000  47        BRK                             A:66 X:47 Y:33 P:35 SP:17 CYC:115
0000  47        BRK                             A:66 X:47 Y:33 P:35 SP:14 CYC:121
0000  47        BRK                             A:66 X:47 Y:33 P:35 SP:11 CYC:127
0000  47        BRK                             A:66 X:47 Y:33 P:35 SP:0E CYC:133
0000  47        BRK                             A:66 X:47 Y:33 P:35 SP:0B CYC:139
0000  47        BRK                             A:66 X:47 Y:33 P:35 SP:08 CYC:145
0000  47        BRK                             A:66 X:47 Y:33 P:35 SP:05 CYC:151
0000  47        BRK                             A:66 X:47 Y:33 P:35 SP:02 CYC:157
0000  47        BRK                             A:66 X:47 Y:33 P:35 SP:FF CYC:163
0000  47        BRK                             A:66 X:47 Y:33 P:35 SP:FC CYC:169
0000  47        BRK                             A:66 X:47 Y:33 P:35 SP:F9 CYC:175
0000  47        BRK                             A:66 X:47 Y:33 P:35 SP:F6 CYC:181
0000  47        BRK                             A:66 X:47 Y:33 P:35 SP:F3 CYC:187
0000  47        BRK                             A:66 X:47 Y:33 P:35 SP:F0 CYC:193
0000  47        BRK                             A:66 X:47 Y:33 P:35 SP:ED CYC:199
0000  47        BRK                             A:66 X:47 Y:33 P:35 SP:EA CYC:205
0000  47        BRK                             A:66 X:47 Y:33 P:35 SP:E7 CYC:211
0000  47        BRK                             A:66 X:47 Y:33 P:35 SP:E4 CYC:217
0000  47        BRK                             A:66 X:47 Y:33 P:35 SP:E1 CYC:223
0000  47        BRK                             A:66 X:47 Y:33 P:35 SP:DE CYC:229
0000  47        BRK                             A:66 X:47 Y:33 P:35 SP:DB CYC:235
0000  47        BRK                             A:66 X:47 Y:33 P:35 SP:D8 CYC:241
0000  47        BRK                             A:66 X:47 Y:33 P:35 SP:D5 CYC:247
0000  47        BRK                             A:66 X:47 Y:33 P:35 SP:D2 CYC:253
0000  47        BRK                             A:66 X:47 Y:33 P:35 SP:CF CYC:259
0000  47        BRK                             A:66 X:47 Y:33 P:35 SP:CC CYC:265
0000  47        BRK                             A:66 X:47 Y:33 P:35 SP:C9 CYC:271
0000  47        BRK                             A:66 X:47 Y:33 P:35 SP:C6 CYC:277
0000  47        BRK                             A:66 X:47 Y:33 P:35 SP:C3 CYC:283
0000  47        BRK                             A:66 X:47 Y:33 P:35 SP:C0 CYC:289
0000  47        BRK                             A:66 X:47 Y:33 P:35 SP:BD CYC:295
0000  47        BRK                             A:66 X:47 Y:33 P:35 SP:BA CYC:301
0000  47        BRK                             A:66 X:47 Y:33 P:35 SP:B7 CYC:307
0000  47        BRK                             A:66 X:47 Y:33 P:35 SP:B4 CYC:313
0000  47        BRK                             A:66 X:47 Y:33 P:35 SP:B1 CYC:319
0000  47        BRK                             A:66 X:47 Y:33 P:35 SP:AE CYC:325
0000  47        BRK                             A:66 X:47 Y:33 P:35 SP:AB CYC:331
0000  47        BRK                             A:66 X:47 Y:33 P:35 SP:A8 CYC:337
0000  47        BRK                             A:66 X:47 Y:33 P:35 SP:A5 CYC:  2
0000  47        BRK                             A:66 X:47 Y:33 P:35 SP:A2 CYC:  8
0000  47        BRK                             A:66 X:47 Y:33 P:35 SP:9F CYC: 14
0000  47        BRK                             A:66 X:47 Y:33 P:35 SP:9C CYC: 20
0000  47        BRK                             A:66 X:47 Y:33 P:35 SP:99 CYC: 26
0000  47        BRK                             A:66 X:47 Y:33 P:35 SP:96 CYC: 32
0000  47        BRK                             A:66 X:47 Y:33 P:35 SP:93 CYC: 38
0000  47        BRK                             A:66 X:47 Y:33 P:35 SP:90 CYC: 44
0000  47        BRK                             A:66 X:47 Y:33 P:35 SP:8D CYC: 50
0000  47        BRK                             A:66 X:47 Y:33 P:35 SP:8A CYC: 56
0000  47        BRK                             A:66 X:47 Y:33 P:35 SP:87 CYC: 62
0000  47        BRK                             A:66 X:47 Y:33 P:35 SP:84 CYC: 68
0000  47        BRK                             A:66 X:47 Y:33 P:35 SP:81 CYC: 74
0000  47        BRK                             A:66 X:47 Y:33 P:35 SP:7E CYC: 80
0000  47        BRK                             A:66 X:47 Y:33 P:35 SP:7B CYC: 86
0000  47        BRK                             A:66 X:47 Y:33 P:35 SP:78 CYC: 92
0000  47        BRK                             A:66 X:47 Y:33 P:35 SP:75 CYC: 98
0000  47        BRK                             A:66 X:47 Y:33 P:35 SP:72 CYC:104
0000  47        BRK                             A:66 X:47 Y:33 P:35 SP:6F CYC:110
0000  47        BRK                             A:66 X:47 Y:33 P:35 SP:6C CYC:116
0000  47        BRK                             A:66 X:47 Y:33 P:35 SP:69 CYC:122
0000  47        BRK                             A:66 X:47 Y:33 P:35 SP:66 CYC:128
0000  47        BRK                             A:66 X:47 Y:33 P:35 SP:63 CYC:134
0000  47        BRK                             A:66 X:47 Y:33 P:35 SP:60 CYC:140
0000  47        BRK                             A:66 X:47 Y:33 P:35 SP:5D CYC:146
0000  47        BRK                             A:66 X:47 Y:33 P:35 SP:5A CYC:152
0000  47        BRK                             A:66 X:47 Y:33 P:35 SP:57 CYC:158
0000  47        BRK                             A:66 X:47 Y:33 P:35 SP:54 CYC:164
0000  47        BRK                             A:66 X:47 Y:33 P:35 SP:51 CYC:170
0000  47        BRK                             A:66 X:47 Y:33 P:35 SP:4E CYC:176
0000  47        BRK                             A:66 X:47 Y:33 P:35 SP:4B CYC:182
0000  47        BRK                             A:66 X:47 Y:33 P:35 SP:48 CYC:188
0000  47        BRK                             A:66 X:47 Y:33 P:35 SP:45 CYC:194
0000  47        BRK                             A:66 X:47 Y:33 P:35 SP:42 CYC:200
0000  47        BRK                             A:66 X:47 Y:33 P:35 SP:3F CYC:206
0000  47        BRK                             A:66 X:47 Y:33 P:35 SP:3C CYC:212
0000  47        BRK                             A:66 X:47 Y:33 P:35 SP:39 CYC:218
0000  47        BRK                             A:66 X:47 Y:33 P:35 SP:36 CYC:224
0000  47        BRK                             A:66 X:47 Y:33 P:35 SP:33 CYC:230
0000  47        BRK                             A:66 X:47 Y:33 P:35 SP:30 CYC:236
0000  47        BRK                             A:66 X:47 Y:33 P:35 SP:2D CYC:242
0000  47        BRK                             A:66 X:47 Y:33 P:35 SP:2A CYC:248
0000  47        BRK                             A:66 X:47 Y:33 P:35 SP:27 CYC:254
0000  47        BRK                             A:66 X:47 Y:33 P:35 SP:24 CYC:260
0000  47        BRK                             A:66 X:47 Y:33 P:35 SP:21 CYC:266
0000  47        BRK                             A:66 X:47 Y:33 P:35 SP:1E CYC:272
0000  47        BRK                             A:66 X:47 Y:33 P:35 SP:1B CYC:278
0000  47        BRK                             A:66 X:47 Y:33 P:35 SP:18 CYC:284
0000  47        BRK                             A:66 X:47 Y:33 P:35 SP:15 CYC:290
0000  47        BRK                             A:66 X:47 Y:33 P:35 SP:12 CYC:296
0000  47        BRK                             A:66 X:47 Y:33 P:35 SP:0F CYC:302
0000  47        BRK                             A:66 X:47 Y:33 P:35 SP:0C CYC:308
0000  47        BRK                             A:66 X:47 Y:33 P:35 SP:09 CYC:314
0000  47        BRK                             A:66 X:47 Y:33 P:35 SP:06 CYC:320
0000  47        BRK                             A:66 X:47 Y:33 P:35 SP:03 CYC:326
0000  47        BRK                             A:66 X:47 Y:33 P:35 SP:00 CYC:332
0000  47        BRK                             A:66 X:47 Y:33 P:35 SP:FD CYC:338
0000  47        BRK                             A:66 X:47 Y:33 P:35 SP:FA CYC:  3
0000  47        BRK                             A:66 X:47 Y:33 P:35 SP:F7 CYC:  9
0000  47        BRK                             A:66 X:47 Y:33 P:35 SP:F4 CYC: 15
0000  47        BRK                             A:66 X:47 Y:33 P:35 SP:F1 CYC: 21
0000  47        BRK                             A:66 X:47 Y:33 P:35 SP:EE CYC: 27
0000  47        BRK                             A:66 X:47 Y:33 P:35 SP:EB CYC: 33
0000  47        BRK                             A:66 X:47 Y:33 P:35 SP:E8 CYC: 39
0000  47        BRK                             A:66 X:47 Y:33 P:35 SP:E5 CYC: 45
0000  47        BRK                             A:66 X:47 Y:33 P:35 SP:E2 CYC: 51
0000  47        BRK                             A:66 X:47 Y:33 P:35 SP:DF CYC: 57
0000  47        BRK                             A:66 X:47 Y:33 P:35 SP:DC CYC: 63
0000  47        BRK                             A:66 X:47 Y:33 P:35 SP:D9 CYC: 69
0000  47        BRK                             A:66 X:47 Y:33 P:35 SP:D6 CYC: 75
0000  47        BRK                             A:66 X:47 Y:33 P:35 SP:D3 CYC: 81
0000  47        BRK                             A:66 X:47 Y:33 P:35 SP:D0 CYC: 87
0000  47        BRK                             A:66 X:47 Y:33 P:35 SP:CD CYC: 93
0000  47        BRK                             A:66 X:47 Y:33 P:35 SP:CA CYC: 99
0000  47        BRK                             A:66 X:47 Y:33 P:35 SP:C7 CYC:105
0000  47        BRK                             A:66 X:47 Y:33 P:35 SP:C4 CYC:111
0000  47        BRK                             A:66 X:47 Y:33 P:35 SP:C1 CYC:117
0000  47        BRK                             A:66 X:47 Y:33 P:35 SP:BE CYC:123
0000  47        BRK                             A:66 X:47 Y:33 P:35 SP:BB CYC:129
0000  47        BRK                             A:66 X:47 Y:33 P:35 SP:B8 CYC:135
0000  47        BRK                             A:66 X:47 Y:33 P:35 SP:B5 CYC:141
0000  47        BRK                             A:66 X:47 Y:33 P:35 SP:B2 CYC:147
0000  47        BRK                             A:66 X:47 Y:33 P:35 SP:AF CYC:153
0000  47        BRK                             A:66 X:47 Y:33 P:35 SP:AC CYC:159
0000  47        BRK                             A:66 X:47 Y:33 P:35 SP:A9 CYC:165
0000  47        BRK                             A:66 X:47 Y:33 P:35 SP:A6 CYC:171
0000  47        BRK                             A:66 X:47 Y:33 P:35 SP:A3 CYC:177
0000  47        BRK                             A:66 X:47 Y:33 P:35 SP:A0 CYC:183
0000  47        BRK                             A:66 X:47 Y:33 P:35 SP:9D CYC:189
0000  47        BRK                             A:66 X:47 Y:33 P:35 SP:9A CYC:195
0000  47        BRK                             A:66 X:47 Y:33 P:35 SP:97 CYC:201
0000  47        BRK                             A:66 X:47 Y:33 P:35 SP:94 CYC:207
0000  47        BRK                             A:66 X:47 Y:33 P:35 SP:91 CYC:213
0000  47        BRK                             A:66 X:47 Y:33 P:35 SP:8E CYC:219
0000  47        BRK                             A:66 X:47 Y:33 P:35 SP:8B CYC:225
0000  47        BRK                             A:66 X:47 Y:33 P:35 SP:88 CYC:231
0000  47        BRK                             A:66 X:47 Y:33 P:35 SP:85 CYC:237
0000  47        BRK                             A:66 X:47 Y:33 P:35 SP:82 CYC:243
0000  47        BRK                             A:66 X:47 Y:33 P:35 SP:7F CYC:249
0000  47        BRK                             A:66 X:47 Y:33 P:35 SP:7C CYC:255
0000  47        BRK                             A:66 X:47 Y:33 P:35 SP:79 CYC:261
0000  47        BRK                             A:66 X:47 Y:33 P:35 SP:76 CYC:267
0000  47        BRK                             A:66 X:47 Y:33 P:35 SP:73 CYC:273
0000  47        BRK                             A:66 X:47 Y:33 P:35 SP:70 CYC:279
0000  47        BRK                             A:66 X:47 Y:33 P:35 SP:6D CYC:285
0000  47        BRK                             A:66 X:47 Y:33 P:35 SP:6A CYC:291
0000  47        BRK                             A:66 X:47 Y:33 P:35 SP:67 CYC:297
0000  47        BRK                             A:66 X:47 Y:33 P:35 SP:64 CYC:303
0000  47        BRK                             A:66 X:47 Y:33 P:35 SP:61 CYC:309
0000  47        BRK                             A:66 X:47 Y:33 P:35 SP:5E CYC:315
0000  47        BRK                             A:66 X:47 Y:33 P:35 SP:5B CYC:321
0000  47        BRK                             A:66 X:47 Y:33 P:35 SP:58 CYC:327
0000  47        BRK                             A:66 X:47 Y:33 P:35 SP:55 CYC:333
0000  47        BRK                             A:66 X:47 Y:33 P:35 SP:52 CYC:339
0000  47        BRK                             A:66 X:47 Y:33 P:35 SP:4F CYC:  4
0000  47        BRK                             A:66 X:47 Y:33 P:35 SP:4C CYC: 10
0000  47        BRK                             A:66 X:47 Y:33 P:35 SP:49 CYC: 16
0000  47        BRK                             A:66 X:47 Y:33 P:35 SP:46 CYC: 22
0000  47        BRK                             A:66 X:47 Y:33 P:35 SP:43 CYC: 28
0000  47        BRK                             A:66 X:47 Y:33 P:35 SP:40 CYC: 34
0000  47        BRK                             A:66 X:47 Y:33 P:35 SP:3D CYC: 40
0000  47        BRK                             A:66 X:47 Y:33 P:35 SP:3A CYC: 46
0000  47        BRK                             A:66 X:47 Y:33 P:35 SP:37 CYC: 52
0000  47        BRK                             A:66 X:47 Y:33 P:35 SP:34 CYC: 58
0000  47        BRK                             A:66 X:47 Y:33 P:35 SP:31 CYC: 64
0000  47        BRK                             A:66 X:47 Y:33 P:35 SP:2E CYC: 70
0000  47        BRK                             A:66 X:47 Y:33 P:35 SP:2B CYC: 76
0000  47        BRK                             A:66 X:47 Y:33 P:35 SP:28 CYC: 82
0000  47        BRK                             A:66 X:47 Y:33 P:35 SP:25 CYC: 88
0000  47        BRK                             A:66 X:47 Y:33 P:35 SP:22 CYC: 94
0000  47        BRK                             A:66 X:47 Y:33 P:35 SP:1F CYC:100
0000  47        BRK                             A:66 X:47 Y:33 P:35 SP:1C CYC:106
0000  47        BRK                             A:66 X:47 Y:33 P:35 SP:19 CYC:112
0000  47        BRK                             A:66 X:47 Y:33 P:35 SP:16 CYC:118
0000  47        BRK                             A:66 X:47 Y:33 P:35 SP:13 CYC:124
0000  47        BRK                             A:66 X:47 Y:33 P:35 SP:10 CYC:130
0000  47        BRK                             A:66 X:47 Y:33 P:35 SP:0D CYC:136
0000  47        BRK                             A:66 X:47 Y:33 P:35 SP:0A CYC:142
0000  47        BRK                             A:66 X:47 Y:33 P:35 SP:07 CYC:148
0000  47        BRK                             A:66 X:47 Y:33 P:35 SP:04 CYC:154
0000  47        BRK                             A:66 X:47 Y:33 P:35 SP:01 CYC:160
0000  47        BRK                             A:66 X:47 Y:33 P:35 SP:FE CYC:166
0000  47        BRK                             A:66 X:47 Y:33 P:35 SP:FB CYC:172
0000  47        BRK                             A:66 X:47 Y:33 P:35 SP:F8 CYC:178
0000  47        BRK                             A:66 X:47 Y:33 P:35 SP:F5 CYC:184
0000  47        BRK                             A:66 X:47 Y:33 P:35 SP:F2 CYC:190
0000  47        BRK                             A:66 X:47 Y:33 P:35 SP:EF CYC:196
0000  47        BRK                             A:66 X:47 Y:33 P:35 SP:EC CYC:202
0000  47        BRK                             A:66 X:47 Y:33 P:35 SP:E9 CYC:208
0000  47        BRK                             A:66 X:47 Y:33 P:35 SP:E6 CYC:214
0000  47        BRK                             A:66 X:47 Y:33 P:35 SP:E3 CYC:220
0000  47        BRK                             A:66 X:47 Y:33 P:35 SP:E0 CYC:226
0000  47        BRK                             A:66 X:47 Y:33 P:35 SP:DD CYC:232
0000  47        BRK                             A:66 X:47 Y:33 P:35 SP:DA CYC:238
0000  47        BRK                             A:66 X:47 Y:33 P:35 SP:D7 CYC:244
0000  47        BRK                             A:66 X:47 Y:33 P:35 SP:D4 CYC:250
0000  47        BRK                             A:66 X:47 Y:33 P:35 SP:D1 CYC:256
0000  47        BRK                             A:66 X:47 Y:33 P:35 SP:CE CYC:262
0000  47        BRK                             A:66 X:47 Y:33 P:35 SP:CB CYC:268
0000  47        BRK                             A:66 X:47 Y:33 P:35 SP:C8 CYC:274
0000  47        BRK                             A:66 X:47 Y:33 P:35 SP:C5 CYC:280
0000  47        BRK                             A:66 X:47 Y:33 P:35 SP:C2 CYC:286
0000  47        BRK                             A:66 X:47 Y:33 P:35 SP:BF CYC:292
0000  47        BRK                             A:66 X:47 Y:33 P:35 SP:BC CYC:298
0000  47        BRK                             A:66 X:47 Y:33 P:35 SP:B9 CYC:304
0000  47        BRK                             A:66 X:47 Y:33 P:35 SP:B6 CYC:310
0000  47        BRK                             A:66 X:47 Y:33 P:35 SP:B3 CYC:316
0000  47        BRK                             A:66 X:47 Y:33 P:35 SP:B0 CYC:322
0000  47        BRK                             A:66 X:47 Y:33 P:35 SP:AD CYC:328
0000  47        BRK                             A:66 X:47 Y:33 P:35 SP:AA CYC:334
0000  47        BRK                             A:66 X:47 Y:33 P:35 SP:A7 CYC:340
0000  47        BRK                             A:66 X:47 Y:33 P:35 SP:A4 CYC:  5
0000  47        BRK                             A:66 X:47 Y:33 P:35 SP:A1 CYC: 11
0000  47        BRK                             A:66 X:47 Y:33 P:35 SP:9E CYC: 17
0000  47        BRK                             A:66 X:47 Y:33 P:35 SP:9B CYC: 23
0000  47        BRK                             A:66 X:47 Y:33 P:35 SP:98 CYC: 29
0000  47        BRK                             A:66 X:47 Y:33 P:35 SP:95 CYC: 35
0000  47        BRK                             A:66 X:47 Y:33 P:35 SP:92 CYC: 41
0000  47        BRK                             A:66 X:47 Y:33 P:35 SP:8F CYC: 47
0000  47        BRK                             A:66 X:47 Y:33 P:35 SP:8C CYC: 53
0000  47        BRK                             A:66 X:47 Y:33 P:35 SP:89 CYC: 59
0000  47        BRK                             A:66 X:47 Y:33 P:35 SP:86 CYC: 65
0000  47        BRK                             A:66 X:47 Y:33 P:35 SP:83 CYC: 71
0000  47        BRK                             A:66 X:47 Y:33 P:35 SP:80 CYC: 77
0000  47        BRK                             A:66 X:47 Y:33 P:35 SP:7D CYC: 83
0000  47        BRK                             A:66 X:47 Y:33 P:35 SP:7A CYC: 89
0000  47        BRK                             A:66 X:47 Y:33 P:35 SP:77 CYC: 95
0000  47        BRK                             A:66 X:47 Y:33 P:35 SP:74 CYC:101
0000  47        BRK                             A:66 X:47 Y:33 P:35 SP:71 CYC:107
0000  47        BRK                             A:66 X:47 Y:33 P:35 SP:6E CYC:113
0000  47        BRK                             A:66 X:47 Y:33 P:35 SP:6B CYC:119
0000  47        BRK                             A:66 X:47 Y:33 P:35 SP:68 CYC:125
0000  47        BRK                             A:66 X:47 Y:33 P:35 SP:65 CYC:131
0000  47        BRK                             A:66 X:47 Y:33 P:35 SP:62 CYC:137
0000  47        BRK                             A:66 X:47 Y:33 P:35 SP:5F CYC:143
0000  47        BRK                             A:66 X:47 Y:33 P:35 SP:5C CYC:149
0000  47        BRK                             A:66 X:47 Y:33 P:35 SP:59 CYC:155
0000  47        BRK                             A:66 X:47 Y:33 P:35 SP:56 CYC:161
0000  47        BRK                             A:66 X:47 Y:33 P:35 SP:53 CYC:167
0000  47        BRK                             A:66 X:47 Y:33 P:35 SP:50 CYC:173
0000  47        BRK                             A:66 X:47 Y:33 P:35 SP:4D CYC:179
0000  47        BRK                             A:66 X:47 Y:33 P:35 SP:4A CYC:185
0000  47        BRK                             A:66 X:47 Y:33 P:35 SP:47 CYC:191
0000  47        BRK                             A:66 X:47 Y:33 P:35 SP:44 CYC:197
0000  47        BRK                             A:66 X:47 Y:33 P:35 SP:41 CYC:203
0000  47        BRK                             A:66 X:47 Y:33 P:35 SP:3E CYC:209
0000  47        BRK                             A:66 X:47 Y:33 P:35 SP:3B CYC:215
0000  47        BRK                             A:66 X:47 Y:33 P:35 SP:38 CYC:221
0000  47        BRK                             A:66 X:47 Y:33 P:35 SP:35 CYC:227
0000  47        BRK                             A:66 X:47 Y:33 P:35 SP:32 CYC:233
0000  47        BRK                             A:66 X:47 Y:33 P:35 SP:2F CYC:239
0000  47        BRK                             A:66 X:47 Y:33 P:35 SP:2C CYC:245
0000  47        BRK                             A:66 X:47 Y:33 P:35 SP:29 CYC:251
0000  47        BRK                             A:66 X:47 Y:33 P:35 SP:26 CYC:257
0000  47        BRK                             A:66 X:47 Y:33 P:35 SP:23 CYC:263
0000  47        BRK                             A:66 X:47 Y:33 P:35 SP:20 CYC:269
0000  47        BRK                             A:66 X:47 Y:33 P:35 SP:1D CYC:275
0000  47        BRK                             A:66 X:47 Y:33 P:35 SP:1A CYC:281
0000  47        BRK                             A:66 X:47 Y:33 P:35 SP:17 CYC:287
0000  47        BRK                             A:66 X:47 Y:33 P:35 SP:14 CYC:293
0000  47        BRK                             A:66 X:47 Y:33 P:35 SP:11 CYC:299
0000  47        BRK                             A:66 X:47 Y:33 P:35 SP:0E CYC:305
0000  47        BRK                             A:66 X:47 Y:33 P:35 SP:0B CYC:311
0000  47        BRK                             A:66 X:47 Y:33 P:35 SP:08 CYC:317
0000  47        BRK                             A:66 X:47 Y:33 P:35 SP:05 CYC:323
0000  47        BRK                             A:66 X:47 Y:33 P:35 SP:02 CYC:329
0000  47        BRK                             A:66 X:47 Y:33 P:35 SP:FF CYC:335
0000  47        BRK                             A:66 X:47 Y:33 P:35 SP:FC CYC:  0
0000  47        BRK                             A:66 X:47 Y:33 P:35 SP:F9 CYC:  6
0000  47        BRK                             A:66 X:47 Y:33 P:35 SP:F6 CYC: 12
0000  47        BRK                             A:66 X:47 Y:33 P:35 SP:F3 CYC: 18
0000  47        BRK                             A:66 X:47 Y:33 P:35 SP:F0 CYC: 24
0000  47        BRK                             A:66 X:47 Y:33 P:35 SP:ED CYC: 30
0000  47        BRK                             A:66 X:47 Y:33 P:35 SP:EA CYC: 36
0000  47        BRK                             A:66 X:47 Y:33 P:35 SP:E7 CYC: 42
0000  47        BRK                             A:66 X:47 Y:33 P:35 SP:E4 CYC: 48
0000  47        BRK                             A:66 X:47 Y:33 P:35 SP:E1 CYC: 54
0000  47        BRK                             A:66 X:47 Y:33 P:35 SP:DE CYC: 60
0000  47        BRK                             A:66 X:47 Y:33 P:35 SP:DB CYC: 66
0000  47        BRK                             A:66 X:47 Y:33 P:35 SP:D8 CYC: 72
0000  47        BRK                             A:66 X:47 Y:33 P:35 SP:D5 CYC: 78
0000  47        BRK                             A:66 X:47 Y:33 P:35 SP:D2 CYC: 84
0000  47        BRK                             A:66 X:47 Y:33 P:35 SP:CF CYC: 90
0000  47        BRK                             A:66 X:47 Y:33 P:35 SP:CC CYC: 96
0000  47        BRK                             A:66 X:47 Y:33 P:35 SP:C9 CYC:102
0000  47        BRK                             A:66 X:47 Y:33 P:35 SP:C6 CYC:108
0000  47        BRK                             A:66 X:47 Y:33 P:35 SP:C3 CYC:114
0000  47        BRK                             A:66 X:47 Y:33 P:35 SP:C0 CYC:120
0000  47        BRK                             A:66 X:47 Y:33 P:35 SP:BD CYC:126
0000  47        BRK                             A:66 X:47 Y:33 P:35 SP:BA CYC:132
0000  47        BRK                             A:66 X:47 Y:33 P:35 SP:B7 CYC:138
0000  47        BRK                             A:66 X:47 Y:33 P:35 SP:B4 CYC:144
0000  47        BRK                             A:66 X:47 Y:33 P:35 SP:B1 CYC:150
0000  47        BRK                             A:66 X:47 Y:33 P:35 SP:AE CYC:156
0000  47        BRK                             A:66 X:47 Y:33 P:35 SP:AB CYC:162
0000  47        BRK                             A:66 X:47 Y:33 P:35 SP:A8 CYC:168
0000  47        BRK                             A:66 X:47 Y:33 P:35 SP:A5 CYC:174
0000  47        BRK                             A:66 X:47 Y:33 P:35 SP:A2 CYC:180
0000  47        BRK                             A:66 X:47 Y:33 P:35 SP:9F CYC:186
0000  47        BRK                             A:66 X:47 Y:33 P:35 SP:9C CYC:192
0000  47        BRK                             A:66 X:47 Y:33 P:35 SP:99 CYC:198
0000  47        BRK                             A:66 X:47 Y:33 P:35 SP:96 CYC:204
0000  47        BRK                             A:66 X:47 Y:33 P:35 SP:93 CYC:210
0000  47        BRK                             A:66 X:47 Y:33 P:35 SP:90 CYC:216
0000  47        BRK                             A:66 X:47 Y:33 P:35 SP:8D CYC:222
0000  47        BRK                             A:66 X:47 Y:33 P:35 SP:8A CYC:228
0000  47        BRK                             A:66 X:47 Y:33 P:35 SP:87 CYC:234
0000  47        BRK                             A:66 X:47 Y:33 P:35 SP:84 CYC:240
0000  47        BRK                             A:66 X:47 Y:33 P:35 SP:81 CYC:246
0000  47        BRK                             A:66 X:47 Y:33 P:35 SP:7E CYC:252
0000  47        BRK                             A:66 X:47 Y:33 P:35 SP:7B CYC:258
0000  47        BRK                             A:66 X:47 Y:33 P:35 SP:78 CYC:264
0000  47        BRK                             A:66 X:47 Y:33 P:35 SP:75 CYC:270
0000  47        BRK                             A:66 X:47 Y:33 P:35 SP:72 CYC:276
0000  47        BRK                             A:66 X:47 Y:33 P:35 SP:6F CYC:282
0000  47        BRK                             A:66 X:47 Y:33 P:35 SP:6C CYC:288
0000  47        BRK                             A:66 X:47 Y:33 P:35 SP:69 CYC:294
0000  47        BRK                             A:66 X:47 Y:33 P:35 SP:66 CYC:300
0000  47        BRK                             A:66 X:47 Y:33 P:35 SP:63 CYC:306
0000  47        BRK                             A:66 X:47 Y:33 P:35 SP:60 CYC:312
0000  47        BRK                             A:66 X:47 Y:33 P:35 SP:5D CYC:318
0000  47        BRK                             A:66 X:47 Y:33 P:35 SP:5A CYC:324
0000  47        BRK                             A:66 X:47 Y:33 P:35 SP:57 CYC:330
0000  47        BRK                             A:66 X:47 Y:33 P:35 SP:54 CYC:336
0000  47        BRK                             A:66 X:47 Y:33 P:35 SP:51 CYC:  1
0000  47        BRK                             A:66 X:47 Y:33 P:35 SP:4E CYC:  7
0000  47        BRK                             A:66 X:47 Y:33 P:35 SP:4B CYC: 13
0000  47        BRK                             A:66 X:47 Y:33 P:35 SP:48 CYC: 19
0000  47        BRK                             A:66 X:47 Y:33 P:35 SP:45 CYC: 25
0000  47        BRK                             A:66 X:47 Y:33 P:35 SP:42 CYC: 31
0000  47        BRK                             A:66 X:47 Y:33 P:35 SP:3F CYC: 37
0000  47        BRK                             A:66 X:47 Y:33 P:35 SP:3C CYC: 43
0000  47        BRK                             A:66 X:47 Y:33 P:35 SP:39 CYC: 49
0000  47        BRK                             A:66 X:47 Y:33 P:35 SP:36 CYC: 55
0000  47        BRK                             A:66 X:47 Y:33 P:35 SP:33 CYC: 61
0000  47        BRK                             A:66 X:47 Y:33 P:35 SP:30 CYC: 67
0000  47        BRK                             A:66 X:47 Y:33 P:35 SP:2D CYC: 73
0000  47        BRK                             A:66 X:47 Y:33 P:35 SP:2A CYC: 79
0000  47        BRK                             A:66 X:47 Y:33 P:35 SP:27 CYC: 85
0000  47        BRK                             A:66 X:47 Y:33 P:35 SP:24 CYC: 91
0000  47        BRK                             A:66 X:47 Y:33 P:35 SP:21 CYC: 97
0000  47        BRK                             A:66 X:47 Y:33 P:35 SP:1E CYC:103
0000  47        BRK                             A:66 X:47 Y:33 P:35 SP:1B CYC:109
0000  47        BRK                             A:66 X:47 Y:33 P:35 SP:18 CYC:115
0000  47        BRK                             A:66 X:47 Y:33 P:35 SP:15 CYC:121
0000  47        BRK                             A:66 X:47 Y:33 P:35 SP:12 CYC:127
0000  47        BRK                             A:66 X:47 Y:33 P:35 SP:0F CYC:133
0000  47        BRK                             A:66 X:47 Y:33 P:35 SP:0C CYC:139
0000  47        BRK                             A:66 X:47 Y:33 P:35 SP:09 CYC:145
0000  47        BRK                             A:66 X:47 Y:33 P:35 SP:06 CYC:151
0000  47        BRK                             A:66 X:47 Y:33 P:35 SP:03 CYC:157
0000  47        BRK                             A:66 X:47 Y:33 P:35 SP:00 CYC:163
0000  47        BRK                             A:66 X:47 Y:33 P:35 SP:FD CYC:169
0000  47        BRK                             A:66 X:47 Y:33 P:35 SP:FA CYC:175
0000  47        BRK                             A:66 X:47 Y:33 P:35 SP:F7 CYC:181
0000  47        BRK                             A:66 X:47 Y:33 P:35 SP:F4 CYC:187
0000  47        BRK                             A:66 X:47 Y:33 P:35 SP:F1 CYC:193
0000  47        BRK                             A:66 X:47 Y:33 P:35 SP:EE CYC:199
0000  47        BRK                             A:66 X:47 Y:33 P:35 SP:EB CYC:205
0000  47        BRK                             A:66 X:47 Y:33 P:35 SP:E8 CYC:211
0000  47        BRK                             A:66 X:47 Y:33 P:35 SP:E5 CYC:217
0000  47        BRK                             A:66 X:47 Y:33 P:35 SP:E2 CYC:223
0000  47        BRK                             A:66 X:47 Y:33 P:35 SP:DF CYC:229
0000  47        BRK                             A:66 X:47 Y:33 P:35 SP:DC CYC:235
0000  47        BRK                             A:66 X:47 Y:33 P:35 SP:D9 CYC:241
0000  47        BRK                             A:66 X:47 Y:33 P:35 SP:D6 CYC:247
0000  47        BRK                             A:66 X:47 Y:33 P:35 SP:D3 CYC:253
0000  47        BRK                             A:66 X:47 Y:33 P:35 SP:D0 CYC:259
0000  47        BRK                             A:66 X:47 Y:33 P:35 SP:CD CYC:265
0000  47        BRK                             A:66 X:47 Y:33 P:35 SP:CA CYC:271
0000  47        BRK                             A:66 X:47 Y:33 P:35 SP:C7 CYC:277
0000  47        BRK                             A:66 X:47 Y:33 P:35 SP:C4 CYC:283
0000  47        BRK                             A:66 X:47 Y:33 P:35 SP:C1 CYC:289
0000  47        BRK                             A:66 X:47 Y:33 P:35 SP:BE CYC:295
0000  47        BRK                             A:66 X:47 Y:33 P:35 SP:BB CYC:301
0000  47        BRK                             A:66 X:47 Y:33 P:35 SP:B8 CYC:307
0000  47        BRK                             A:66 X:47 Y:33 P:35 SP:B5 CYC:313
0000  47        BRK                             A:66 X:47 Y:33 P:35 SP:B2 CYC:319
0000  47        BRK                             A:66 X:47 Y:33 P:35 SP:AF CYC:325
0000  47        BRK                             A:66 X:47 Y:33 P:35 SP:AC CYC:331
0000  47        BRK                             A:66 X:47 Y:33 P:35 SP:A9 CYC:337
0000  47        BRK                             A:66 X:47 Y:33 P:35 SP:A6 CYC:  2
0000  47        BRK                             A:66 X:47 Y:33 P:35 SP:A3 CYC:  8
0000  47        BRK                             A:66 X:47 Y:33 P:35 SP:A0 CYC: 14
0000  47        BRK                             A:66 X:47 Y:33 P:35 SP:9D CYC: 20
0000  47        BRK                             A:66 X:47 Y:33 P:35 SP:9A CYC: 26
0000  47        BRK                             A:66 X:47 Y:33 P:35 SP:97 CYC: 32
0000  47        BRK                             A:66 X:47 Y:33 P:35 SP:94 CYC: 38
0000  47        BRK                             A:66 X:47 Y:33 P:35 SP:91 CYC: 44
0000  47        BRK                             A:66 X:47 Y:33 P:35 SP:8E CYC: 50
0000  47        BRK                             A:66 X:47 Y:33 P:35 SP:8B CYC: 56
0000  47        BRK                             A:66 X:47 Y:33 P:35 SP:88 CYC: 62
0000  47        BRK                             A:66 X:47 Y:33 P:35 SP:85 CYC: 68
0000  47        BRK                             A:66 X:47 Y:33 P:35 SP:82 CYC: 74
0000  47        BRK                             A:66 X:47 Y:33 P:35 SP:7F CYC: 80
0000  47        BRK                             A:66 X:47 Y:33 P:35 SP:7C CYC: 86
0000  47        BRK                             A:66 X:47 Y:33 P:35 SP:79 CYC: 92
0000  47        BRK                             A:66 X:47 Y:33 P:35 SP:76 CYC: 98
0000  47        BRK                             A:66 X:47 Y:33 P:35 SP:73 CYC:104
0000  47        BRK                             A:66 X:47 Y:33 P:35 SP:70 CYC:110
0000  47        BRK                             A:66 X:47 Y:33 P:35 SP:6D CYC:116
0000  47        BRK                             A:66 X:47 Y:33 P:35 SP:6A CYC:122
0000  47        BRK                             A:66 X:47 Y:33 P:35 SP:67 CYC:128
0000  47        BRK                             A:66 X:47 Y:33 P:35 SP:64 CYC:134
0000  47        BRK                             A:66 X:47 Y:33 P:35 SP:61 CYC:140
0000  47        BRK                             A:66 X:47 Y:33 P:35 SP:5E CYC:146
0000  47        BRK                             A:66 X:47 Y:33 P:35 SP:5B CYC:152
0000  47        BRK                             A:66 X:47 Y:33 P:35 SP:58 CYC:158
0000  47        BRK                             A:66 X:47 Y:33 P:35 SP:55 CYC:164
0000  47        BRK                             A:66 X:47 Y:33 P:35 SP:52 CYC:170
0000  47        BRK                             A:66 X:47 Y:33 P:35 SP:4F CYC:176
0000  47        BRK                             A:66 X:47 Y:33 P:35 SP:4C CYC:182
0000  47        BRK                             A:66 X:47 Y:33 P:35 SP:49 CYC:188
0000  47        BRK                             A:66 X:47 Y:33 P:35 SP:46 CYC:194
0000  47        BRK                             A:66 X:47 Y:33 P:35 SP:43 CYC:200
0000  47        BRK                             A:66 X:47 Y:33 P:35 SP:40 CYC:206
0000  47        BRK                             A:66 X:47 Y:33 P:35 SP:3D CYC:212
0000  47        BRK                             A:66 X:47 Y:33 P:35 SP:3A CYC:218
0000  47        BRK                             A:66 X:47 Y:33 P:35 SP:37 CYC:224
0000  47        BRK                             A:66 X:47 Y:33 P:35 SP:34 CYC:230
0000  47        BRK                             A:66 X:47 Y:33 P:35 SP:31 CYC:236
0000  47        BRK                             A:66 X:47 Y:33 P:35 SP:2E CYC:242
0000  47        BRK                             A:66 X:47 Y:33 P:35 SP:2B CYC:248
0000  47        BRK                             A:66 X:47 Y:33 P:35 SP:28 CYC:254
0000  47        BRK                             A:66 X:47 Y:33 P:35 SP:25 CYC:260
0000  47        BRK                             A:66 X:47 Y:33 P:35 SP:22 CYC:266
0000  47        BRK                             A:66 X:47 Y:33 P:35 SP:1F CYC:272
0000  47        BRK                             A:66 X:47 Y:33 P:35 SP:1C CYC:278
0000  47        BRK                             A:66 X:47 Y:33 P:35 SP:19 CYC:284
0000  47        BRK                             A:66 X:47 Y:33 P:35 SP:16 CYC:290
0000  47        BRK                             A:66 X:47 Y:33 P:35 SP:13 CYC:296
0000  47        BRK                             A:66 X:47 Y:33 P:35 SP:10 CYC:302
0000  47        BRK                             A:66 X:47 Y:33 P:35 SP:0D CYC:308
0000  47        BRK                             A:66 X:47 Y:33 P:35 SP:0A CYC:314
0000  47        BRK                             A:66 X:47 Y:33 P:35 SP:07 CYC:320
0000  47        BRK                             A:66 X:47 Y:33 P:35 SP:04 CYC:326
0000  47        BRK                             A:66 X:47 Y:33 P:35 SP:01 CYC:332
0000  47        BRK                             A:66 X:47 Y:33 P:35 SP:FE CYC:338
0000  47        BRK                             A:66 X:47 Y:33 P:35 SP:FB CYC:  3
0000  47        BRK                             A:66 X:47 Y:33 P:35 SP:F8 CYC:  9
0000  47        BRK                             A:66 X:47 Y:33 P:35 SP:F5 CYC: 15
0000  47        BRK                             A:66 X:47 Y:33 P:35 SP:F2 CYC: 21
0000  47        BRK                             A:66 X:47 Y:33 P:35 SP:EF CYC: 27
0000  47        BRK                             A:66 X:47 Y:33 P:35 SP:EC CYC: 33
0000  47        BRK                             A:66 X:47 Y:33 P:35 SP:E9 CYC: 39
0000  47        BRK                             A:66 X:47 Y:33 P:35 SP:E6 CYC: 45
0000  47        BRK                             A:66 X:47 Y:33 P:35 SP:E3 CYC: 51
0000  47        BRK                             A:66 X:47 Y:33 P:35 SP:E0 CYC: 57
0000  47        BRK                             A:66 X:47 Y:33 P:35 SP:DD CYC: 63
0000  47        BRK                             A:66 X:47 Y:33 P:35 SP:DA CYC: 69
0000  47        BRK                             A:66 X:47 Y:33 P:35 SP:D7 CYC: 75
0000  47        BRK                             A:66 X:47 Y:33 P:35 SP:D4 CYC: 81
0000  47        BRK                             A:66 X:47 Y:33 P:35 SP:D1 CYC: 87
0000  47        BRK                             A:66 X:47 Y:33 P:35 SP:CE CYC: 93
0000  47        BRK                             A:66 X:47 Y:33 P:35 SP:CB CYC: 99
0000  47        BRK                             A:66 X:47 Y:33 P:35 SP:C8 CYC:105
0000  47        BRK                             A:66 X:47 Y:33 P:35 SP:C5 CYC:111
0000  47        BRK                             A:66 X:47 Y:33 P:35 SP:C2 CYC:117
0000  47        BRK                             A:66 X:47 Y:33 P:35 SP:BF CYC:123
0000  47        BRK                             A:66 X:47 Y:33 P:35 SP:BC CYC:129
0000  47        BRK                             A:66 X:47 Y:33 P:35 SP:B9 CYC:135
0000  47        BRK                             A:66 X:47 Y:33 P:35 SP:B6 CYC:141
0000  47        BRK                             A:66 X:47 Y:33 P:35 SP:B3 CYC:147
0000  47        BRK                             A:66 X:47 Y:33 P:35 SP:B0 CYC:153
0000  47        BRK                             A:66 X:47 Y:33 P:35 SP:AD CYC:159
0000  47        BRK                             A:66 X:47 Y:33 P:35 SP:AA CYC:165
0000  47        BRK                             A:66 X:47 Y:33 P:35 SP:A7 CYC:171
0000  47        BRK                             A:66 X:47 Y:33 P:35 SP:A4 CYC:177
0000  47        BRK                             A:66 X:47 Y:33 P:35 SP:A1 CYC:183
0000  47        BRK                             A:66 X:47 Y:33 P:35 SP:9E CYC:189
0000  47        BRK                             A:66 X:47 Y:33 P:35 SP:9B CYC:195
0000  47        BRK                             A:66 X:47 Y:33 P:35 SP:98 CYC:201
0000  47        BRK                             A:66 X:47 Y:33 P:35 SP:95 CYC:207
0000  47        BRK                             A:66 X:47 Y:33 P:35 SP:92 CYC:213
0000  47        BRK                             A:66 X:47 Y:33 P:35 SP:8F CYC:219
0000  47        BRK                             A:66 X:47 Y:33 P:35 SP:8C CYC:225
0000  47        BRK                             A:66 X:47 Y:33 P:35 SP:89 CYC:231
0000  47        BRK                             A:66 X:47 Y:33 P:35 SP:86 CYC:237
0000  47        BRK                             A:66 X:47 Y:33 P:35 SP:83 CYC:243
0000  47        BRK                             A:66 X:47 Y:33 P:35 SP:80 CYC:249
0000  47        BRK                             A:66 X:47 Y:33 P:35 SP:7D CYC:255
0000  47        BRK                             A:66 X:47 Y:33 P:35 SP:7A CYC:261
0000  47        BRK                             A:66 X:47 Y:33 P:35 SP:77 CYC:267
0000  47        BRK                             A:66 X:47 Y:33 P:35 SP:74 CYC:273
0000  47        BRK                             A:66 X:47 Y:33 P:35 SP:71 CYC:279
0000  47        BRK                             A:66 X:47 Y:33 P:35 SP:6E CYC:285
0000  47        BRK                             A:66 X:47 Y:33 P:35 SP:6B CYC:291
0000  47        BRK                             A:66 X:47 Y:33 P:35 SP:68 CYC:297
0000  47        BRK                             A:66 X:47 Y:33 P:35 SP:65 CYC:303
0000  47        BRK                             A:66 X:47 Y:33 P:35 SP:62 CYC:309
0000  47        BRK                             A:66 X:47 Y:33 P:35 SP:5F CYC:315
0000  47        BRK                             A:66 X:47 Y:33 P:35 SP:5C CYC:321
0000  47        BRK                             A:66 X:47 Y:33 P:35 SP:59 CYC:327
0000  47        BRK                             A:66 X:47 Y:33 P:35 SP:56 CYC:333
0000  47        BRK                             A:66 X:47 Y:33 P:35 SP:53 CYC:339
0000  47        BRK                             A:66 X:47 Y:33 P:35 SP:50 CYC:  4
0000  47        BRK                             A:66 X:47 Y:33 P:35 SP:4D CYC: 10
0000  47        BRK                             A:66 X:47 Y:33 P:35 SP:4A CYC: 16
0000  47        BRK                             A:66 X:47 Y:33 P:35 SP:47 CYC: 22
0000  47        BRK                             A:66 X:47 Y:33 P:35 SP:44 CYC: 28
0000  47        BRK                             A:66 X:47 Y:33 P:35 SP:41 CYC: 34
0000  47        BRK                             A:66 X:47 Y:33 P:35 SP:3E CYC: 40
0000  47        BRK                             A:66 X:47 Y:33 P:35 SP:3B CYC: 46
0000  47        BRK                             A:66 X:47 Y:33 P:35 SP:38 CYC: 52
0000  47        BRK                             A:66 X:47 Y:33 P:35 SP:35 CYC: 58
0000  47        BRK                             A:66 X:47 Y:33 P:35 SP:32 CYC: 64
0000  47        BRK                             A:66 X:47 Y:33 P:35 SP:2F CYC: 70
0000  47        BRK                             A:66 X:47 Y:33 P:35 SP:2C CYC: 76
0000  47        BRK                             A:66 X:47 Y:33 P:35 SP:29 CYC: 82
0000  47        BRK                             A:66 X:47 Y:33 P:35 SP:26 CYC: 88
0000  47        BRK                             A:66 X:47 Y:33 P:35 SP:23 CYC: 94
0000  47        BRK                             A:66 X:47 Y:33 P:35 SP:20 CYC:100
0000  47        BRK                             A:66 X:47 Y:33 P:35 SP:1D CYC:106
0000  47        BRK                             A:66 X:47 Y:33 P:35 SP:1A CYC:112
0000  47        BRK                             A:66 X:47 Y:33 P:35 SP:17 CYC:118
0000  47        BRK                             A:66 X:47 Y:33 P:35 SP:14 CYC:124
0000  47        BRK                             A:66 X:47 Y:33 P:35 SP:11 CYC:130
0000  47        BRK                             A:66 X:47 Y:33 P:35 SP:0E CYC:136
0000  47        BRK                             A:66 X:47 Y:33 P:35 SP:0B CYC:142
0000  47        BRK                             A:66 X:47 Y:33 P:35 SP:08 CYC:148
0000  47        BRK                             A:66 X:47 Y:33 P:35 SP:05 CYC:154
0000  47        BRK                             A:66 X:47 Y:33 P:35 SP:02 CYC:160
0000  47        BRK                             A:66 X:47 Y:33 P:35 SP:FF CYC:166
0000  47        BRK                             A:66 X:47 Y:33 P:35 SP:FC CYC:172
0000  47        BRK                             A:66 X:47 Y:33 P:35 SP:F9 CYC:178
0000  47        BRK                             A:66 X:47 Y:33 P:35 SP:F6 CYC:184
0000  47        BRK                             A:66 X:47 Y:33 P:35 SP:F3 CYC:190
0000  47        BRK                             A:66 X:47 Y:33 P:35 SP:F0 CYC:196
0000  47        BRK                             A:66 X:47 Y:33 P:35 SP:ED CYC:202
0000  47        BRK                             A:66 X:47 Y:33 P:35 SP:EA CYC:208
0000  47        BRK                             A:66 X:47 Y:33 P:35 SP:E7 CYC:214
0000  47        BRK                             A:66 X:47 Y:33 P:35 SP:E4 CYC:220
0000  47        BRK                             A:66 X:47 Y:33 P:35 SP:E1 CYC:226
0000  47        BRK                             A:66 X:47 Y:33 P:35 SP:DE CYC:232
0000  47        BRK                             A:66 X:47 Y:33 P:35 SP:DB CYC:238
0000  47        BRK                             A:66 X:47 Y:33 P:35 SP:D8 CYC:244
0000  47        BRK                             A:66 X:47 Y:33 P:35 SP:D5 CYC:250
0000  47        BRK                             A:66 X:47 Y:33 P:35 SP:D2 CYC:256
0000  47        BRK                             A:66 X:47 Y:33 P:35 SP:CF CYC:262
0000  47        BRK                             A:66 X:47 Y:33 P:35 SP:CC CYC:268
0000  47        BRK                             A:66 X:47 Y:33 P:35 SP:C9 CYC:274
0000  47        BRK                             A:66 X:47 Y:33 P:35 SP:C6 CYC:280
0000  47        BRK                             A:66 X:47 Y:33 P:35 SP:C3 CYC:286
0000  47        BRK                             A:66 X:47 Y:33 P:35 SP:C0 CYC:292
0000  47        BRK                             A:66 X:47 Y:33 P:35 SP:BD CYC:298
0000  47        BRK                             A:66 X:47 Y:33 P:35 SP:BA CYC:304
0000  47        BRK                             A:66 X:47 Y:33 P:35 SP:B7 CYC:310
0000  47        BRK                             A:66 X:47 Y:33 P:35 SP:B4 CYC:316
0000  47        BRK                             A:66 X:47 Y:33 P:35 SP:B1 CYC:322
0000  47        BRK                             A:66 X:47 Y:33 P:35 SP:AE CYC:328
0000  47        BRK                             A:66 X:47 Y:33 P:35 SP:AB CYC:334
0000  47        BRK                             A:66 X:47 Y:33 P:35 SP:A8 CYC:340
0000  47        BRK                             A:66 X:47 Y:33 P:35 SP:A5 CYC:  5
0000  47        BRK                             A:66 X:47 Y:33 P:35 SP:A2 CYC: 11
0000  47        BRK                             A:66 X:47 Y:33 P:35 SP:9F CYC: 17
0000  47        BRK                             A:66 X:47 Y:33 P:35 SP:9C CYC: 23
0000  47        BRK                             A:66 X:47 Y:33 P:35 SP:99 CYC: 29
0000  47        BRK                             A:66 X:47 Y:33 P:35 SP:96 CYC: 35
0000  47        BRK                             A:66 X:47 Y:33 P:35 SP:93 CYC: 41
0000  47        BRK                             A:66 X:47 Y:33 P:35 SP:90 CYC: 47
0000  47        BRK                             A:66 X:47 Y:33 P:35 SP:8D CYC: 53
0000  47        BRK                             A:66 X:47 Y:33 P:35 SP:8A CYC: 59
0000  47        BRK                             A:66 X:47 Y:33 P:35 SP:87 CYC: 65
0000  47        BRK                             A:66 X:47 Y:33 P:35 SP:84 CYC: 71
0000  47        BRK                             A:66 X:47 Y:33 P:35 SP:81 CYC: 77
0000  47        BRK                             A:66 X:47 Y:33 P:35 SP:7E CYC: 83
0000  47        BRK                             A:66 X:47 Y:33 P:35 SP:7B CYC: 89
0000  47        BRK                             A:66 X:47 Y:33 P:35 SP:78 CYC: 95
0000  47        BRK                             A:66 X:47 Y:33 P:35 SP:75 CYC:101
0000  47        BRK                             A:66 X:47 Y:33 P:35 SP:72 CYC:107
0000  47        BRK                             A:66 X:47 Y:33 P:35 SP:6F CYC:113
0000  47        BRK                             A:66 X:47 Y:33 P:35 SP:6C CYC:119
0000  47        BRK                             A:66 X:47 Y:33 P:35 SP:69 CYC:125
0000  47        BRK                             A:66 X:47 Y:33 P:35 SP:66 CYC:131
0000  47        BRK                             A:66 X:47 Y:33 P:35 SP:63 CYC:137
0000  47        BRK                             A:66 X:47 Y:33 P:35 SP:60 CYC:143
0000  47        BRK                             A:66 X:47 Y:33 P:35 SP:5D CYC:149
0000  47        BRK                             A:66 X:47 Y:33 P:35 SP:5A CYC:155
0000  47        BRK                             A:66 X:47 Y:33 P:35 SP:57 CYC:161
0000  47        BRK                             A:66 X:47 Y:33 P:35 SP:54 CYC:167
0000  47        BRK                             A:66 X:47 Y:33 P:35 SP:51 CYC:173
0000  47        BRK                             A:66 X:47 Y:33 P:35 SP:4E CYC:179
0000  47        BRK                             A:66 X:47 Y:33 P:35 SP:4B CYC:185
0000  47        BRK                             A:66 X:47 Y:33 P:35 SP:48 CYC:191
0000  47        BRK                             A:66 X:47 Y:33 P:35 SP:45 CYC:197
0000  47        BRK                             A:66 X:47 Y:33 P:35 SP:42 CYC:203
0000  47        BRK                             A:66 X:47 Y:33 P:35 SP:3F CYC:209
0000  47        BRK                             A:66 X:47 Y:33 P:35 SP:3C CYC:215
0000  47        BRK                             A:66 X:47 Y:33 P:35 SP:39 CYC:221
0000  47        BRK                             A:66 X:47 Y:33 P:35 SP:36 CYC:227
0000  47        BRK                             A:66 X:47 Y:33 P:35 SP:33 CYC:233
0000  47        BRK                             A:66 X:47 Y:33 P:35 SP:30 CYC:239
0000  47        BRK                             A:66 X:47 Y:33 P:35 SP:2D CYC:245
0000  47        BRK                             A:66 X:47 Y:33 P:35 SP:2A CYC:251
0000  47        BRK                             A:66 X:47 Y:33 P:35 SP:27 CYC:257
0000  47        BRK                             A:66 X:47 Y:33 P:35 SP:24 CYC:263
0000  47        BRK                             A:66 X:47 Y:33 P:35 SP:21 CYC:269
0000  47        BRK                             A:66 X:47 Y:33 P:35 SP:1E CYC:275
0000  47        BRK                             A:66 X:47 Y:33 P:35 SP:1B CYC:281
0000  47        BRK                             A:66 X:47 Y:33 P:35 SP:18 CYC:287
0000  47        BRK                             A:66 X:47 Y:33 P:35 SP:15 CYC:293
0000  47        BRK                             A:66 X:47 Y:33 P:35 SP:12 CYC:299
0000  47        BRK                             A:66 X:47 Y:33 P:35 SP:0F CYC:305
0000  47        BRK                             A:66 X:47 Y:33 P:35 SP:0C CYC:311
0000  47        BRK                             A:66 X:47 Y:33 P:35 SP:09 CYC:317
0000  47        BRK                             A:66 X:47 Y:33 P:35 SP:06 CYC:323
0000  47        BRK                             A:66 X:47 Y:33 P:35 SP:03 CYC:329
0000  47        BRK                             A:66 X:47 Y:33 P:35 SP:00 CYC:335
0000  47        BRK                             A:66 X:47 Y:33 P:35 SP:FD CYC:  0
0000  47        BRK                             A:66 X:47 Y:33 P:35 SP:FA CYC:  6
0000  47        BRK                             A:66 X:47 Y:33 P:35 SP:F7 CYC: 12
0000  47        BRK                             A:66 X:47 Y:33 P:35 SP:F4 CYC: 18
0000  47        BRK                             A:66 X:47 Y:33 P:35 SP:F1 CYC: 24
0000  47        BRK                             A:66 X:47 Y:33 P:35 SP:EE CYC: 30
0000  47        BRK                             A:66 X:47 Y:33 P:35 SP:EB CYC: 36
0000  47        BRK                             A:66 X:47 Y:33 P:35 SP:E8 CYC: 42
0000  47        BRK                             A:66 X:47 Y:33 P:35 SP:E5 CYC: 48
0000  47        BRK                             A:66 X:47 Y:33 P:35 SP:E2 CYC: 54
0000  47        BRK                             A:66 X:47 Y:33 P:35 SP:DF CYC: 60
0000  47        BRK                             A:66 X:47 Y:33 P:35 SP:DC CYC: 66
0000  47        BRK                             A:66 X:47 Y:33 P:35 SP:D9 CYC: 72
0000  47        BRK                             A:66 X:47 Y:33 P:35 SP:D6 CYC: 78
0000  47        BRK                             A:66 X:47 Y:33 P:35 SP:D3 CYC: 84
0000  47        BRK                             A:66 X:47 Y:33 P:35 SP:D0 CYC: 90
0000  47        BRK                             A:66 X:47 Y:33 P:35 SP:CD CYC: 96
0000  47        BRK                             A:66 X:47 Y:33 P:35 SP:CA CYC:102
0000  47        BRK                             A:66 X:47 Y:33 P:35 SP:C7 CYC:108
0000  47        BRK                             A:66 X:47 Y:33 P:35 SP:C4 CYC:114
0000  47        BRK                             A:66 X:47 Y:33 P:35 SP:C1 CYC:120
0000  47        BRK                             A:66 X:47 Y:33 P:35 SP:BE CYC:126
0000  47        BRK                             A:66 X:47 Y:33 P:35 SP:BB CYC:132
0000  47        BRK                             A:66 X:47 Y:33 P:35 SP:B8 CYC:138
0000  47        BRK                             A:66 X:47 Y:33 P:35 SP:B5 CYC:144
0000  47        BRK                             A:66 X:47 Y:33 P:35 SP:B2 CYC:150
0000  47        BRK                             A:66 X:47 Y:33 P:35 SP:AF CYC:156
0000  47        BRK                             A:66 X:47 Y:33 P:35 SP:AC CYC:162
0000  47        BRK                             A:66 X:47 Y:33 P:35 SP:A9 CYC:168
0000  47        BRK                             A:66 X:47 Y:33 P:35 SP:A6 CYC:174
0000  47        BRK                             A:66 X:47 Y:33 P:35 SP:A3 CYC:180
0000  47        BRK                             A:66 X:47 Y:33 P:35 SP:A0 CYC:186
0000  47        BRK                             A:66 X:47 Y:33 P:35 SP:9D CYC:192
0000  47        BRK                             A:66 X:47 Y:33 P:35 SP:9A CYC:198
0000  47        BRK                             A:66 X:47 Y:33 P:35 SP:97 CYC:204
0000  47        BRK                             A:66 X:47 Y:33 P:35 SP:94 CYC:210
0000  47        BRK                             A:66 X:47 Y:33 P:35 SP:91 CYC:216
0000  47        BRK                             A:66 X:47 Y:33 P:35 SP:8E CYC:222
0000  47        BRK                             A:66 X:47 Y:33 P:35 SP:8B CYC:228
0000  47        BRK                             A:66 X:47 Y:33 P:35 SP:88 CYC:234
0000  47        BRK                             A:66 X:47 Y:33 P:35 SP:85 CYC:240
0000  47        BRK                             A:66 X:47 Y:33 P:35 SP:82 CYC:246
0000  47        BRK                             A:66 X:47 Y:33 P:35 SP:7F CYC:252
0000  47        BRK                             A:66 X:47 Y:33 P:35 SP:7C CYC:258
0000  47        BRK                             A:66 X:47 Y:33 P:35 SP:79 CYC:264
0000  47        BRK                             A:66 X:47 Y:33 P:35 SP:76 CYC:270
0000  47        BRK                             A:66 X:47 Y:33 P:35 SP:73 CYC:276
0000  47        BRK                             A:66 X:47 Y:33 P:35 SP:70 CYC:282
0000  47        BRK                             A:66 X:47 Y:33 P:35 SP:6D CYC:288
0000  47        BRK                             A:66 X:47 Y:33 P:35 SP:6A CYC:294
0000  47        BRK                             A:66 X:47 Y:33 P:35 SP:67 CYC:300
0000  47        BRK                             A:66 X:47 Y:33 P:35 SP:64 CYC:306
0000  47        BRK                             A:66 X:47 Y:33 P:35 SP:61 CYC:312
0000  47        BRK                             A:66 X:47 Y:33 P:35 SP:5E CYC:318
0000  47        BRK                             A:66 X:47 Y:33 P:35 SP:5B CYC:324
0000  47        BRK                             A:66 X:47 Y:33 P:35 SP:58 CYC:330
0000  47        BRK                             A:66 X:47 Y:33 P:35 SP:55 CYC:336
0000  47        BRK                             A:66 X:47 Y:33 P:35 SP:52 CYC:  1
0000  47        BRK                             A:66 X:47 Y:33 P:35 SP:4F CYC:  7
0000  47        BRK                             A:66 X:47 Y:33 P:35 SP:4C CYC: 13
0000  47        BRK                             A:66 X:47 Y:33 P:35 SP:49 CYC: 19
0000  47        BRK                             A:66 X:47 Y:33 P:35 SP:46 CYC: 25
0000  47        BRK                             A:66 X:47 Y:33 P:35 SP:43 CYC: 31
0000  47        BRK                             A:66 X:47 Y:33 P:35 SP:40 CYC: 37
0000  47        BRK                             A:66 X:47 Y:33 P:35 SP:3D CYC: 43
0000  47        BRK                             A:66 X:47 Y:33 P:35 SP:3A CYC: 49
0000  47        BRK                             A:66 X:47 Y:33 P:35 SP:37 CYC: 55
0000  47        BRK                             A:66 X:47 Y:33 P:35 SP:34 CYC: 61
0000  47        BRK                             A:66 X:47 Y:33 P:35 SP:31 CYC: 67
0000  47        BRK                             A:66 X:47 Y:33 P:35 SP:2E CYC: 73
0000  47        BRK                             A:66 X:47 Y:33 P:35 SP:2B CYC: 79
0000  47        BRK                             A:66 X:47 Y:33 P:35 SP:28 CYC: 85
0000  47        BRK                             A:66 X:47 Y:33 P:35 SP:25 CYC: 91
0000  47        BRK                             A:66 X:47 Y:33 P:35 SP:22 CYC: 97
0000  47        BRK                             A:66 X:47 Y:33 P:35 SP:1F CYC:103
0000  47        BRK                             A:66 X:47 Y:33 P:35 SP:1C CYC:109
0000  47        BRK                             A:66 X:47 Y:33 P:35 SP:19 CYC:115
0000  47        BRK                             A:66 X:47 Y:33 P:35 SP:16 CYC:121
0000  47        BRK                             A:66 X:47 Y:33 P:35 SP:13 CYC:127
0000  47        BRK                             A:66 X:47 Y:33 P:35 SP:10 CYC:133
0000  47        BRK                             A:66 X:47 Y:33 P:35 SP:0D CYC:139
0000  47        BRK                             A:66 X:47 Y:33 P:35 SP:0A CYC:145
0000  47        BRK                             A:66 X:47 Y:33 P:35 SP:07 CYC:151
0000  47        BRK                             A:66 X:47 Y:33 P:35 SP:04 CYC:157
0000  47        BRK                             A:66 X:47 Y:33 P:35 SP:01 CYC:163
0000  47        BRK                             A:66 X:47 Y:33 P:35 SP:FE CYC:169
0000  47        BRK                             A:66 X:47 Y:33 P:35 SP:FB CYC:175
0000  47        BRK                             A:66 X:47 Y:33 P:35 SP:F8 CYC:181
0000  47        BRK                             A:66 X:47 Y:33 P:35 SP:F5 CYC:187
0000  47        BRK                             A:66 X:47 Y:33 P:35 SP:F2 CYC:193
0000  47        BRK                             A:66 X:47 Y:33 P:35 SP:EF CYC:199
0000  47        BRK                             A:66 X:47 Y:33 P:35 SP:EC CYC:205
0000  47        BRK                             A:66 X:47 Y:33 P:35 SP:E9 CYC:211
0000  47        BRK                             A:66 X:47 Y:33 P:35 SP:E6 CYC:217
0000  47        BRK                             A:66 X:47 Y:33 P:35 SP:E3 CYC:223
0000  47        BRK                             A:66 X:47 Y:33 P:35 SP:E0 CYC:229
0000  47        BRK                             A:66 X:47 Y:33 P:35 SP:DD CYC:235
0000  47        BRK                             A:66 X:47 Y:33 P:35 SP:DA CYC:241
0000  47        BRK                             A:66 X:47 Y:33 P:35 SP:D7 CYC:247
0000  47        BRK                             A:66 X:47 Y:33 P:35 SP:D4 CYC:253
0000  47        BRK                             A:66 X:47 Y:33 P:35 SP:D1 CYC:259
0000  47        BRK                             A:66 X:47 Y:33 P:35 SP:CE CYC:265
0000  47        BRK                             A:66 X:47 Y:33 P:35 SP:CB CYC:271
0000  47        BRK                             A:66 X:47 Y:33 P:35 SP:C8 CYC:277
0000  47        BRK                             A:66 X:47 Y:33 P:35 SP:C5 CYC:283
0000  47        BRK                             A:66 X:47 Y:33 P:35 SP:C2 CYC:289
0000  47        BRK                             A:66 X:47 Y:33 P:35 SP:BF CYC:295
0000  47        BRK                             A:66 X:47 Y:33 P:35 SP:BC CYC:301
0000  47        BRK                             A:66 X:47 Y:33 P:35 SP:B9 CYC:307
0000  47        BRK                             A:66 X:47 Y:33 P:35 SP:B6 CYC:313
0000  47        BRK                             A:66 X:47 Y:33 P:35 SP:B3 CYC:319
0000  47        BRK                             A:66 X:47 Y:33 P:35 SP:B0 CYC:325
0000  47        BRK                             A:66 X:47 Y:33 P:35 SP:AD CYC:331
0000  47        BRK                             A:66 X:47 Y:33 P:35 SP:AA CYC:337
0000  47        BRK                             A:66 X:47 Y:33 P:35 SP:A7 CYC:  2
0000  47        BRK                             A:66 X:47 Y:33 P:35 SP:A4 CYC:  8
0000  47        BRK                             A:66 X:47 Y:33 P:35 SP:A1 CYC: 14
0000  47        BRK                             A:66 X:47 Y:33 P:35 SP:9E CYC: 20
0000  47        BRK                             A:66 X:47 Y:33 P:35 SP:9B CYC: 26
0000  47        BRK                             A:66 X:47 Y:33 P:35 SP:98 CYC: 32
0000  47        BRK                             A:66 X:47 Y:33 P:35 SP:95 CYC: 38
0000  47        BRK                             A:66 X:47 Y:33 P:35 SP:92 CYC: 44
0000  47        BRK                             A:66 X:47 Y:33 P:35 SP:8F CYC: 50
0000  47        BRK                             A:66 X:47 Y:33 P:35 SP:8C CYC: 56
0000  47        BRK                             A:66 X:47 Y:33 P:35 SP:89 CYC: 62
0000  47        BRK                             A:66 X:47 Y:33 P:35 SP:86 CYC: 68
0000  47        BRK                             A:66 X:47 Y:33 P:35 SP:83 CYC: 74
0000  47        BRK                             A:66 X:47 Y:33 P:35 SP:80 CYC: 80
0000  47        BRK                             A:66 X:47 Y:33 P:35 SP:7D CYC: 86
0000  47        BRK                             A:66 X:47 Y:33 P:35 SP:7A CYC: 92
0000  47        BRK                             A:66 X:47 Y:33 P:35 SP:77 CYC: 98
0000  47        BRK                             A:66 X:47 Y:33 P:35 SP:74 CYC:104
0000  47        BRK                             A:66 X:47 Y:33 P:35 SP:71 CYC:110
0000  47        BRK                             A:66 X:47 Y:33 P:35 SP:6E CYC:116
0000  47        BRK                             A:66 X:47 Y:33 P:35 SP:6B CYC:122
0000  47        BRK                             A:66 X:47 Y:33 P:35 SP:68 CYC:128
0000  47        BRK                             A:66 X:47 Y:33 P:35 SP:65 CYC:134
0000  47        BRK                             A:66 X:47 Y:33 P:35 SP:62 CYC:140
0000  47        BRK                             A:66 X:47 Y:33 P:35 SP:5F CYC:146
0000  47        BRK                             A:66 X:47 Y:33 P:35 SP:5C CYC:152
0000  47        BRK                             A:66 X:47 Y:33 P:35 SP:59 CYC:158
0000  47        BRK                             A:66 X:47 Y:33 P:35 SP:56 CYC:164
0000  47        BRK                             A:66 X:47 Y:33 P:35 SP:53 CYC:170
0000  47        BRK                             A:66 X:47 Y:33 P:35 SP:50 CYC:176
0000  47        BRK                             A:66 X:47 Y:33 P:35 SP:4D CYC:182
0000  47        BRK                             A:66 X:47 Y:33 P:35 SP:4A CYC:188
0000  47        BRK                             A:66 X:47 Y:33 P:35 SP:47 CYC:194
0000  47        BRK                             A:66 X:47 Y:33 P:35 SP:44 CYC:200
0000  47        BRK                             A:66 X:47 Y:33 P:35 SP:41 CYC:206
0000  47        BRK                             A:66 X:47 Y:33 P:35 SP:3E CYC:212
0000  47        BRK                             A:66 X:47 Y:33 P:35 SP:3B CYC:218
0000  47        BRK                             A:66 X:47 Y:33 P:35 SP:38 CYC:224
0000  47        BRK                             A:66 X:47 Y:33 P:35 SP:35 CYC:230
0000  47        BRK                             A:66 X:47 Y:33 P:35 SP:32 CYC:236
0000  47        BRK                             A:66 X:47 Y:33 P:35 SP:2F CYC:242
0000  47        BRK                             A:66 X:47 Y:33 P:35 SP:2C CYC:248
0000  47        BRK                             A:66 X:47 Y:33 P:35 SP:29 CYC:254
0000  47        BRK                             A:66 X:47 Y:33 P:35 SP:26 CYC:260
0000  47        BRK                             A:66 X:47 Y:33 P:35 SP:23 CYC:266
0000  47        BRK                             A:66 X:47 Y:33 P:35 SP:20 CYC:272
0000  47        BRK                             A:66 X:47 Y:33 P:35 SP:1D CYC:278
0000  47        BRK                             A:66 X:47 Y:33 P:35 SP:1A CYC:284
0000  47        BRK                             A:66 X:47 Y:33 P:35 SP:17 CYC:290
0000  47        BRK                             A:66 X:47 Y:33 P:35 SP:14 CYC:296
0000  47        BRK                             A:66 X:47 Y:33 P:35 SP:11 CYC:302
0000  47        BRK                             A:66 X:47 Y:33 P:35 SP:0E CYC:308
0000  47        BRK                             A:66 X:47 Y:33 P:35 SP:0B CYC:314
0000  47        BRK                             A:66 X:47 Y:33 P:35 SP:08 CYC:320
0000  47        BRK                             A:66 X:47 Y:33 P:35 SP:05 CYC:326
0000  47        BRK                             A:66 X:47 Y:33 P:35 SP:02 CYC:332
0000  47        BRK                             A:66 X:47 Y:33 P:35 SP:FF CYC:338
0000  47        BRK                             A:66 X:47 Y:33 P:35 SP:FC CYC:  3
0000  47        BRK                             A:66 X:47 Y:33 P:35 SP:F9 CYC:  9
0000  47        BRK                             A:66 X:47 Y:33 P:35 SP:F6 CYC: 15
0000  47        BRK                             A:66 X:47 Y:33 P:35 SP:F3 CYC: 21
0000  47        BRK                             A:66 X:47 Y:33 P:35 SP:F0 CYC: 27
0000  47        BRK                             A:66 X:47 Y:33 P:35 SP:ED CYC: 33
0000  47        BRK                             A:66 X:47 Y:33 P:35 SP:EA CYC: 39
0000  47        BRK                             A:66 X:47 Y:33 P:35 SP:E7 CYC: 45
0000  47        BRK                             A:66 X:47 Y:33 P:35 SP:E4 CYC: 51
0000  47        BRK                             A:66 X:47 Y:33 P:35 SP:E1 CYC: 57
0000  47        BRK                             A:66 X:47 Y:33 P:35 SP:DE CYC: 63
0000  47        BRK                             A:66 X:47 Y:33 P:35 SP:DB CYC: 69
0000  47        BRK                             A:66 X:47 Y:33 P:35 SP:D8 CYC: 75
0000  47        BRK                             A:66 X:47 Y:33 P:35 SP:D5 CYC: 81
0000  47        BRK                             A:66 X:47 Y:33 P:35 SP:D2 CYC: 87
0000  47        BRK                             A:66 X:47 Y:33 P:35 SP:CF CYC: 93
0000  47        BRK                             A:66 X:47 Y:33 P:35 SP:CC CYC: 99
0000  47        BRK                             A:66 X:47 Y:33 P:35 SP:C9 CYC:105
0000  47        BRK                             A:66 X:47 Y:33 P:35 SP:C6 CYC:111
0000  47        BRK                             A:66 X:47 Y:33 P:35 SP:C3 CYC:117
0000  47        BRK                             A:66 X:47 Y:33 P:35 SP:C0 CYC:123
0000  47        BRK                             A:66 X:47 Y:33 P:35 SP:BD CYC:129
0000  47        BRK                             A:66 X:47 Y:33 P:35 SP:BA CYC:135
0000  47        BRK                             A:66 X:47 Y:33 P:35 SP:B7 CYC:141
0000  47        BRK                             A:66 X:47 Y:33 P:35 SP:B4 CYC:147
0000  47        BRK                             A:66 X:47 Y:33 P:35 SP:B1 CYC:153
0000  47        BRK                             A:66 X:47 Y:33 P:35 SP:AE CYC:159
0000  47        BRK                             A:66 X:47 Y:33 P:35 SP:AB CYC:165
0000  47        BRK                             A:66 X:47 Y:33 P:35 SP:A8 CYC:171
0000  47        BRK                             A:66 X:47 Y:33 P:35 SP:A5 CYC:177
0000  47        BRK                             A:66 X:47 Y:33 P:35 SP:A2 CYC:183
0000  47        BRK                             A:66 X:47 Y:33 P:35 SP:9F CYC:189
0000  47        BRK                             A:66 X:47 Y:33 P:35 SP:9C CYC:195
0000  47        BRK                             A:66 X:47 Y:33 P:35 SP:99 CYC:201
0000  47        BRK                             A:66 X:47 Y:33 P:35 SP:96 CYC:207
0000  47        BRK                             A:66 X:47 Y:33 P:35 SP:93 CYC:213
0000  47        BRK                             A:66 X:47 Y:33 P:35 SP:90 CYC:219
0000  47        BRK                             A:66 X:47 Y:33 P:35 SP:8D CYC:225
0000  47        BRK                             A:66 X:47 Y:33 P:35 SP:8A CYC:231
0000  47        BRK                             A:66 X:47 Y:33 P:35 SP:87 CYC:237
0000  47        BRK                             A:66 X:47 Y:33 P:35 SP:84 CYC:243
0000  47        BRK                             A:66 X:47 Y:33 P:35 SP:81 CYC:249
0000  47        BRK                             A:66 X:47 Y:33 P:35 SP:7E CYC:255
0000  47        BRK                             A:66 X:47 Y:33 P:35 SP:7B CYC:261
0000  47        BRK                             A:66 X:47 Y:33 P:35 SP:78 CYC:267
0000  47        BRK                             A:66 X:47 Y:33 P:35 SP:75 CYC:273
0000  47        BRK                             A:66 X:47 Y:33 P:35 SP:72 CYC:279
0000  47        BRK                             A:66 X:47 Y:33 P:35 SP:6F CYC:285
0000  47        BRK                             A:66 X:47 Y:33 P:35 SP:6C CYC:291
0000  47        BRK                             A:66 X:47 Y:33 P:35 SP:69 CYC:297
0000  47        BRK                             A:66 X:47 Y:33 P:35 SP:66 CYC:303
0000  47        BRK                             A:66 X:47 Y:33 P:35 SP:63 CYC:309
0000  47        BRK                             A:66 X:47 Y:33 P:35 SP:60 CYC:315
0000  47        BRK                             A:66 X:47 Y:33 P:35 SP:5D CYC:321
0000  47        BRK                             A:66 X:47 Y:33 P:35 SP:5A CYC:327
0000  47        BRK                             A:66 X:47 Y:33 P:35 SP:57 CYC:333
0000  47        BRK                             A:66 X:47 Y:33 P:35 SP:54 CYC:339
0000  47        BRK                             A:66 X:47 Y:33 P:35 SP:51 CYC:  4
0000  47        BRK                             A:66 X:47 Y:33 P:35 SP:4E CYC: 10
0000  47        BRK                             A:66 X:47 Y:33 P:35 SP:4B CYC: 16
0000  47        BRK                             A:66 X:47 Y:33 P:35 SP:48 CYC: 22
0000  47        BRK                             A:66 X:47 Y:33 P:35 SP:45 CYC: 28
0000  47        BRK                             A:66 X:47 Y:33 P:35 SP:42 CYC: 34
0000  47        BRK                             A:66 X:47 Y:33 P:35 SP:3F CYC: 40
0000  47        BRK                             A:66 X:47 Y:33 P:35 SP:3C CYC: 46
0000  47        BRK                             A:66 X:47 Y:33 P:35 SP:39 CYC: 52
0000  47        BRK                             A:66 X:47 Y:33 P:35 SP:36 CYC: 58
0000  47        BRK                             A:66 X:47 Y:33 P:35 SP:33 CYC: 64
0000  47        BRK                             A:66 X:47 Y:33 P:35 SP:30 CYC: 70
0000  47        BRK                             A:66 X:47 Y:33 P:35 SP:2D CYC: 76
0000  47        BRK                             A:66 X:47 Y:33 P:35 SP:2A CYC: 82
0000  47        BRK                             A:66 X:47 Y:33 P:35 SP:27 CYC: 88
0000  47        BRK                             A:66 X:47 Y:33 P:35 SP:24 CYC: 94
0000  47        BRK                             A:66 X:47 Y:33 P:35 SP:21 CYC:100
0000  47        BRK                             A:66 X:47 Y:33 P:35 SP:1E CYC:106
0000  47        BRK                             A:66 X:47 Y:33 P:35 SP:1B CYC:112
0000  47        BRK                             A:66 X:47 Y:33 P:35 SP:18 CYC:118
0000  47        BRK                             A:66 X:47 Y:33 P:35 SP:15 CYC:124
0000  47        BRK                             A:66 X:47 Y:33 P:35 SP:12 CYC:130
0000  47        BRK                             A:66 X:47 Y:33 P:35 SP:0F CYC:136
0000  47        BRK                             A:66 X:47 Y:33 P:35 SP:0C CYC:142
0000  47        BRK                             A:66 X:47 Y:33 P:35 SP:09 CYC:148
0000  47        BRK                             A:66 X:47 Y:33 P:35 SP:06 CYC:154
0000  47        BRK                             A:66 X:47 Y:33 P:35 SP:03 CYC:160
0000  47        BRK                             A:66 X:47 Y:33 P:35 SP:00 CYC:166
0000  47        BRK                             A:66 X:47 Y:33 P:35 SP:FD CYC:172
0000  47        BRK                             A:66 X:47 Y:33 P:35 SP:FA CYC:178
0000  47        BRK                             A:66 X:47 Y:33 P:35 SP:F7 CYC:184
0000  47        BRK                             A:66 X:47 Y:33 P:35 SP:F4 CYC:190
0000  47        BRK                             A:66 X:47 Y:33 P:35 SP:F1 CYC:196
0000  47        BRK                             A:66 X:47 Y:33 P:35 SP:EE CYC:202
0000  47        BRK                             A:66 X:47 Y:33 P:35 SP:EB CYC:208
0000  47        BRK                             A:66 X:47 Y:33 P:35 SP:E8 CYC:214
0000  47        BRK                             A:66 X:47 Y:33 P:35 SP:E5 CYC:220
0000  47        BRK                             A:66 X:47 Y:33 P:35 SP:E2 CYC:226
0000  47        BRK                             A:66 X:47 Y:33 P:35 SP:DF CYC:232
0000  47        BRK                             A:66 X:47 Y:33 P:35 SP:DC CYC:238
0000  47        BRK                             A:66 X:47 Y:33 P:35 SP:D9 CYC:244
0000  47        BRK                             A:66 X:47 Y:33 P:35 SP:D6 CYC:250
0000  47        BRK                             A:66 X:47 Y:33 P:35 SP:D3 CYC:256
0000  47        BRK                             A:66 X:47 Y:33 P:35 SP:D0 CYC:262
0000  47        BRK                             A:66 X:47 Y:33 P:35 SP:CD CYC:268
0000  47        BRK                             A:66 X:47 Y:33 P:35 SP:CA CYC:274
0000  47        BRK                             A:66 X:47 Y:33 P:35 SP:C7 CYC:280
0000  47        BRK                             A:66 X:47 Y:33 P:35 SP:C4 CYC:286
0000  47        BRK                             A:66 X:47 Y:33 P:35 SP:C1 CYC:292
0000  47        BRK                             A:66 X:47 Y:33 P:35 SP:BE CYC:298
0000  47        BRK                             A:66 X:47 Y:33 P:35 SP:BB CYC:304
0000  47        BRK                             A:66 X:47 Y:33 P:35 SP:B8 CYC:310
0000  47        BRK                             A:66 X:47 Y:33 P:35 SP:B5 CYC:316
0000  47        BRK                             A:66 X:47 Y:33 P:35 SP:B2 CYC:322
0000  47        BRK                             A:66 X:47 Y:33 P:35 SP:AF CYC:328
0000  47        BRK                             A:66 X:47 Y:33 P:35 SP:AC CYC:334
0000  47        BRK                             A:66 X:47 Y:33 P:35 SP:A9 CYC:340
0000  47        BRK                             A:66 X:47 Y:33 P:35 SP:A6 CYC:  5
0000  47        BRK                             A:66 X:47 Y:33 P:35 SP:A3 CYC: 11
0000  47        BRK                             A:66 X:47 Y:33 P:35 SP:A0 CYC: 17
0000  47        BRK                             A:66 X:47 Y:33 P:35 SP:9D CYC: 23
0000  47        BRK                             A:66 X:47 Y:33 P:35 SP:9A CYC: 29
0000  47        BRK                             A:66 X:47 Y:33 P:35 SP:97 CYC: 35
0000  47        BRK                             A:66 X:47 Y:33 P:35 SP:94 CYC: 41
0000  47        BRK                             A:66 X:47 Y:33 P:35 SP:91 CYC: 47
0000  47        BRK                             A:66 X:47 Y:33 P:35 SP:8E CYC: 53
0000  47        BRK                             A:66 X:47 Y:33 P:35 SP:8B CYC: 59
0000  47        BRK                             A:66 X:47 Y:33 P:35 SP:88 CYC: 65
0000  47        BRK                             A:66 X:47 Y:33 P:35 SP:85 CYC: 71
0000  47        BRK                             A:66 X:47 Y:33 P:35 SP:82 CYC: 77
0000  47        BRK                             A:66 X:47 Y:33 P:35 SP:7F CYC: 83
0000  47        BRK                             A:66 X:47 Y:33 P:35 SP:7C CYC: 89
0000  47        BRK                             A:66 X:47 Y:33 P:35 SP:79 CYC: 95
0000  47        BRK                             A:66 X:47 Y:33 P:35 SP:76 CYC:101
0000  47        BRK                             A:66 X:47 Y:33 P:35 SP:73 CYC:107
0000  47        BRK                             A:66 X:47 Y:33 P:35 SP:70 CYC:113
0000  47        BRK                             A:66 X:47 Y:33 P:35 SP:6D CYC:119
0000  47        BRK                             A:66 X:47 Y:33 P:35 SP:6A CYC:125
0000  47        BRK                             A:66 X:47 Y:33 P:35 SP:67 CYC:131
0000  47        BRK                             A:66 X:47 Y:33 P:35 SP:64 CYC:137
0000  47        BRK                             A:66 X:47 Y:33 P:35 SP:61 CYC:143
0000  47        BRK                             A:66 X:47 Y:33 P:35 SP:5E CYC:149
0000  47        BRK                             A:66 X:47 Y:33 P:35 SP:5B CYC:155
0000  47        BRK                             A:66 X:47 Y:33 P:35 SP:58 CYC:161
0000  47        BRK                             A:66 X:47 Y:33 P:35 SP:55 CYC:167
0000  47        BRK                             A:66 X:47 Y:33 P:35 SP:52 CYC:173
0000  47        BRK                             A:66 X:47 Y:33 P:35 SP:4F CYC:179
0000  47        BRK                             A:66 X:47 Y:33 P:35 SP:4C CYC:185
0000  47        BRK                             A:66 X:47 Y:33 P:35 SP:49 CYC:191
0000  47        BRK                             A:66 X:47 Y:33 P:35 SP:46 CYC:197
0000  47        BRK                             A:66 X:47 Y:33 P:35 SP:43 CYC:203
0000  47        BRK                             A:66 X:47 Y:33 P:35 SP:40 CYC:209
0000  47        BRK                             A:66 X:47 Y:33 P:35 SP:3D CYC:215
0000  47        BRK                             A:66 X:47 Y:33 P:35 SP:3A CYC:221
0000  47        BRK                             A:66 X:47 Y:33 P:35 SP:37 CYC:227
0000  47        BRK                             A:66 X:47 Y:33 P:35 SP:34 CYC:233
0000  47        BRK                             A:66 X:47 Y:33 P:35 SP:31 CYC:239
0000  47        BRK                             A:66 X:47 Y:33 P:35 SP:2E CYC:245
0000  47        BRK                             A:66 X:47 Y:33 P:35 SP:2B CYC:251
0000  47        BRK                             A:66 X:47 Y:33 P:35 SP:28 CYC:257
0000  47        BRK                             A:66 X:47 Y:33 P:35 SP:25 CYC:263
0000  47        BRK                             A:66 X:47 Y:33 P:35 SP:22 CYC:269
0000  47        BRK                             A:66 X:47 Y:33 P:35 SP:1F CYC:275
0000  47        BRK                             A:66 X:47 Y:33 P:35 SP:1C CYC:281
0000  47        BRK                             A:66 X:47 Y:33 P:35 SP:19 CYC:287
0000  47        BRK                             A:66 X:47 Y:33 P:35 SP:16 CYC:293
0000  47        BRK                             A:66 X:47 Y:33 P:35 SP:13 CYC:299
0000  47        BRK                             A:66 X:47 Y:33 P:35 SP:10 CYC:305
0000  47        BRK                             A:66 X:47 Y:33 P:35 SP:0D CYC:311
0000  47        BRK                             A:66 X:47 Y:33 P:35 SP:0A CYC:317
0000  47        BRK                             A:66 X:47 Y:33 P:35 SP:07 CYC:323
0000  47        BRK                             A:66 X:47 Y:33 P:35 SP:04 CYC:329
0000  47        BRK                             A:66 X:47 Y:33 P:35 SP:01 CYC:335
0000  47        BRK                             A:66 X:47 Y:33 P:35 SP:FE CYC:  0
0000  47        BRK                             A:66 X:47 Y:33 P:35 SP:FB CYC:  6
0000  47        BRK                             A:66 X:47 Y:33 P:35 SP:F8 CYC: 12
0000  47        BRK                             A:66 X:47 Y:33 P:35 SP:F5 CYC: 18
0000  47        BRK                             A:66 X:47 Y:33 P:35 SP:F2 CYC: 24
0000  47        BRK                             A:66 X:47 Y:33 P:35 SP:EF CYC: 30
0000  47        BRK                             A:66 X:47 Y:33 P:35 SP:EC CYC: 36
0000  47        BRK                             A:66 X:47 Y:33 P:35 SP:E9 CYC: 42
0000  47        BRK                             A:66 X:47 Y:33 P:35 SP:E6 CYC: 48
0000  47        BRK                             A:66 X:47 Y:33 P:35 SP:E3 CYC: 54
0000  47        BRK                             A:66 X:47 Y:33 P:35 SP:E0 CYC: 60
0000  47        BRK                             A:66 X:47 Y:33 P:35 SP:DD CYC: 66
0000  47        BRK                             A:66 X:47 Y:33 P:35 SP:DA CYC: 72
0000  47        BRK                             A:66 X:47 Y:33 P:35 SP:D7 CYC: 78
0000  47        BRK                             A:66 X:47 Y:33 P:35 SP:D4 CYC: 84
0000  47        BRK                             A:66 X:47 Y:33 P:35 SP:D1 CYC: 90
0000  47        BRK                             A:66 X:47 Y:33 P:35 SP:CE CYC: 96
0000  47        BRK                             A:66 X:47 Y:33 P:35 SP:CB CYC:102
0000  47        BRK                             A:66 X:47 Y:33 P:35 SP:C8 CYC:108
0000  47        BRK                             A:66 X:47 Y:33 P:35 SP:C5 CYC:114
0000  47        BRK                             A:66 X:47 Y:33 P:35 SP:C2 CYC:120
0000  47        BRK                             A:66 X:47 Y:33 P:35 SP:BF CYC:126
0000  47        BRK                             A:66 X:47 Y:33 P:35 SP:BC CYC:132
0000  47        BRK                             A:66 X:47 Y:33 P:35 SP:B9 CYC:138
0000  47        BRK                             A:66 X:47 Y:33 P:35 SP:B6 CYC:144
0000  47        BRK                             A:66 X:47 Y:33 P:35 SP:B3 CYC:150
0000  47        BRK                             A:66 X:47 Y:33 P:35 SP:B0 CYC:156
0000  47        BRK                             A:66 X:47 Y:33 P:35 SP:AD CYC:162
0000  47        BRK                             A:66 X:47 Y:33 P:35 SP:AA CYC:168
0000  47        BRK                             A:66 X:47 Y:33 P:35 SP:A7 CYC:174
0000  47        BRK                             A:66 X:47 Y:33 P:35 SP:A4 CYC:180
0000  47        BRK                             A:66 X:47 Y:33 P:35 SP:A1 CYC:186
0000  47        BRK                             A:66 X:47 Y:33 P:35 SP:9E CYC:192
0000  47        BRK                             A:66 X:47 Y:33 P:35 SP:9B CYC:198
0000  47        BRK                             A:66 X:47 Y:33 P:35 SP:98 CYC:204
0000  47        BRK                             A:66 X:47 Y:33 P:35 SP:95 CYC:210
0000  47        BRK                             A:66 X:47 Y:33 P:35 SP:92 CYC:216
0000  47        BRK                             A:66 X:47 Y:33 P:35 SP:8F CYC:222
0000  47        BRK                             A:66 X:47 Y:33 P:35 SP:8C CYC:228
0000  47        BRK                             A:66 X:47 Y:33 P:35 SP:89 CYC:234
0000  47        BRK                             A:66 X:47 Y:33 P:35 SP:86 CYC:240
0000  47        BRK                             A:66 X:47 Y:33 P:35 SP:83 CYC:246
0000  47        BRK                             A:66 X:47 Y:33 P:35 SP:80 CYC:252
0000  47        BRK                             A:66 X:47 Y:33 P:35 SP:7D CYC:258
0000  47        BRK                             A:66 X:47 Y:33 P:35 SP:7A CYC:264
0000  47        BRK                             A:66 X:47 Y:33 P:35 SP:77 CYC:270
0000  47        BRK                             A:66 X:47 Y:33 P:35 SP:74 CYC:276
0000  47        BRK                             A:66 X:47 Y:33 P:35 SP:71 CYC:282
0000  47        BRK                             A:66 X:47 Y:33 P:35 SP:6E CYC:288
0000  47        BRK                             A:66 X:47 Y:33 P:35 SP:6B CYC:294
0000  47        BRK                             A:66 X:47 Y:33 P:35 SP:68 CYC:300
0000  47        BRK                             A:66 X:47 Y:33 P:35 SP:65 CYC:306
0000  47        BRK                             A:66 X:47 Y:33 P:35 SP:62 CYC:312
0000  47        BRK                             A:66 X:47 Y:33 P:35 SP:5F CYC:318
0000  47        BRK                             A:66 X:47 Y:33 P:35 SP:5C CYC:324
0000  47        BRK                             A:66 X:47 Y:33 P:35 SP:59 CYC:330
0000  47        BRK                             A:66 X:47 Y:33 P:35 SP:56 CYC:336
0000  47        BRK                             A:66 X:47 Y:33 P:35 SP:53 CYC:  1
0000  47        BRK                             A:66 X:47 Y:33 P:35 SP:50 CYC:  7
0000  47        BRK                             A:66 X:47 Y:33 P:35 SP:4D CYC: 13
0000  47        BRK                             A:66 X:47 Y:33 P:35 SP:4A CYC: 19
0000  47        BRK                             A:66 X:47 Y:33 P:35 SP:47 CYC: 25
0000  47        BRK                             A:66 X:47 Y:33 P:35 SP:44 CYC: 31
0000  47        BRK                             A:66 X:47 Y:33 P:35 SP:41 CYC: 37
0000  47        BRK                             A:66 X:47 Y:33 P:35 SP:3E CYC: 43
0000  47        BRK                             A:66 X:47 Y:33 P:35 SP:3B CYC: 49
0000  47        BRK                             A:66 X:47 Y:33 P:35 SP:38 CYC: 55
0000  47        BRK                             A:66 X:47 Y:33 P:35 SP:35 CYC: 61
0000  47        BRK                             A:66 X:47 Y:33 P:35 SP:32 CYC: 67
0000  47        BRK                             A:66 X:47 Y:33 P:35 SP:2F CYC: 73
0000  47        BRK                             A:66 X:47 Y:33 P:35 SP:2C CYC: 79
0000  47        BRK                             A:66 X:47 Y:33 P:35 SP:29 CYC: 85
0000  47        BRK                             A:66 X:47 Y:33 P:35 SP:26 CYC: 91
0000  47        BRK                             A:66 X:47 Y:33 P:35 SP:23 CYC: 97
0000  47        BRK                             A:66 X:47 Y:33 P:35 SP:20 CYC:103
0000  47        BRK                             A:66 X:47 Y:33 P:35 SP:1D CYC:109
0000  47        BRK                             A:66 X:47 Y:33 P:35 SP:1A CYC:115
0000  47        BRK                             A:66 X:47 Y:33 P:35 SP:17 CYC:121
0000  47        BRK                             A:66 X:47 Y:33 P:35 SP:14 CYC:127
0000  47        BRK                             A:66 X:47 Y:33 P:35 SP:11 CYC:133
0000  47        BRK                             A:66 X:47 Y:33 P:35 SP:0E CYC:139
0000  47        BRK                             A:66 X:47 Y:33 P:35 SP:0B CYC:145
0000  47        BRK                             A:66 X:47 Y:33 P:35 SP:08 CYC:151
0000  47        BRK                             A:66 X:47 Y:33 P:35 SP:05 CYC:157
0000  47        BRK                             A:66 X:47 Y:33 P:35 SP:02 CYC:163
0000  47        BRK                             A:66 X:47 Y:33 P:35 SP:FF CYC:169
0000  47        BRK                             A:66 X:47 Y:33 P:35 SP:FC CYC:175
0000  47        BRK                             A:66 X:47 Y:33 P:35 SP:F9 CYC:181
0000  47        BRK                             A:66 X:47 Y:33 P:35 SP:F6 CYC:187
0000  47        BRK                             A:66 X:47 Y:33 P:35 SP:F3 CYC:193
0000  47        BRK                             A:66 X:47 Y:33 P:35 SP:F0 CYC:199
0000  47        BRK                             A:66 X:47 Y:33 P:35 SP:ED CYC:205
0000  47        BRK                             A:66 X:47 Y:33 P:35 SP:EA CYC:211
0000  47        BRK                             A:66 X:47 Y:33 P:35 SP:E7 CYC:217
0000  47        BRK                             A:66 X:47 Y:33 P:35 SP:E4 CYC:223
0000  47        BRK                             A:66 X:47 Y:33 P:35 SP:E1 CYC:229
0000  47        BRK                             A:66 X:47 Y:33 P:35 SP:DE CYC:235
0000  47        BRK                             A:66 X:47 Y:33 P:35 SP:DB CYC:241
0000  47        BRK                             A:66 X:47 Y:33 P:35 SP:D8 CYC:247
0000  47        BRK                             A:66 X:47 Y:33 P:35 SP:D5 CYC:253
0000  47        BRK                             A:66 X:47 Y:33 P:35 SP:D2 CYC:259
0000  47        BRK                             A:66 X:47 Y:33 P:35 SP:CF CYC:265
0000  47        BRK                             A:66 X:47 Y:33 P:35 SP:CC CYC:271
0000  47        BRK                             A:66 X:47 Y:33 P:35 SP:C9 CYC:277
0000  47        BRK                             A:66 X:47 Y:33 P:35 SP:C6 CYC:283
0000  47        BRK                             A:66 X:47 Y:33 P:35 SP:C3 CYC:289
0000  47        BRK                             A:66 X:47 Y:33 P:35 SP:C0 CYC:295
0000  47        BRK                             A:66 X:47 Y:33 P:35 SP:BD CYC:301
0000  47        BRK                             A:66 X:47 Y:33 P:35 SP:BA CYC:307
0000  47        BRK                             A:66 X:47 Y:33 P:35 SP:B7 CYC:313
0000  47        BRK                             A:66 X:47 Y:33 P:35 SP:B4 CYC:319
0000  47        BRK                             A:66 X:47 Y:33 P:35 SP:B1 CYC:325
0000  47        BRK                             A:66 X:47 Y:33 P:35 SP:AE CYC:331
0000  47        BRK                             A:66 X:47 Y:33 P:35 SP:AB CYC:337
0000  47        BRK                             A:66 X:47 Y:33 P:35 SP:A8 CYC:  2
0000  47        BRK                             A:66 X:47 Y:33 P:35 SP:A5 CYC:  8
0000  47        BRK                             A:66 X:47 Y:33 P:35 SP:A2 CYC: 14
0000  47        BRK                             A:66 X:47 Y:33 P:35 SP:9F CYC: 20
0000  47        BRK                             A:66 X:47 Y:33 P:35 SP:9C CYC: 26
0000  47        BRK                             A:66 X:47 Y:33 P:35 SP:99 CYC: 32
0000  47        BRK                             A:66 X:47 Y:33 P:35 SP:96 CYC: 38
0000  47        BRK                             A:66 X:47 Y:33 P:35 SP:93 CYC: 44
0000  47        BRK                             A:66 X:47 Y:33 P:35 SP:90 CYC: 50
0000  47        BRK                             A:66 X:47 Y:33 P:35 SP:8D CYC: 56
0000  47        BRK                             A:66 X:47 Y:33 P:35 SP:8A CYC: 62
0000  47        BRK                             A:66 X:47 Y:33 P:35 SP:87 CYC: 68
0000  47        BRK                             A:66 X:47 Y:33 P:35 SP:84 CYC: 74
0000  47        BRK                             A:66 X:47 Y:33 P:35 SP:81 CYC: 80
0000  47        BRK                             A:66 X:47 Y:33 P:35 SP:7E CYC: 86
0000  47        BRK                             A:66 X:47 Y:33 P:35 SP:7B CYC: 92
0000  47        BRK                             A:66 X:47 Y:33 P:35 SP:78 CYC: 98
0000  47        BRK                             A:66 X:47 Y:33 P:35 SP:75 CYC:104
0000  47        BRK                             A:66 X:47 Y:33 P:35 SP:72 CYC:110
0000  47        BRK                             A:66 X:47 Y:33 P:35 SP:6F CYC:116
0000  47        BRK                             A:66 X:47 Y:33 P:35 SP:6C CYC:122
0000  47        BRK                             A:66 X:47 Y:33 P:35 SP:69 CYC:128
0000  47        BRK                             A:66 X:47 Y:33 P:35 SP:66 CYC:134
0000  47        BRK                             A:66 X:47 Y:33 P:35 SP:63 CYC:140
0000  47        BRK                             A:66 X:47 Y:33 P:35 SP:60 CYC:146
0000  47        BRK                             A:66 X:47 Y:33 P:35 SP:5D CYC:152
0000  47        BRK                             A:66 X:47 Y:33 P:35 SP:5A CYC:158
0000  47        BRK                             A:66 X:47 Y:33 P:35 SP:57 CYC:164
0000  47        BRK                             A:66 X:47 Y:33 P:35 SP:54 CYC:170
0000  47        BRK                             A:66 X:47 Y:33 P:35 SP:51 CYC:176
0000  47        BRK                             A:66 X:47 Y:33 P:35 SP:4E CYC:182
0000  47        BRK                             A:66 X:47 Y:33 P:35 SP:4B CYC:188
0000  47        BRK                             A:66 X:47 Y:33 P:35 SP:48 CYC:194
0000  47        BRK                             A:66 X:47 Y:33 P:35 SP:45 CYC:200
0000  47        BRK                             A:66 X:47 Y:33 P:35 SP:42 CYC:206
0000  47        BRK                             A:66 X:47 Y:33 P:35 SP:3F CYC:212
0000  47        BRK                             A:66 X:47 Y:33 P:35 SP:3C CYC:218
0000  47        BRK                             A:66 X:47 Y:33 P:35 SP:39 CYC:224
0000  47        BRK                             A:66 X:47 Y:33 P:35 SP:36 CYC:230
0000  47        BRK                             A:66 X:47 Y:33 P:35 SP:33 CYC:236
0000  47        BRK                             A:66 X:47 Y:33 P:35 SP:30 CYC:242
0000  47        BRK                             A:66 X:47 Y:33 P:35 SP:2D CYC:248
0000  47        BRK                             A:66 X:47 Y:33 P:35 SP:2A CYC:254
0000  47        BRK                             A:66 X:47 Y:33 P:35 SP:27 CYC:260
0000  47        BRK                             A:66 X:47 Y:33 P:35 SP:24 CYC:266
0000  47        BRK                             A:66 X:47 Y:33 P:35 SP:21 CYC:272
0000  47        BRK                             A:66 X:47 Y:33 P:35 SP:1E CYC:278
0000  47        BRK                             A:66 X:47 Y:33 P:35 SP:1B CYC:284
0000  47        BRK                             A:66 X:47 Y:33 P:35 SP:18 CYC:290
0000  47        BRK                             A:66 X:47 Y:33 P:35 SP:15 CYC:296
0000  47        BRK                             A:66 X:47 Y:33 P:35 SP:12 CYC:302
0000  47        BRK                             A:66 X:47 Y:33 P:35 SP:0F CYC:308
0000  47        BRK                             A:66 X:47 Y:33 P:35 SP:0C CYC:314
0000  47        BRK                             A:66 X:47 Y:33 P:35 SP:09 CYC:320
0000  47        BRK                             A:66 X:47 Y:33 P:35 SP:06 CYC:326
0000  47        BRK                             A:66 X:47 Y:33 P:35 SP:03 CYC:332
0000  47        BRK                             A:66 X:47 Y:33 P:35 SP:00 CYC:338
0000  47        BRK                             A:66 X:47 Y:33 P:35 SP:FD CYC:  3
0000  47        BRK                             A:66 X:47 Y:33 P:35 SP:FA CYC:  9
0000  47        BRK                             A:66 X:47 Y:33 P:35 SP:F7 CYC: 15
0000  47        BRK                             A:66 X:47 Y:33 P:35 SP:F4 CYC: 21
0000  47        BRK                             A:66 X:47 Y:33 P:35 SP:F1 CYC: 27
0000  47        BRK                             A:66 X:47 Y:33 P:35 SP:EE CYC: 33
0000  47        BRK                             A:66 X:47 Y:33 P:35 SP:EB CYC: 39
0000  47        BRK                             A:66 X:47 Y:33 P:35 SP:E8 CYC: 45
0000  47        BRK                             A:66 X:47 Y:33 P:35 SP:E5 CYC: 51
0000  47        BRK                             A:66 X:47 Y:33 P:35 SP:E2 CYC: 57
0000  47        BRK                             A:66 X:47 Y:33 P:35 SP:DF CYC: 63
0000  47        BRK                             A:66 X:47 Y:33 P:35 SP:DC CYC: 69
0000  47        BRK                             A:66 X:47 Y:33 P:35 SP:D9 CYC: 75
0000  47        BRK                             A:66 X:47 Y:33 P:35 SP:D6 CYC: 81
0000  47        BRK                             A:66 X:47 Y:33 P:35 SP:D3 CYC: 87
0000  47        BRK                             A:66 X:47 Y:33 P:35 SP:D0 CYC: 93
0000  47        BRK                             A:66 X:47 Y:33 P:35 SP:CD CYC: 99
0000  47        BRK                             A:66 X:47 Y:33 P:35 SP:CA CYC:105
0000  47        BRK                             A:66 X:47 Y:33 P:35 SP:C7 CYC:111
0000  47        BRK                             A:66 X:47 Y:33 P:35 SP:C4 CYC:117
0000  47        BRK                             A:66 X:47 Y:33 P:35 SP:C1 CYC:123
0000  47        BRK                             A:66 X:47 Y:33 P:35 SP:BE CYC:129
0000  47        BRK                             A:66 X:47 Y:33 P:35 SP:BB CYC:135
0000  47        BRK                             A:66 X:47 Y:33 P:35 SP:B8 CYC:141
0000  47        BRK                             A:66 X:47 Y:33 P:35 SP:B5 CYC:147
0000  47        BRK                             A:66 X:47 Y:33 P:35 SP:B2 CYC:153
0000  47        BRK                             A:66 X:47 Y:33 P:35 SP:AF CYC:159
0000  47        BRK                             A:66 X:47 Y:33 P:35 SP:AC CYC:165
0000  47        BRK                             A:66 X:47 Y:33 P:35 SP:A9 CYC:171
0000  47        BRK                             A:66 X:47 Y:33 P:35 SP:A6 CYC:177
0000  47        BRK                             A:66 X:47 Y:33 P:35 SP:A3 CYC:183
0000  47        BRK                             A:66 X:47 Y:33 P:35 SP:A0 CYC:189
0000  47        BRK                             A:66 X:47 Y:33 P:35 SP:9D CYC:195
0000  47        BRK                             A:66 X:47 Y:33 P:35 SP:9A CYC:201
0000  47        BRK                             A:66 X:47 Y:33 P:35 SP:97 CYC:207
0000  47        BRK                             A:66 X:47 Y:33 P:35 SP:94 CYC:213
0000  47        BRK                             A:66 X:47 Y:33 P:35 SP:91 CYC:219
0000  47        BRK                             A:66 X:47 Y:33 P:35 SP:8E CYC:225
0000  47        BRK                             A:66 X:47 Y:33 P:35 SP:8B CYC:231
0000  47        BRK                             A:66 X:47 Y:33 P:35 SP:88 CYC:237
0000  47        BRK                             A:66 X:47 Y:33 P:35 SP:85 CYC:243
0000  47        BRK                             A:66 X:47 Y:33 P:35 SP:82 CYC:249
0000  47        BRK                             A:66 X:47 Y:33 P:35 SP:7F CYC:255
0000  47        BRK                             A:66 X:47 Y:33 P:35 SP:7C CYC:261
0000  47        BRK                             A:66 X:47 Y:33 P:35 SP:79 CYC:267
0000  47        BRK                             A:66 X:47 Y:33 P:35 SP:76 CYC:273
0000  47        BRK                             A:66 X:47 Y:33 P:35 SP:73 CYC:279
0000  47        BRK                             A:66 X:47 Y:33 P:35 SP:70 CYC:285
0000  47        BRK                             A:66 X:47 Y:33 P:35 SP:6D CYC:291
0000  47        BRK                             A:66 X:47 Y:33 P:35 SP:6A CYC:297
0000  47        BRK                             A:66 X:47 Y:33 P:35 SP:67 CYC:303
0000  47        BRK                             A:66 X:47 Y:33 P:35 SP:64 CYC:309
0000  47        BRK                             A:66 X:47 Y:33 P:35 SP:61 CYC:315
0000  47        BRK                             A:66 X:47 Y:33 P:35 SP:5E CYC:321
0000  47        BRK                             A:66 X:47 Y:33 P:35 SP:5B CYC:327
0000  47        BRK                             A:66 X:47 Y:33 P:35 SP:58 CYC:333
0000  47        BRK                             A:66 X:47 Y:33 P:35 SP:55 CYC:339
0000  47        BRK                             A:66 X:47 Y:33 P:35 SP:52 CYC:  4
0000  47        BRK                             A:66 X:47 Y:33 P:35 SP:4F CYC: 10
0000  47        BRK                             A:66 X:47 Y:33 P:35 SP:4C CYC: 16
0000  47        BRK                             A:66 X:47 Y:33 P:35 SP:49 CYC: 22
0000  47        BRK                             A:66 X:47 Y:33 P:35 SP:46 CYC: 28
0000  47        BRK                             A:66 X:47 Y:33 P:35 SP:43 CYC: 34
0000  47        BRK                             A:66 X:47 Y:33 P:35 SP:40 CYC: 40
0000  47        BRK                             A:66 X:47 Y:33 P:35 SP:3D CYC: 46
0000  47        BRK                             A:66 X:47 Y:33 P:35 SP:3A CYC: 52
0000  47        BRK                             A:66 X:47 Y:33 P:35 SP:37 CYC: 58
0000  47        BRK                             A:66 X:47 Y:33 P:35 SP:34 CYC: 64
0000  47        BRK                             A:66 X:47 Y:33 P:35 SP:31 CYC: 70
0000  47        BRK                             A:66 X:47 Y:33 P:35 SP:2E CYC: 76
0000  47        BRK                             A:66 X:47 Y:33 P:35 SP:2B CYC: 82
0000  47        BRK                             A:66 X:47 Y:33 P:35 SP:28 CYC: 88
0000  47        BRK                             A:66 X:47 Y:33 P:35 SP:25 CYC: 94
0000  47        BRK                             A:66 X:47 Y:33 P:35 SP:22 CYC:100
0000  47        BRK                             A:66 X:47 Y:33 P:35 SP:1F CYC:106
0000  47        BRK                             A:66 X:47 Y:33 P:35 SP:1C CYC:112
0000  47        BRK                             A:66 X:47 Y:33 P:35 SP:19 CYC:118
0000  47        BRK                             A:66 X:47 Y:33 P:35 SP:16 CYC:124
0000  47        BRK                             A:66 X:47 Y:33 P:35 SP:13 CYC:130
0000  47        BRK                             A:66 X:47 Y:33 P:35 SP:10 CYC:136
0000  47        BRK                             A:66 X:47 Y:33 P:35 SP:0D CYC:142
0000  47        BRK                             A:66 X:47 Y:33 P:35 SP:0A CYC:148
0000  47        BRK                             A:66 X:47 Y:33 P:35 SP:07 CYC:154
0000  47        BRK                             A:66 X:47 Y:33 P:35 SP:04 CYC:160
0000  47        BRK                             A:66 X:47 Y:33 P:35 SP:01 CYC:166
0000  47        BRK                             A:66 X:47 Y:33 P:35 SP:FE CYC:172
0000  47        BRK                             A:66 X:47 Y:33 P:35 SP:FB CYC:178
0000  47        BRK                             A:66 X:47 Y:33 P:35 SP:F8 CYC:184
0000  47        BRK                             A:66 X:47 Y:33 P:35 SP:F5 CYC:190
0000  47        BRK                             A:66 X:47 Y:33 P:35 SP:F2 CYC:196
0000  47        BRK                             A:66 X:47 Y:33 P:35 SP:EF CYC:202
0000  47        BRK                             A:66 X:47 Y:33 P:35 SP:EC CYC:208
0000  47        BRK                             A:66 X:47 Y:33 P:35 SP:E9 CYC:214
0000  47        BRK                             A:66 X:47 Y:33 P:35 SP:E6 CYC:220
0000  47        BRK                             A:66 X:47 Y:33 P:35 SP:E3 CYC:226
0000  47        BRK                             A:66 X:47 Y:33 P:35 SP:E0 CYC:232
0000  47        BRK                             A:66 X:47 Y:33 P:35 SP:DD CYC:238
0000  47        BRK                             A:66 X:47 Y:33 P:35 SP:DA CYC:244
0000  47        BRK                             A:66 X:47 Y:33 P:35 SP:D7 CYC:250
0000  47        BRK                             A:66 X:47 Y:33 P:35 SP:D4 CYC:256
0000  47        BRK                             A:66 X:47 Y:33 P:35 SP:D1 CYC:262
0000  47        BRK                             A:66 X:47 Y:33 P:35 SP:CE CYC:268
0000  47        BRK                             A:66 X:47 Y:33 P:35 SP:CB CYC:274
0000  47        BRK                             A:66 X:47 Y:33 P:35 SP:C8 CYC:280
0000  47        BRK                             A:66 X:47 Y:33 P:35 SP:C5 CYC:286
0000  47        BRK                             A:66 X:47 Y:33 P:35 SP:C2 CYC:292
0000  47        BRK                             A:66 X:47 Y:33 P:35 SP:BF CYC:298
0000  47        BRK                             A:66 X:47 Y:33 P:35 SP:BC CYC:304
0000  47        BRK                             A:66 X:47 Y:33 P:35 SP:B9 CYC:310
0000  47        BRK                             A:66 X:47 Y:33 P:35 SP:B6 CYC:316
0000  47        BRK                             A:66 X:47 Y:33 P:35 SP:B3 CYC:322
0000  47        BRK                             A:66 X:47 Y:33 P:35 SP:B0 CYC:328
0000  47        BRK                             A:66 X:47 Y:33 P:35 SP:AD CYC:334
0000  47        BRK                             A:66 X:47 Y:33 P:35 SP:AA CYC:340
0000  47        BRK                             A:66 X:47 Y:33 P:35 SP:A7 CYC:  5
0000  47        BRK                             A:66 X:47 Y:33 P:35 SP:A4 CYC: 11
0000  47        BRK                             A:66 X:47 Y:33 P:35 SP:A1 CYC: 17
0000  47        BRK                             A:66 X:47 Y:33 P:35 SP:9E CYC: 23
0000  47        BRK                             A:66 X:47 Y:33 P:35 SP:9B CYC: 29
0000  47        BRK                             A:66 X:47 Y:33 P:35 SP:98 CYC: 35
0000  47        BRK                             A:66 X:47 Y:33 P:35 SP:95 CYC: 41
0000  47        BRK                             A:66 X:47 Y:33 P:35 SP:92 CYC: 47
0000  47        BRK                             A:66 X:47 Y:33 P:35 SP:8F CYC: 53
0000  47        BRK                             A:66 X:47 Y:33 P:35 SP:8C CYC: 59
0000  47        BRK                             A:66 X:47 Y:33 P:35 SP:89 CYC: 65
0000  47        BRK                             A:66 X:47 Y:33 P:35 SP:86 CYC: 71
0000  47        BRK                             A:66 X:47 Y:33 P:35 SP:83 CYC: 77
0000  47        BRK                             A:66 X:47 Y:33 P:35 SP:80 CYC: 83
0000  47        BRK                             A:66 X:47 Y:33 P:35 SP:7D CYC: 89
0000  47        BRK                             A:66 X:47 Y:33 P:35 SP:7A CYC: 95
0000  47        BRK                             A:66 X:47 Y:33 P:35 SP:77 CYC:101
0000  47        BRK                             A:66 X:47 Y:33 P:35 SP:74 CYC:107
0000  47        BRK                             A:66 X:47 Y:33 P:35 SP:71 CYC:113
0000  47        BRK                             A:66 X:47 Y:33 P:35 SP:6E CYC:119
0000  47        BRK                             A:66 X:47 Y:33 P:35 SP:6B CYC:125
0000  47        BRK                             A:66 X:47 Y:33 P:35 SP:68 CYC:131
0000  47        BRK                             A:66 X:47 Y:33 P:35 SP:65 CYC:137
0000  47        BRK                             A:66 X:47 Y:33 P:35 SP:62 CYC:143
0000  47        BRK                             A:66 X:47 Y:33 P:35 SP:5F CYC:149
0000  47        BRK                             A:66 X:47 Y:33 P:35 SP:5C CYC:155
0000  47        BRK                             A:66 X:47 Y:33 P:35 SP:59 CYC:161
0000  47        BRK                             A:66 X:47 Y:33 P:35 SP:56 CYC:167
0000  47        BRK                             A:66 X:47 Y:33 P:35 SP:53 CYC:173
0000  47        BRK                             A:66 X:47 Y:33 P:35 SP:50 CYC:179
0000  47        BRK                             A:66 X:47 Y:33 P:35 SP:4D CYC:185
0000  47        BRK                             A:66 X:47 Y:33 P:35 SP:4A CYC:191
0000  47        BRK                             A:66 X:47 Y:33 P:35 SP:47 CYC:197
0000  47        BRK                             A:66 X:47 Y:33 P:35 SP:44 CYC:203
0000  47        BRK                             A:66 X:47 Y:33 P:35 SP:41 CYC:209
0000  47        BRK                             A:66 X:47 Y:33 P:35 SP:3E CYC:215
0000  47        BRK                             A:66 X:47 Y:33 P:35 SP:3B CYC:221
0000  47        BRK                             A:66 X:47 Y:33 P:35 SP:38 CYC:227
0000  47        BRK                             A:66 X:47 Y:33 P:35 SP:35 CYC:233
0000  47        BRK                             A:66 X:47 Y:33 P:35 SP:32 CYC:239
0000  47        BRK                             A:66 X:47 Y:33 P:35 SP:2F CYC:245
0000  47        BRK                             A:66 X:47 Y:33 P:35 SP:2C CYC:251
0000  47        BRK                             A:66 X:47 Y:33 P:35 SP:29 CYC:257
0000  47        BRK                             A:66 X:47 Y:33 P:35 SP:26 CYC:263
0000  47        BRK                             A:66 X:47 Y:33 P:35 SP:23 CYC:269
0000  47        BRK                             A:66 X:47 Y:33 P:35 SP:20 CYC:275
0000  47        BRK                             A:66 X:47 Y:33 P:35 SP:1D CYC:281
0000  47        BRK                             A:66 X:47 Y:33 P:35 SP:1A CYC:287
0000  47        BRK                             A:66 X:47 Y:33 P:35 SP:17 CYC:293
0000  47        BRK                             A:66 X:47 Y:33 P:35 SP:14 CYC:299
0000  47        BRK                             A:66 X:47 Y:33 P:35 SP:11 CYC:305
0000  47        BRK                             A:66 X:47 Y:33 P:35 SP:0E CYC:311
0000  47        BRK                             A:66 X:47 Y:33 P:35 SP:0B CYC:317
0000  47        BRK                             A:66 X:47 Y:33 P:35 SP:08 CYC:323
0000  47        BRK                             A:66 X:47 Y:33 P:35 SP:05 CYC:329
0000  47        BRK                             A:66 X:47 Y:33 P:35 SP:02 CYC:335
0000  47        BRK                             A:66 X:47 Y:33 P:35 SP:FF CYC:  0
0000  47        BRK                             A:66 X:47 Y:33 P:35 SP:FC CYC:  6
0000  47        BRK                             A:66 X:47 Y:33 P:35 SP:F9 CYC: 12
0000  47        BRK                             A:66 X:47 Y:33 P:35 SP:F6 CYC: 18
0000  47        BRK                             A:66 X:47 Y:33 P:35 SP:F3 CYC: 24
0000  47        BRK                             A:66 X:47 Y:33 P:35 SP:F0 CYC: 30
0000  47        BRK                             A:66 X:47 Y:33 P:35 SP:ED CYC: 36
0000  47        BRK                             A:66 X:47 Y:33 P:35 SP:EA CYC: 42
0000  47        BRK                             A:66 X:47 Y:33 P:35 SP:E7 CYC: 48
0000  47        BRK                             A:66 X:47 Y:33 P:35 SP:E4 CYC: 54
0000  47        BRK                             A:66 X:47 Y:33 P:35 SP:E1 CYC: 60
0000  47        BRK                             A:66 X:47 Y:33 P:35 SP:DE CYC: 66
0000  47        BRK                             A:66 X:47 Y:33 P:35 SP:DB CYC: 72
0000  47        BRK                             A:66 X:47 Y:33 P:35 SP:D8 CYC: 78
0000  47        BRK                             A:66 X:47 Y:33 P:35 SP:D5 CYC: 84
0000  47        BRK                             A:66 X:47 Y:33 P:35 SP:D2 CYC: 90
0000  47        BRK                             A:66 X:47 Y:33 P:35 SP:CF CYC: 96
0000  47        BRK                             A:66 X:47 Y:33 P:35 SP:CC CYC:102
0000  47        BRK                             A:66 X:47 Y:33 P:35 SP:C9 CYC:108
0000  47        BRK                             A:66 X:47 Y:33 P:35 SP:C6 CYC:114
0000  47        BRK                             A:66 X:47 Y:33 P:35 SP:C3 CYC:120
0000  47        BRK                             A:66 X:47 Y:33 P:35 SP:C0 CYC:126
0000  47        BRK                             A:66 X:47 Y:33 P:35 SP:BD CYC:132
0000  47        BRK                             A:66 X:47 Y:33 P:35 SP:BA CYC:138
0000  47        BRK                             A:66 X:47 Y:33 P:35 SP:B7 CYC:144
0000  47        BRK                             A:66 X:47 Y:33 P:35 SP:B4 CYC:150
0000  47        BRK                             A:66 X:47 Y:33 P:35 SP:B1 CYC:156
0000  47        BRK                             A:66 X:47 Y:33 P:35 SP:AE CYC:162
0000  47        BRK                             A:66 X:47 Y:33 P:35 SP:AB CYC:168
0000  47        BRK                             A:66 X:47 Y:33 P:35 SP:A8 CYC:174
0000  47        BRK                             A:66 X:47 Y:33 P:35 SP:A5 CYC:180
0000  47        BRK                             A:66 X:47 Y:33 P:35 SP:A2 CYC:186
0000  47        BRK                             A:66 X:47 Y:33 P:35 SP:9F CYC:192
0000  47        BRK                             A:66 X:47 Y:33 P:35 SP:9C CYC:198
0000  47        BRK                             A:66 X:47 Y:33 P:35 SP:99 CYC:204
0000  47        BRK                             A:66 X:47 Y:33 P:35 SP:96 CYC:210
0000  47        BRK                             A:66 X:47 Y:33 P:35 SP:93 CYC:216
0000  47        BRK                             A:66 X:47 Y:33 P:35 SP:90 CYC:222
0000  47        BRK                             A:66 X:47 Y:33 P:35 SP:8D CYC:228
0000  47        BRK                             A:66 X:47 Y:33 P:35 SP:8A CYC:234
0000  47        BRK                             A:66 X:47 Y:33 P:35 SP:87 CYC:240
0000  47        BRK                             A:66 X:47 Y:33 P:35 SP:84 CYC:246
0000  47        BRK                             A:66 X:47 Y:33 P:35 SP:81 CYC:252
0000  47        BRK                             A:66 X:47 Y:33 P:35 SP:7E CYC:258
0000  47        BRK                             A:66 X:47 Y:33 P:35 SP:7B CYC:264
0000  47        BRK                             A:66 X:47 Y:33 P:35 SP:78 CYC:270
0000  47        BRK                             A:66 X:47 Y:33 P:35 SP:75 CYC:276
0000  47        BRK                             A:66 X:47 Y:33 P:35 SP:72 CYC:282
0000  47        BRK                             A:66 X:47 Y:33 P:35 SP:6F CYC:288
0000  47        BRK                             A:66 X:47 Y:33 P:35 SP:6C CYC:294
0000  47        BRK                             A:66 X:47 Y:33 P:35 SP:69 CYC:300
0000  47        BRK                             A:66 X:47 Y:33 P:35 SP:66 CYC:306
0000  47        BRK                             A:66 X:47 Y:33 P:35 SP:63 CYC:312
0000  47        BRK                             A:66 X:47 Y:33 P:35 SP:60 CYC:318
0000  47        BRK                             A:66 X:47 Y:33 P:35 SP:5D CYC:324
0000  47        BRK                             A:66 X:47 Y:33 P:35 SP:5A CYC:330
0000  47        BRK                             A:66 X:47 Y:33 P:35 SP:57 CYC:336
0000  47        BRK                             A:66 X:47 Y:33 P:35 SP:54 CYC:  1
0000  47        BRK                             A:66 X:47 Y:33 P:35 SP:51 CYC:  7
0000  47        BRK                             A:66 X:47 Y:33 P:35 SP:4E CYC: 13
0000  47        BRK                             A:66 X:47 Y:33 P:35 SP:4B CYC: 19
0000  47        BRK                             A:66 X:47 Y:33 P:35 SP:48 CYC: 25
0000  47        BRK                             A:66 X:47 Y:33 P:35 SP:45 CYC: 31
0000  47        BRK                             A:66 X:47 Y:33 P:35 SP:42 CYC: 37
0000  47        BRK                             A:66 X:47 Y:33 P:35 SP:3F CYC: 43
0000  47        BRK                             A:66 X:47 Y:33 P:35 SP:3C CYC: 49
0000  47        BRK                             A:66 X:47 Y:33 P:35 SP:39 CYC: 55
0000  47        BRK                             A:66 X:47 Y:33 P:35 SP:36 CYC: 61
0000  47        BRK                             A:66 X:47 Y:33 P:35 SP:33 CYC: 67
0000  47        BRK                             A:66 X:47 Y:33 P:35 SP:30 CYC: 73
0000  47        BRK                             A:66 X:47 Y:33 P:35 SP:2D CYC: 79
0000  47        BRK                             A:66 X:47 Y:33 P:35 SP:2A CYC: 85
0000  47        BRK                             A:66 X:47 Y:33 P:35 SP:27 CYC: 91
0000  47        BRK                             A:66 X:47 Y:33 P:35 SP:24 CYC: 97
0000  47        BRK                             A:66 X:47 Y:33 P:35 SP:21 CYC:103
0000  47        BRK                             A:66 X:47 Y:33 P:35 SP:1E CYC:109
0000  47        BRK                             A:66 X:47 Y:33 P:35 SP:1B CYC:115
0000  47        BRK                             A:66 X:47 Y:33 P:35 SP:18 CYC:121
0000  47        BRK                             A:66 X:47 Y:33 P:35 SP:15 CYC:127
0000  47        BRK                             A:66 X:47 Y:33 P:35 SP:12 CYC:133
0000  47        BRK                             A:66 X:47 Y:33 P:35 SP:0F CYC:139
0000  47        BRK                             A:66 X:47 Y:33 P:35 SP:0C CYC:145
0000  47        BRK                             A:66 X:47 Y:33 P:35 SP:09 CYC:151
0000  47        BRK                             A:66 X:47 Y:33 P:35 SP:06 CYC:157
0000  47        BRK                             A:66 X:47 Y:33 P:35 SP:03 CYC:163
0000  47        BRK                             A:66 X:47 Y:33 P:35 SP:00 CYC:169
0000  47        BRK                             A:66 X:47 Y:33 P:35 SP:FD CYC:175
0000  47        BRK                             A:66 X:47 Y:33 P:35 SP:FA CYC:181
0000  47        BRK                             A:66 X:47 Y:33 P:35 SP:F7 CYC:187
0000  47        BRK                             A:66 X:47 Y:33 P:35 SP:F4 CYC:193
0000  47        BRK                             A:66 X:47 Y:33 P:35 SP:F1 CYC:199
0000  47        BRK                             A:66 X:47 Y:33 P:35 SP:EE CYC:205
0000  47        BRK                             A:66 X:47 Y:33 P:35 SP:EB CYC:211
0000  47        BRK                             A:66 X:47 Y:33 P:35 SP:E8 CYC:217
0000  47        BRK                             A:66 X:47 Y:33 P:35 SP:E5 CYC:223
0000  47        BRK                             A:66 X:47 Y:33 P:35 SP:E2 CYC:229
0000  47        BRK                             A:66 X:47 Y:33 P:35 SP:DF CYC:235
0000  47        BRK                             A:66 X:47 Y:33 P:35 SP:DC CYC:241
0000  47        BRK                             A:66 X:47 Y:33 P:35 SP:D9 CYC:247
0000  47        BRK                             A:66 X:47 Y:33 P:35 SP:D6 CYC:253
0000  47        BRK                             A:66 X:47 Y:33 P:35 SP:D3 CYC:259
0000  47        BRK                             A:66 X:47 Y:33 P:35 SP:D0 CYC:265
0000  47        BRK                             A:66 X:47 Y:33 P:35 SP:CD CYC:271
0000  47        BRK                             A:66 X:47 Y:33 P:35 SP:CA CYC:277
0000  47        BRK                             A:66 X:47 Y:33 P:35 SP:C7 CYC:283
0000  47        BRK                             A:66 X:47 Y:33 P:35 SP:C4 CYC:289
0000  47        BRK                             A:66 X:47 Y:33 P:35 SP:C1 CYC:295
0000  47        BRK                             A:66 X:47 Y:33 P:35 SP:BE CYC:301
0000  47        BRK                             A:66 X:47 Y:33 P:35 SP:BB CYC:307
0000  47        BRK                             A:66 X:47 Y:33 P:35 SP:B8 CYC:313
0000  47        BRK                             A:66 X:47 Y:33 P:35 SP:B5 CYC:319
0000  47        BRK                             A:66 X:47 Y:33 P:35 SP:B2 CYC:325
0000  47        BRK                             A:66 X:47 Y:33 P:35 SP:AF CYC:331
0000  47        BRK                             A:66 X:47 Y:33 P:35 SP:AC CYC:337
0000  47        BRK                             A:66 X:47 Y:33 P:35 SP:A9 CYC:  2
0000  47        BRK                             A:66 X:47 Y:33 P:35 SP:A6 CYC:  8
0000  47        BRK                             A:66 X:47 Y:33 P:35 SP:A3 CYC: 14
0000  47        BRK                             A:66 X:47 Y:33 P:35 SP:A0 CYC: 20
0000  47        BRK                             A:66 X:47 Y:33 P:35 SP:9D CYC: 26
0000  47        BRK                             A:66 X:47 Y:33 P:35 SP:9A CYC: 32
0000  47        BRK                             A:66 X:47 Y:33 P:35 SP:97 CYC: 38
0000  47        BRK                             A:66 X:47 Y:33 P:35 SP:94 CYC: 44
0000  47        BRK                             A:66 X:47 Y:33 P:35 SP:91 CYC: 50
0000  47        BRK                             A:66 X:47 Y:33 P:35 SP:8E CYC: 56
0000  47        BRK                             A:66 X:47 Y:33 P:35 SP:8B CYC: 62
0000  47        BRK                             A:66 X:47 Y:33 P:35 SP:88 CYC: 68
0000  47        BRK                             A:66 X:47 Y:33 P:35 SP:85 CYC: 74
0000  47        BRK                             A:66 X:47 Y:33 P:35 SP:82 CYC: 80
0000  47        BRK                             A:66 X:47 Y:33 P:35 SP:7F CYC: 86
0000  47        BRK                             A:66 X:47 Y:33 P:35 SP:7C CYC: 92
0000  47        BRK                             A:66 X:47 Y:33 P:35 SP:79 CYC: 98
0000  47        BRK                             A:66 X:47 Y:33 P:35 SP:76 CYC:104
0000  47        BRK                             A:66 X:47 Y:33 P:35 SP:73 CYC:110
0000  47        BRK                             A:66 X:47 Y:33 P:35 SP:70 CYC:116
0000  47        BRK                             A:66 X:47 Y:33 P:35 SP:6D CYC:122
0000  47        BRK                             A:66 X:47 Y:33 P:35 SP:6A CYC:128
0000  47        BRK                             A:66 X:47 Y:33 P:35 SP:67 CYC:134
0000  47        BRK                             A:66 X:47 Y:33 P:35 SP:64 CYC:140
0000  47        BRK                             A:66 X:47 Y:33 P:35 SP:61 CYC:146
0000  47        BRK                             A:66 X:47 Y:33 P:35 SP:5E CYC:152
0000  47        BRK                             A:66 X:47 Y:33 P:35 SP:5B CYC:158
0000  47        BRK                             A:66 X:47 Y:33 P:35 SP:58 CYC:164
0000  47        BRK                             A:66 X:47 Y:33 P:35 SP:55 CYC:170
0000  47        BRK                             A:66 X:47 Y:33 P:35 SP:52 CYC:176
0000  47        BRK                             A:66 X:47 Y:33 P:35 SP:4F CYC:182
0000  47        BRK                             A:66 X:47 Y:33 P:35 SP:4C CYC:188
0000  47        BRK                             A:66 X:47 Y:33 P:35 SP:49 CYC:194
0000  47        BRK                             A:66 X:47 Y:33 P:35 SP:46 CYC:200
0000  47        BRK                             A:66 X:47 Y:33 P:35 SP:43 CYC:206
0000  47        BRK                             A:66 X:47 Y:33 P:35 SP:40 CYC:212
0000  47        BRK                             A:66 X:47 Y:33 P:35 SP:3D CYC:218
0000  47        BRK                             A:66 X:47 Y:33 P:35 SP:3A CYC:224
0000  47        BRK                             A:66 X:47 Y:33 P:35 SP:37 CYC:230
0000  47        BRK                             A:66 X:47 Y:33 P:35 SP:34 CYC:236
0000  47        BRK                             A:66 X:47 Y:33 P:35 SP:31 CYC:242
0000  47        BRK                             A:66 X:47 Y:33 P:35 SP:2E CYC:248
0000  47        BRK                             A:66 X:47 Y:33 P:35 SP:2B CYC:254
0000  47        BRK                             A:66 X:47 Y:33 P:35 SP:28 CYC:260
0000  47        BRK                             A:66 X:47 Y:33 P:35 SP:25 CYC:266
0000  47        BRK                             A:66 X:47 Y:33 P:35 SP:22 CYC:272
0000  47        BRK                             A:66 X:47 Y:33 P:35 SP:1F CYC:278
0000  47        BRK                             A:66 X:47 Y:33 P:35 SP:1C CYC:284
0000  47        BRK                             A:66 X:47 Y:33 P:35 SP:19 CYC:290
0000  47        BRK                             A:66 X:47 Y:33 P:35 SP:16 CYC:296
0000  47        BRK                             A:66 X:47 Y:33 P:35 SP:13 CYC:302
0000  47        BRK                             A:66 X:47 Y:33 P:35 SP:10 CYC:308
0000  47        BRK                             A:66 X:47 Y:33 P:35 SP:0D CYC:314
0000  47        BRK                             A:66 X:47 Y:33 P:35 SP:0A CYC:320
0000  47        BRK                             A:66 X:47 Y:33 P:35 SP:07 CYC:326
0000  47        BRK                             A:66 X:47 Y:33 P:35 SP:04 CYC:332
0000  47        BRK                             A:66 X:47 Y:33 P:35 SP:01 CYC:338
0000  47        BRK                             A:66 X:47 Y:33 P:35 SP:FE CYC:  3
0000  47        BRK                             A:66 X:47 Y:33 P:35 SP:FB CYC:  9
0000  47        BRK                             A:66 X:47 Y:33 P:35 SP:F8 CYC: 15
0000  47        BRK                             A:66 X:47 Y:33 P:35 SP:F5 CYC: 21
0000  47        BRK                             A:66 X:47 Y:33 P:35 SP:F2 CYC: 27
0000  47        BRK                             A:66 X:47 Y:33 P:35 SP:EF CYC: 33
0000  47        BRK                             A:66 X:47 Y:33 P:35 SP:EC CYC: 39
0000  47        BRK                             A:66 X:47 Y:33 P:35 SP:E9 CYC: 45
0000  47        BRK                             A:66 X:47 Y:33 P:35 SP:E6 CYC: 51
0000  47        BRK                             A:66 X:47 Y:33 P:35 SP:E3 CYC: 57
0000  47        BRK                             A:66 X:47 Y:33 P:35 SP:E0 CYC: 63
0000  47        BRK                             A:66 X:47 Y:33 P:35 SP:DD CYC: 69
0000  47        BRK                             A:66 X:47 Y:33 P:35 SP:DA CYC: 75
0000  47        BRK                             A:66 X:47 Y:33 P:35 SP:D7 CYC: 81
0000  47        BRK                             A:66 X:47 Y:33 P:35 SP:D4 CYC: 87
0000  47        BRK                             A:66 X:47 Y:33 P:35 SP:D1 CYC: 93
0000  47        BRK                             A:66 X:47 Y:33 P:35 SP:CE CYC: 99
0000  47        BRK                             A:66 X:47 Y:33 P:35 SP:CB CYC:105
0000  47        BRK                             A:66 X:47 Y:33 P:35 SP:C8 CYC:111
0000  47        BRK                             A:66 X:47 Y:33 P:35 SP:C5 CYC:117
0000  47        BRK                             A:66 X:47 Y:33 P:35 SP:C2 CYC:123
0000  47        BRK                             A:66 X:47 Y:33 P:35 SP:BF CYC:129
0000  47        BRK                             A:66 X:47 Y:33 P:35 SP:BC CYC:135
0000  47        BRK                             A:66 X:47 Y:33 P:35 SP:B9 CYC:141
0000  47        BRK                             A:66 X:47 Y:33 P:35 SP:B6 CYC:147
0000  47        BRK                             A:66 X:47 Y:33 P:35 SP:B3 CYC:153
0000  47        BRK                             A:66 X:47 Y:33 P:35 SP:B0 CYC:159
0000  47        BRK                             A:66 X:47 Y:33 P:35 SP:AD CYC:165
0000  47        BRK                             A:66 X:47 Y:33 P:35 SP:AA CYC:171
0000  47        BRK                             A:66 X:47 Y:33 P:35 SP:A7 CYC:177
0000  47        BRK                             A:66 X:47 Y:33 P:35 SP:A4 CYC:183
0000  47        BRK                             A:66 X:47 Y:33 P:35 SP:A1 CYC:189
0000  47        BRK                             A:66 X:47 Y:33 P:35 SP:9E CYC:195
0000  47        BRK                             A:66 X:47 Y:33 P:35 SP:9B CYC:201
0000  47        BRK                             A:66 X:47 Y:33 P:35 SP:98 CYC:207
0000  47        BRK                             A:66 X:47 Y:33 P:35 SP:95 CYC:213
0000  47        BRK                             A:66 X:47 Y:33 P:35 SP:92 CYC:219
0000  47        BRK                             A:66 X:47 Y:33 P:35 SP:8F CYC:225
0000  47        BRK                             A:66 X:47 Y:33 P:35 SP:8C CYC:231
0000  47        BRK                             A:66 X:47 Y:33 P:35 SP:89 CYC:237
0000  47        BRK                             A:66 X:47 Y:33 P:35 SP:86 CYC:243
0000  47        BRK                             A:66 X:47 Y:33 P:35 SP:83 CYC:249
0000  47        BRK                             A:66 X:47 Y:33 P:35 SP:80 CYC:255
0000  47        BRK                             A:66 X:47 Y:33 P:35 SP:7D CYC:261
0000  47        BRK                             A:66 X:47 Y:33 P:35 SP:7A CYC:267
0000  47        BRK                             A:66 X:47 Y:33 P:35 SP:77 CYC:273
0000  47        BRK                             A:66 X:47 Y:33 P:35 SP:74 CYC:279
0000  47        BRK                             A:66 X:47 Y:33 P:35 SP:71 CYC:285
0000  47        BRK                             A:66 X:47 Y:33 P:35 SP:6E CYC:291
0000  47        BRK                             A:66 X:47 Y:33 P:35 SP:6B CYC:297
0000  47        BRK                             A:66 X:47 Y:33 P:35 SP:68 CYC:303
0000  47        BRK                             A:66 X:47 Y:33 P:35 SP:65 CYC:309
0000  47        BRK                             A:66 X:47 Y:33 P:35 SP:62 CYC:315
0000  47        BRK                             A:66 X:47 Y:33 P:35 SP:5F CYC:321
0000  47        BRK                             A:66 X:47 Y:33 P:35 SP:5C CYC:327
0000  47        BRK                             A:66 X:47 Y:33 P:35 SP:59 CYC:333
0000  47        BRK                             A:66 X:47 Y:33 P:35 SP:56 CYC:339
0000  47        BRK                             A:66 X:47 Y:33 P:35 SP:53 CYC:  4
0000  47        BRK                             A:66 X:47 Y:33 P:35 SP:50 CYC: 10
0000  47        BRK                             A:66 X:47 Y:33 P:35 SP:4D CYC: 16
0000  47        BRK                             A:66 X:47 Y:33 P:35 SP:4A CYC: 22
0000  47        BRK                             A:66 X:47 Y:33 P:35 SP:47 CYC: 28
0000  47        BRK                             A:66 X:47 Y:33 P:35 SP:44 CYC: 34
0000  47        BRK                             A:66 X:47 Y:33 P:35 SP:41 CYC: 40
0000  47        BRK                             A:66 X:47 Y:33 P:35 SP:3E CYC: 46
0000  47        BRK                             A:66 X:47 Y:33 P:35 SP:3B CYC: 52
0000  47        BRK                             A:66 X:47 Y:33 P:35 SP:38 CYC: 58
0000  47        BRK                             A:66 X:47 Y:33 P:35 SP:35 CYC: 64
0000  47        BRK                             A:66 X:47 Y:33 P:35 SP:32 CYC: 70
0000  47        BRK                             A:66 X:47 Y:33 P:35 SP:2F CYC: 76
0000  47        BRK                             A:66 X:47 Y:33 P:35 SP:2C CYC: 82
0000  47        BRK                             A:66 X:47 Y:33 P:35 SP:29 CYC: 88
0000  47        BRK                             A:66 X:47 Y:33 P:35 SP:26 CYC: 94
0000  47        BRK                             A:66 X:47 Y:33 P:35 SP:23 CYC:100
0000  47        BRK                             A:66 X:47 Y:33 P:35 SP:20 CYC:106
0000  47        BRK                             A:66 X:47 Y:33 P:35 SP:1D CYC:112
0000  47        BRK                             A:66 X:47 Y:33 P:35 SP:1A CYC:118
0000  47        BRK                             A:66 X:47 Y:33 P:35 SP:17 CYC:124
0000  47        BRK                             A:66 X:47 Y:33 P:35 SP:14 CYC:130
0000  47        BRK                             A:66 X:47 Y:33 P:35 SP:11 CYC:136
0000  47        BRK                             A:66 X:47 Y:33 P:35 SP:0E CYC:142
0000  47        BRK                             A:66 X:47 Y:33 P:35 SP:0B CYC:148
0000  47        BRK                             A:66 X:47 Y:33 P:35 SP:08 CYC:154
0000  47        BRK                             A:66 X:47 Y:33 P:35 SP:05 CYC:160
0000  47        BRK                             A:66 X:47 Y:33 P:35 SP:02 CYC:166
0000  47        BRK                             A:66 X:47 Y:33 P:35 SP:FF CYC:172
0000  47        BRK                             A:66 X:47 Y:33 P:35 SP:FC CYC:178
0000  47        BRK                             A:66 X:47 Y:33 P:35 SP:F9 CYC:184
0000  47        BRK                             A:66 X:47 Y:33 P:35 SP:F6 CYC:190
0000  47        BRK                             A:66 X:47 Y:33 P:35 SP:F3 CYC:196
0000  47        BRK                             A:66 X:47 Y:33 P:35 SP:F0 CYC:202
0000  47        BRK                             A:66 X:47 Y:33 P:35 SP:ED CYC:208
0000  47        BRK                             A:66 X:47 Y:33 P:35 SP:EA CYC:214
0000  47        BRK                             A:66 X:47 Y:33 P:35 SP:E7 CYC:220
0000  47        BRK                             A:66 X:47 Y:33 P:35 SP:E4 CYC:226
0000  47        BRK                             A:66 X:47 Y:33 P:35 SP:E1 CYC:232
0000  47        BRK                             A:66 X:47 Y:33 P:35 SP:DE CYC:238
0000  47        BRK                             A:66 X:47 Y:33 P:35 SP:DB CYC:244
0000  47        BRK                             A:66 X:47 Y:33 P:35 SP:D8 CYC:250
0000  47        BRK                             A:66 X:47 Y:33 P:35 SP:D5 CYC:256
0000  47        BRK                             A:66 X:47 Y:33 P:35 SP:D2 CYC:262
0000  47        BRK                             A:66 X:47 Y:33 P:35 SP:CF CYC:268
0000  47        BRK                             A:66 X:47 Y:33 P:35 SP:CC CYC:274
0000  47        BRK                             A:66 X:47 Y:33 P:35 SP:C9 CYC:280
0000  47        BRK                             A:66 X:47 Y:33 P:35 SP:C6 CYC:286
0000  47        BRK                             A:66 X:47 Y:33 P:35 SP:C3 CYC:292
0000  47        BRK                             A:66 X:47 Y:33 P:35 SP:C0 CYC:298
0000  47        BRK                             A:66 X:47 Y:33 P:35 SP:BD CYC:304
0000  47        BRK                             A:66 X:47 Y:33 P:35 SP:BA CYC:310
0000  47        BRK                             A:66 X:47 Y:33 P:35 SP:B7 CYC:316
0000  47        BRK                             A:66 X:47 Y:33 P:35 SP:B4 CYC:322
0000  47        BRK                             A:66 X:47 Y:33 P:35 SP:B1 CYC:328
0000  47        BRK                             A:66 X:47 Y:33 P:35 SP:AE CYC:334
0000  47        BRK                             A:66 X:47 Y:33 P:35 SP:AB CYC:340
0000  47        BRK                             A:66 X:47 Y:33 P:35 SP:A8 CYC:  5
0000  47        BRK                             A:66 X:47 Y:33 P:35 SP:A5 CYC: 11
0000  47        BRK                             A:66 X:47 Y:33 P:35 SP:A2 CYC: 17
0000  47        BRK                             A:66 X:47 Y:33 P:35 SP:9F CYC: 23
0000  47        BRK                             A:66 X:47 Y:33 P:35 SP:9C CYC: 29
0000  47        BRK                             A:66 X:47 Y:33 P:35 SP:99 CYC: 35
0000  47        BRK                             A:66 X:47 Y:33 P:35 SP:96 CYC: 41
0000  47        BRK                             A:66 X:47 Y:33 P:35 SP:93 CYC: 47
0000  47        BRK                             A:66 X:47 Y:33 P:35 SP:90 CYC: 53
0000  47        BRK                             A:66 X:47 Y:33 P:35 SP:8D CYC: 59
0000  47        BRK                             A:66 X:47 Y:33 P:35 SP:8A CYC: 65
0000  47        BRK                             A:66 X:47 Y:33 P:35 SP:87 CYC: 71
0000  47        BRK                             A:66 X:47 Y:33 P:35 SP:84 CYC: 77
0000  47        BRK                             A:66 X:47 Y:33 P:35 SP:81 CYC: 83
0000  47        BRK                             A:66 X:47 Y:33 P:35 SP:7E CYC: 89
0000  47        BRK                             A:66 X:47 Y:33 P:35 SP:7B CYC: 95
0000  47        BRK                             A:66 X:47 Y:33 P:35 SP:78 CYC:101
0000  47        BRK                             A:66 X:47 Y:33 P:35 SP:75 CYC:107
0000  47        BRK                             A:66 X:47 Y:33 P:35 SP:72 CYC:113
0000  47        BRK                             A:66 X:47 Y:33 P:35 SP:6F CYC:119
0000  47        BRK                             A:66 X:47 Y:33 P:35 SP:6C CYC:125
0000  47        BRK                             A:66 X:47 Y:33 P:35 SP:69 CYC:131
0000  47        BRK                             A:66 X:47 Y:33 P:35 SP:66 CYC:137
0000  47        BRK                             A:66 X:47 Y:33 P:35 SP:63 CYC:143
0000  47        BRK                             A:66 X:47 Y:33 P:35 SP:60 CYC:149
0000  47        BRK                             A:66 X:47 Y:33 P:35 SP:5D CYC:155
0000  47        BRK                             A:66 X:47 Y:33 P:35 SP:5A CYC:161
0000  47        BRK                             A:66 X:47 Y:33 P:35 SP:57 CYC:167
0000  47        BRK                             A:66 X:47 Y:33 P:35 SP:54 CYC:173
0000  47        BRK                             A:66 X:47 Y:33 P:35 SP:51 CYC:179
0000  47        BRK                             A:66 X:47 Y:33 P:35 SP:4E CYC:185
0000  47        BRK                             A:66 X:47 Y:33 P:35 SP:4B CYC:191
0000  47        BRK                             A:66 X:47 Y:33 P:35 SP:48 CYC:197
0000  47        BRK                             A:66 X:47 Y:33 P:35 SP:45 CYC:203
0000  47        BRK                             A:66 X:47 Y:33 P:35 SP:42 CYC:209
0000  47        BRK                             A:66 X:47 Y:33 P:35 SP:3F CYC:215
0000  47        BRK                             A:66 X:47 Y:33 P:35 SP:3C CYC:221
0000  47        BRK                             A:66 X:47 Y:33 P:35 SP:39 CYC:227
0000  47        BRK                             A:66 X:47 Y:33 P:35 SP:36 CYC:233
0000  47        BRK                             A:66 X:47 Y:33 P:35 SP:33 CYC:239
0000  47        BRK                             A:66 X:47 Y:33 P:35 SP:30 CYC:245
0000  47        BRK                             A:66 X:47 Y:33 P:35 SP:2D CYC:251
0000  47        BRK                             A:66 X:47 Y:33 P:35 SP:2A CYC:257
0000  47        BRK                             A:66 X:47 Y:33 P:35 SP:27 CYC:263
0000  47        BRK                             A:66 X:47 Y:33 P:35 SP:24 CYC:269
0000  47        BRK                             A:66 X:47 Y:33 P:35 SP:21 CYC:275
0000  47        BRK                             A:66 X:47 Y:33 P:35 SP:1E CYC:281
0000  47        BRK                             A:66 X:47 Y:33 P:35 SP:1B CYC:287
0000  47        BRK                             A:66 X:47 Y:33 P:35 SP:18 CYC:293
0000  47        BRK                             A:66 X:47 Y:33 P:35 SP:15 CYC:299
0000  47        BRK                             A:66 X:47 Y:33 P:35 SP:12 CYC:305
0000  47        BRK                             A:66 X:47 Y:33 P:35 SP:0F CYC:311
0000  47        BRK                             A:66 X:47 Y:33 P:35 SP:0C CYC:317
0000  47        BRK                             A:66 X:47 Y:33 P:35 SP:09 CYC:323
0000  47        BRK                             A:66 X:47 Y:33 P:35 SP:06 CYC:329
0000  47        BRK                             A:66 X:47 Y:33 P:35 SP:03 CYC:335
0000  47        BRK                             A:66 X:47 Y:33 P:35 SP:00 CYC:  0
0000  47        BRK                             A:66 X:47 Y:33 P:35 SP:FD CYC:  6
0000  47        BRK                             A:66 X:47 Y:33 P:35 SP:FA CYC: 12
0000  47        BRK                             A:66 X:47 Y:33 P:35 SP:F7 CYC: 18
0000  47        BRK                             A:66 X:47 Y:33 P:35 SP:F4 CYC: 24
0000  47        BRK                             A:66 X:47 Y:33 P:35 SP:F1 CYC: 30
0000  47        BRK                             A:66 X:47 Y:33 P:35 SP:EE CYC: 36
0000  47        BRK                             A:66 X:47 Y:33 P:35 SP:EB CYC: 42
0000  47        BRK                             A:66 X:47 Y:33 P:35 SP:E8 CYC: 48
0000  47        BRK                             A:66 X:47 Y:33 P:35 SP:E5 CYC: 54
0000  47        BRK                             A:66 X:47 Y:33 P:35 SP:E2 CYC: 60
0000  47        BRK                             A:66 X:47 Y:33 P:35 SP:DF CYC: 66
0000  47        BRK                             A:66 X:47 Y:33 P:35 SP:DC CYC: 72
0000  47        BRK                             A:66 X:47 Y:33 P:35 SP:D9 CYC: 78
0000  47        BRK                             A:66 X:47 Y:33 P:35 SP:D6 CYC: 84
0000  47        BRK                             A:66 X:47 Y:33 P:35 SP:D3 CYC: 90
0000  47        BRK                             A:66 X:47 Y:33 P:35 SP:D0 CYC: 96
0000  47        BRK                             A:66 X:47 Y:33 P:35 SP:CD CYC:102
0000  47        BRK                             A:66 X:47 Y:33 P:35 SP:CA CYC:108
0000  47        BRK                             A:66 X:47 Y:33 P:35 SP:C7 CYC:114
0000  47        BRK                             A:66 X:47 Y:33 P:35 SP:C4 CYC:120
0000  47        BRK                             A:66 X:47 Y:33 P:35 SP:C1 CYC:126
0000  47        BRK                             A:66 X:47 Y:33 P:35 SP:BE CYC:132
0000  47        BRK                             A:66 X:47 Y:33 P:35 SP:BB CYC:138
0000  47        BRK                             A:66 X:47 Y:33 P:35 SP:B8 CYC:144
0000  47        BRK                             A:66 X:47 Y:33 P:35 SP:B5 CYC:150
0000  47        BRK                             A:66 X:47 Y:33 P:35 SP:B2 CYC:156
0000  47        BRK                             A:66 X:47 Y:33 P:35 SP:AF CYC:162
0000  47        BRK                             A:66 X:47 Y:33 P:35 SP:AC CYC:168
0000  47        BRK                             A:66 X:47 Y:33 P:35 SP:A9 CYC:174
0000  47        BRK                             A:66 X:47 Y:33 P:35 SP:A6 CYC:180
0000  47        BRK                             A:66 X:47 Y:33 P:35 SP:A3 CYC:186
0000  47        BRK                             A:66 X:47 Y:33 P:35 SP:A0 CYC:192
0000  47        BRK                             A:66 X:47 Y:33 P:35 SP:9D CYC:198
0000  47        BRK                             A:66 X:47 Y:33 P:35 SP:9A CYC:204
0000  47        BRK                             A:66 X:47 Y:33 P:35 SP:97 CYC:210
0000  47        BRK                             A:66 X:47 Y:33 P:35 SP:94 CYC:216
0000  47        BRK                             A:66 X:47 Y:33 P:35 SP:91 CYC:222
0000  47        BRK                             A:66 X:47 Y:33 P:35 SP:8E CYC:228
0000  47        BRK                             A:66 X:47 Y:33 P:35 SP:8B CYC:234
0000  47        BRK                             A:66 X:47 Y:33 P:35 SP:88 CYC:240
0000  47        BRK                             A:66 X:47 Y:33 P:35 SP:85 CYC:246
0000  47        BRK                             A:66 X:47 Y:33 P:35 SP:82 CYC:252
0000  47        BRK                             A:66 X:47 Y:33 P:35 SP:7F CYC:258
0000  47        BRK                             A:66 X:47 Y:33 P:35 SP:7C CYC:264
0000  47        BRK                             A:66 X:47 Y:33 P:35 SP:79 CYC:270
0000  47        BRK                             A:66 X:47 Y:33 P:35 SP:76 CYC:276
0000  47        BRK                             A:66 X:47 Y:33 P:35 SP:73 CYC:282
0000  47        BRK                             A:66 X:47 Y:33 P:35 SP:70 CYC:288
0000  47        BRK                             A:66 X:47 Y:33 P:35 SP:6D CYC:294
0000  47        BRK                             A:66 X:47 Y:33 P:35 SP:6A CYC:300
0000  47        BRK                             A:66 X:47 Y:33 P:35 SP:67 CYC:306
0000  47        BRK                             A:66 X:47 Y:33 P:35 SP:64 CYC:312
0000  47        BRK                             A:66 X:47 Y:33 P:35 SP:61 CYC:318
0000  47        BRK                             A:66 X:47 Y:33 P:35 SP:5E CYC:324
0000  47        BRK                             A:66 X:47 Y:33 P:35 SP:5B CYC:330
0000  47        BRK                             A:66 X:47 Y:33 P:35 SP:58 CYC:336
0000  47        BRK                             A:66 X:47 Y:33 P:35 SP:55 CYC:  1
0000  47        BRK                             A:66 X:47 Y:33 P:35 SP:52 CYC:  7
0000  47        BRK                             A:66 X:47 Y:33 P:35 SP:4F CYC: 13
0000  47        BRK                             A:66 X:47 Y:33 P:35 SP:4C CYC: 19
0000  47        BRK                             A:66 X:47 Y:33 P:35 SP:49 CYC: 25
0000  47        BRK                             A:66 X:47 Y:33 P:35 SP:46 CYC: 31
0000  47        BRK                             A:66 X:47 Y:33 P:35 SP:43 CYC: 37
0000  47        BRK                             A:66 X:47 Y:33 P:35 SP:40 CYC: 43
0000  47        BRK                             A:66 X:47 Y:33 P:35 SP:3D CYC: 49
0000  47        BRK                             A:66 X:47 Y:33 P:35 SP:3A CYC: 55
0000  47        BRK                             A:66 X:47 Y:33 P:35 SP:37 CYC: 61
0000  47        BRK                             A:66 X:47 Y:33 P:35 SP:34 CYC: 67
0000  47        BRK                             A:66 X:47 Y:33 P:35 SP:31 CYC: 73
0000  47        BRK                             A:66 X:47 Y:33 P:35 SP:2E CYC: 79
0000  47        BRK                             A:66 X:47 Y:33 P:35 SP:2B CYC: 85
0000  47        BRK                             A:66 X:47 Y:33 P:35 SP:28 CYC: 91
0000  47        BRK                             A:66 X:47 Y:33 P:35 SP:25 CYC: 97
0000  47        BRK                             A:66 X:47 Y:33 P:35 SP:22 CYC:103
0000  47        BRK                             A:66 X:47 Y:33 P:35 SP:1F CYC:109
0000  47        BRK                             A:66 X:47 Y:33 P:35 SP:1C CYC:115
0000  47        BRK                             A:66 X:47 Y:33 P:35 SP:19 CYC:121
0000  47        BRK                             A:66 X:47 Y:33 P:35 SP:16 CYC:127
0000  47        BRK                             A:66 X:47 Y:33 P:35 SP:13 CYC:133
0000  47        BRK                             A:66 X:47 Y:33 P:35 SP:10 CYC:139
0000  47        BRK                             A:66 X:47 Y:33 P:35 SP:0D CYC:145
0000  47        BRK                             A:66 X:47 Y:33 P:35 SP:0A CYC:151
0000  47        BRK                             A:66 X:47 Y:33 P:35 SP:07 CYC:157
0000  47        BRK                             A:66 X:47 Y:33 P:35 SP:04 CYC:163
0000  47        BRK                             A:66 X:47 Y:33 P:35 SP:01 CYC:169
0000  47        BRK                             A:66 X:47 Y:33 P:35 SP:FE CYC:175
0000  47        BRK                             A:66 X:47 Y:33 P:35 SP:FB CYC:181
0000  47        BRK                             A:66 X:47 Y:33 P:35 SP:F8 CYC:187
0000  47        BRK                             A:66 X:47 Y:33 P:35 SP:F5 CYC:193
0000  47        BRK                             A:66 X:47 Y:33 P:35 SP:F2 CYC:199
0000  47        BRK                             A:66 X:47 Y:33 P:35 SP:EF CYC:205
0000  47        BRK                             A:66 X:47 Y:33 P:35 SP:EC CYC:211
0000  47        BRK                             A:66 X:47 Y:33 P:35 SP:E9 CYC:217
0000  47        BRK                             A:66 X:47 Y:33 P:35 SP:E6 CYC:223
0000  47        BRK                             A:66 X:47 Y:33 P:35 SP:E3 CYC:229
0000  47        BRK                             A:66 X:47 Y:33 P:35 SP:E0 CYC:235
0000  47        BRK                             A:66 X:47 Y:33 P:35 SP:DD CYC:241
0000  47        BRK                             A:66 X:47 Y:33 P:35 SP:DA CYC:247
0000  47        BRK                             A:66 X:47 Y:33 P:35 SP:D7 CYC:253
0000  47        BRK                             A:66 X:47 Y:33 P:35 SP:D4 CYC:259
0000  47        BRK                             A:66 X:47 Y:33 P:35 SP:D1 CYC:265
0000  47        BRK                             A:66 X:47 Y:33 P:35 SP:CE CYC:271
0000  47        BRK                             A:66 X:47 Y:33 P:35 SP:CB CYC:277
0000  47        BRK                             A:66 X:47 Y:33 P:35 SP:C8 CYC:283
0000  47        BRK                             A:66 X:47 Y:33 P:35 SP:C5 CYC:289
0000  47        BRK                             A:66 X:47 Y:33 P:35 SP:C2 CYC:295
0000  47        BRK                             A:66 X:47 Y:33 P:35 SP:BF CYC:301
0000  47        BRK                             A:66 X:47 Y:33 P:35 SP:BC CYC:307
0000  47        BRK                             A:66 X:47 Y:33 P:35 SP:B9 CYC:313
0000  47        BRK                             A:66 X:47 Y:33 P:35 SP:B6 CYC:319
0000  47        BRK                             A:66 X:47 Y:33 P:35 SP:B3 CYC:325
0000  47        BRK                             A:66 X:47 Y:33 P:35 SP:B0 CYC:331
0000  47        BRK                             A:66 X:47 Y:33 P:35 SP:AD CYC:337
0000  47        BRK                             A:66 X:47 Y:33 P:35 SP:AA CYC:  2
0000  47        BRK                             A:66 X:47 Y:33 P:35 SP:A7 CYC:  8
0000  47        BRK                             A:66 X:47 Y:33 P:35 SP:A4 CYC: 14
0000  47        BRK                             A:66 X:47 Y:33 P:35 SP:A1 CYC: 20
0000  47        BRK                             A:66 X:47 Y:33 P:35 SP:9E CYC: 26
0000  47        BRK                             A:66 X:47 Y:33 P:35 SP:9B CYC: 32
0000  47        BRK                             A:66 X:47 Y:33 P:35 SP:98 CYC: 38
0000  47        BRK                             A:66 X:47 Y:33 P:35 SP:95 CYC: 44
0000  47        BRK                             A:66 X:47 Y:33 P:35 SP:92 CYC: 50
0000  47        BRK                             A:66 X:47 Y:33 P:35 SP:8F CYC: 56
0000  47        BRK                             A:66 X:47 Y:33 P:35 SP:8C CYC: 62
0000  47        BRK                             A:66 X:47 Y:33 P:35 SP:89 CYC: 68
0000  47        BRK                             A:66 X:47 Y:33 P:35 SP:86 CYC: 74
0000  47        BRK                             A:66 X:47 Y:33 P:35 SP:83 CYC: 80
0000  47        BRK                             A:66 X:47 Y:33 P:35 SP:80 CYC: 86
0000  47        BRK                             A:66 X:47 Y:33 P:35 SP:7D CYC: 92
0000  47        BRK                             A:66 X:47 Y:33 P:35 SP:7A CYC: 98
0000  47        BRK                             A:66 X:47 Y:33 P:35 SP:77 CYC:104
0000  47        BRK                             A:66 X:47 Y:33 P:35 SP:74 CYC:110
0000  47        BRK                             A:66 X:47 Y:33 P:35 SP:71 CYC:116
0000  47        BRK                             A:66 X:47 Y:33 P:35 SP:6E CYC:122
0000  47        BRK                             A:66 X:47 Y:33 P:35 SP:6B CYC:128
0000  47        BRK                             A:66 X:47 Y:33 P:35 SP:68 CYC:134
0000  47        BRK                             A:66 X:47 Y:33 P:35 SP:65 CYC:140
0000  47        BRK                             A:66 X:47 Y:33 P:35 SP:62 CYC:146
0000  47        BRK                             A:66 X:47 Y:33 P:35 SP:5F CYC:152
0000  47        BRK                             A:66 X:47 Y:33 P:35 SP:5C CYC:158
0000  47        BRK                             A:66 X:47 Y:33 P:35 SP:59 CYC:164
0000  47        BRK                             A:66 X:47 Y:33 P:35 SP:56 CYC:170
0000  47        BRK                             A:66 X:47 Y:33 P:35 SP:53 CYC:176
0000  47        BRK                             A:66 X:47 Y:33 P:35 SP:50 CYC:182
0000  47        BRK                             A:66 X:47 Y:33 P:35 SP:4D CYC:188
0000  47        BRK                             A:66 X:47 Y:33 P:35 SP:4A CYC:194
0000  47        BRK                             A:66 X:47 Y:33 P:35 SP:47 CYC:200
0000  47        BRK                             A:66 X:47 Y:33 P:35 SP:44 CYC:206
0000  47        BRK                             A:66 X:47 Y:33 P:35 SP:41 CYC:212
0000  47        BRK                             A:66 X:47 Y:33 P:35 SP:3E CYC:218
0000  47        BRK                             A:66 X:47 Y:33 P:35 SP:3B CYC:224
0000  47        BRK                             A:66 X:47 Y:33 P:35 SP:38 CYC:230
0000  47        BRK                             A:66 X:47 Y:33 P:35 SP:35 CYC:236
0000  47        BRK                             A:66 X:47 Y:33 P:35 SP:32 CYC:242
0000  47        BRK                             A:66 X:47 Y:33 P:35 SP:2F CYC:248
0000  47        BRK                             A:66 X:47 Y:33 P:35 SP:2C CYC:254
0000  47        BRK                             A:66 X:47 Y:33 P:35 SP:29 CYC:260
0000  47        BRK                             A:66 X:47 Y:33 P:35 SP:26 CYC:266
0000  47        BRK                             A:66 X:47 Y:33 P:35 SP:23 CYC:272
0000  47        BRK                             A:66 X:47 Y:33 P:35 SP:20 CYC:278
0000  47        BRK                             A:66 X:47 Y:33 P:35 SP:1D CYC:284
0000  47        BRK                             A:66 X:47 Y:33 P:35 SP:1A CYC:290
0000  47        BRK                             A:66 X:47 Y:33 P:35 SP:17 CYC:296
0000  47        BRK                             A:66 X:47 Y:33 P:35 SP:14 CYC:302
0000  47        BRK                             A:66 X:47 Y:33 P:35 SP:11 CYC:308
0000  47        BRK                             A:66 X:47 Y:33 P:35 SP:0E CYC:314
0000  47        BRK                             A:66 X:47 Y:33 P:35 SP:0B CYC:320
0000  47        BRK                             A:66 X:47 Y:33 P:35 SP:08 CYC:326
0000  47        BRK                             A:66 X:47 Y:33 P:35 SP:05 CYC:332
0000  47        BRK                             A:66 X:47 Y:33 P:35 SP:02 CYC:338
0000  47        BRK                             A:66 X:47 Y:33 P:35 SP:FF CYC:  3
0000  47        BRK                             A:66 X:47 Y:33 P:35 SP:FC CYC:  9
0000  47        BRK                             A:66 X:47 Y:33 P:35 SP:F9 CYC: 15
0000  47        BRK                             A:66 X:47 Y:33 P:35 SP:F6 CYC: 21
0000  47        BRK                             A:66 X:47 Y:33 P:35 SP:F3 CYC: 27
0000  47        BRK                             A:66 X:47 Y:33 P:35 SP:F0 CYC: 33
0000  47        BRK                             A:66 X:47 Y:33 P:35 SP:ED CYC: 39
0000  47        BRK                             A:66 X:47 Y:33 P:35 SP:EA CYC: 45
0000  47        BRK                             A:66 X:47 Y:33 P:35 SP:E7 CYC: 51
0000  47        BRK                             A:66 X:47 Y:33 P:35 SP:E4 CYC: 57
0000  47        BRK                             A:66 X:47 Y:33 P:35 SP:E1 CYC: 63
0000  47        BRK                             A:66 X:47 Y:33 P:35 SP:DE CYC: 69
0000  47        BRK                             A:66 X:47 Y:33 P:35 SP:DB CYC: 75
0000  47        BRK                             A:66 X:47 Y:33 P:35 SP:D8 CYC: 81
0000  47        BRK                             A:66 X:47 Y:33 P:35 SP:D5 CYC: 87
0000  47        BRK                             A:66 X:47 Y:33 P:35 SP:D2 CYC: 93
0000  47        BRK                             A:66 X:47 Y:33 P:35 SP:CF CYC: 99
0000  47        BRK                             A:66 X:47 Y:33 P:35 SP:CC CYC:105
0000  47        BRK                             A:66 X:47 Y:33 P:35 SP:C9 CYC:111
0000  47        BRK                             A:66 X:47 Y:33 P:35 SP:C6 CYC:117
0000  47        BRK                             A:66 X:47 Y:33 P:35 SP:C3 CYC:123
0000  47        BRK                             A:66 X:47 Y:33 P:35 SP:C0 CYC:129
0000  47        BRK                             A:66 X:47 Y:33 P:35 SP:BD CYC:135
0000  47        BRK                             A:66 X:47 Y:33 P:35 SP:BA CYC:141
0000  47        BRK                             A:66 X:47 Y:33 P:35 SP:B7 CYC:147
0000  47        BRK                             A:66 X:47 Y:33 P:35 SP:B4 CYC:153
0000  47        BRK                             A:66 X:47 Y:33 P:35 SP:B1 CYC:159
0000  47        BRK                             A:66 X:47 Y:33 P:35 SP:AE CYC:165
0000  47        BRK                             A:66 X:47 Y:33 P:35 SP:AB CYC:171
0000  47        BRK                             A:66 X:47 Y:33 P:35 SP:A8 CYC:177
0000  47        BRK                             A:66 X:47 Y:33 P:35 SP:A5 CYC:183
0000  47        BRK                             A:66 X:47 Y:33 P:35 SP:A2 CYC:189
0000  47        BRK                             A:66 X:47 Y:33 P:35 SP:9F CYC:195
0000  47        BRK                             A:66 X:47 Y:33 P:35 SP:9C CYC:201
0000  47        BRK                             A:66 X:47 Y:33 P:35 SP:99 CYC:207
0000  47        BRK                             A:66 X:47 Y:33 P:35 SP:96 CYC:213
0000  47        BRK                             A:66 X:47 Y:33 P:35 SP:93 CYC:219
0000  47        BRK                             A:66 X:47 Y:33 P:35 SP:90 CYC:225
0000  47        BRK                             A:66 X:47 Y:33 P:35 SP:8D CYC:231
0000  47        BRK                             A:66 X:47 Y:33 P:35 SP:8A CYC:237
0000  47        BRK                             A:66 X:47 Y:33 P:35 SP:87 CYC:243
0000  47        BRK                             A:66 X:47 Y:33 P:35 SP:84 CYC:249
0000  47        BRK                             A:66 X:47 Y:33 P:35 SP:81 CYC:255
0000  47        BRK                             A:66 X:47 Y:33 P:35 SP:7E CYC:261
0000  47        BRK                             A:66 X:47 Y:33 P:35 SP:7B CYC:267
0000  47        BRK                             A:66 X:47 Y:33 P:35 SP:78 CYC:273
0000  47        BRK                             A:66 X:47 Y:33 P:35 SP:75 CYC:279
0000  47        BRK                             A:66 X:47 Y:33 P:35 SP:72 CYC:285
0000  47        BRK                             A:66 X:47 Y:33 P:35 SP:6F CYC:291
0000  47        BRK                             A:66 X:47 Y:33 P:35 SP:6C CYC:297
0000  47        BRK                             A:66 X:47 Y:33 P:35 SP:69 CYC:303
0000  47        BRK                             A:66 X:47 Y:33 P:35 SP:66 CYC:309
0000  47        BRK                             A:66 X:47 Y:33 P:35 SP:63 CYC:315
0000  47        BRK                             A:66 X:47 Y:33 P:35 SP:60 CYC:321
0000  47        BRK                             A:66 X:47 Y:33 P:35 SP:5D CYC:327
0000  47        BRK                             A:66 X:47 Y:33 P:35 SP:5A CYC:333
0000  47        BRK                             A:66 X:47 Y:33 P:35 SP:57 CYC:339
0000  47        BRK                             A:66 X:47 Y:33 P:35 SP:54 CYC:  4
0000  47        BRK                             A:66 X:47 Y:33 P:35 SP:51 CYC: 10
0000  47        BRK                             A:66 X:47 Y:33 P:35 SP:4E CYC: 16
0000  47        BRK                             A:66 X:47 Y:33 P:35 SP:4B CYC: 22
0000  47        BRK                             A:66 X:47 Y:33 P:35 SP:48 CYC: 28
0000  47        BRK                             A:66 X:47 Y:33 P:35 SP:45 CYC: 34
0000  47        BRK                             A:66 X:47 Y:33 P:35 SP:42 CYC: 40
0000  47        BRK                             A:66 X:47 Y:33 P:35 SP:3F CYC: 46
0000  47        BRK                             A:66 X:47 Y:33 P:35 SP:3C CYC: 52
0000  47        BRK                             A:66 X:47 Y:33 P:35 SP:39 CYC: 58
0000  47        BRK                             A:66 X:47 Y:33 P:35 SP:36 CYC: 64
0000  47        BRK                             A:66 X:47 Y:33 P:35 SP:33 CYC: 70
0000  47        BRK                             A:66 X:47 Y:33 P:35 SP:30 CYC: 76
0000  47        BRK                             A:66 X:47 Y:33 P:35 SP:2D CYC: 82
0000  47        BRK                             A:66 X:47 Y:33 P:35 SP:2A CYC: 88
0000  47        BRK                             A:66 X:47 Y:33 P:35 SP:27 CYC: 94
0000  47        BRK                             A:66 X:47 Y:33 P:35 SP:24 CYC:100
0000  47        BRK                             A:66 X:47 Y:33 P:35 SP:21 CYC:106
0000  47        BRK                             A:66 X:47 Y:33 P:35 SP:1E CYC:112
0000  47        BRK                             A:66 X:47 Y:33 P:35 SP:1B CYC:118
0000  47        BRK                             A:66 X:47 Y:33 P:35 SP:18 CYC:124
0000  47        BRK                             A:66 X:47 Y:33 P:35 SP:15 CYC:130
0000  47        BRK                             A:66 X:47 Y:33 P:35 SP:12 CYC:136
0000  47        BRK                             A:66 X:47 Y:33 P:35 SP:0F CYC:142
0000  47        BRK                             A:66 X:47 Y:33 P:35 SP:0C CYC:148
0000  47        BRK                             A:66 X:47 Y:33 P:35 SP:09 CYC:154
0000  47        BRK                             A:66 X:47 Y:33 P:35 SP:06 CYC:160
0000  47        BRK                             A:66 X:47 Y:33 P:35 SP:03 CYC:166
0000  47        BRK                             A:66 X:47 Y:33 P:35 SP:00 CYC:172
0000  47        BRK                             A:66 X:47 Y:33 P:35 SP:FD CYC:178
0000  47        BRK                             A:66 X:47 Y:33 P:35 SP:FA CYC:184
0000  47        BRK                             A:66 X:47 Y:33 P:35 SP:F7 CYC:190
0000  47        BRK                             A:66 X:47 Y:33 P:35 SP:F4 CYC:196
0000  47        BRK                             A:66 X:47 Y:33 P:35 SP:F1 CYC:202
0000  47        BRK                             A:66 X:47 Y:33 P:35 SP:EE CYC:208
0000  47        BRK                             A:66 X:47 Y:33 P:35 SP:EB CYC:214
0000  47        BRK                             A:66 X:47 Y:33 P:35 SP:E8 CYC:220
0000  47        BRK                             A:66 X:47 Y:33 P:35 SP:E5 CYC:226
0000  47        BRK                             A:66 X:47 Y:33 P:35 SP:E2 CYC:232
0000  47        BRK                             A:66 X:47 Y:33 P:35 SP:DF CYC:238
0000  47        BRK                             A:66 X:47 Y:33 P:35 SP:DC CYC:244
0000  47        BRK                             A:66 X:47 Y:33 P:35 SP:D9 CYC:250
0000  47        BRK                             A:66 X:47 Y:33 P:35 SP:D6 CYC:256
0000  47        BRK                             A:66 X:47 Y:33 P:35 SP:D3 CYC:262
0000  47        BRK                             A:66 X:47 Y:33 P:35 SP:D0 CYC:268
0000  47        BRK                             A:66 X:47 Y:33 P:35 SP:CD CYC:274
0000  47        BRK                             A:66 X:47 Y:33 P:35 SP:CA CYC:280
0000  47        BRK                             A:66 X:47 Y:33 P:35 SP:C7 CYC:286
0000  47        BRK                             A:66 X:47 Y:33 P:35 SP:C4 CYC:292
0000  47        BRK                             A:66 X:47 Y:33 P:35 SP:C1 CYC:298
0000  47        BRK                             A:66 X:47 Y:33 P:35 SP:BE CYC:304
0000  47        BRK                             A:66 X:47 Y:33 P:35 SP:BB CYC:310
0000  47        BRK                             A:66 X:47 Y:33 P:35 SP:B8 CYC:316
0000  47        BRK                             A:66 X:47 Y:33 P:35 SP:B5 CYC:322
0000  47        BRK                             A:66 X:47 Y:33 P:35 SP:B2 CYC:328
0000  47        BRK                             A:66 X:47 Y:33 P:35 SP:AF CYC:334
0000  47        BRK                             A:66 X:47 Y:33 P:35 SP:AC CYC:340
0000  47        BRK                             A:66 X:47 Y:33 P:35 SP:A9 CYC:  5
0000  47        BRK                             A:66 X:47 Y:33 P:35 SP:A6 CYC: 11
0000  47        BRK                             A:66 X:47 Y:33 P:35 SP:A3 CYC: 17
0000  47        BRK                             A:66 X:47 Y:33 P:35 SP:A0 CYC: 23
0000  47        BRK                             A:66 X:47 Y:33 P:35 SP:9D CYC: 29
0000  47        BRK                             A:66 X:47 Y:33 P:35 SP:9A CYC: 35
0000  47        BRK                             A:66 X:47 Y:33 P:35 SP:97 CYC: 41
0000  47        BRK                             A:66 X:47 Y:33 P:35 SP:94 CYC: 47
0000  47        BRK                             A:66 X:47 Y:33 P:35 SP:91 CYC: 53
0000  47        BRK                             A:66 X:47 Y:33 P:35 SP:8E CYC: 59
0000  47        BRK                             A:66 X:47 Y:33 P:35 SP:8B CYC: 65
0000  47        BRK                             A:66 X:47 Y:33 P:35 SP:88 CYC: 71
0000  47        BRK                             A:66 X:47 Y:33 P:35 SP:85 CYC: 77
0000  47        BRK                             A:66 X:47 Y:33 P:35 SP:82 CYC: 83
0000  47        BRK                             A:66 X:47 Y:33 P:35 SP:7F CYC: 89
0000  47        BRK                             A:66 X:47 Y:33 P:35 SP:7C CYC: 95
0000  47        BRK                             A:66 X:47 Y:33 P:35 SP:79 CYC:101
0000  47        BRK                             A:66 X:47 Y:33 P:35 SP:76 CYC:107
0000  47        BRK                             A:66 X:47 Y:33 P:35 SP:73 CYC:113
0000  47        BRK                             A:66 X:47 Y:33 P:35 SP:70 CYC:119
0000  47        BRK                             A:66 X:47 Y:33 P:35 SP:6D CYC:125
0000  47        BRK                             A:66 X:47 Y:33 P:35 SP:6A CYC:131
0000  47        BRK                             A:66 X:47 Y:33 P:35 SP:67 CYC:137
0000  47        BRK                             A:66 X:47 Y:33 P:35 SP:64 CYC:143
0000  47        BRK                             A:66 X:47 Y:33 P:35 SP:61 CYC:149
0000  47        BRK                             A:66 X:47 Y:33 P:35 SP:5E CYC:155
0000  47        BRK                             A:66 X:47 Y:33 P:35 SP:5B CYC:161
0000  47        BRK                             A:66 X:47 Y:33 P:35 SP:58 CYC:167
0000  47        BRK                             A:66 X:47 Y:33 P:35 SP:55 CYC:173
0000  47        BRK                             A:66 X:47 Y:33 P:35 SP:52 CYC:179
0000  47        BRK                             A:66 X:47 Y:33 P:35 SP:4F CYC:185
0000  47        BRK                             A:66 X:47 Y:33 P:35 SP:4C CYC:191
0000  47        BRK                             A:66 X:47 Y:33 P:35 SP:49 CYC:197
0000  47        BRK                             A:66 X:47 Y:33 P:35 SP:46 CYC:203
0000  47        BRK                             A:66 X:47 Y:33 P:35 SP:43 CYC:209
0000  47        BRK                             A:66 X:47 Y:33 P:35 SP:40 CYC:215
0000  47        BRK                             A:66 X:47 Y:33 P:35 SP:3D CYC:221
0000  47        BRK                             A:66 X:47 Y:33 P:35 SP:3A CYC:227
0000  47        BRK                             A:66 X:47 Y:33 P:35 SP:37 CYC:233
0000  47        BRK                             A:66 X:47 Y:33 P:35 SP:34 CYC:239
0000  47        BRK                             A:66 X:47 Y:33 P:35 SP:31 CYC:245
0000  47        BRK                             A:66 X:47 Y:33 P:35 SP:2E CYC:251
0000  47        BRK                             A:66 X:47 Y:33 P:35 SP:2B CYC:257
0000  47        BRK                             A:66 X:47 Y:33 P:35 SP:28 CYC:263
0000  47        BRK                             A:66 X:47 Y:33 P:35 SP:25 CYC:269
0000  47        BRK                             A:66 X:47 Y:33 P:35 SP:22 CYC:275
0000  47        BRK                             A:66 X:47 Y:33 P:35 SP:1F CYC:281
0000  47        BRK                             A:66 X:47 Y:33 P:35 SP:1C CYC:287
0000  47        BRK                             A:66 X:47 Y:33 P:35 SP:19 CYC:293
0000  47        BRK                             A:66 X:47 Y:33 P:35 SP:16 CYC:299
0000  47        BRK                             A:66 X:47 Y:33 P:35 SP:13 CYC:305
0000  47        BRK                             A:66 X:47 Y:33 P:35 SP:10 CYC:311
0000  47        BRK                             A:66 X:47 Y:33 P:35 SP:0D CYC:317
0000  47        BRK                             A:66 X:47 Y:33 P:35 SP:0A CYC:323
0000  47        BRK                             A:66 X:47 Y:33 P:35 SP:07 CYC:329
0000  47        BRK                             A:66 X:47 Y:33 P:35 SP:04 CYC:335
0000  47        BRK                             A:66 X:47 Y:33 P:35 SP:01 CYC:  0
0000  47        BRK                             A:66 X:47 Y:33 P:35 SP:FE CYC:  6
0000  47        BRK                             A:66 X:47 Y:33 P:35 SP:FB CYC: 12
0000  47        BRK                             A:66 X:47 Y:33 P:35 SP:F8 CYC: 18
0000  47        BRK                             A:66 X:47 Y:33 P:35 SP:F5 CYC: 24
0000  47        BRK                             A:66 X:47 Y:33 P:35 SP:F2 CYC: 30
0000  47        BRK                             A:66 X:47 Y:33 P:35 SP:EF CYC: 36
0000  47        BRK                             A:66 X:47 Y:33 P:35 SP:EC CYC: 42
0000  47        BRK                             A:66 X:47 Y:33 P:35 SP:E9 CYC: 48
0000  47        BRK                             A:66 X:47 Y:33 P:35 SP:E6 CYC: 54
0000  47        BRK                             A:66 X:47 Y:33 P:35 SP:E3 CYC: 60
0000  47        BRK                             A:66 X:47 Y:33 P:35 SP:E0 CYC: 66
0000  47        BRK                             A:66 X:47 Y:33 P:35 SP:DD CYC: 72
0000  47        BRK                             A:66 X:47 Y:33 P:35 SP:DA CYC: 78
0000  47        BRK                             A:66 X:47 Y:33 P:35 SP:D7 CYC: 84
0000  47        BRK                             A:66 X:47 Y:33 P:35 SP:D4 CYC: 90
0000  47        BRK                             A:66 X:47 Y:33 P:35 SP:D1 CYC: 96
0000  47        BRK                             A:66 X:47 Y:33 P:35 SP:CE CYC:102
0000  47        BRK                             A:66 X:47 Y:33 P:35 SP:CB CYC:108
0000  47        BRK                             A:66 X:47 Y:33 P:35 SP:C8 CYC:114
0000  47        BRK                             A:66 X:47 Y:33 P:35 SP:C5 CYC:120
0000  47        BRK                             A:66 X:47 Y:33 P:35 SP:C2 CYC:126
0000  47        BRK                             A:66 X:47 Y:33 P:35 SP:BF CYC:132
0000  47        BRK                             A:66 X:47 Y:33 P:35 SP:BC CYC:138
0000  47        BRK                             A:66 X:47 Y:33 P:35 SP:B9 CYC:144
0000  47        BRK                             A:66 X:47 Y:33 P:35 SP:B6 CYC:150
0000  47        BRK                             A:66 X:47 Y:33 P:35 SP:B3 CYC:156
0000  47        BRK                             A:66 X:47 Y:33 P:35 SP:B0 CYC:162
0000  47        BRK                             A:66 X:47 Y:33 P:35 SP:AD CYC:168
0000  47        BRK                             A:66 X:47 Y:33 P:35 SP:AA CYC:174
0000  47        BRK                             A:66 X:47 Y:33 P:35 SP:A7 CYC:180
0000  47        BRK                             A:66 X:47 Y:33 P:35 SP:A4 CYC:186
0000  47        BRK                             A:66 X:47 Y:33 P:35 SP:A1 CYC:192
0000  47        BRK                             A:66 X:47 Y:33 P:35 SP:9E CYC:198
0000  47        BRK                             A:66 X:47 Y:33 P:35 SP:9B CYC:204
0000  47        BRK                             A:66 X:47 Y:33 P:35 SP:98 CYC:210
0000  47        BRK                             A:66 X:47 Y:33 P:35 SP:95 CYC:216
0000  47        BRK                             A:66 X:47 Y:33 P:35 SP:92 CYC:222
0000  47        BRK                             A:66 X:47 Y:33 P:35 SP:8F CYC:228
0000  47        BRK                             A:66 X:47 Y:33 P:35 SP:8C CYC:234
0000  47        BRK                             A:66 X:47 Y:33 P:35 SP:89 CYC:240
0000  47        BRK                             A:66 X:47 Y:33 P:35 SP:86 CYC:246
0000  47        BRK                             A:66 X:47 Y:33 P:35 SP:83 CYC:252
0000  47        BRK                             A:66 X:47 Y:33 P:35 SP:80 CYC:258
0000  47        BRK                             A:66 X:47 Y:33 P:35 SP:7D CYC:264
0000  47        BRK                             A:66 X:47 Y:33 P:35 SP:7A CYC:270
0000  47        BRK                             A:66 X:47 Y:33 P:35 SP:77 CYC:276
0000  47        BRK                             A:66 X:47 Y:33 P:35 SP:74 CYC:282
0000  47        BRK                             A:66 X:47 Y:33 P:35 SP:71 CYC:288
0000  47        BRK                             A:66 X:47 Y:33 P:35 SP:6E CYC:294
0000  47        BRK                             A:66 X:47 Y:33 P:35 SP:6B CYC:300
0000  47        BRK                             A:66 X:47 Y:33 P:35 SP:68 CYC:306
0000  47        BRK                             A:66 X:47 Y:33 P:35 SP:65 CYC:312
0000  47        BRK                             A:66 X:47 Y:33 P:35 SP:62 CYC:318
0000  47        BRK                             A:66 X:47 Y:33 P:35 SP:5F CYC:324
0000  47        BRK                             A:66 X:47 Y:33 P:35 SP:5C CYC:330
0000  47        BRK                             A:66 X:47 Y:33 P:35 SP:59 CYC:336
0000  47        BRK                             A:66 X:47 Y:33 P:35 SP:56 CYC:  1
0000  47        BRK                             A:66 X:47 Y:33 P:35 SP:53 CYC:  7
0000  47        BRK                             A:66 X:47 Y:33 P:35 SP:50 CYC: 13
0000  47        BRK                             A:66 X:47 Y:33 P:35 SP:4D CYC: 19
0000  47        BRK                             A:66 X:47 Y:33 P:35 SP:4A CYC: 25
0000  47        BRK                             A:66 X:47 Y:33 P:35 SP:47 CYC: 31
0000  47        BRK                             A:66 X:47 Y:33 P:35 SP:44 CYC: 37
0000  47        BRK                             A:66 X:47 Y:33 P:35 SP:41 CYC: 43
0000  47        BRK                             A:66 X:47 Y:33 P:35 SP:3E CYC: 49
0000  47        BRK                             A:66 X:47 Y:33 P:35 SP:3B CYC: 55
0000  47        BRK                             A:66 X:47 Y:33 P:35 SP:38 CYC: 61
0000  47        BRK                             A:66 X:47 Y:33 P:35 SP:35 CYC: 67
0000  47        BRK                             A:66 X:47 Y:33 P:35 SP:32 CYC: 73
0000  47        BRK                             A:66 X:47 Y:33 P:35 SP:2F CYC: 79
0000  47        BRK                             A:66 X:47 Y:33 P:35 SP:2C CYC: 85
0000  47        BRK                             A:66 X:47 Y:33 P:35 SP:29 CYC: 91
0000  47        BRK                             A:66 X:47 Y:33 P:35 SP:26 CYC: 97
0000  47        BRK                             A:66 X:47 Y:33 P:35 SP:23 CYC:103
0000  47        BRK                             A:66 X:47 Y:33 P:35 SP:20 CYC:109
0000  47        BRK                             A:66 X:47 Y:33 P:35 SP:1D CYC:115
0000  47        BRK                             A:66 X:47 Y:33 P:35 SP:1A CYC:121
0000  47        BRK                             A:66 X:47 Y:33 P:35 SP:17 CYC:127
0000  47        BRK                             A:66 X:47 Y:33 P:35 SP:14 CYC:133
0000  47        BRK                             A:66 X:47 Y:33 P:35 SP:11 CYC:139
0000  47        BRK                             A:66 X:47 Y:33 P:35 SP:0E CYC:145
0000  47        BRK                             A:66 X:47 Y:33 P:35 SP:0B CYC:151
0000  47        BRK                             A:66 X:47 Y:33 P:35 SP:08 CYC:157
0000  47        BRK                             A:66 X:47 Y:33 P:35 SP:05 CYC:163
0000  47        BRK                             A:66 X:47 Y:33 P:35 SP:02 CYC:169
0000  47        BRK                             A:66 X:47 Y:33 P:35 SP:FF CYC:175
0000  47        BRK                             A:66 X:47 Y:33 P:35 SP:FC CYC:181
0000  47        BRK                             A:66 X:47 Y:33 P:35 SP:F9 CYC:187
0000  47        BRK                             A:66 X:47 Y:33 P:35 SP:F6 CYC:193
0000  47        BRK                             A:66 X:47 Y:33 P:35 SP:F3 CYC:199
0000  47        BRK                             A:66 X:47 Y:33 P:35 SP:F0 CYC:205
0000  47        BRK                             A:66 X:47 Y:33 P:35 SP:ED CYC:211
0000  47        BRK                             A:66 X:47 Y:33 P:35 SP:EA CYC:217
0000  47        BRK                             A:66 X:47 Y:33 P:35 SP:E7 CYC:223
0000  47        BRK                             A:66 X:47 Y:33 P:35 SP:E4 CYC:229
0000  47        BRK                             A:66 X:47 Y:33 P:35 SP:E1 CYC:235
0000  47        BRK                             A:66 X:47 Y:33 P:35 SP:DE CYC:241
0000  47        BRK                             A:66 X:47 Y:33 P:35 SP:DB CYC:247
0000  47        BRK                             A:66 X:47 Y:33 P:35 SP:D8 CYC:253
0000  47        BRK                             A:66 X:47 Y:33 P:35 SP:D5 CYC:259
0000  47        BRK                             A:66 X:47 Y:33 P:35 SP:D2 CYC:265
0000  47        BRK                             A:66 X:47 Y:33 P:35 SP:CF CYC:271
0000  47        BRK                             A:66 X:47 Y:33 P:35 SP:CC CYC:277
0000  47        BRK                             A:66 X:47 Y:33 P:35 SP:C9 CYC:283
0000  47        BRK                             A:66 X:47 Y:33 P:35 SP:C6 CYC:289
0000  47        BRK                             A:66 X:47 Y:33 P:35 SP:C3 CYC:295
0000  47        BRK                             A:66 X:47 Y:33 P:35 SP:C0 CYC:301
0000  47        BRK                             A:66 X:47 Y:33 P:35 SP:BD CYC:307
0000  47        BRK                             A:66 X:47 Y:33 P:35 SP:BA CYC:313
0000  47        BRK                             A:66 X:47 Y:33 P:35 SP:B7 CYC:319
0000  47        BRK                             A:66 X:47 Y:33 P:35 SP:B4 CYC:325
0000  47        BRK                             A:66 X:47 Y:33 P:35 SP:B1 CYC:331
0000  47        BRK                             A:66 X:47 Y:33 P:35 SP:AE CYC:337
0000  47        BRK                             A:66 X:47 Y:33 P:35 SP:AB CYC:  2
0000  47        BRK                             A:66 X:47 Y:33 P:35 SP:A8 CYC:  8
0000  47        BRK                             A:66 X:47 Y:33 P:35 SP:A5 CYC: 14
0000  47        BRK                             A:66 X:47 Y:33 P:35 SP:A2 CYC: 20
0000  47        BRK                             A:66 X:47 Y:33 P:35 SP:9F CYC: 26
0000  47        BRK                             A:66 X:47 Y:33 P:35 SP:9C CYC: 32
0000  47        BRK                             A:66 X:47 Y:33 P:35 SP:99 CYC: 38
0000  47        BRK                             A:66 X:47 Y:33 P:35 SP:96 CYC: 44
0000  47        BRK                             A:66 X:47 Y:33 P:35 SP:93 CYC: 50
0000  47        BRK                             A:66 X:47 Y:33 P:35 SP:90 CYC: 56
0000  47        BRK                             A:66 X:47 Y:33 P:35 SP:8D CYC: 62
0000  47        BRK                             A:66 X:47 Y:33 P:35 SP:8A CYC: 68
0000  47        BRK                             A:66 X:47 Y:33 P:35 SP:87 CYC: 74
0000  47        BRK                             A:66 X:47 Y:33 P:35 SP:84 CYC: 80
0000  47        BRK                             A:66 X:47 Y:33 P:35 SP:81 CYC: 86
0000  47        BRK                             A:66 X:47 Y:33 P:35 SP:7E CYC: 92
0000  47        BRK                             A:66 X:47 Y:33 P:35 SP:7B CYC: 98
0000  47        BRK                             A:66 X:47 Y:33 P:35 SP:78 CYC:104
0000  47        BRK                             A:66 X:47 Y:33 P:35 SP:75 CYC:110
0000  47        BRK                             A:66 X:47 Y:33 P:35 SP:72 CYC:116
0000  47        BRK                             A:66 X:47 Y:33 P:35 SP:6F CYC:122
0000  47        BRK                             A:66 X:47 Y:33 P:35 SP:6C CYC:128
0000  47        BRK                             A:66 X:47 Y:33 P:35 SP:69 CYC:134
0000  47        BRK                             A:66 X:47 Y:33 P:35 SP:66 CYC:140
0000  47        BRK                             A:66 X:47 Y:33 P:35 SP:63 CYC:146
0000  47        BRK                             A:66 X:47 Y:33 P:35 SP:60 CYC:152
0000  47        BRK                             A:66 X:47 Y:33 P:35 SP:5D CYC:158
0000  47        BRK                             A:66 X:47 Y:33 P:35 SP:5A CYC:164
0000  47        BRK                             A:66 X:47 Y:33 P:35 SP:57 CYC:170
0000  47        BRK                             A:66 X:47 Y:33 P:35 SP:54 CYC:176
0000  47        BRK                             A:66 X:47 Y:33 P:35 SP:51 CYC:182
0000  47        BRK                             A:66 X:47 Y:33 P:35 SP:4E CYC:188
0000  47        BRK                             A:66 X:47 Y:33 P:35 SP:4B CYC:194
0000  47        BRK                             A:66 X:47 Y:33 P:35 SP:48 CYC:200
0000  47        BRK                             A:66 X:47 Y:33 P:35 SP:45 CYC:206
0000  47        BRK                             A:66 X:47 Y:33 P:35 SP:42 CYC:212
0000  47        BRK                             A:66 X:47 Y:33 P:35 SP:3F CYC:218
0000  47        BRK                             A:66 X:47 Y:33 P:35 SP:3C CYC:224
0000  47        BRK                             A:66 X:47 Y:33 P:35 SP:39 CYC:230
0000  47        BRK                             A:66 X:47 Y:33 P:35 SP:36 CYC:236
0000  47        BRK                             A:66 X:47 Y:33 P:35 SP:33 CYC:242
0000  47        BRK                             A:66 X:47 Y:33 P:35 SP:30 CYC:248
0000  47        BRK                             A:66 X:47 Y:33 P:35 SP:2D CYC:254
0000  47        BRK                             A:66 X:47 Y:33 P:35 SP:2A CYC:260
0000  47        BRK                             A:66 X:47 Y:33 P:35 SP:27 CYC:266
0000  47        BRK                             A:66 X:47 Y:33 P:35 SP:24 CYC:272
0000  47        BRK                             A:66 X:47 Y:33 P:35 SP:21 CYC:278
0000  47        BRK                             A:66 X:47 Y:33 P:35 SP:1E CYC:284
0000  47        BRK                             A:66 X:47 Y:33 P:35 SP:1B CYC:290
0000  47        BRK                             A:66 X:47 Y:33 P:35 SP:18 CYC:296
0000  47        BRK                             A:66 X:47 Y:33 P:35 SP:15 CYC:302
0000  47        BRK                             A:66 X:47 Y:33 P:35 SP:12 CYC:308
0000  47        BRK                             A:66 X:47 Y:33 P:35 SP:0F CYC:314
0000  47        BRK                             A:66 X:47 Y:33 P:35 SP:0C CYC:320
0000  47        BRK                             A:66 X:47 Y:33 P:35 SP:09 CYC:326
0000  47        BRK                             A:66 X:47 Y:33 P:35 SP:06 CYC:332
0000  47        BRK                             A:66 X:47 Y:33 P:35 SP:03 CYC:338
0000  47        BRK                             A:66 X:47 Y:33 P:35 SP:00 CYC:  3
0000  47        BRK                             A:66 X:47 Y:33 P:35 SP:FD CYC:  9
0000  47        BRK                             A:66 X:47 Y:33 P:35 SP:FA CYC: 15
0000  47        BRK                             A:66 X:47 Y:33 P:35 SP:F7 CYC: 21
0000  47        BRK                             A:66 X:47 Y:33 P:35 SP:F4 CYC: 27
0000  47        BRK                             A:66 X:47 Y:33 P:35 SP:F1 CYC: 33
0000  47        BRK                             A:66 X:47 Y:33 P:35 SP:EE CYC: 39
0000  47        BRK                             A:66 X:47 Y:33 P:35 SP:EB CYC: 45
0000  47        BRK                             A:66 X:47 Y:33 P:35 SP:E8 CYC: 51
0000  47        BRK                             A:66 X:47 Y:33 P:35 SP:E5 CYC: 57
0000  47        BRK                             A:66 X:47 Y:33 P:35 SP:E2 CYC: 63
0000  47        BRK                             A:66 X:47 Y:33 P:35 SP:DF CYC: 69
0000  47        BRK                             A:66 X:47 Y:33 P:35 SP:DC CYC: 75
0000  47        BRK                             A:66 X:47 Y:33 P:35 SP:D9 CYC: 81
0000  47        BRK                             A:66 X:47 Y:33 P:35 SP:D6 CYC: 87
0000  47        BRK                             A:66 X:47 Y:33 P:35 SP:D3 CYC: 93
0000  47        BRK                             A:66 X:47 Y:33 P:35 SP:D0 CYC: 99
0000  47        BRK                             A:66 X:47 Y:33 P:35 SP:CD CYC:105
0000  47        BRK                             A:66 X:47 Y:33 P:35 SP:CA CYC:111
0000  47        BRK                             A:66 X:47 Y:33 P:35 SP:C7 CYC:117
0000  47        BRK                             A:66 X:47 Y:33 P:35 SP:C4 CYC:123
0000  47        BRK                             A:66 X:47 Y:33 P:35 SP:C1 CYC:129
0000  47        BRK                             A:66 X:47 Y:33 P:35 SP:BE CYC:135
0000  47        BRK                             A:66 X:47 Y:33 P:35 SP:BB CYC:141
0000  47        BRK                             A:66 X:47 Y:33 P:35 SP:B8 CYC:147
0000  47        BRK                             A:66 X:47 Y:33 P:35 SP:B5 CYC:153
0000  47        BRK                             A:66 X:47 Y:33 P:35 SP:B2 CYC:159
0000  47        BRK                             A:66 X:47 Y:33 P:35 SP:AF CYC:165
0000  47        BRK                             A:66 X:47 Y:33 P:35 SP:AC CYC:171
0000  47        BRK                             A:66 X:47 Y:33 P:35 SP:A9 CYC:177
0000  47        BRK                             A:66 X:47 Y:33 P:35 SP:A6 CYC:183
0000  47        BRK                             A:66 X:47 Y:33 P:35 SP:A3 CYC:189
0000  47        BRK                             A:66 X:47 Y:33 P:35 SP:A0 CYC:195
0000  47        BRK                             A:66 X:47 Y:33 P:35 SP:9D CYC:201
0000  47        BRK                             A:66 X:47 Y:33 P:35 SP:9A CYC:207
0000  47        BRK                             A:66 X:47 Y:33 P:35 SP:97 CYC:213
0000  47        BRK                             A:66 X:47 Y:33 P:35 SP:94 CYC:219
0000  47        BRK                             A:66 X:47 Y:33 P:35 SP:91 CYC:225
0000  47        BRK                             A:66 X:47 Y:33 P:35 SP:8E CYC:231
0000  47        BRK                             A:66 X:47 Y:33 P:35 SP:8B CYC:237
0000  47        BRK                             A:66 X:47 Y:33 P:35 SP:88 CYC:243
0000  47        BRK                             A:66 X:47 Y:33 P:35 SP:85 CYC:249
0000  47        BRK                             A:66 X:47 Y:33 P:35 SP:82 CYC:255
0000  47        BRK                             A:66 X:47 Y:33 P:35 SP:7F CYC:261
0000  47        BRK                             A:66 X:47 Y:33 P:35 SP:7C CYC:267
0000  47        BRK                             A:66 X:47 Y:33 P:35 SP:79 CYC:273
0000  47        BRK                             A:66 X:47 Y:33 P:35 SP:76 CYC:279
0000  47        BRK                             A:66 X:47 Y:33 P:35 SP:73 CYC:285
0000  47        BRK                             A:66 X:47 Y:33 P:35 SP:70 CYC:291
0000  47        BRK                             A:66 X:47 Y:33 P:35 SP:6D CYC:297
0000  47        BRK                             A:66 X:47 Y:33 P:35 SP:6A CYC:303
0000  47        BRK                             A:66 X:47 Y:33 P:35 SP:67 CYC:309
0000  47        BRK                             A:66 X:47 Y:33 P:35 SP:64 CYC:315
0000  47        BRK                             A:66 X:47 Y:33 P:35 SP:61 CYC:321
0000  47        BRK                             A:66 X:47 Y:33 P:35 SP:5E CYC:327
0000  47        BRK                             A:66 X:47 Y:33 P:35 SP:5B CYC:333
0000  47        BRK                             A:66 X:47 Y:33 P:35 SP:58 CYC:339
0000  47        BRK                             A:66 X:47 Y:33 P:35 SP:55 CYC:  4
0000  47        BRK                             A:66 X:47 Y:33 P:35 SP:52 CYC: 10
0000  47        BRK                             A:66 X:47 Y:33 P:35 SP:4F CYC: 16
0000  47        BRK                             A:66 X:47 Y:33 P:35 SP:4C CYC: 22
0000  47        BRK                             A:66 X:47 Y:33 P:35 SP:49 CYC: 28
0000  47        BRK                             A:66 X:47 Y:33 P:35 SP:46 CYC: 34
0000  47        BRK                             A:66 X:47 Y:33 P:35 SP:43 CYC: 40
0000  47        BRK                             A:66 X:47 Y:33 P:35 SP:40 CYC: 46
0000  47        BRK                             A:66 X:47 Y:33 P:35 SP:3D CYC: 52
0000  47        BRK                             A:66 X:47 Y:33 P:35 SP:3A CYC: 58
0000  47        BRK                             A:66 X:47 Y:33 P:35 SP:37 CYC: 64
0000  47        BRK                             A:66 X:47 Y:33 P:35 SP:34 CYC: 70
0000  47        BRK                             A:66 X:47 Y:33 P:35 SP:31 CYC: 76
0000  47        BRK                             A:66 X:47 Y:33 P:35 SP:2E CYC: 82
0000  47        BRK                             A:66 X:47 Y:33 P:35 SP:2B CYC: 88
0000  47        BRK                             A:66 X:47 Y:33 P:35 SP:28 CYC: 94
0000  47        BRK                             A:66 X:47 Y:33 P:35 SP:25 CYC:100
0000  47        BRK                             A:66 X:47 Y:33 P:35 SP:22 CYC:106
0000  47        BRK                             A:66 X:47 Y:33 P:35 SP:1F CYC:112
0000  47        BRK                             A:66 X:47 Y:33 P:35 SP:1C CYC:118
0000  47        BRK                             A:66 X:47 Y:33 P:35 SP:19 CYC:124
0000  47        BRK                             A:66 X:47 Y:33 P:35 SP:16 CYC:130
0000  47        BRK                             A:66 X:47 Y:33 P:35 SP:13 CYC:136
0000  47        BRK                             A:66 X:47 Y:33 P:35 SP:10 CYC:142
0000  47        BRK                             A:66 X:47 Y:33 P:35 SP:0D CYC:148
0000  47        BRK                             A:66 X:47 Y:33 P:35 SP:0A CYC:154
0000  47        BRK                             A:66 X:47 Y:33 P:35 SP:07 CYC:160
0000  47        BRK                             A:66 X:47 Y:33 P:35 SP:04 CYC:166
0000  47        BRK                             A:66 X:47 Y:33 P:35 SP:01 CYC:172
0000  47        BRK                             A:66 X:47 Y:33 P:35 SP:FE CYC:178
0000  47        BRK                             A:66 X:47 Y:33 P:35 SP:FB CYC:184
0000  47        BRK                             A:66 X:47 Y:33 P:35 SP:F8 CYC:190
0000  47        BRK                             A:66 X:47 Y:33 P:35 SP:F5 CYC:196
0000  47        BRK                             A:66 X:47 Y:33 P:35 SP:F2 CYC:202
0000  47        BRK                             A:66 X:47 Y:33 P:35 SP:EF CYC:208
0000  47        BRK                             A:66 X:47 Y:33 P:35 SP:EC CYC:214
0000  47        BRK                             A:66 X:47 Y:33 P:35 SP:E9 CYC:220
0000  47        BRK                             A:66 X:47 Y:33 P:35 SP:E6 CYC:226
0000  47        BRK                             A:66 X:47 Y:33 P:35 SP:E3 CYC:232
0000  47        BRK                             A:66 X:47 Y:33 P:35 SP:E0 CYC:238
0000  47        BRK                             A:66 X:47 Y:33 P:35 SP:DD CYC:244
0000  47        BRK                             A:66 X:47 Y:33 P:35 SP:DA CYC:250
0000  47        BRK                             A:66 X:47 Y:33 P:35 SP:D7 CYC:256
0000  47        BRK                             A:66 X:47 Y:33 P:35 SP:D4 CYC:262
0000  47        BRK                             A:66 X:47 Y:33 P:35 SP:D1 CYC:268
0000  47        BRK                             A:66 X:47 Y:33 P:35 SP:CE CYC:274
0000  47        BRK                             A:66 X:47 Y:33 P:35 SP:CB CYC:280
0000  47        BRK                             A:66 X:47 Y:33 P:35 SP:C8 CYC:286
0000  47        BRK                             A:66 X:47 Y:33 P:35 SP:C5 CYC:292
0000  47        BRK                             A:66 X:47 Y:33 P:35 SP:C2 CYC:298
0000  47        BRK                             A:66 X:47 Y:33 P:35 SP:BF CYC:304
0000  47        BRK                             A:66 X:47 Y:33 P:35 SP:BC CYC:310
0000  47        BRK                             A:66 X:47 Y:33 P:35 SP:B9 CYC:316
0000  47        BRK                             A:66 X:47 Y:33 P:35 SP:B6 CYC:322
0000  47        BRK                             A:66 X:47 Y:33 P:35 SP:B3 CYC:328
0000  47        BRK                             A:66 X:47 Y:33 P:35 SP:B0 CYC:334
0000  47        BRK                             A:66 X:47 Y:33 P:35 SP:AD CYC:340
0000  47        BRK                             A:66 X:47 Y:33 P:35 SP:AA CYC:  5
0000  47        BRK                             A:66 X:47 Y:33 P:35 SP:A7 CYC: 11
0000  47        BRK                             A:66 X:47 Y:33 P:35 SP:A4 CYC: 17
0000  47        BRK                             A:66 X:47 Y:33 P:35 SP:A1 CYC: 23
0000  47        BRK                             A:66 X:47 Y:33 P:35 SP:9E CYC: 29
0000  47        BRK                             A:66 X:47 Y:33 P:35 SP:9B CYC: 35
0000  47        BRK                             A:66 X:47 Y:33 P:35 SP:98 CYC: 41
0000  47        BRK                             A:66 X:47 Y:33 P:35 SP:95 CYC: 47
0000  47        BRK                             A:66 X:47 Y:33 P:35 SP:92 CYC: 53
0000  47        BRK                             A:66 X:47 Y:33 P:35 SP:8F CYC: 59
0000  47        BRK                             A:66 X:47 Y:33 P:35 SP:8C CYC: 65
0000  47        BRK                             A:66 X:47 Y:33 P:35 SP:89 CYC: 71
0000  47        BRK                             A:66 X:47 Y:33 P:35 SP:86 CYC: 77
0000  47        BRK                             A:66 X:47 Y:33 P:35 SP:83 CYC: 83
0000  47        BRK                             A:66 X:47 Y:33 P:35 SP:80 CYC: 89
0000  47        BRK                             A:66 X:47 Y:33 P:35 SP:7D CYC: 95
0000  47        BRK                             A:66 X:47 Y:33 P:35 SP:7A CYC:101
0000  47        BRK                             A:66 X:47 Y:33 P:35 SP:77 CYC:107
0000  47        BRK                             A:66 X:47 Y:33 P:35 SP:74 CYC:113
0000  47        BRK                             A:66 X:47 Y:33 P:35 SP:71 CYC:119
0000  47        BRK                             A:66 X:47 Y:33 P:35 SP:6E CYC:125
0000  47        BRK                             A:66 X:47 Y:33 P:35 SP:6B CYC:131
0000  47        BRK                             A:66 X:47 Y:33 P:35 SP:68 CYC:137
0000  47        BRK                             A:66 X:47 Y:33 P:35 SP:65 CYC:143
0000  47        BRK                             A:66 X:47 Y:33 P:35 SP:62 CYC:149
0000  47        BRK                             A:66 X:47 Y:33 P:35 SP:5F CYC:155
0000  47        BRK                             A:66 X:47 Y:33 P:35 SP:5C CYC:161
0000  47        BRK                             A:66 X:47 Y:33 P:35 SP:59 CYC:167
0000  47        BRK                             A:66 X:47 Y:33 P:35 SP:56 CYC:173
0000  47        BRK                             A:66 X:47 Y:33 P:35 SP:53 CYC:179
0000  47        BRK                             A:66 X:47 Y:33 P:35 SP:50 CYC:185
0000  47        BRK                             A:66 X:47 Y:33 P:35 SP:4D CYC:191
0000  47        BRK                             A:66 X:47 Y:33 P:35 SP:4A CYC:197
0000  47        BRK                             A:66 X:47 Y:33 P:35 SP:47 CYC:203
0000  47        BRK                             A:66 X:47 Y:33 P:35 SP:44 CYC:209
0000  47        BRK                             A:66 X:47 Y:33 P:35 SP:41 CYC:215
0000  47        BRK                             A:66 X:47 Y:33 P:35 SP:3E CYC:221
0000  47        BRK                             A:66 X:47 Y:33 P:35 SP:3B CYC:227
0000  47        BRK                             A:66 X:47 Y:33 P:35 SP:38 CYC:233
0000  47        BRK                             A:66 X:47 Y:33 P:35 SP:35 CYC:239
0000  47        BRK                             A:66 X:47 Y:33 P:35 SP:32 CYC:245
0000  47        BRK                             A:66 X:47 Y:33 P:35 SP:2F CYC:251
0000  47        BRK                             A:66 X:47 Y:33 P:35 SP:2C CYC:257
0000  47        BRK                             A:66 X:47 Y:33 P:35 SP:29 CYC:263
0000  47        BRK                             A:66 X:47 Y:33 P:35 SP:26 CYC:269
0000  47        BRK                             A:66 X:47 Y:33 P:35 SP:23 CYC:275
0000  47        BRK                             A:66 X:47 Y:33 P:35 SP:20 CYC:281
0000  47        BRK                             A:66 X:47 Y:33 P:35 SP:1D CYC:287
0000  47        BRK                             A:66 X:47 Y:33 P:35 SP:1A CYC:293
0000  47        BRK                             A:66 X:47 Y:33 P:35 SP:17 CYC:299
0000  47        BRK                             A:66 X:47 Y:33 P:35 SP:14 CYC:305
0000  47        BRK                             A:66 X:47 Y:33 P:35 SP:11 CYC:311
0000  47        BRK                             A:66 X:47 Y:33 P:35 SP:0E CYC:317
0000  47        BRK                             A:66 X:47 Y:33 P:35 SP:0B CYC:323
0000  47        BRK                             A:66 X:47 Y:33 P:35 SP:08 CYC:329
0000  47        BRK                             A:66 X:47 Y:33 P:35 SP:05 CYC:335
0000  47        BRK                             A:66 X:47 Y:33 P:35 SP:02 CYC:  0
0000  47        BRK                             A:66 X:47 Y:33 P:35 SP:FF CYC:  6
0000  47        BRK                             A:66 X:47 Y:33 P:35 SP:FC CYC: 12
0000  47        BRK                             A:66 X:47 Y:33 P:35 SP:F9 CYC: 18
0000  47        BRK                             A:66 X:47 Y:33 P:35 SP:F6 CYC: 24
0000  47        BRK                             A:66 X:47 Y:33 P:35 SP:F3 CYC: 30
0000  47        BRK                             A:66 X:47 Y:33 P:35 SP:F0 CYC: 36
0000  47        BRK                             A:66 X:47 Y:33 P:35 SP:ED CYC: 42
0000  47        BRK                             A:66 X:47 Y:33 P:35 SP:EA CYC: 48
0000  47        BRK                             A:66 X:47 Y:33 P:35 SP:E7 CYC: 54
0000  47        BRK                             A:66 X:47 Y:33 P:35 SP:E4 CYC: 60
0000  47        BRK                             A:66 X:47 Y:33 P:35 SP:E1 CYC: 66
0000  47        BRK                             A:66 X:47 Y:33 P:35 SP:DE CYC: 72
0000  47        BRK                             A:66 X:47 Y:33 P:35 SP:DB CYC: 78
0000  47        BRK                             A:66 X:47 Y:33 P:35 SP:D8 CYC: 84
0000  47        BRK                             A:66 X:47 Y:33 P:35 SP:D5 CYC: 90
0000  47        BRK                             A:66 X:47 Y:33 P:35 SP:D2 CYC: 96
0000  47        BRK                             A:66 X:47 Y:33 P:35 SP:CF CYC:102
0000  47        BRK                             A:66 X:47 Y:33 P:35 SP:CC CYC:108
0000  47        BRK                             A:66 X:47 Y:33 P:35 SP:C9 CYC:114
0000  47        BRK                             A:66 X:47 Y:33 P:35 SP:C6 CYC:120
0000  47        BRK                             A:66 X:47 Y:33 P:35 SP:C3 CYC:126
0000  47        BRK                             A:66 X:47 Y:33 P:35 SP:C0 CYC:132
0000  47        BRK                             A:66 X:47 Y:33 P:35 SP:BD CYC:138
0000  47        BRK                             A:66 X:47 Y:33 P:35 SP:BA CYC:144
0000  47        BRK                             A:66 X:47 Y:33 P:35 SP:B7 CYC:150
0000  47        BRK                             A:66 X:47 Y:33 P:35 SP:B4 CYC:156
0000  47        BRK                             A:66 X:47 Y:33 P:35 SP:B1 CYC:162
0000  47        BRK                             A:66 X:47 Y:33 P:35 SP:AE CYC:168
0000  47        BRK                             A:66 X:47 Y:33 P:35 SP:AB CYC:174
0000  47        BRK                             A:66 X:47 Y:33 P:35 SP:A8 CYC:180
0000  47        BRK                             A:66 X:47 Y:33 P:35 SP:A5 CYC:186
0000  47        BRK                             A:66 X:47 Y:33 P:35 SP:A2 CYC:192
0000  47        BRK                             A:66 X:47 Y:33 P:35 SP:9F CYC:198
0000  47        BRK                             A:66 X:47 Y:33 P:35 SP:9C CYC:204
0000  47        BRK                             A:66 X:47 Y:33 P:35 SP:99 CYC:210
0000  47        BRK                             A:66 X:47 Y:33 P:35 SP:96 CYC:216
0000  47        BRK                             A:66 X:47 Y:33 P:35 SP:93 CYC:222
0000  47        BRK                             A:66 X:47 Y:33 P:35 SP:90 CYC:228
0000  47        BRK                             A:66 X:47 Y:33 P:35 SP:8D CYC:234
0000  47        BRK                             A:66 X:47 Y:33 P:35 SP:8A CYC:240
0000  47        BRK                             A:66 X:47 Y:33 P:35 SP:87 CYC:246
0000  47        BRK                             A:66 X:47 Y:33 P:35 SP:84 CYC:252
0000  47        BRK                             A:66 X:47 Y:33 P:35 SP:81 CYC:258
0000  47        BRK                             A:66 X:47 Y:33 P:35 SP:7E CYC:264
0000  47        BRK                             A:66 X:47 Y:33 P:35 SP:7B CYC:270
0000  47        BRK                             A:66 X:47 Y:33 P:35 SP:78 CYC:276
0000  47        BRK                             A:66 X:47 Y:33 P:35 SP:75 CYC:282
0000  47        BRK                             A:66 X:47 Y:33 P:35 SP:72 CYC:288
0000  47        BRK                             A:66 X:47 Y:33 P:35 SP:6F CYC:294
0000  47        BRK                             A:66 X:47 Y:33 P:35 SP:6C CYC:300
0000  47        BRK                             A:66 X:47 Y:33 P:35 SP:69 CYC:306
0000  47        BRK                             A:66 X:47 Y:33 P:35 SP:66 CYC:312
0000  47        BRK                             A:66 X:47 Y:33 P:35 SP:63 CYC:318
0000  47        BRK                             A:66 X:47 Y:33 P:35 SP:60 CYC:324
0000  47        BRK                             A:66 X:47 Y:33 P:35 SP:5D CYC:330
0000  47        BRK                             A:66 X:47 Y:33 P:35 SP:5A CYC:336
0000  47        BRK                             A:66 X:47 Y:33 P:35 SP:57 CYC:  1
0000  47        BRK                             A:66 X:47 Y:33 P:35 SP:54 CYC:  7
0000  47        BRK                             A:66 X:47 Y:33 P:35 SP:51 CYC: 13
0000  47        BRK                             A:66 X:47 Y:33 P:35 SP:4E CYC: 19
0000  47        BRK                             A:66 X:47 Y:33 P:35 SP:4B CYC: 25
0000  47        BRK                             A:66 X:47 Y:33 P:35 SP:48 CYC: 31
0000  47        BRK                             A:66 X:47 Y:33 P:35 SP:45 CYC: 37
0000  47        BRK                             A:66 X:47 Y:33 P:35 SP:42 CYC: 43
0000  47        BRK                             A:66 X:47 Y:33 P:35 SP:3F CYC: 49
0000  47        BRK                             A:66 X:47 Y:33 P:35 SP:3C CYC: 55
0000  47        BRK                             A:66 X:47 Y:33 P:35 SP:39 CYC: 61
0000  47        BRK                             A:66 X:47 Y:33 P:35 SP:36 CYC: 67
0000  47        BRK                             A:66 X:47 Y:33 P:35 SP:33 CYC: 73
0000  47        BRK                             A:66 X:47 Y:33 P:35 SP:30 CYC: 79
0000  47        BRK                             A:66 X:47 Y:33 P:35 SP:2D CYC: 85
0000  47        BRK                             A:66 X:47 Y:33 P:35 SP:2A CYC: 91
0000  47        BRK                             A:66 X:47 Y:33 P:35 SP:27 CYC: 97
0000  47        BRK                             A:66 X:47 Y:33 P:35 SP:24 CYC:103
0000  47        BRK                             A:66 X:47 Y:33 P:35 SP:21 CYC:109
0000  47        BRK                             A:66 X:47 Y:33 P:35 SP:1E CYC:115
0000  47        BRK                             A:66 X:47 Y:33 P:35 SP:1B CYC:121
0000  47        BRK                             A:66 X:47 Y:33 P:35 SP:18 CYC:127
0000  47        BRK                             A:66 X:47 Y:33 P:35 SP:15 CYC:133
0000  47        BRK                             A:66 X:47 Y:33 P:35 SP:12 CYC:139
0000  47        BRK                             A:66 X:47 Y:33 P:35 SP:0F CYC:145
0000  47        BRK                             A:66 X:47 Y:33 P:35 SP:0C CYC:151
0000  47        BRK                             A:66 X:47 Y:33 P:35 SP:09 CYC:157
0000  47        BRK                             A:66 X:47 Y:33 P:35 SP:06 CYC:163
0000  47        BRK                             A:66 X:47 Y:33 P:35 SP:03 CYC:169
0000  47        BRK                             A:66 X:47 Y:33 P:35 SP:00 CYC:175
0000  47        BRK                             A:66 X:47 Y:33 P:35 SP:FD CYC:181
0000  47        BRK                             A:66 X:47 Y:33 P:35 SP:FA CYC:187
0000  47        BRK                             A:66 X:47 Y:33 P:35 SP:F7 CYC:193
0000  47        BRK                             A:66 X:47 Y:33 P:35 SP:F4 CYC:199
0000  47        BRK                             A:66 X:47 Y:33 P:35 SP:F1 CYC:205
0000  47        BRK                             A:66 X:47 Y:33 P:35 SP:EE CYC:211
0000  47        BRK                             A:66 X:47 Y:33 P:35 SP:EB CYC:217
0000  47        BRK                             A:66 X:47 Y:33 P:35 SP:E8 CYC:223
0000  47        BRK                             A:66 X:47 Y:33 P:35 SP:E5 CYC:229
0000  47        BRK                             A:66 X:47 Y:33 P:35 SP:E2 CYC:235
0000  47        BRK                             A:66 X:47 Y:33 P:35 SP:DF CYC:241
0000  47        BRK                             A:66 X:47 Y:33 P:35 SP:DC CYC:247
0000  47        BRK                             A:66 X:47 Y:33 P:35 SP:D9 CYC:253
0000  47        BRK                             A:66 X:47 Y:33 P:35 SP:D6 CYC:259
0000  47        BRK                             A:66 X:47 Y:33 P:35 SP:D3 CYC:265
0000  47        BRK                             A:66 X:47 Y:33 P:35 SP:D0 CYC:271
0000  47        BRK                             A:66 X:47 Y:33 P:35 SP:CD CYC:277
0000  47        BRK                             A:66 X:47 Y:33 P:35 SP:CA CYC:283
0000  47        BRK                             A:66 X:47 Y:33 P:35 SP:C7 CYC:289
0000  47        BRK                             A:66 X:47 Y:33 P:35 SP:C4 CYC:295
0000  47        BRK                             A:66 X:47 Y:33 P:35 SP:C1 CYC:301
0000  47        BRK                             A:66 X:47 Y:33 P:35 SP:BE CYC:307
0000  47        BRK                             A:66 X:47 Y:33 P:35 SP:BB CYC:313
0000  47        BRK                             A:66 X:47 Y:33 P:35 SP:B8 CYC:319
0000  47        BRK                             A:66 X:47 Y:33 P:35 SP:B5 CYC:325
0000  47        BRK                             A:66 X:47 Y:33 P:35 SP:B2 CYC:331
0000  47        BRK                             A:66 X:47 Y:33 P:35 SP:AF CYC:337
0000  47        BRK                             A:66 X:47 Y:33 P:35 SP:AC CYC:  2
0000  47        BRK                             A:66 X:47 Y:33 P:35 SP:A9 CYC:  8
0000  47        BRK                             A:66 X:47 Y:33 P:35 SP:A6 CYC: 14
0000  47        BRK                             A:66 X:47 Y:33 P:35 SP:A3 CYC: 20
0000  47        BRK                             A:66 X:47 Y:33 P:35 SP:A0 CYC: 26
0000  47        BRK                             A:66 X:47 Y:33 P:35 SP:9D CYC: 32
0000  47        BRK                             A:66 X:47 Y:33 P:35 SP:9A CYC: 38
0000  47        BRK                             A:66 X:47 Y:33 P:35 SP:97 CYC: 44
0000  47        BRK                             A:66 X:47 Y:33 P:35 SP:94 CYC: 50
0000  47        BRK                             A:66 X:47 Y:33 P:35 SP:91 CYC: 56
0000  47        BRK                             A:66 X:47 Y:33 P:35 SP:8E CYC: 62
0000  47        BRK                             A:66 X:47 Y:33 P:35 SP:8B CYC: 68
0000  47        BRK                             A:66 X:47 Y:33 P:35 SP:88 CYC: 74
0000  47        BRK                             A:66 X:47 Y:33 P:35 SP:85 CYC: 80
0000  47        BRK                             A:66 X:47 Y:33 P:35 SP:82 CYC: 86
0000  47        BRK                             A:66 X:47 Y:33 P:35 SP:7F CYC: 92
0000  47        BRK                             A:66 X:47 Y:33 P:35 SP:7C CYC: 98
0000  47        BRK                             A:66 X:47 Y:33 P:35 SP:79 CYC:104
0000  47        BRK                             A:66 X:47 Y:33 P:35 SP:76 CYC:110
0000  47        BRK                             A:66 X:47 Y:33 P:35 SP:73 CYC:116
0000  47        BRK                             A:66 X:47 Y:33 P:35 SP:70 CYC:122
0000  47        BRK                             A:66 X:47 Y:33 P:35 SP:6D CYC:128
0000  47        BRK                             A:66 X:47 Y:33 P:35 SP:6A CYC:134
0000  47        BRK                             A:66 X:47 Y:33 P:35 SP:67 CYC:140
0000  47        BRK                             A:66 X:47 Y:33 P:35 SP:64 CYC:146
0000  47        BRK                             A:66 X:47 Y:33 P:35 SP:61 CYC:152
0000  47        BRK                             A:66 X:47 Y:33 P:35 SP:5E CYC:158
0000  47        BRK                             A:66 X:47 Y:33 P:35 SP:5B CYC:164
0000  47        BRK                             A:66 X:47 Y:33 P:35 SP:58 CYC:170
0000  47        BRK                             A:66 X:47 Y:33 P:35 SP:55 CYC:176
0000  47        BRK                             A:66 X:47 Y:33 P:35 SP:52 CYC:182
0000  47        BRK                             A:66 X:47 Y:33 P:35 SP:4F CYC:188
0000  47        BRK                             A:66 X:47 Y:33 P:35 SP:4C CYC:194
0000  47        BRK                             A:66 X:47 Y:33 P:35 SP:49 CYC:200
0000  47        BRK                             A:66 X:47 Y:33 P:35 SP:46 CYC:206
0000  47        BRK                             A:66 X:47 Y:33 P:35 SP:43 CYC:212
0000  47        BRK                             A:66 X:47 Y:33 P:35 SP:40 CYC:218
0000  47        BRK                             A:66 X:47 Y:33 P:35 SP:3D CYC:224
0000  47        BRK                             A:66 X:47 Y:33 P:35 SP:3A CYC:230
0000  47        BRK                             A:66 X:47 Y:33 P:35 SP:37 CYC:236
0000  47        BRK                             A:66 X:47 Y:33 P:35 SP:34 CYC:242
0000  47        BRK                             A:66 X:47 Y:33 P:35 SP:31 CYC:248
0000  47        BRK                             A:66 X:47 Y:33 P:35 SP:2E CYC:254
0000  47        BRK                             A:66 X:47 Y:33 P:35 SP:2B CYC:260
0000  47        BRK                             A:66 X:47 Y:33 P:35 SP:28 CYC:266
0000  47        BRK                             A:66 X:47 Y:33 P:35 SP:25 CYC:272
0000  47        BRK                             A:66 X:47 Y:33 P:35 SP:22 CYC:278
0000  47        BRK                             A:66 X:47 Y:33 P:35 SP:1F CYC:284
0000  47        BRK                             A:66 X:47 Y:33 P:35 SP:1C CYC:290
0000  47        BRK                             A:66 X:47 Y:33 P:35 SP:19 CYC:296
0000  47        BRK                             A:66 X:47 Y:33 P:35 SP:16 CYC:302
0000  47        BRK                             A:66 X:47 Y:33 P:35 SP:13 CYC:308
0000  47        BRK                             A:66 X:47 Y:33 P:35 SP:10 CYC:314
0000  47        BRK                             A:66 X:47 Y:33 P:35 SP:0D CYC:320
0000  47        BRK                             A:66 X:47 Y:33 P:35 SP:0A CYC:326
0000  47        BRK                             A:66 X:47 Y:33 P:35 SP:07 CYC:332
0000  47        BRK                             A:66 X:47 Y:33 P:35 SP:04 CYC:338
0000  47        BRK                             A:66 X:47 Y:33 P:35 SP:01 CYC:  3
0000  47        BRK                             A:66 X:47 Y:33 P:35 SP:FE CYC:  9
0000  47        BRK                             A:66 X:47 Y:33 P:35 SP:FB CYC: 15
0000  47        BRK                             A:66 X:47 Y:33 P:35 SP:F8 CYC: 21
0000  47        BRK                             A:66 X:47 Y:33 P:35 SP:F5 CYC: 27
0000  47        BRK                             A:66 X:47 Y:33 P:35 SP:F2 CYC: 33
0000  47        BRK                             A:66 X:47 Y:33 P:35 SP:EF CYC: 39
0000  47        BRK                             A:66 X:47 Y:33 P:35 SP:EC CYC: 45
0000  47        BRK                             A:66 X:47 Y:33 P:35 SP:E9 CYC: 51
0000  47        BRK                             A:66 X:47 Y:33 P:35 SP:E6 CYC: 57
0000  47        BRK                             A:66 X:47 Y:33 P:35 SP:E3 CYC: 63
0000  47        BRK                             A:66 X:47 Y:33 P:35 SP:E0 CYC: 69
0000  47        BRK                             A:66 X:47 Y:33 P:35 SP:DD CYC: 75
0000  47        BRK                             A:66 X:47 Y:33 P:35 SP:DA CYC: 81
0000  47        BRK                             A:66 X:47 Y:33 P:35 SP:D7 CYC: 87
0000  47        BRK                             A:66 X:47 Y:33 P:35 SP:D4 CYC: 93
0000  47        BRK                             A:66 X:47 Y:33 P:35 SP:D1 CYC: 99
0000  47        BRK                             A:66 X:47 Y:33 P:35 SP:CE CYC:105
0000  47        BRK                             A:66 X:47 Y:33 P:35 SP:CB CYC:111
0000  47        BRK                             A:66 X:47 Y:33 P:35 SP:C8 CYC:117
0000  47        BRK                             A:66 X:47 Y:33 P:35 SP:C5 CYC:123
0000  47        BRK                             A:66 X:47 Y:33 P:35 SP:C2 CYC:129
0000  47        BRK                             A:66 X:47 Y:33 P:35 SP:BF CYC:135
0000  47        BRK                             A:66 X:47 Y:33 P:35 SP:BC CYC:141
0000  47        BRK                             A:66 X:47 Y:33 P:35 SP:B9 CYC:147
0000  47        BRK                             A:66 X:47 Y:33 P:35 SP:B6 CYC:153
0000  47        BRK                             A:66 X:47 Y:33 P:35 SP:B3 CYC:159
0000  47        BRK                             A:66 X:47 Y:33 P:35 SP:B0 CYC:165
0000  47        BRK                             A:66 X:47 Y:33 P:35 SP:AD CYC:171
0000  47        BRK                             A:66 X:47 Y:33 P:35 SP:AA CYC:177
0000  47        BRK                             A:66 X:47 Y:33 P:35 SP:A7 CYC:183
0000  47        BRK                             A:66 X:47 Y:33 P:35 SP:A4 CYC:189
0000  47        BRK                             A:66 X:47 Y:33 P:35 SP:A1 CYC:195
0000  47        BRK                             A:66 X:47 Y:33 P:35 SP:9E CYC:201
0000  47        BRK                             A:66 X:47 Y:33 P:35 SP:9B CYC:207
0000  47        BRK                             A:66 X:47 Y:33 P:35 SP:98 CYC:213
0000  47        BRK                             A:66 X:47 Y:33 P:35 SP:95 CYC:219
0000  47        BRK                             A:66 X:47 Y:33 P:35 SP:92 CYC:225
0000  47        BRK                             A:66 X:47 Y:33 P:35 SP:8F CYC:231
0000  47        BRK                             A:66 X:47 Y:33 P:35 SP:8C CYC:237
0000  47        BRK                             A:66 X:47 Y:33 P:35 SP:89 CYC:243
0000  47        BRK                             A:66 X:47 Y:33 P:35 SP:86 CYC:249
0000  47        BRK                             A:66 X:47 Y:33 P:35 SP:83 CYC:255
0000  47        BRK                             A:66 X:47 Y:33 P:35 SP:80 CYC:261
0000  47        BRK                             A:66 X:47 Y:33 P:35 SP:7D CYC:267
0000  47        BRK                             A:66 X:47 Y:33 P:35 SP:7A CYC:273
0000  47        BRK                             A:66 X:47 Y:33 P:35 SP:77 CYC:279
0000  47        BRK                             A:66 X:47 Y:33 P:35 SP:74 CYC:285
0000  47        BRK                             A:66 X:47 Y:33 P:35 SP:71 CYC:291
0000  47        BRK                             A:66 X:47 Y:33 P:35 SP:6E CYC:297
0000  47        BRK                             A:66 X:47 Y:33 P:35 SP:6B CYC:303
0000  47        BRK                             A:66 X:47 Y:33 P:35 SP:68 CYC:309
0000  47        BRK                             A:66 X:47 Y:33 P:35 SP:65 CYC:315
0000  47        BRK                             A:66 X:47 Y:33 P:35 SP:62 CYC:321
0000  47        BRK                             A:66 X:47 Y:33 P:35 SP:5F CYC:327
0000  47        BRK                             A:66 X:47 Y:33 P:35 SP:5C CYC:333
0000  47        BRK                             A:66 X:47 Y:33 P:35 SP:59 CYC:339
0000  47        BRK                             A:66 X:47 Y:33 P:35 SP:56 CYC:  4
0000  47        BRK                             A:66 X:47 Y:33 P:35 SP:53 CYC: 10
0000  47        BRK                             A:66 X:47 Y:33 P:35 SP:50 CYC: 16
0000  47        BRK                             A:66 X:47 Y:33 P:35 SP:4D CYC: 22
0000  47        BRK                             A:66 X:47 Y:33 P:35 SP:4A CYC: 28
0000  47        BRK                             A:66 X:47 Y:33 P:35 SP:47 CYC: 34
0000  47        BRK                             A:66 X:47 Y:33 P:35 SP:44 CYC: 40
0000  47        BRK                             A:66 X:47 Y:33 P:35 SP:41 CYC: 46
0000  47        BRK                             A:66 X:47 Y:33 P:35 SP:3E CYC: 52
0000  47        BRK                             A:66 X:47 Y:33 P:35 SP:3B CYC: 58
0000  47        BRK                             A:66 X:47 Y:33 P:35 SP:38 CYC: 64
0000  47        BRK                             A:66 X:47 Y:33 P:35 SP:35 CYC: 70
0000  47        BRK                             A:66 X:47 Y:33 P:35 SP:32 CYC: 76
0000  47        BRK                             A:66 X:47 Y:33 P:35 SP:2F CYC: 82
0000  47        BRK                             A:66 X:47 Y:33 P:35 SP:2C CYC: 88
0000  47        BRK                             A:66 X:47 Y:33 P:35 SP:29 CYC: 94
0000  47        BRK                             A:66 X:47 Y:33 P:35 SP:26 CYC:100
0000  47        BRK                             A:66 X:47 Y:33 P:35 SP:23 CYC:106
0000  47        BRK                             A:66 X:47 Y:33 P:35 SP:20 CYC:112
0000  47        BRK                             A:66 X:47 Y:33 P:35 SP:1D CYC:118
0000  47        BRK                             A:66 X:47 Y:33 P:35 SP:1A CYC:124
0000  47        BRK                             A:66 X:47 Y:33 P:35 SP:17 CYC:130
0000  47        BRK                             A:66 X:47 Y:33 P:35 SP:14 CYC:136
0000  47        BRK                             A:66 X:47 Y:33 P:35 SP:11 CYC:142
0000  47        BRK                             A:66 X:47 Y:33 P:35 SP:0E CYC:148
0000  47        BRK                             A:66 X:47 Y:33 P:35 SP:0B CYC:154
0000  47        BRK                             A:66 X:47 Y:33 P:35 SP:08 CYC:160
0000  47        BRK                             A:66 X:47 Y:33 P:35 SP:05 CYC:166
0000  47        BRK                             A:66 X:47 Y:33 P:35 SP:02 CYC:172
0000  47        BRK                             A:66 X:47 Y:33 P:35 SP:FF CYC:178
0000  47        BRK                             A:66 X:47 Y:33 P:35 SP:FC CYC:184
0000  47        BRK                             A:66 X:47 Y:33 P:35 SP:F9 CYC:190
0000  47        BRK                             A:66 X:47 Y:33 P:35 SP:F6 CYC:196
0000  47        BRK                             A:66 X:47 Y:33 P:35 SP:F3 CYC:202
0000  47        BRK                             A:66 X:47 Y:33 P:35 SP:F0 CYC:208
0000  47        BRK                             A:66 X:47 Y:33 P:35 SP:ED CYC:214
0000  47        BRK                             A:66 X:47 Y:33 P:35 SP:EA CYC:220
0000  47        BRK                             A:66 X:47 Y:33 P:35 SP:E7 CYC:226
0000  47        BRK                             A:66 X:47 Y:33 P:35 SP:E4 CYC:232
0000  47        BRK                             A:66 X:47 Y:33 P:35 SP:E1 CYC:238
0000  47        BRK                             A:66 X:47 Y:33 P:35 SP:DE CYC:244
0000  47        BRK                             A:66 X:47 Y:33 P:35 SP:DB CYC:250
0000  47        BRK                             A:66 X:47 Y:33 P:35 SP:D8 CYC:256
0000  47        BRK                             A:66 X:47 Y:33 P:35 SP:D5 CYC:262
0000  47        BRK                             A:66 X:47 Y:33 P:35 SP:D2 CYC:268
0000  47        BRK                             A:66 X:47 Y:33 P:35 SP:CF CYC:274
0000  47        BRK                             A:66 X:47 Y:33 P:35 SP:CC CYC:280
0000  47        BRK                             A:66 X:47 Y:33 P:35 SP:C9 CYC:286
0000  47        BRK                             A:66 X:47 Y:33 P:35 SP:C6 CYC:292
0000  47        BRK                             A:66 X:47 Y:33 P:35 SP:C3 CYC:298
0000  47        BRK                             A:66 X:47 Y:33 P:35 SP:C0 CYC:304
0000  47        BRK                             A:66 X:47 Y:33 P:35 SP:BD CYC:310
0000  47        BRK                             A:66 X:47 Y:33 P:35 SP:BA CYC:316
0000  47        BRK                             A:66 X:47 Y:33 P:35 SP:B7 CYC:322
0000  47        BRK                             A:66 X:47 Y:33 P:35 SP:B4 CYC:328
0000  47        BRK                             A:66 X:47 Y:33 P:35 SP:B1 CYC:334
0000  47        BRK                             A:66 X:47 Y:33 P:35 SP:AE CYC:340
0000  47        BRK                             A:66 X:47 Y:33 P:35 SP:AB CYC:  5
0000  47        BRK                             A:66 X:47 Y:33 P:35 SP:A8 CYC: 11
0000  47        BRK                             A:66 X:47 Y:33 P:35 SP:A5 CYC: 17
0000  47        BRK                             A:66 X:47 Y:33 P:35 SP:A2 CYC: 23
0000  47        BRK                             A:66 X:47 Y:33 P:35 SP:9F CYC: 29
0000  47        BRK                             A:66 X:47 Y:33 P:35 SP:9C CYC: 35
0000  47        BRK                             A:66 X:47 Y:33 P:35 SP:99 CYC: 41
0000  47        BRK                             A:66 X:47 Y:33 P:35 SP:96 CYC: 47
0000  47        BRK                             A:66 X:47 Y:33 P:35 SP:93 CYC: 53
0000  47        BRK                             A:66 X:47 Y:33 P:35 SP:90 CYC: 59
0000  47        BRK                             A:66 X:47 Y:33 P:35 SP:8D CYC: 65
0000  47        BRK                             A:66 X:47 Y:33 P:35 SP:8A CYC: 71
0000  47        BRK                             A:66 X:47 Y:33 P:35 SP:87 CYC: 77
0000  47        BRK                             A:66 X:47 Y:33 P:35 SP:84 CYC: 83
0000  47        BRK                             A:66 X:47 Y:33 P:35 SP:81 CYC: 89
0000  47        BRK                             A:66 X:47 Y:33 P:35 SP:7E CYC: 95
0000  47        BRK                             A:66 X:47 Y:33 P:35 SP:7B CYC:101
0000  47        BRK                             A:66 X:47 Y:33 P:35 SP:78 CYC:107
0000  47        BRK                             A:66 X:47 Y:33 P:35 SP:75 CYC:113
0000  47        BRK                             A:66 X:47 Y:33 P:35 SP:72 CYC:119
0000  47        BRK                             A:66 X:47 Y:33 P:35 SP:6F CYC:125
0000  47        BRK                             A:66 X:47 Y:33 P:35 SP:6C CYC:131
0000  47        BRK                             A:66 X:47 Y:33 P:35 SP:69 CYC:137
0000  47        BRK                             A:66 X:47 Y:33 P:35 SP:66 CYC:143
0000  47        BRK                             A:66 X:47 Y:33 P:35 SP:63 CYC:149
0000  47        BRK                             A:66 X:47 Y:33 P:35 SP:60 CYC:155
0000  47        BRK                             A:66 X:47 Y:33 P:35 SP:5D CYC:161
0000  47        BRK                             A:66 X:47 Y:33 P:35 SP:5A CYC:167
0000  47        BRK                             A:66 X:47 Y:33 P:35 SP:57 CYC:173
0000  47        BRK                             A:66 X:47 Y:33 P:35 SP:54 CYC:179
0000  47        BRK                             A:66 X:47 Y:33 P:35 SP:51 CYC:185
0000  47        BRK                             A:66 X:47 Y:33 P:35 SP:4E CYC:191
0000  47        BRK                             A:66 X:47 Y:33 P:35 SP:4B CYC:197
0000  47        BRK                             A:66 X:47 Y:33 P:35 SP:48 CYC:203
0000  47        BRK                             A:66 X:47 Y:33 P:35 SP:45 CYC:209
0000  47        BRK                             A:66 X:47 Y:33 P:35 SP:42 CYC:215
0000  47        BRK                             A:66 X:47 Y:33 P:35 SP:3F CYC:221
0000  47        BRK                             A:66 X:47 Y:33 P:35 SP:3C CYC:227
0000  47        BRK                             A:66 X:47 Y:33 P:35 SP:39 CYC:233
0000  47        BRK                             A:66 X:47 Y:33 P:35 SP:36 CYC:239
0000  47        BRK                             A:66 X:47 Y:33 P:35 SP:33 CYC:245
0000  47        BRK                             A:66 X:47 Y:33 P:35 SP:30 CYC:251
0000  47        BRK                             A:66 X:47 Y:33 P:35 SP:2D CYC:257
0000  47        BRK                             A:66 X:47 Y:33 P:35 SP:2A CYC:263
0000  47        BRK                             A:66 X:47 Y:33 P:35 SP:27 CYC:269
0000  47        BRK                             A:66 X:47 Y:33 P:35 SP:24 CYC:275
0000  47        BRK                             A:66 X:47 Y:33 P:35 SP:21 CYC:281
0000  47        BRK                             A:66 X:47 Y:33 P:35 SP:1E CYC:287
0000  47        BRK                             A:66 X:47 Y:33 P:35 SP:1B CYC:293
0000  47        BRK                             A:66 X:47 Y:33 P:35 SP:18 CYC:299
0000  47        BRK                             A:66 X:47 Y:33 P:35 SP:15 CYC:305
0000  47        BRK                             A:66 X:47 Y:33 P:35 SP:12 CYC:311
0000  47        BRK                             A:66 X:47 Y:33 P:35 SP:0F CYC:317
0000  47        BRK                             A:66 X:47 Y:33 P:35 SP:0C CYC:323
0000  47        BRK                             A:66 X:47 Y:33 P:35 SP:09 CYC:329
0000  47        BRK                             A:66 X:47 Y:33 P:35 SP:06 CYC:335
0000  47        BRK                             A:66 X:47 Y:33 P:35 SP:03 CYC:  0
0000  47        BRK                             A:66 X:47 Y:33 P:35 SP:00 CYC:  6
0000  47        BRK                             A:66 X:47 Y:33 P:35 SP:FD CYC: 12
0000  47        BRK                             A:66 X:47 Y:33 P:35 SP:FA CYC: 18
0000  47        BRK                             A:66 X:47 Y:33 P:35 SP:F7 CYC: 24
0000  47        BRK                             A:66 X:47 Y:33 P:35 SP:F4 CYC: 30
0000  47        BRK                             A:66 X:47 Y:33 P:35 SP:F1 CYC: 36
0000  47        BRK                             A:66 X:47 Y:33 P:35 SP:EE CYC: 42
0000  47        BRK                             A:66 X:47 Y:33 P:35 SP:EB CYC: 48
0000  47        BRK                             A:66 X:47 Y:33 P:35 SP:E8 CYC: 54
0000  47        BRK                             A:66 X:47 Y:33 P:35 SP:E5 CYC: 60
0000  47        BRK                             A:66 X:47 Y:33 P:35 SP:E2 CYC: 66
0000  47        BRK                             A:66 X:47 Y:33 P:35 SP:DF CYC: 72
0000  47        BRK                             A:66 X:47 Y:33 P:35 SP:DC CYC: 78
0000  47        BRK                             A:66 X:47 Y:33 P:35 SP:D9 CYC: 84
0000  47        BRK                             A:66 X:47 Y:33 P:35 SP:D6 CYC: 90
0000  47        BRK                             A:66 X:47 Y:33 P:35 SP:D3 CYC: 96
0000  47        BRK                             A:66 X:47 Y:33 P:35 SP:D0 CYC:102
0000  47        BRK                             A:66 X:47 Y:33 P:35 SP:CD CYC:108
0000  47        BRK                             A:66 X:47 Y:33 P:35 SP:CA CYC:114
0000  47        BRK                             A:66 X:47 Y:33 P:35 SP:C7 CYC:120
0000  47        BRK                             A:66 X:47 Y:33 P:35 SP:C4 CYC:126
0000  47        BRK                             A:66 X:47 Y:33 P:35 SP:C1 CYC:132
0000  47        BRK                             A:66 X:47 Y:33 P:35 SP:BE CYC:138
0000  47        BRK                             A:66 X:47 Y:33 P:35 SP:BB CYC:144
0000  47        BRK                             A:66 X:47 Y:33 P:35 SP:B8 CYC:150
0000  47        BRK                             A:66 X:47 Y:33 P:35 SP:B5 CYC:156
0000  47        BRK                             A:66 X:47 Y:33 P:35 SP:B2 CYC:162
0000  47        BRK                             A:66 X:47 Y:33 P:35 SP:AF CYC:168
0000  47        BRK                             A:66 X:47 Y:33 P:35 SP:AC CYC:174
0000  47        BRK                             A:66 X:47 Y:33 P:35 SP:A9 CYC:180
0000  47        BRK                             A:66 X:47 Y:33 P:35 SP:A6 CYC:186
0000  47        BRK                             A:66 X:47 Y:33 P:35 SP:A3 CYC:192
0000  47        BRK                             A:66 X:47 Y:33 P:35 SP:A0 CYC:198
0000  47        BRK                             A:66 X:47 Y:33 P:35 SP:9D CYC:204
0000  47        BRK                             A:66 X:47 Y:33 P:35 SP:9A CYC:210
0000  47        BRK                             A:66 X:47 Y:33 P:35 SP:97 CYC:216
0000  47        BRK                             A:66 X:47 Y:33 P:35 SP:94 CYC:222
0000  47        BRK                             A:66 X:47 Y:33 P:35 SP:91 CYC:228
0000  47        BRK                             A:66 X:47 Y:33 P:35 SP:8E CYC:234
0000  47        BRK                             A:66 X:47 Y:33 P:35 SP:8B CYC:240
0000  47        BRK                             A:66 X:47 Y:33 P:35 SP:88 CYC:246
0000  47        BRK                             A:66 X:47 Y:33 P:35 SP:85 CYC:252
0000  47        BRK                             A:66 X:47 Y:33 P:35 SP:82 CYC:258
0000  47        BRK                             A:66 X:47 Y:33 P:35 SP:7F CYC:264
0000  47        BRK                             A:66 X:47 Y:33 P:35 SP:7C CYC:270
0000  47        BRK                             A:66 X:47 Y:33 P:35 SP:79 CYC:276
0000  47        BRK                             A:66 X:47 Y:33 P:35 SP:76 CYC:282
0000  47        BRK                             A:66 X:47 Y:33 P:35 SP:73 CYC:288
0000  47        BRK                             A:66 X:47 Y:33 P:35 SP:70 CYC:294
0000  47        BRK                             A:66 X:47 Y:33 P:35 SP:6D CYC:300
0000  47        BRK                             A:66 X:47 Y:33 P:35 SP:6A CYC:306
0000  47        BRK                             A:66 X:47 Y:33 P:35 SP:67 CYC:312
0000  47        BRK                             A:66 X:47 Y:33 P:35 SP:64 CYC:318
0000  47        BRK                             A:66 X:47 Y:33 P:35 SP:61 CYC:324
0000  47        BRK                             A:66 X:47 Y:33 P:35 SP:5E CYC:330
0000  47        BRK                             A:66 X:47 Y:33 P:35 SP:5B CYC:336
0000  47        BRK                             A:66 X:47 Y:33 P:35 SP:58 CYC:  1
0000  47        BRK                             A:66 X:47 Y:33 P:35 SP:55 CYC:  7
0000  47        BRK                             A:66 X:47 Y:33 P:35 SP:52 CYC: 13
0000  47        BRK                             A:66 X:47 Y:33 P:35 SP:4F CYC: 19
0000  47        BRK                             A:66 X:47 Y:33 P:35 SP:4C CYC: 25
0000  47        BRK                             A:66 X:47 Y:33 P:35 SP:49 CYC: 31
0000  47        BRK                             A:66 X:47 Y:33 P:35 SP:46 CYC: 37
0000  47        BRK                             A:66 X:47 Y:33 P:35 SP:43 CYC: 43
0000  47        BRK                             A:66 X:47 Y:33 P:35 SP:40 CYC: 49
0000  47        BRK                             A:66 X:47 Y:33 P:35 SP:3D CYC: 55
0000  47        BRK                             A:66 X:47 Y:33 P:35 SP:3A CYC: 61
0000  47        BRK                             A:66 X:47 Y:33 P:35 SP:37 CYC: 67
0000  47        BRK                             A:66 X:47 Y:33 P:35 SP:34 CYC: 73
0000  47        BRK                             A:66 X:47 Y:33 P:35 SP:31 CYC: 79
0000  47        BRK                             A:66 X:47 Y:33 P:35 SP:2E CYC: 85
0000  47        BRK                             A:66 X:47 Y:33 P:35 SP:2B CYC: 91
0000  47        BRK                             A:66 X:47 Y:33 P:35 SP:28 CYC: 97
0000  47        BRK                             A:66 X:47 Y:33 P:35 SP:25 CYC:103
0000  47        BRK                             A:66 X:47 Y:33 P:35 SP:22 CYC:109
0000  47        BRK                             A:66 X:47 Y:33 P:35 SP:1F CYC:115
0000  47        BRK                             A:66 X:47 Y:33 P:35 SP:1C CYC:121
0000  47        BRK                             A:66 X:47 Y:33 P:35 SP:19 CYC:127
0000  47        BRK                             A:66 X:47 Y:33 P:35 SP:16 CYC:133
0000  47        BRK                             A:66 X:47 Y:33 P:35 SP:13 CYC:139
0000  47        BRK                             A:66 X:47 Y:33 P:35 SP:10 CYC:145
0000  47        BRK                             A:66 X:47 Y:33 P:35 SP:0D CYC:151
0000  47        BRK                             A:66 X:47 Y:33 P:35 SP:0A CYC:157
0000  47        BRK                             A:66 X:47 Y:33 P:35 SP:07 CYC:163
0000  47        BRK                             A:66 X:47 Y:33 P:35 SP:04 CYC:169
0000  47        BRK                             A:66 X:47 Y:33 P:35 SP:01 CYC:175
0000  47        BRK                             A:66 X:47 Y:33 P:35 SP:FE CYC:181
0000  47        BRK                             A:66 X:47 Y:33 P:35 SP:FB CYC:187
0000  47        BRK                             A:66 X:47 Y:33 P:35 SP:F8 CYC:193
0000  47        BRK                             A:66 X:47 Y:33 P:35 SP:F5 CYC:199
0000  47        BRK                             A:66 X:47 Y:33 P:35 SP:F2 CYC:205
0000  47        BRK                             A:66 X:47 Y:33 P:35 SP:EF CYC:211
0000  47        BRK                             A:66 X:47 Y:33 P:35 SP:EC CYC:217
0000  47        BRK                             A:66 X:47 Y:33 P:35 SP:E9 CYC:223
0000  47        BRK                             A:66 X:47 Y:33 P:35 SP:E6 CYC:229
0000  47        BRK                             A:66 X:47 Y:33 P:35 SP:E3 CYC:235
0000  47        BRK                             A:66 X:47 Y:33 P:35 SP:E0 CYC:241
0000  47        BRK                             A:66 X:47 Y:33 P:35 SP:DD CYC:247
0000  47        BRK                             A:66 X:47 Y:33 P:35 SP:DA CYC:253
0000  47        BRK                             A:66 X:47 Y:33 P:35 SP:D7 CYC:259
0000  47        BRK                             A:66 X:47 Y:33 P:35 SP:D4 CYC:265
0000  47        BRK                             A:66 X:47 Y:33 P:35 SP:D1 CYC:271
0000  47        BRK                             A:66 X:47 Y:33 P:35 SP:CE CYC:277
0000  47        BRK                             A:66 X:47 Y:33 P:35 SP:CB CYC:283
0000  47        BRK                             A:66 X:47 Y:33 P:35 SP:C8 CYC:289
0000  47        BRK                             A:66 X:47 Y:33 P:35 SP:C5 CYC:295
0000  47        BRK                             A:66 X:47 Y:33 P:35 SP:C2 CYC:301
0000  47        BRK                             A:66 X:47 Y:33 P:35 SP:BF CYC:307
0000  47        BRK                             A:66 X:47 Y:33 P:35 SP:BC CYC:313
0000  47        BRK                             A:66 X:47 Y:33 P:35 SP:B9 CYC:319
0000  47        BRK                             A:66 X:47 Y:33 P:35 SP:B6 CYC:325
0000  47        BRK                             A:66 X:47 Y:33 P:35 SP:B3 CYC:331
0000  47        BRK                             A:66 X:47 Y:33 P:35 SP:B0 CYC:337
0000  47        BRK                             A:66 X:47 Y:33 P:35 SP:AD CYC:  2
0000  47        BRK                             A:66 X:47 Y:33 P:35 SP:AA CYC:  8
0000  47        BRK                             A:66 X:47 Y:33 P:35 SP:A7 CYC: 14
0000  47        BRK                             A:66 X:47 Y:33 P:35 SP:A4 CYC: 20
0000  47        BRK                             A:66 X:47 Y:33 P:35 SP:A1 CYC: 26
0000  47        BRK                             A:66 X:47 Y:33 P:35 SP:9E CYC: 32
0000  47        BRK                             A:66 X:47 Y:33 P:35 SP:9B CYC: 38
0000  47        BRK                             A:66 X:47 Y:33 P:35 SP:98 CYC: 44
0000  47        BRK                             A:66 X:47 Y:33 P:35 SP:95 CYC: 50
0000  47        BRK                             A:66 X:47 Y:33 P:35 SP:92 CYC: 56
0000  47        BRK                             A:66 X:47 Y:33 P:35 SP:8F CYC: 62
0000  47        BRK                             A:66 X:47 Y:33 P:35 SP:8C CYC: 68
0000  47        BRK                             A:66 X:47 Y:33 P:35 SP:89 CYC: 74
0000  47        BRK                             A:66 X:47 Y:33 P:35 SP:86 CYC: 80
0000  47        BRK                             A:66 X:47 Y:33 P:35 SP:83 CYC: 86
0000  47        BRK                             A:66 X:47 Y:33 P:35 SP:80 CYC: 92
0000  47        BRK                             A:66 X:47 Y:33 P:35 SP:7D CYC: 98
0000  47        BRK                             A:66 X:47 Y:33 P:35 SP:7A CYC:104
0000  47        BRK                             A:66 X:47 Y:33 P:35 SP:77 CYC:110
0000  47        BRK                             A:66 X:47 Y:33 P:35 SP:74 CYC:116
0000  47        BRK                             A:66 X:47 Y:33 P:35 SP:71 CYC:122
0000  47        BRK                             A:66 X:47 Y:33 P:35 SP:6E CYC:128
0000  47        BRK                             A:66 X:47 Y:33 P:35 SP:6B CYC:134
0000  47        BRK                             A:66 X:47 Y:33 P:35 SP:68 CYC:140
0000  47        BRK                             A:66 X:47 Y:33 P:35 SP:65 CYC:146
0000  47        BRK                             A:66 X:47 Y:33 P:35 SP:62 CYC:152
0000  47        BRK                             A:66 X:47 Y:33 P:35 SP:5F CYC:158
0000  47        BRK                             A:66 X:47 Y:33 P:35 SP:5C CYC:164
0000  47        BRK                             A:66 X:47 Y:33 P:35 SP:59 CYC:170
0000  47        BRK                             A:66 X:47 Y:33 P:35 SP:56 CYC:176
0000  47        BRK                             A:66 X:47 Y:33 P:35 SP:53 CYC:182
0000  47        BRK                             A:66 X:47 Y:33 P:35 SP:50 CYC:188
0000  47        BRK                             A:66 X:47 Y:33 P:35 SP:4D CYC:194
0000  47        BRK                             A:66 X:47 Y:33 P:35 SP:4A CYC:200
0000  47        BRK                             A:66 X:47 Y:33 P:35 SP:47 CYC:206
0000  47        BRK                             A:66 X:47 Y:33 P:35 SP:44 CYC:212
0000  47        BRK                             A:66 X:47 Y:33 P:35 SP:41 CYC:218
0000  47        BRK                             A:66 X:47 Y:33 P:35 SP:3E CYC:224
0000  47        BRK                             A:66 X:47 Y:33 P:35 SP:3B CYC:230
0000  47        BRK                             A:66 X:47 Y:33 P:35 SP:38 CYC:236
0000  47        BRK                             A:66 X:47 Y:33 P:35 SP:35 CYC:242
0000  47        BRK                             A:66 X:47 Y:33 P:35 SP:32 CYC:248
0000  47        BRK                             A:66 X:47 Y:33 P:35 SP:2F CYC:254
0000  47        BRK                             A:66 X:47 Y:33 P:35 SP:2C CYC:260
0000  47        BRK                             A:66 X:47 Y:33 P:35 SP:29 CYC:266
0000  47        BRK                             A:66 X:47 Y:33 P:35 SP:26 CYC:272
0000  47        BRK                             A:66 X:47 Y:33 P:35 SP:23 CYC:278
0000  47        BRK                             A:66 X:47 Y:33 P:35 SP:20 CYC:284
0000  47        BRK                             A:66 X:47 Y:33 P:35 SP:1D CYC:290
0000  47        BRK                             A:66 X:47 Y:33 P:35 SP:1A CYC:296
0000  47        BRK                             A:66 X:47 Y:33 P:35 SP:17 CYC:302
0000  47        BRK                             A:66 X:47 Y:33 P:35 SP:14 CYC:308
0000  47        BRK                             A:66 X:47 Y:33 P:35 SP:11 CYC:314
0000  47        BRK                             A:66 X:47 Y:33 P:35 SP:0E CYC:320
0000  47        BRK                             A:66 X:47 Y:33 P:35 SP:0B CYC:326
0000  47        BRK                             A:66 X:47 Y:33 P:35 SP:08 CYC:332
0000  47        BRK                             A:66 X:47 Y:33 P:35 SP:05 CYC:338
0000  47        BRK                             A:66 X:47 Y:33 P:35 SP:02 CYC:  3
0000  47        BRK                             A:66 X:47 Y:33 P:35 SP:FF CYC:  9
0000  47        BRK                             A:66 X:47 Y:33 P:35 SP:FC CYC: 15
0000  47        BRK                             A:66 X:47 Y:33 P:35 SP:F9 CYC: 21
0000  47        BRK                             A:66 X:47 Y:33 P:35 SP:F6 CYC: 27
0000  47        BRK                             A:66 X:47 Y:33 P:35 SP:F3 CYC: 33
0000  47        BRK                             A:66 X:47 Y:33 P:35 SP:F0 CYC: 39
0000  47        BRK                             A:66 X:47 Y:33 P:35 SP:ED CYC: 45
0000  47        BRK                             A:66 X:47 Y:33 P:35 SP:EA CYC: 51
0000  47        BRK                             A:66 X:47 Y:33 P:35 SP:E7 CYC: 57
0000  47        BRK                             A:66 X:47 Y:33 P:35 SP:E4 CYC: 63
0000  47        BRK                             A:66 X:47 Y:33 P:35 SP:E1 CYC: 69
0000  47        BRK                             A:66 X:47 Y:33 P:35 SP:DE CYC: 75
0000  47        BRK                             A:66 X:47 Y:33 P:35 SP:DB CYC: 81
0000  47        BRK                             A:66 X:47 Y:33 P:35 SP:D8 CYC: 87
0000  47        BRK                             A:66 X:47 Y:33 P:35 SP:D5 CYC: 93
0000  47        BRK                             A:66 X:47 Y:33 P:35 SP:D2 CYC: 99
0000  47        BRK                             A:66 X:47 Y:33 P:35 SP:CF CYC:105
0000  47        BRK                             A:66 X:47 Y:33 P:35 SP:CC CYC:111
0000  47        BRK                             A:66 X:47 Y:33 P:35 SP:C9 CYC:117
0000  47        BRK                             A:66 X:47 Y:33 P:35 SP:C6 CYC:123
0000  47        BRK                             A:66 X:47 Y:33 P:35 SP:C3 CYC:129
0000  47        BRK                             A:66 X:47 Y:33 P:35 SP:C0 CYC:135
0000  47        BRK                             A:66 X:47 Y:33 P:35 SP:BD CYC:141
0000  47        BRK                             A:66 X:47 Y:33 P:35 SP:BA CYC:147
0000  47        BRK                             A:66 X:47 Y:33 P:35 SP:B7 CYC:153
0000  47        BRK                             A:66 X:47 Y:33 P:35 SP:B4 CYC:159
0000  47        BRK                             A:66 X:47 Y:33 P:35 SP:B1 CYC:165
0000  47        BRK                             A:66 X:47 Y:33 P:35 SP:AE CYC:171
0000  47        BRK                             A:66 X:47 Y:33 P:35 SP:AB CYC:177
0000  47        BRK                             A:66 X:47 Y:33 P:35 SP:A8 CYC:183
0000  47        BRK                             A:66 X:47 Y:33 P:35 SP:A5 CYC:189
0000  47        BRK                             A:66 X:47 Y:33 P:35 SP:A2 CYC:195
0000  47        BRK                             A:66 X:47 Y:33 P:35 SP:9F CYC:201
0000  47        BRK                             A:66 X:47 Y:33 P:35 SP:9C CYC:207
0000  47        BRK                             A:66 X:47 Y:33 P:35 SP:99 CYC:213
0000  47        BRK                             A:66 X:47 Y:33 P:35 SP:96 CYC:219
0000  47        BRK                             A:66 X:47 Y:33 P:35 SP:93 CYC:225
0000  47        BRK                             A:66 X:47 Y:33 P:35 SP:90 CYC:231
0000  47        BRK                             A:66 X:47 Y:33 P:35 SP:8D CYC:237
0000  47        BRK                             A:66 X:47 Y:33 P:35 SP:8A CYC:243
0000  47        BRK                             A:66 X:47 Y:33 P:35 SP:87 CYC:249
0000  47        BRK                             A:66 X:47 Y:33 P:35 SP:84 CYC:255
0000  47        BRK                             A:66 X:47 Y:33 P:35 SP:81 CYC:261
0000  47        BRK                             A:66 X:47 Y:33 P:35 SP:7E CYC:267
0000  47        BRK                             A:66 X:47 Y:33 P:35 SP:7B CYC:273
0000  47        BRK                             A:66 X:47 Y:33 P:35 SP:78 CYC:279
0000  47        BRK                             A:66 X:47 Y:33 P:35 SP:75 CYC:285
0000  47        BRK                             A:66 X:47 Y:33 P:35 SP:72 CYC:291
0000  47        BRK                             A:66 X:47 Y:33 P:35 SP:6F CYC:297
0000  47        BRK                             A:66 X:47 Y:33 P:35 SP:6C CYC:303
0000  47        BRK                             A:66 X:47 Y:33 P:35 SP:69 CYC:309
0000  47        BRK                             A:66 X:47 Y:33 P:35 SP:66 CYC:315
0000  47        BRK                             A:66 X:47 Y:33 P:35 SP:63 CYC:321
0000  47        BRK                             A:66 X:47 Y:33 P:35 SP:60 CYC:327
0000  47        BRK                             A:66 X:47 Y:33 P:35 SP:5D CYC:333
0000  47        BRK                             A:66 X:47 Y:33 P:35 SP:5A CYC:339
0000  47        BRK                             A:66 X:47 Y:33 P:35 SP:57 CYC:  4
0000  47        BRK                             A:66 X:47 Y:33 P:35 SP:54 CYC: 10
0000  47        BRK                             A:66 X:47 Y:33 P:35 SP:51 CYC: 16
0000  47        BRK                             A:66 X:47 Y:33 P:35 SP:4E CYC: 22
0000  47        BRK                             A:66 X:47 Y:33 P:35 SP:4B CYC: 28
0000  47        BRK                             A:66 X:47 Y:33 P:35 SP:48 CYC: 34
0000  47        BRK                             A:66 X:47 Y:33 P:35 SP:45 CYC: 40
0000  47        BRK                             A:66 X:47 Y:33 P:35 SP:42 CYC: 46
0000  47        BRK                             A:66 X:47 Y:33 P:35 SP:3F CYC: 52
0000  47        BRK                             A:66 X:47 Y:33 P:35 SP:3C CYC: 58
0000  47        BRK                             A:66 X:47 Y:33 P:35 SP:39 CYC: 64
0000  47        BRK                             A:66 X:47 Y:33 P:35 SP:36 CYC: 70
0000  47        BRK                             A:66 X:47 Y:33 P:35 SP:33 CYC: 76
0000  47        BRK                             A:66 X:47 Y:33 P:35 SP:30 CYC: 82
0000  47        BRK                             A:66 X:47 Y:33 P:35 SP:2D CYC: 88
0000  47        BRK                             A:66 X:47 Y:33 P:35 SP:2A CYC: 94
0000  47        BRK                             A:66 X:47 Y:33 P:35 SP:27 CYC:100
0000  47        BRK                             A:66 X:47 Y:33 P:35 SP:24 CYC:106
0000  47        BRK                             A:66 X:47 Y:33 P:35 SP:21 CYC:112
0000  47        BRK                             A:66 X:47 Y:33 P:35 SP:1E CYC:118
0000  47        BRK                             A:66 X:47 Y:33 P:35 SP:1B CYC:124
0000  47        BRK                             A:66 X:47 Y:33 P:35 SP:18 CYC:130
0000  47        BRK                             A:66 X:47 Y:33 P:35 SP:15 CYC:136
0000  47        BRK                             A:66 X:47 Y:33 P:35 SP:12 CYC:142
0000  47        BRK                             A:66 X:47 Y:33 P:35 SP:0F CYC:148
0000  47        BRK                             A:66 X:47 Y:33 P:35 SP:0C CYC:154
0000  47        BRK                             A:66 X:47 Y:33 P:35 SP:09 CYC:160
0000  47        BRK                             A:66 X:47 Y:33 P:35 SP:06 CYC:166
0000  47        BRK                             A:66 X:47 Y:33 P:35 SP:03 CYC:172
0000  47        BRK                             A:66 X:47 Y:33 P:35 SP:00 CYC:178
0000  47        BRK                             A:66 X:47 Y:33 P:35 SP:FD CYC:184
0000  47        BRK                             A:66 X:47 Y:33 P:35 SP:FA CYC:190
0000  47        BRK                             A:66 X:47 Y:33 P:35 SP:F7 CYC:196
0000  47        BRK                             A:66 X:47 Y:33 P:35 SP:F4 CYC:202
0000  47        BRK                             A:66 X:47 Y:33 P:35 SP:F1 CYC:208
0000  47        BRK                             A:66 X:47 Y:33 P:35 SP:EE CYC:214
0000  47        BRK                             A:66 X:47 Y:33 P:35 SP:EB CYC:220
0000  47        BRK                             A:66 X:47 Y:33 P:35 SP:E8 CYC:226
0000  47        BRK                             A:66 X:47 Y:33 P:35 SP:E5 CYC:232
0000  47        BRK                             A:66 X:47 Y:33 P:35 SP:E2 CYC:238
0000  47        BRK                             A:66 X:47 Y:33 P:35 SP:DF CYC:244
0000  47        BRK                             A:66 X:47 Y:33 P:35 SP:DC CYC:250
0000  47        BRK                             A:66 X:47 Y:33 P:35 SP:D9 CYC:256
0000  47        BRK                             A:66 X:47 Y:33 P:35 SP:D6 CYC:262
0000  47        BRK                             A:66 X:47 Y:33 P:35 SP:D3 CYC:268
0000  47        BRK                             A:66 X:47 Y:33 P:35 SP:D0 CYC:274
0000  47        BRK                             A:66 X:47 Y:33 P:35 SP:CD CYC:280
0000  47        BRK                             A:66 X:47 Y:33 P:35 SP:CA CYC:286
0000  47        BRK                             A:66 X:47 Y:33 P:35 SP:C7 CYC:292
0000  47        BRK                             A:66 X:47 Y:33 P:35 SP:C4 CYC:298
0000  47        BRK                             A:66 X:47 Y:33 P:35 SP:C1 CYC:304
0000  47        BRK                             A:66 X:47 Y:33 P:35 SP:BE CYC:310
0000  47        BRK                             A:66 X:47 Y:33 P:35 SP:BB CYC:316
0000  47        BRK                             A:66 X:47 Y:33 P:35 SP:B8 CYC:322
0000  47        BRK                             A:66 X:47 Y:33 P:35 SP:B5 CYC:328
0000  47        BRK                             A:66 X:47 Y:33 P:35 SP:B2 CYC:334
0000  47        BRK                             A:66 X:47 Y:33 P:35 SP:AF CYC:340
0000  47        BRK                             A:66 X:47 Y:33 P:35 SP:AC CYC:  5
0000  47        BRK                             A:66 X:47 Y:33 P:35 SP:A9 CYC: 11
0000  47        BRK                             A:66 X:47 Y:33 P:35 SP:A6 CYC: 17
0000  47        BRK                             A:66 X:47 Y:33 P:35 SP:A3 CYC: 23
0000  47        BRK                             A:66 X:47 Y:33 P:35 SP:A0 CYC: 29
0000  47        BRK                             A:66 X:47 Y:33 P:35 SP:9D CYC: 35
0000  47        BRK                             A:66 X:47 Y:33 P:35 SP:9A CYC: 41
0000  47        BRK                             A:66 X:47 Y:33 P:35 SP:97 CYC: 47
0000  47        BRK                             A:66 X:47 Y:33 P:35 SP:94 CYC: 53
0000  47        BRK                             A:66 X:47 Y:33 P:35 SP:91 CYC: 59
0000  47        BRK                             A:66 X:47 Y:33 P:35 SP:8E CYC: 65
0000  47        BRK                             A:66 X:47 Y:33 P:35 SP:8B CYC: 71
0000  47        BRK                             A:66 X:47 Y:33 P:35 SP:88 CYC: 77
0000  47        BRK                             A:66 X:47 Y:33 P:35 SP:85 CYC: 83
0000  47        BRK                             A:66 X:47 Y:33 P:35 SP:82 CYC: 89
0000  47        BRK                             A:66 X:47 Y:33 P:35 SP:7F CYC: 95
0000  47        BRK                             A:66 X:47 Y:33 P:35 SP:7C CYC:101
0000  47        BRK                             A:66 X:47 Y:33 P:35 SP:79 CYC:107
0000  47        BRK                             A:66 X:47 Y:33 P:35 SP:76 CYC:113
0000  47        BRK                             A:66 X:47 Y:33 P:35 SP:73 CYC:119
0000  47        BRK                             A:66 X:47 Y:33 P:35 SP:70 CYC:125
0000  47        BRK                             A:66 X:47 Y:33 P:35 SP:6D CYC:131
0000  47        BRK                             A:66 X:47 Y:33 P:35 SP:6A CYC:137
0000  47        BRK                             A:66 X:47 Y:33 P:35 SP:67 CYC:143
0000  47        BRK                             A:66 X:47 Y:33 P:35 SP:64 CYC:149
0000  47        BRK                             A:66 X:47 Y:33 P:35 SP:61 CYC:155
0000  47        BRK                             A:66 X:47 Y:33 P:35 SP:5E CYC:161
0000  47        BRK                             A:66 X:47 Y:33 P:35 SP:5B CYC:167
0000  47        BRK                             A:66 X:47 Y:33 P:35 SP:58 CYC:173
0000  47        BRK                             A:66 X:47 Y:33 P:35 SP:55 CYC:179
0000  47        BRK                             A:66 X:47 Y:33 P:35 SP:52 CYC:185
0000  47        BRK                             A:66 X:47 Y:33 P:35 SP:4F CYC:191
0000  47        BRK                             A:66 X:47 Y:33 P:35 SP:4C CYC:197
0000  47        BRK                             A:66 X:47 Y:33 P:35 SP:49 CYC:203
0000  47        BRK                             A:66 X:47 Y:33 P:35 SP:46 CYC:209
0000  47        BRK                             A:66 X:47 Y:33 P:35 SP:43 CYC:215
0000  47        BRK                             A:66 X:47 Y:33 P:35 SP:40 CYC:221
0000  47        BRK                             A:66 X:47 Y:33 P:35 SP:3D CYC:227
0000  47        BRK                             A:66 X:47 Y:33 P:35 SP:3A CYC:233
0000  47        BRK                             A:66 X:47 Y:33 P:35 SP:37 CYC:239
0000  47        BRK                             A:66 X:47 Y:33 P:35 SP:34 CYC:245
0000  47        BRK                             A:66 X:47 Y:33 P:35 SP:31 CYC:251
0000  47        BRK                             A:66 X:47 Y:33 P:35 SP:2E CYC:257
0000  47        BRK                             A:66 X:47 Y:33 P:35 SP:2B CYC:263
0000  47        BRK                             A:66 X:47 Y:33 P:35 SP:28 CYC:269
0000  47        BRK                             A:66 X:47 Y:33 P:35 SP:25 CYC:275
0000  47        BRK                             A:66 X:47 Y:33 P:35 SP:22 CYC:281
0000  47        BRK                             A:66 X:47 Y:33 P:35 SP:1F CYC:287
0000  47        BRK                             A:66 X:47 Y:33 P:35 SP:1C CYC:293
0000  47        BRK                             A:66 X:47 Y:33 P:35 SP:19 CYC:299
0000  47        BRK                             A:66 X:47 Y:33 P:35 SP:16 CYC:305
0000  47        BRK                             A:66 X:47 Y:33 P:35 SP:13 CYC:311
0000  47        BRK                             A:66 X:47 Y:33 P:35 SP:10 CYC:317
0000  47        BRK                             A:66 X:47 Y:33 P:35 SP:0D CYC:323
0000  47        BRK                             A:66 X:47 Y:33 P:35 SP:0A CYC:329
0000  47        BRK                             A:66 X:47 Y:33 P:35 SP:07 CYC:335
0000  47        BRK                             A:66 X:47 Y:33 P:35 SP:04 CYC:  0
0000  47        BRK                             A:66 X:47 Y:33 P:35 SP:01 CYC:  6
0000  47        BRK                             A:66 X:47 Y:33 P:35 SP:FE CYC: 12
0000  47        BRK                             A:66 X:47 Y:33 P:35 SP:FB CYC: 18
0000  47        BRK                             A:66 X:47 Y:33 P:35 SP:F8 CYC: 24
0000  47        BRK                             A:66 X:47 Y:33 P:35 SP:F5 CYC: 30
0000  47        BRK                             A:66 X:47 Y:33 P:35 SP:F2 CYC: 36
0000  47        BRK                             A:66 X:47 Y:33 P:35 SP:EF CYC: 42
0000  47        BRK                             A:66 X:47 Y:33 P:35 SP:EC CYC: 48
0000  47        BRK                             A:66 X:47 Y:33 P:35 SP:E9 CYC: 54
0000  47        BRK                             A:66 X:47 Y:33 P:35 SP:E6 CYC: 60
0000  47        BRK                             A:66 X:47 Y:33 P:35 SP:E3 CYC: 66
0000  47        BRK                             A:66 X:47 Y:33 P:35 SP:E0 CYC: 72
0000  47        BRK                             A:66 X:47 Y:33 P:35 SP:DD CYC: 78
0000  47        BRK                             A:66 X:47 Y:33 P:35 SP:DA CYC: 84
0000  47        BRK                             A:66 X:47 Y:33 P:35 SP:D7 CYC: 90
0000  47        BRK                             A:66 X:47 Y:33 P:35 SP:D4 CYC: 96
0000  47        BRK                             A:66 X:47 Y:33 P:35 SP:D1 CYC:102
0000  47        BRK                             A:66 X:47 Y:33 P:35 SP:CE CYC:108
0000  47        BRK                             A:66 X:47 Y:33 P:35 SP:CB CYC:114
0000  47        BRK                             A:66 X:47 Y:33 P:35 SP:C8 CYC:120
0000  47        BRK                             A:66 X:47 Y:33 P:35 SP:C5 CYC:126
0000  47        BRK                             A:66 X:47 Y:33 P:35 SP:C2 CYC:132
0000  47        BRK                             A:66 X:47 Y:33 P:35 SP:BF CYC:138
0000  47        BRK                             A:66 X:47 Y:33 P:35 SP:BC CYC:144
0000  47        BRK                             A:66 X:47 Y:33 P:35 SP:B9 CYC:150
0000  47        BRK                             A:66 X:47 Y:33 P:35 SP:B6 CYC:156
0000  47        BRK                             A:66 X:47 Y:33 P:35 SP:B3 CYC:162
0000  47        BRK                             A:66 X:47 Y:33 P:35 SP:B0 CYC:168
0000  47        BRK                             A:66 X:47 Y:33 P:35 SP:AD CYC:174
0000  47        BRK                             A:66 X:47 Y:33 P:35 SP:AA CYC:180
0000  47        BRK                             A:66 X:47 Y:33 P:35 SP:A7 CYC:186
0000  47        BRK                             A:66 X:47 Y:33 P:35 SP:A4 CYC:192
0000  47        BRK                             A:66 X:47 Y:33 P:35 SP:A1 CYC:198
0000  47        BRK                             A:66 X:47 Y:33 P:35 SP:9E CYC:204
0000  47        BRK                             A:66 X:47 Y:33 P:35 SP:9B CYC:210
0000  47        BRK                             A:66 X:47 Y:33 P:35 SP:98 CYC:216
0000  47        BRK                             A:66 X:47 Y:33 P:35 SP:95 CYC:222
0000  47        BRK                             A:66 X:47 Y:33 P:35 SP:92 CYC:228
0000  47        BRK                             A:66 X:47 Y:33 P:35 SP:8F CYC:234
0000  47        BRK                             A:66 X:47 Y:33 P:35 SP:8C CYC:240
0000  47        BRK                             A:66 X:47 Y:33 P:35 SP:89 CYC:246
0000  47        BRK                             A:66 X:47 Y:33 P:35 SP:86 CYC:252
0000  47        BRK                             A:66 X:47 Y:33 P:35 SP:83 CYC:258
0000  47        BRK                             A:66 X:47 Y:33 P:35 SP:80 CYC:264
0000  47        BRK                             A:66 X:47 Y:33 P:35 SP:7D CYC:270
0000  47        BRK                             A:66 X:47 Y:33 P:35 SP:7A CYC:276
0000  47        BRK                             A:66 X:47 Y:33 P:35 SP:77 CYC:282
0000  47        BRK                             A:66 X:47 Y:33 P:35 SP:74 CYC:288
0000  47        BRK                             A:66 X:47 Y:33 P:35 SP:71 CYC:294
0000  47        BRK                             A:66 X:47 Y:33 P:35 SP:6E CYC:300
0000  47        BRK                             A:66 X:47 Y:33 P:35 SP:6B CYC:306
0000  47        BRK                             A:66 X:47 Y:33 P:35 SP:68 CYC:312
0000  47        BRK                             A:66 X:47 Y:33 P:35 SP:65 CYC:318
0000  47        BRK                             A:66 X:47 Y:33 P:35 SP:62 CYC:324
0000  47        BRK                             A:66 X:47 Y:33 P:35 SP:5F CYC:330
0000  47        BRK                             A:66 X:47 Y:33 P:35 SP:5C CYC:336
0000  47        BRK                             A:66 X:47 Y:33 P:35 SP:59 CYC:  1
0000  47        BRK                             A:66 X:47 Y:33 P:35 SP:56 CYC:  7
0000  47        BRK                             A:66 X:47 Y:33 P:35 SP:53 CYC: 13
0000  47        BRK                             A:66 X:47 Y:33 P:35 SP:50 CYC: 19
0000  47        BRK                             A:66 X:47 Y:33 P:35 SP:4D CYC: 25
0000  47        BRK                             A:66 X:47 Y:33 P:35 SP:4A CYC: 31
0000  47        BRK                             A:66 X:47 Y:33 P:35 SP:47 CYC: 37
0000  47        BRK                             A:66 X:47 Y:33 P:35 SP:44 CYC: 43
0000  47        BRK                             A:66 X:47 Y:33 P:35 SP:41 CYC: 49
0000  47        BRK                             A:66 X:47 Y:33 P:35 SP:3E CYC: 55
0000  47        BRK                             A:66 X:47 Y:33 P:35 SP:3B CYC: 61
0000  47        BRK                             A:66 X:47 Y:33 P:35 SP:38 CYC: 67
0000  47        BRK                             A:66 X:47 Y:33 P:35 SP:35 CYC: 73
0000  47        BRK                             A:66 X:47 Y:33 P:35 SP:32 CYC: 79
0000  47        BRK                             A:66 X:47 Y:33 P:35 SP:2F CYC: 85
0000  47        BRK                             A:66 X:47 Y:33 P:35 SP:2C CYC: 91
0000  47        BRK                             A:66 X:47 Y:33 P:35 SP:29 CYC: 97
0000  47        BRK                             A:66 X:47 Y:33 P:35 SP:26 CYC:103
0000  47        BRK                             A:66 X:47 Y:33 P:35 SP:23 CYC:109
0000  47        BRK                             A:66 X:47 Y:33 P:35 SP:20 CYC:115
0000  47        BRK                             A:66 X:47 Y:33 P:35 SP:1D CYC:121
0000  47        BRK                             A:66 X:47 Y:33 P:35 SP:1A CYC:127
0000  47        BRK                             A:66 X:47 Y:33 P:35 SP:17 CYC:133
0000  47        BRK                             A:66 X:47 Y:33 P:35 SP:14 CYC:139
0000  47        BRK                             A:66 X:47 Y:33 P:35 SP:11 CYC:145
0000  47        BRK                             A:66 X:47 Y:33 P:35 SP:0E CYC:151
0000  47        BRK                             A:66 X:47 Y:33 P:35 SP:0B CYC:157
0000  47        BRK                             A:66 X:47 Y:33 P:35 SP:08 CYC:163
0000  47        BRK                             A:66 X:47 Y:33 P:35 SP:05 CYC:169
0000  47        BRK                             A:66 X:47 Y:33 P:35 SP:02 CYC:175
0000  47        BRK                             A:66 X:47 Y:33 P:35 SP:FF CYC:181
0000  47        BRK                             A:66 X:47 Y:33 P:35 SP:FC CYC:187
0000  47        BRK                             A:66 X:47 Y:33 P:35 SP:F9 CYC:193
0000  47        BRK                             A:66 X:47 Y:33 P:35 SP:F6 CYC:199
0000  47        BRK                             A:66 X:47 Y:33 P:35 SP:F3 CYC:205
0000  47        BRK                             A:66 X:47 Y:33 P:35 SP:F0 CYC:211
0000  47        BRK                             A:66 X:47 Y:33 P:35 SP:ED CYC:217
0000  47        BRK                             A:66 X:47 Y:33 P:35 SP:EA CYC:223
0000  47        BRK                             A:66 X:47 Y:33 P:35 SP:E7 CYC:229
0000  47        BRK                             A:66 X:47 Y:33 P:35 SP:E4 CYC:235
0000  47        BRK                             A:66 X:47 Y:33 P:35 SP:E1 CYC:241
0000  47        BRK                             A:66 X:47 Y:33 P:35 SP:DE CYC:247
0000  47        BRK                             A:66 X:47 Y:33 P:35 SP:DB CYC:253
0000  47        BRK                             A:66 X:47 Y:33 P:35 SP:D8 CYC:259
0000  47        BRK                             A:66 X:47 Y:33 P:35 SP:D5 CYC:265
0000  47        BRK                             A:66 X:47 Y:33 P:35 SP:D2 CYC:271
0000  47        BRK                             A:66 X:47 Y:33 P:35 SP:CF CYC:277
0000  47        BRK                             A:66 X:47 Y:33 P:35 SP:CC CYC:283
0000  47        BRK                             A:66 X:47 Y:33 P:35 SP:C9 CYC:289
0000  47        BRK                             A:66 X:47 Y:33 P:35 SP:C6 CYC:295
0000  47        BRK                             A:66 X:47 Y:33 P:35 SP:C3 CYC:301
0000  47        BRK                             A:66 X:47 Y:33 P:35 SP:C0 CYC:307
0000  47        BRK                             A:66 X:47 Y:33 P:35 SP:BD CYC:313
0000  47        BRK                             A:66 X:47 Y:33 P:35 SP:BA CYC:319
0000  47        BRK                             A:66 X:47 Y:33 P:35 SP:B7 CYC:325
0000  47        BRK                             A:66 X:47 Y:33 P:35 SP:B4 CYC:331
0000  47        BRK                             A:66 X:47 Y:33 P:35 SP:B1 CYC:337
0000  47        BRK                             A:66 X:47 Y:33 P:35 SP:AE CYC:  2
0000  47        BRK                             A:66 X:47 Y:33 P:35 SP:AB CYC:  8
0000  47        BRK                             A:66 X:47 Y:33 P:35 SP:A8 CYC: 14
0000  47        BRK                             A:66 X:47 Y:33 P:35 SP:A5 CYC: 20
0000  47        BRK                             A:66 X:47 Y:33 P:35 SP:A2 CYC: 26
0000  47        BRK                             A:66 X:47 Y:33 P:35 SP:9F CYC: 32
0000  47        BRK                             A:66 X:47 Y:33 P:35 SP:9C CYC: 38
0000  47        BRK                             A:66 X:47 Y:33 P:35 SP:99 CYC: 44
0000  47        BRK                             A:66 X:47 Y:33 P:35 SP:96 CYC: 50
0000  47        BRK                             A:66 X:47 Y:33 P:35 SP:93 CYC: 56
0000  47        BRK                             A:66 X:47 Y:33 P:35 SP:90 CYC: 62
0000  47        BRK                             A:66 X:47 Y:33 P:35 SP:8D CYC: 68
0000  47        BRK                             A:66 X:47 Y:33 P:35 SP:8A CYC: 74
0000  47        BRK                             A:66 X:47 Y:33 P:35 SP:87 CYC: 80
0000  47        BRK                             A:66 X:47 Y:33 P:35 SP:84 CYC: 86
0000  47        BRK                             A:66 X:47 Y:33 P:35 SP:81 CYC: 92
0000  47        BRK                             A:66 X:47 Y:33 P:35 SP:7E CYC: 98
0000  47        BRK                             A:66 X:47 Y:33 P:35 SP:7B CYC:104
0000  47        BRK                             A:66 X:47 Y:33 P:35 SP:78 CYC:110
0000  47        BRK                             A:66 X:47 Y:33 P:35 SP:75 CYC:116
0000  47        BRK                             A:66 X:47 Y:33 P:35 SP:72 CYC:122
0000  47        BRK                             A:66 X:47 Y:33 P:35 SP:6F CYC:128
0000  47        BRK                             A:66 X:47 Y:33 P:35 SP:6C CYC:134
0000  47        BRK                             A:66 X:47 Y:33 P:35 SP:69 CYC:140
0000  47        BRK                             A:66 X:47 Y:33 P:35 SP:66 CYC:146
0000  47        BRK                             A:66 X:47 Y:33 P:35 SP:63 CYC:152
0000  47        BRK                             A:66 X:47 Y:33 P:35 SP:60 CYC:158
0000  47        BRK                             A:66 X:47 Y:33 P:35 SP:5D CYC:164
0000  47        BRK                             A:66 X:47 Y:33 P:35 SP:5A CYC:170
0000  47        BRK                             A:66 X:47 Y:33 P:35 SP:57 CYC:176
0000  47        BRK                             A:66 X:47 Y:33 P:35 SP:54 CYC:182
0000  47        BRK                             A:66 X:47 Y:33 P:35 SP:51 CYC:188
0000  47        BRK                             A:66 X:47 Y:33 P:35 SP:4E CYC:194
0000  47        BRK                             A:66 X:47 Y:33 P:35 SP:4B CYC:200
0000  47        BRK                             A:66 X:47 Y:33 P:35 SP:48 CYC:206
0000  47        BRK                             A:66 X:47 Y:33 P:35 SP:45 CYC:212
0000  47        BRK                             A:66 X:47 Y:33 P:35 SP:42 CYC:218
0000  47        BRK                             A:66 X:47 Y:33 P:35 SP:3F CYC:224
0000  47        BRK                             A:66 X:47 Y:33 P:35 SP:3C CYC:230
0000  47        BRK                             A:66 X:47 Y:33 P:35 SP:39 CYC:236
0000  47        BRK                             A:66 X:47 Y:33 P:35 SP:36 CYC:242
0000  47        BRK                             A:66 X:47 Y:33 P:35 SP:33 CYC:248
0000  47        BRK                             A:66 X:47 Y:33 P:35 SP:30 CYC:254
0000  47        BRK                             A:66 X:47 Y:33 P:35 SP:2D CYC:260
0000  47        BRK                             A:66 X:47 Y:33 P:35 SP:2A CYC:266
0000  47        BRK                             A:66 X:47 Y:33 P:35 SP:27 CYC:272
0000  47        BRK                             A:66 X:47 Y:33 P:35 SP:24 CYC:278
0000  47        BRK                             A:66 X:47 Y:33 P:35 SP:21 CYC:284
0000  47        BRK                             A:66 X:47 Y:33 P:35 SP:1E CYC:290
0000  47        BRK                             A:66 X:47 Y:33 P:35 SP:1B CYC:296
0000  47        BRK                             A:66 X:47 Y:33 P:35 SP:18 CYC:302
0000  47        BRK                             A:66 X:47 Y:33 P:35 SP:15 CYC:308
0000  47        BRK                             A:66 X:47 Y:33 P:35 SP:12 CYC:314
0000  47        BRK                             A:66 X:47 Y:33 P:35 SP:0F CYC:320
0000  47        BRK                             A:66 X:47 Y:33 P:35 SP:0C CYC:326
0000  47        BRK                             A:66 X:47 Y:33 P:35 SP:09 CYC:332
0000  47        BRK                             A:66 X:47 Y:33 P:35 SP:06 CYC:338
0000  47        BRK                             A:66 X:47 Y:33 P:35 SP:03 CYC:  3
0000  47        BRK                             A:66 X:47 Y:33 P:35 SP:00 CYC:  9
0000  47        BRK                             A:66 X:47 Y:33 P:35 SP:FD CYC: 15
0000  47        BRK                             A:66 X:47 Y:33 P:35 SP:FA CYC: 21
0000  47        BRK                             A:66 X:47 Y:33 P:35 SP:F7 CYC: 27
0000  47        BRK                             A:66 X:47 Y:33 P:35 SP:F4 CYC: 33
0000  47        BRK                             A:66 X:47 Y:33 P:35 SP:F1 CYC: 39
0000  47        BRK                             A:66 X:47 Y:33 P:35 SP:EE CYC: 45
0000  47        BRK                             A:66 X:47 Y:33 P:35 SP:EB CYC: 51
0000  47        BRK                             A:66 X:47 Y:33 P:35 SP:E8 CYC: 57
0000  47        BRK                             A:66 X:47 Y:33 P:35 SP:E5 CYC: 63
0000  47        BRK                             A:66 X:47 Y:33 P:35 SP:E2 CYC: 69
0000  47        BRK                             A:66 X:47 Y:33 P:35 SP:DF CYC: 75
0000  47        BRK                             A:66 X:47 Y:33 P:35 SP:DC CYC: 81
0000  47        BRK                             A:66 X:47 Y:33 P:35 SP:D9 CYC: 87
0000  47        BRK                             A:66 X:47 Y:33 P:35 SP:D6 CYC: 93
0000  47        BRK                             A:66 X:47 Y:33 P:35 SP:D3 CYC: 99
0000  47        BRK                             A:66 X:47 Y:33 P:35 SP:D0 CYC:105
0000  47        BRK                             A:66 X:47 Y:33 P:35 SP:CD CYC:111
0000  47        BRK                             A:66 X:47 Y:33 P:35 SP:CA CYC:117
0000  47        BRK                             A:66 X:47 Y:33 P:35 SP:C7 CYC:123
0000  47        BRK                             A:66 X:47 Y:33 P:35 SP:C4 CYC:129
0000  47        BRK                             A:66 X:47 Y:33 P:35 SP:C1 CYC:135
0000  47        BRK                             A:66 X:47 Y:33 P:35 SP:BE CYC:141
0000  47        BRK                             A:66 X:47 Y:33 P:35 SP:BB CYC:147
0000  47        BRK                             A:66 X:47 Y:33 P:35 SP:B8 CYC:153
0000  47        BRK                             A:66 X:47 Y:33 P:35 SP:B5 CYC:159
0000  47        BRK                             A:66 X:47 Y:33 P:35 SP:B2 CYC:165
0000  47        BRK                             A:66 X:47 Y:33 P:35 SP:AF CYC:171
0000  47        BRK                             A:66 X:47 Y:33 P:35 SP:AC CYC:177
0000  47        BRK                             A:66 X:47 Y:33 P:35 SP:A9 CYC:183
0000  47        BRK                             A:66 X:47 Y:33 P:35 SP:A6 CYC:189
0000  47        BRK                             A:66 X:47 Y:33 P:35 SP:A3 CYC:195
0000  47        BRK                             A:66 X:47 Y:33 P:35 SP:A0 CYC:201
0000  47        BRK                             A:66 X:47 Y:33 P:35 SP:9D CYC:207
0000  47        BRK                             A:66 X:47 Y:33 P:35 SP:9A CYC:213
0000  47        BRK                             A:66 X:47 Y:33 P:35 SP:97 CYC:219
0000  47        BRK                             A:66 X:47 Y:33 P:35 SP:94 CYC:225
0000  47        BRK                             A:66 X:47 Y:33 P:35 SP:91 CYC:231
0000  47        BRK                             A:66 X:47 Y:33 P:35 SP:8E CYC:237
0000  47        BRK                             A:66 X:47 Y:33 P:35 SP:8B CYC:243
0000  47        BRK                             A:66 X:47 Y:33 P:35 SP:88 CYC:249
0000  47        BRK                             A:66 X:47 Y:33 P:35 SP:85 CYC:255
0000  47        BRK                             A:66 X:47 Y:33 P:35 SP:82 CYC:261
0000  47        BRK                             A:66 X:47 Y:33 P:35 SP:7F CYC:267
0000  47        BRK                             A:66 X:47 Y:33 P:35 SP:7C CYC:273
0000  47        BRK                             A:66 X:47 Y:33 P:35 SP:79 CYC:279
0000  47        BRK                             A:66 X:47 Y:33 P:35 SP:76 CYC:285
0000  47        BRK                             A:66 X:47 Y:33 P:35 SP:73 CYC:291
0000  47        BRK                             A:66 X:47 Y:33 P:35 SP:70 CYC:297
0000  47        BRK                             A:66 X:47 Y:33 P:35 SP:6D CYC:303
0000  47        BRK                             A:66 X:47 Y:33 P:35 SP:6A CYC:309
0000  47        BRK                             A:66 X:47 Y:33 P:35 SP:67 CYC:315
0000  47        BRK                             A:66 X:47 Y:33 P:35 SP:64 CYC:321
0000  47        BRK                             A:66 X:47 Y:33 P:35 SP:61 CYC:327
0000  47        BRK                             A:66 X:47 Y:33 P:35 SP:5E CYC:333
0000  47        BRK                             A:66 X:47 Y:33 P:35 SP:5B CYC:339
0000  47        BRK                             A:66 X:47 Y:33 P:35 SP:58 CYC:  4
0000  47        BRK                             A:66 X:47 Y:33 P:35 SP:55 CYC: 10
0000  47        BRK                             A:66 X:47 Y:33 P:35 SP:52 CYC: 16
0000  47        BRK                             A:66 X:47 Y:33 P:35 SP:4F CYC: 22
0000  47        BRK                             A:66 X:47 Y:33 P:35 SP:4C CYC: 28
0000  47        BRK                             A:66 X:47 Y:33 P:35 SP:49 CYC: 34
0000  47        BRK                             A:66 X:47 Y:33 P:35 SP:46 CYC: 40
0000  47        BRK                             A:66 X:47 Y:33 P:35 SP:43 CYC: 46
0000  47        BRK                             A:66 X:47 Y:33 P:35 SP:40 CYC: 52
0000  47        BRK                             A:66 X:47 Y:33 P:35 SP:3D CYC: 58
0000  47        BRK                             A:66 X:47 Y:33 P:35 SP:3A CYC: 64
0000  47        BRK                             A:66 X:47 Y:33 P:35 SP:37 CYC: 70
0000  47        BRK                             A:66 X:47 Y:33 P:35 SP:34 CYC: 76
0000  47        BRK                             A:66 X:47 Y:33 P:35 SP:31 CYC: 82
0000  47        BRK                             A:66 X:47 Y:33 P:35 SP:2E CYC: 88
0000  47        BRK                             A:66 X:47 Y:33 P:35 SP:2B CYC: 94
0000  47        BRK                             A:66 X:47 Y:33 P:35 SP:28 CYC:100
0000  47        BRK                             A:66 X:47 Y:33 P:35 SP:25 CYC:106
0000  47        BRK                             A:66 X:47 Y:33 P:35 SP:22 CYC:112
0000  47        BRK                             A:66 X:47 Y:33 P:35 SP:1F CYC:118
0000  47        BRK                             A:66 X:47 Y:33 P:35 SP:1C CYC:124
0000  47        BRK                             A:66 X:47 Y:33 P:35 SP:19 CYC:130
0000  47        BRK                             A:66 X:47 Y:33 P:35 SP:16 CYC:136
0000  47        BRK                             A:66 X:47 Y:33 P:35 SP:13 CYC:142
0000  47        BRK                             A:66 X:47 Y:33 P:35 SP:10 CYC:148
0000  47        BRK                             A:66 X:47 Y:33 P:35 SP:0D CYC:154
0000  47        BRK                             A:66 X:47 Y:33 P:35 SP:0A CYC:160
0000  47        BRK                             A:66 X:47 Y:33 P:35 SP:07 CYC:166
0000  47        BRK                             A:66 X:47 Y:33 P:35 SP:04 CYC:172
0000  47        BRK                             A:66 X:47 Y:33 P:35 SP:01 CYC:178
0000  47        BRK                             A:66 X:47 Y:33 P:35 SP:FE CYC:184
0000  47        BRK                             A:66 X:47 Y:33 P:35 SP:FB CYC:190
0000  47        BRK                             A:66 X:47 Y:33 P:35 SP:F8 CYC:196
0000  47        BRK                             A:66 X:47 Y:33 P:35 SP:F5 CYC:202
0000  47        BRK                             A:66 X:47 Y:33 P:35 SP:F2 CYC:208
0000  47        BRK                             A:66 X:47 Y:33 P:35 SP:EF CYC:214
0000  47        BRK                             A:66 X:47 Y:33 P:35 SP:EC CYC:220
0000  47        BRK                             A:66 X:47 Y:33 P:35 SP:E9 CYC:226
0000  47        BRK                             A:66 X:47 Y:33 P:35 SP:E6 CYC:232
0000  47        BRK                             A:66 X:47 Y:33 P:35 SP:E3 CYC:238
0000  47        BRK                             A:66 X:47 Y:33 P:35 SP:E0 CYC:244
0000  47        BRK                             A:66 X:47 Y:33 P:35 SP:DD CYC:250
0000  47        BRK                             A:66 X:47 Y:33 P:35 SP:DA CYC:256
0000  47        BRK                             A:66 X:47 Y:33 P:35 SP:D7 CYC:262
0000  47        BRK                             A:66 X:47 Y:33 P:35 SP:D4 CYC:268
0000  47        BRK                             A:66 X:47 Y:33 P:35 SP:D1 CYC:274
0000  47        BRK                             A:66 X:47 Y:33 P:35 SP:CE CYC:280
0000  47        BRK                             A:66 X:47 Y:33 P:35 SP:CB CYC:286
0000  47        BRK                             A:66 X:47 Y:33 P:35 SP:C8 CYC:292
0000  47        BRK                             A:66 X:47 Y:33 P:35 SP:C5 CYC:298
0000  47        BRK                             A:66 X:47 Y:33 P:35 SP:C2 CYC:304
0000  47        BRK                             A:66 X:47 Y:33 P:35 SP:BF CYC:310
0000  47        BRK                             A:66 X:47 Y:33 P:35 SP:BC CYC:316
0000  47        BRK                             A:66 X:47 Y:33 P:35 SP:B9 CYC:322
0000  47        BRK                             A:66 X:47 Y:33 P:35 SP:B6 CYC:328
0000  47        BRK                             A:66 X:47 Y:33 P:35 SP:B3 CYC:334
0000  47        BRK                             A:66 X:47 Y:33 P:35 SP:B0 CYC:340
0000  47        BRK                             A:66 X:47 Y:33 P:35 SP:AD CYC:  5
0000  47        BRK                             A:66 X:47 Y:33 P:35 SP:AA CYC: 11
0000  47        BRK                             A:66 X:47 Y:33 P:35 SP:A7 CYC: 17
0000  47        BRK                             A:66 X:47 Y:33 P:35 SP:A4 CYC: 23
0000  47        BRK                             A:66 X:47 Y:33 P:35 SP:A1 CYC: 29
0000  47        BRK                             A:66 X:47 Y:33 P:35 SP:9E CYC: 35
0000  47        BRK                             A:66 X:47 Y:33 P:35 SP:9B CYC: 41
0000  47        BRK                             A:66 X:47 Y:33 P:35 SP:98 CYC: 47
0000  47        BRK                             A:66 X:47 Y:33 P:35 SP:95 CYC: 53
0000  47        BRK                             A:66 X:47 Y:33 P:35 SP:92 CYC: 59
0000  47        BRK                             A:66 X:47 Y:33 P:35 SP:8F CYC: 65
0000  47        BRK                             A:66 X:47 Y:33 P:35 SP:8C CYC: 71
0000  47        BRK                             A:66 X:47 Y:33 P:35 SP:89 CYC: 77
0000  47        BRK                             A:66 X:47 Y:33 P:35 SP:86 CYC: 83
0000  47        BRK                             A:66 X:47 Y:33 P:35 SP:83 CYC: 89
0000  47        BRK                             A:66 X:47 Y:33 P:35 SP:80 CYC: 95
0000  47        BRK                             A:66 X:47 Y:33 P:35 SP:7D CYC:101
0000  47        BRK                             A:66 X:47 Y:33 P:35 SP:7A CYC:107
0000  47        BRK                             A:66 X:47 Y:33 P:35 SP:77 CYC:113
0000  47        BRK                             A:66 X:47 Y:33 P:35 SP:74 CYC:119
0000  47        BRK                             A:66 X:47 Y:33 P:35 SP:71 CYC:125
0000  47        BRK                             A:66 X:47 Y:33 P:35 SP:6E CYC:131
0000  47        BRK                             A:66 X:47 Y:33 P:35 SP:6B CYC:137
0000  47        BRK                             A:66 X:47 Y:33 P:35 SP:68 CYC:143
0000  47        BRK                             A:66 X:47 Y:33 P:35 SP:65 CYC:149
0000  47        BRK                             A:66 X:47 Y:33 P:35 SP:62 CYC:155
0000  47        BRK                             A:66 X:47 Y:33 P:35 SP:5F CYC:161
0000  47        BRK                             A:66 X:47 Y:33 P:35 SP:5C CYC:167
0000  47        BRK                             A:66 X:47 Y:33 P:35 SP:59 CYC:173
0000  47        BRK                             A:66 X:47 Y:33 P:35 SP:56 CYC:179
0000  47        BRK                             A:66 X:47 Y:33 P:35 SP:53 CYC:185
0000  47        BRK                             A:66 X:47 Y:33 P:35 SP:50 CYC:191
0000  47        BRK                             A:66 X:47 Y:33 P:35 SP:4D CYC:197
0000  47        BRK                             A:66 X:47 Y:33 P:35 SP:4A CYC:203
0000  47        BRK                             A:66 X:47 Y:33 P:35 SP:47 CYC:209
0000  47        BRK                             A:66 X:47 Y:33 P:35 SP:44 CYC:215
0000  47        BRK                             A:66 X:47 Y:33 P:35 SP:41 CYC:221
0000  47        BRK                             A:66 X:47 Y:33 P:35 SP:3E CYC:227
0000  47        BRK                             A:66 X:47 Y:33 P:35 SP:3B CYC:233
0000  47        BRK                             A:66 X:47 Y:33 P:35 SP:38 CYC:239
0000  47        BRK                             A:66 X:47 Y:33 P:35 SP:35 CYC:245
0000  47        BRK                             A:66 X:47 Y:33 P:35 SP:32 CYC:251
0000  47        BRK                             A:66 X:47 Y:33 P:35 SP:2F CYC:257
0000  47        BRK                             A:66 X:47 Y:33 P:35 SP:2C CYC:263
0000  47        BRK                             A:66 X:47 Y:33 P:35 SP:29 CYC:269
0000  47        BRK                             A:66 X:47 Y:33 P:35 SP:26 CYC:275
0000  47        BRK                             A:66 X:47 Y:33 P:35 SP:23 CYC:281
0000  47        BRK                             A:66 X:47 Y:33 P:35 SP:20 CYC:287
0000  47        BRK                             A:66 X:47 Y:33 P:35 SP:1D CYC:293
0000  47        BRK                             A:66 X:47 Y:33 P:35 SP:1A CYC:299
0000  47        BRK                             A:66 X:47 Y:33 P:35 SP:17 CYC:305
0000  47        BRK                             A:66 X:47 Y:33 P:35 SP:14 CYC:311
0000  47        BRK                             A:66 X:47 Y:33 P:35 SP:11 CYC:317
0000  47        BRK                             A:66 X:47 Y:33 P:35 SP:0E CYC:323
0000  47        BRK                             A:66 X:47 Y:33 P:35 SP:0B CYC:329
0000  47        BRK                             A:66 X:47 Y:33 P:35 SP:08 CYC:335
0000  47        BRK                             A:66 X:47 Y:33 P:35 SP:05 CYC:  0
0000  47        BRK                             A:66 X:47 Y:33 P:35 SP:02 CYC:  6
0000  47        BRK                             A:66 X:47 Y:33 P:35 SP:FF CYC: 12
0000  47        BRK                             A:66 X:47 Y:33 P:35 SP:FC CYC: 18
0000  47        BRK                             A:66 X:47 Y:33 P:35 SP:F9 CYC: 24
0000  47        BRK                             A:66 X:47 Y:33 P:35 SP:F6 CYC: 30
0000  47        BRK                             A:66 X:47 Y:33 P:35 SP:F3 CYC: 36
0000  47        BRK                             A:66 X:47 Y:33 P:35 SP:F0 CYC: 42
0000  47        BRK                             A:66 X:47 Y:33 P:35 SP:ED CYC: 48
0000  47        BRK                             A:66 X:47 Y:33 P:35 SP:EA CYC: 54
0000  47        BRK                             A:66 X:47 Y:33 P:35 SP:E7 CYC: 60
0000  47        BRK                             A:66 X:47 Y:33 P:35 SP:E4 CYC: 66
0000  47        BRK                             A:66 X:47 Y:33 P:35 SP:E1 CYC: 72
0000  47        BRK                             A:66 X:47 Y:33 P:35 SP:DE CYC: 78
0000  47        BRK                             A:66 X:47 Y:33 P:35 SP:DB CYC: 84
0000  47        BRK                             A:66 X:47 Y:33 P:35 SP:D8 CYC: 90
0000  47        BRK                             A:66 X:47 Y:33 P:35 SP:D5 CYC: 96
0000  47        BRK                             A:66 X:47 Y:33 P:35 SP:D2 CYC:102
0000  47        BRK                             A:66 X:47 Y:33 P:35 SP:CF CYC:108
0000  47        BRK                             A:66 X:47 Y:33 P:35 SP:CC CYC:114
0000  47        BRK                             A:66 X:47 Y:33 P:35 SP:C9 CYC:120
0000  47        BRK                             A:66 X:47 Y:33 P:35 SP:C6 CYC:126
0000  47        BRK                             A:66 X:47 Y:33 P:35 SP:C3 CYC:132
0000  47        BRK                             A:66 X:47 Y:33 P:35 SP:C0 CYC:138
0000  47        BRK                             A:66 X:47 Y:33 P:35 SP:BD CYC:144
0000  47        BRK                             A:66 X:47 Y:33 P:35 SP:BA CYC:150
0000  47        BRK                             A:66 X:47 Y:33 P:35 SP:B7 CYC:156
0000  47        BRK                             A:66 X:47 Y:33 P:35 SP:B4 CYC:162
0000  47        BRK                             A:66 X:47 Y:33 P:35 SP:B1 CYC:168
0000  47        BRK                             A:66 X:47 Y:33 P:35 SP:AE CYC:174
0000  47        BRK                             A:66 X:47 Y:33 P:35 SP:AB CYC:180
0000  47        BRK                             A:66 X:47 Y:33 P:35 SP:A8 CYC:186
0000  47        BRK                             A:66 X:47 Y:33 P:35 SP:A5 CYC:192
0000  47        BRK                             A:66 X:47 Y:33 P:35 SP:A2 CYC:198
0000  47        BRK                             A:66 X:47 Y:33 P:35 SP:9F CYC:204
0000  47        BRK                             A:66 X:47 Y:33 P:35 SP:9C CYC:210
0000  47        BRK                             A:66 X:47 Y:33 P:35 SP:99 CYC:216
0000  47        BRK                             A:66 X:47 Y:33 P:35 SP:96 CYC:222
0000  47        BRK                             A:66 X:47 Y:33 P:35 SP:93 CYC:228
0000  47        BRK                             A:66 X:47 Y:33 P:35 SP:90 CYC:234
0000  47        BRK                             A:66 X:47 Y:33 P:35 SP:8D CYC:240
0000  47        BRK                             A:66 X:47 Y:33 P:35 SP:8A CYC:246
0000  47        BRK                             A:66 X:47 Y:33 P:35 SP:87 CYC:252
0000  47        BRK                             A:66 X:47 Y:33 P:35 SP:84 CYC:258
0000  47        BRK                             A:66 X:47 Y:33 P:35 SP:81 CYC:264
0000  47        BRK                             A:66 X:47 Y:33 P:35 SP:7E CYC:270
0000  47        BRK                             A:66 X:47 Y:33 P:35 SP:7B CYC:276
0000  47        BRK                             A:66 X:47 Y:33 P:35 SP:78 CYC:282
0000  47        BRK                             A:66 X:47 Y:33 P:35 SP:75 CYC:288
0000  47        BRK                             A:66 X:47 Y:33 P:35 SP:72 CYC:294
0000  47        BRK                             A:66 X:47 Y:33 P:35 SP:6F CYC:300
0000  47        BRK                             A:66 X:47 Y:33 P:35 SP:6C CYC:306
0000  47        BRK                             A:66 X:47 Y:33 P:35 SP:69 CYC:312
0000  47        BRK                             A:66 X:47 Y:33 P:35 SP:66 CYC:318
0000  47        BRK                             A:66 X:47 Y:33 P:35 SP:63 CYC:324
0000  47        BRK                             A:66 X:47 Y:33 P:35 SP:60 CYC:330
0000  47        BRK                             A:66 X:47 Y:33 P:35 SP:5D CYC:336
0000  47        BRK                             A:66 X:47 Y:33 P:35 SP:5A CYC:  1
0000  47        BRK                             A:66 X:47 Y:33 P:35 SP:57 CYC:  7
0000  47        BRK                             A:66 X:47 Y:33 P:35 SP:54 CYC: 13
0000  47        BRK                             A:66 X:47 Y:33 P:35 SP:51 CYC: 19
0000  47        BRK                             A:66 X:47 Y:33 P:35 SP:4E CYC: 25
0000  47        BRK                             A:66 X:47 Y:33 P:35 SP:4B CYC: 31
0000  47        BRK                             A:66 X:47 Y:33 P:35 SP:48 CYC: 37
0000  47        BRK                             A:66 X:47 Y:33 P:35 SP:45 CYC: 43
0000  47        BRK                             A:66 X:47 Y:33 P:35 SP:42 CYC: 49
0000  47        BRK                             A:66 X:47 Y:33 P:35 SP:3F CYC: 55
0000  47        BRK                             A:66 X:47 Y:33 P:35 SP:3C CYC: 61
0000  47        BRK                             A:66 X:47 Y:33 P:35 SP:39 CYC: 67
0000  47        BRK                             A:66 X:47 Y:33 P:35 SP:36 CYC: 73
0000  47        BRK                             A:66 X:47 Y:33 P:35 SP:33 CYC: 79
0000  47        BRK                             A:66 X:47 Y:33 P:35 SP:30 CYC: 85
0000  47        BRK                             A:66 X:47 Y:33 P:35 SP:2D CYC: 91
0000  47        BRK                             A:66 X:47 Y:33 P:35 SP:2A CYC: 97
0000  47        BRK                             A:66 X:47 Y:33 P:35 SP:27 CYC:103
0000  47        BRK                             A:66 X:47 Y:33 P:35 SP:24 CYC:109
0000  47        BRK                             A:66 X:47 Y:33 P:35 SP:21 CYC:115
0000  47        BRK                             A:66 X:47 Y:33 P:35 SP:1E CYC:121
0000  47        BRK                             A:66 X:47 Y:33 P:35 SP:1B CYC:127
0000  47        BRK                             A:66 X:47 Y:33 P:35 SP:18 CYC:133
0000  47        BRK                             A:66 X:47 Y:33 P:35 SP:15 CYC:139
0000  47        BRK                             A:66 X:47 Y:33 P:35 SP:12 CYC:145
0000  47        BRK                             A:66 X:47 Y:33 P:35 SP:0F CYC:151
0000  47        BRK                             A:66 X:47 Y:33 P:35 SP:0C CYC:157
0000  47        BRK                             A:66 X:47 Y:33 P:35 SP:09 CYC:163
0000  47        BRK                             A:66 X:47 Y:33 P:35 SP:06 CYC:169
0000  47        BRK                             A:66 X:47 Y:33 P:35 SP:03 CYC:175
0000  47        BRK                             A:66 X:47 Y:33 P:35 SP:00 CYC:181
0000  47        BRK                             A:66 X:47 Y:33 P:35 SP:FD CYC:187
0000  47        BRK                             A:66 X:47 Y:33 P:35 SP:FA CYC:193
0000  47        BRK                             A:66 X:47 Y:33 P:35 SP:F7 CYC:199
0000  47        BRK                             A:66 X:47 Y:33 P:35 SP:F4 CYC:205
0000  47        BRK                             A:66 X:47 Y:33 P:35 SP:F1 CYC:211
0000  47        BRK                             A:66 X:47 Y:33 P:35 SP:EE CYC:217
0000  47        BRK                             A:66 X:47 Y:33 P:35 SP:EB CYC:223
0000  47        BRK                             A:66 X:47 Y:33 P:35 SP:E8 CYC:229
0000  47        BRK                             A:66 X:47 Y:33 P:35 SP:E5 CYC:235
0000  47        BRK                             A:66 X:47 Y:33 P:35 SP:E2 CYC:241
0000  47        BRK                             A:66 X:47 Y:33 P:35 SP:DF CYC:247
0000  47        BRK                             A:66 X:47 Y:33 P:35 SP:DC CYC:253
0000  47        BRK                             A:66 X:47 Y:33 P:35 SP:D9 CYC:259
0000  47        BRK                             A:66 X:47 Y:33 P:35 SP:D6 CYC:265
0000  47        BRK                             A:66 X:47 Y:33 P:35 SP:D3 CYC:271
0000  47        BRK                             A:66 X:47 Y:33 P:35 SP:D0 CYC:277
0000  47        BRK                             A:66 X:47 Y:33 P:35 SP:CD CYC:283
0000  47        BRK                             A:66 X:47 Y:33 P:35 SP:CA CYC:289
0000  47        BRK                             A:66 X:47 Y:33 P:35 SP:C7 CYC:295
0000  47        BRK                             A:66 X:47 Y:33 P:35 SP:C4 CYC:301
0000  47        BRK                             A:66 X:47 Y:33 P:35 SP:C1 CYC:307
0000  47        BRK                             A:66 X:47 Y:33 P:35 SP:BE CYC:313
0000  47        BRK                             A:66 X:47 Y:33 P:35 SP:BB CYC:319
0000  47        BRK                             A:66 X:47 Y:33 P:35 SP:B8 CYC:325
0000  47        BRK                             A:66 X:47 Y:33 P:35 SP:B5 CYC:331
0000  47        BRK                             A:66 X:47 Y:33 P:35 SP:B2 CYC:337
0000  47        BRK                             A:66 X:47 Y:33 P:35 SP:AF CYC:  2
0000  47        BRK                             A:66 X:47 Y:33 P:35 SP:AC CYC:  8
0000  47        BRK                             A:66 X:47 Y:33 P:35 SP:A9 CYC: 14
0000  47        BRK                             A:66 X:47 Y:33 P:35 SP:A6 CYC: 20
0000  47        BRK                             A:66 X:47 Y:33 P:35 SP:A3 CYC: 26
0000  47        BRK                             A:66 X:47 Y:33 P:35 SP:A0 CYC: 32
0000  47        BRK                             A:66 X:47 Y:33 P:35 SP:9D CYC: 38
0000  47        BRK                             A:66 X:47 Y:33 P:35 SP:9A CYC: 44
0000  47        BRK                             A:66 X:47 Y:33 P:35 SP:97 CYC: 50
0000  47        BRK                             A:66 X:47 Y:33 P:35 SP:94 CYC: 56
0000  47        BRK                             A:66 X:47 Y:33 P:35 SP:91 CYC: 62
0000  47        BRK                             A:66 X:47 Y:33 P:35 SP:8E CYC: 68
0000  47        BRK                             A:66 X:47 Y:33 P:35 SP:8B CYC: 74
0000  47        BRK                             A:66 X:47 Y:33 P:35 SP:88 CYC: 80
0000  47        BRK                             A:66 X:47 Y:33 P:35 SP:85 CYC: 86
0000  47        BRK                             A:66 X:47 Y:33 P:35 SP:82 CYC: 92
0000  47        BRK                             A:66 X:47 Y:33 P:35 SP:7F CYC: 98
0000  47        BRK                             A:66 X:47 Y:33 P:35 SP:7C CYC:104
0000  47        BRK                             A:66 X:47 Y:33 P:35 SP:79 CYC:110
0000  47        BRK                             A:66 X:47 Y:33 P:35 SP:76 CYC:116
0000  47        BRK                             A:66 X:47 Y:33 P:35 SP:73 CYC:122
0000  47        BRK                             A:66 X:47 Y:33 P:35 SP:70 CYC:128
0000  47        BRK                             A:66 X:47 Y:33 P:35 SP:6D CYC:134
0000  47        BRK                             A:66 X:47 Y:33 P:35 SP:6A CYC:140
0000  47        BRK                             A:66 X:47 Y:33 P:35 SP:67 CYC:146
0000  47        BRK                             A:66 X:47 Y:33 P:35 SP:64 CYC:152
0000  47        BRK                             A:66 X:47 Y:33 P:35 SP:61 CYC:158
0000  47        BRK                             A:66 X:47 Y:33 P:35 SP:5E CYC:164
0000  47        BRK                             A:66 X:47 Y:33 P:35 SP:5B CYC:170
0000  47        BRK                             A:66 X:47 Y:33 P:35 SP:58 CYC:176
0000  47        BRK                             A:66 X:47 Y:33 P:35 SP:55 CYC:182
0000  47        BRK                             A:66 X:47 Y:33 P:35 SP:52 CYC:188
0000  47        BRK                             A:66 X:47 Y:33 P:35 SP:4F CYC:194
0000  47        BRK                             A:66 X:47 Y:33 P:35 SP:4C CYC:200
0000  47        BRK                             A:66 X:47 Y:33 P:35 SP:49 CYC:206
0000  47        BRK                             A:66 X:47 Y:33 P:35 SP:46 CYC:212
0000  47        BRK                             A:66 X:47 Y:33 P:35 SP:43 CYC:218
0000  47        BRK                             A:66 X:47 Y:33 P:35 SP:40 CYC:224
0000  47        BRK                             A:66 X:47 Y:33 P:35 SP:3D CYC:230
0000  47        BRK                             A:66 X:47 Y:33 P:35 SP:3A CYC:236
0000  47        BRK                             A:66 X:47 Y:33 P:35 SP:37 CYC:242
0000  47        BRK                             A:66 X:47 Y:33 P:35 SP:34 CYC:248
0000  47        BRK                             A:66 X:47 Y:33 P:35 SP:31 CYC:254
0000  47        BRK                             A:66 X:47 Y:33 P:35 SP:2E CYC:260
0000  47        BRK                             A:66 X:47 Y:33 P:35 SP:2B CYC:266
0000  47        BRK                             A:66 X:47 Y:33 P:35 SP:28 CYC:272
0000  47        BRK                             A:66 X:47 Y:33 P:35 SP:25 CYC:278
0000  47        BRK                             A:66 X:47 Y:33 P:35 SP:22 CYC:284
0000  47        BRK                             A:66 X:47 Y:33 P:35 SP:1F CYC:290
0000  47        BRK                             A:66 X:47 Y:33 P:35 SP:1C CYC:296
0000  47        BRK                             A:66 X:47 Y:33 P:35 SP:19 CYC:302
0000  47        BRK                             A:66 X:47 Y:33 P:35 SP:16 CYC:308
0000  47        BRK                             A:66 X:47 Y:33 P:35 SP:13 CYC:314
0000  47        BRK                             A:66 X:47 Y:33 P:35 SP:10 CYC:320
0000  47        BRK                             A:66 X:47 Y:33 P:35 SP:0D CYC:326
0000  47        BRK                             A:66 X:47 Y:33 P:35 SP:0A CYC:332
0000  47        BRK                             A:66 X:47 Y:33 P:35 SP:07 CYC:338
0000  47        BRK                             A:66 X:47 Y:33 P:35 SP:04 CYC:  3
0000  47        BRK                             A:66 X:47 Y:33 P:35 SP:01 CYC:  9
0000  47        BRK                             A:66 X:47 Y:33 P:35 SP:FE CYC: 15
0000  47        BRK                             A:66 X:47 Y:33 P:35 SP:FB CYC: 21
0000  47        BRK                             A:66 X:47 Y:33 P:35 SP:F8 CYC: 27
0000  47        BRK                             A:66 X:47 Y:33 P:35 SP:F5 CYC: 33
0000  47        BRK                             A:66 X:47 Y:33 P:35 SP:F2 CYC: 39
0000  47        BRK                             A:66 X:47 Y:33 P:35 SP:EF CYC: 45
0000  47        BRK                             A:66 X:47 Y:33 P:35 SP:EC CYC: 51
0000  47        BRK                             A:66 X:47 Y:33 P:35 SP:E9 CYC: 57
0000  47        BRK                             A:66 X:47 Y:33 P:35 SP:E6 CYC: 63
0000  47        BRK                             A:66 X:47 Y:33 P:35 SP:E3 CYC: 69
0000  47        BRK                             A:66 X:47 Y:33 P:35 SP:E0 CYC: 75
0000  47        BRK                             A:66 X:47 Y:33 P:35 SP:DD CYC: 81
0000  47        BRK                             A:66 X:47 Y:33 P:35 SP:DA CYC: 87
0000  47        BRK                             A:66 X:47 Y:33 P:35 SP:D7 CYC: 93
0000  47        BRK                             A:66 X:47 Y:33 P:35 SP:D4 CYC: 99
0000  47        BRK                             A:66 X:47 Y:33 P:35 SP:D1 CYC:105
0000  47        BRK                             A:66 X:47 Y:33 P:35 SP:CE CYC:111
0000  47        BRK                             A:66 X:47 Y:33 P:35 SP:CB CYC:117
0000  47        BRK                             A:66 X:47 Y:33 P:35 SP:C8 CYC:123
0000  47        BRK                             A:66 X:47 Y:33 P:35 SP:C5 CYC:129
0000  47        BRK                             A:66 X:47 Y:33 P:35 SP:C2 CYC:135
0000  47        BRK                             A:66 X:47 Y:33 P:35 SP:BF CYC:141
0000  47        BRK                             A:66 X:47 Y:33 P:35 SP:BC CYC:147
0000  47        BRK                             A:66 X:47 Y:33 P:35 SP:B9 CYC:153
0000  47        BRK                             A:66 X:47 Y:33 P:35 SP:B6 CYC:159
0000  47        BRK                             A:66 X:47 Y:33 P:35 SP:B3 CYC:165
0000  47        BRK                             A:66 X:47 Y:33 P:35 SP:B0 CYC:171
0000  47        BRK                             A:66 X:47 Y:33 P:35 SP:AD CYC:177
0000  47        BRK                             A:66 X:47 Y:33 P:35 SP:AA CYC:183
0000  47        BRK                             A:66 X:47 Y:33 P:35 SP:A7 CYC:189
0000  47        BRK                             A:66 X:47 Y:33 P:35 SP:A4 CYC:195
0000  47        BRK                             A:66 X:47 Y:33 P:35 SP:A1 CYC:201
0000  47        BRK                             A:66 X:47 Y:33 P:35 SP:9E CYC:207
0000  47        BRK                             A:66 X:47 Y:33 P:35 SP:9B CYC:213
0000  47        BRK                             A:66 X:47 Y:33 P:35 SP:98 CYC:219
0000  47        BRK                             A:66 X:47 Y:33 P:35 SP:95 CYC:225
0000  47        BRK                             A:66 X:47 Y:33 P:35 SP:92 CYC:231
0000  47        BRK                             A:66 X:47 Y:33 P:35 SP:8F CYC:237
0000  47        BRK                             A:66 X:47 Y:33 P:35 SP:8C CYC:243
0000  47        BRK                             A:66 X:47 Y:33 P:35 SP:89 CYC:249
0000  47        BRK                             A:66 X:47 Y:33 P:35 SP:86 CYC:255
0000  47        BRK                             A:66 X:47 Y:33 P:35 SP:83 CYC:261
0000  47        BRK                             A:66 X:47 Y:33 P:35 SP:80 CYC:267
0000  47        BRK                             A:66 X:47 Y:33 P:35 SP:7D CYC:273
0000  47        BRK                             A:66 X:47 Y:33 P:35 SP:7A CYC:279
0000  47        BRK                             A:66 X:47 Y:33 P:35 SP:77 CYC:285
0000  47        BRK                             A:66 X:47 Y:33 P:35 SP:74 CYC:291
0000  47        BRK                             A:66 X:47 Y:33 P:35 SP:71 CYC:297
0000  47        BRK                             A:66 X:47 Y:33 P:35 SP:6E CYC:303
0000  47        BRK                             A:66 X:47 Y:33 P:35 SP:6B CYC:309
0000  47        BRK                             A:66 X:47 Y:33 P:35 SP:68 CYC:315
0000  47        BRK                             A:66 X:47 Y:33 P:35 SP:65 CYC:321
0000  47        BRK                             A:66 X:47 Y:33 P:35 SP:62 CYC:327
0000  47        BRK                             A:66 X:47 Y:33 P:35 SP:5F CYC:333
0000  47        BRK                             A:66 X:47 Y:33 P:35 SP:5C CYC:339
0000  47        BRK                             A:66 X:47 Y:33 P:35 SP:59 CYC:  4
0000  47        BRK                             A:66 X:47 Y:33 P:35 SP:56 CYC: 10
0000  47        BRK                             A:66 X:47 Y:33 P:35 SP:53 CYC: 16
0000  47        BRK                             A:66 X:47 Y:33 P:35 SP:50 CYC: 22
0000  47        BRK                             A:66 X:47 Y:33 P:35 SP:4D CYC: 28
0000  47        BRK                             A:66 X:47 Y:33 P:35 SP:4A CYC: 34
0000  47        BRK                             A:66 X:47 Y:33 P:35 SP:47 CYC: 40
0000  47        BRK                             A:66 X:47 Y:33 P:35 SP:44 CYC: 46
0000  47        BRK                             A:66 X:47 Y:33 P:35 SP:41 CYC: 52
0000  47        BRK                             A:66 X:47 Y:33 P:35 SP:3E CYC: 58
0000  47        BRK                             A:66 X:47 Y:33 P:35 SP:3B CYC: 64
0000  47        BRK                             A:66 X:47 Y:33 P:35 SP:38 CYC: 70
0000  47        BRK                             A:66 X:47 Y:33 P:35 SP:35 CYC: 76
0000  47        BRK                             A:66 X:47 Y:33 P:35 SP:32 CYC: 82
0000  47        BRK                             A:66 X:47 Y:33 P:35 SP:2F CYC: 88
0000  47        BRK                             A:66 X:47 Y:33 P:35 SP:2C CYC: 94
0000  47        BRK                             A:66 X:47 Y:33 P:35 SP:29 CYC:100
0000  47        BRK                             A:66 X:47 Y:33 P:35 SP:26 CYC:106
0000  47        BRK                             A:66 X:47 Y:33 P:35 SP:23 CYC:112
0000  47        BRK                             A:66 X:47 Y:33 P:35 SP:20 CYC:118
0000  47        BRK                             A:66 X:47 Y:33 P:35 SP:1D CYC:124
0000  47        BRK                             A:66 X:47 Y:33 P:35 SP:1A CYC:130
0000  47        BRK                             A:66 X:47 Y:33 P:35 SP:17 CYC:136
0000  47        BRK                             A:66 X:47 Y:33 P:35 SP:14 CYC:142
0000  47        BRK                             A:66 X:47 Y:33 P:35 SP:11 CYC:148
0000  47        BRK                             A:66 X:47 Y:33 P:35 SP:0E CYC:154
0000  47        BRK                             A:66 X:47 Y:33 P:35 SP:0B CYC:160
0000  47        BRK                             A:66 X:47 Y:33 P:35 SP:08 CYC:166
0000  47        BRK                             A:66 X:47 Y:33 P:35 SP:05 CYC:172
0000  47        BRK                             A:66 X:47 Y:33 P:35 SP:02 CYC:178
0000  47        BRK                             A:66 X:47 Y:33 P:35 SP:FF CYC:184
0000  47        BRK                             A:66 X:47 Y:33 P:35 SP:FC CYC:190
0000  47        BRK                             A:66 X:47 Y:33 P:35 SP:F9 CYC:196
0000  47        BRK                             A:66 X:47 Y:33 P:35 SP:F6 CYC:202
0000  47        BRK                             A:66 X:47 Y:33 P:35 SP:F3 CYC:208
0000  47        BRK                             A:66 X:47 Y:33 P:35 SP:F0 CYC:214
0000  47        BRK                             A:66 X:47 Y:33 P:35 SP:ED CYC:220
0000  47        BRK                             A:66 X:47 Y:33 P:35 SP:EA CYC:226
0000  47        BRK                             A:66 X:47 Y:33 P:35 SP:E7 CYC:232
0000  47        BRK                             A:66 X:47 Y:33 P:35 SP:E4 CYC:238
0000  47        BRK                             A:66 X:47 Y:33 P:35 SP:E1 CYC:244
0000  47        BRK                             A:66 X:47 Y:33 P:35 SP:DE CYC:250
0000  47        BRK                             A:66 X:47 Y:33 P:35 SP:DB CYC:256
0000  47        BRK                             A:66 X:47 Y:33 P:35 SP:D8 CYC:262
0000  47        BRK                             A:66 X:47 Y:33 P:35 SP:D5 CYC:268
0000  47        BRK                             A:66 X:47 Y:33 P:35 SP:D2 CYC:274
0000  47        BRK                             A:66 X:47 Y:33 P:35 SP:CF CYC:280
0000  47        BRK                             A:66 X:47 Y:33 P:35 SP:CC CYC:286
0000  47        BRK                             A:66 X:47 Y:33 P:35 SP:C9 CYC:292
0000  47        BRK                             A:66 X:47 Y:33 P:35 SP:C6 CYC:298
0000  47        BRK                             A:66 X:47 Y:33 P:35 SP:C3 CYC:304
0000  47        BRK                             A:66 X:47 Y:33 P:35 SP:C0 CYC:310
0000  47        BRK                             A:66 X:47 Y:33 P:35 SP:BD CYC:316
0000  47        BRK                             A:66 X:47 Y:33 P:35 SP:BA CYC:322
0000  47        BRK                             A:66 X:47 Y:33 P:35 SP:B7 CYC:328
0000  47        BRK                             A:66 X:47 Y:33 P:35 SP:B4 CYC:334
0000  47        BRK                             A:66 X:47 Y:33 P:35 SP:B1 CYC:340
0000  47        BRK                             A:66 X:47 Y:33 P:35 SP:AE CYC:  5
0000  47        BRK                             A:66 X:47 Y:33 P:35 SP:AB CYC: 11
0000  47        BRK                             A:66 X:47 Y:33 P:35 SP:A8 CYC: 17
0000  47        BRK                             A:66 X:47 Y:33 P:35 SP:A5 CYC: 23
0000  47        BRK                             A:66 X:47 Y:33 P:35 SP:A2 CYC: 29
0000  47        BRK                             A:66 X:47 Y:33 P:35 SP:9F CYC: 35
0000  47        BRK                             A:66 X:47 Y:33 P:35 SP:9C CYC: 41
0000  47        BRK                             A:66 X:47 Y:33 P:35 SP:99 CYC: 47
0000  47        BRK                             A:66 X:47 Y:33 P:35 SP:96 CYC: 53
0000  47        BRK                             A:66 X:47 Y:33 P:35 SP:93 CYC: 59
0000  47        BRK                             A:66 X:47 Y:33 P:35 SP:90 CYC: 65
0000  47        BRK                             A:66 X:47 Y:33 P:35 SP:8D CYC: 71
0000  47        BRK                             A:66 X:47 Y:33 P:35 SP:8A CYC: 77
0000  47        BRK                             A:66 X:47 Y:33 P:35 SP:87 CYC: 83
0000  47        BRK                             A:66 X:47 Y:33 P:35 SP:84 CYC: 89
0000  47        BRK                             A:66 X:47 Y:33 P:35 SP:81 CYC: 95
0000  47        BRK                             A:66 X:47 Y:33 P:35 SP:7E CYC:101
0000  47        BRK                             A:66 X:47 Y:33 P:35 SP:7B CYC:107
0000  47        BRK                             A:66 X:47 Y:33 P:35 SP:78 CYC:113
0000  47        BRK                             A:66 X:47 Y:33 P:35 SP:75 CYC:119
0000  47        BRK                             A:66 X:47 Y:33 P:35 SP:72 CYC:125
0000  47        BRK                             A:66 X:47 Y:33 P:35 SP:6F CYC:131
0000  47        BRK                             A:66 X:47 Y:33 P:35 SP:6C CYC:137
0000  47        BRK                             A:66 X:47 Y:33 P:35 SP:69 CYC:143
0000  47        BRK                             A:66 X:47 Y:33 P:35 SP:66 CYC:149
0000  47        BRK                             A:66 X:47 Y:33 P:35 SP:63 CYC:155
0000  47        BRK                             A:66 X:47 Y:33 P:35 SP:60 CYC:161
0000  47        BRK                             A:66 X:47 Y:33 P:35 SP:5D CYC:167
0000  47        BRK                             A:66 X:47 Y:33 P:35 SP:5A CYC:173
0000  47        BRK                             A:66 X:47 Y:33 P:35 SP:57 CYC:179
0000  47        BRK                             A:66 X:47 Y:33 P:35 SP:54 CYC:185
0000  47        BRK                             A:66 X:47 Y:33 P:35 SP:51 CYC:191
0000  47        BRK                             A:66 X:47 Y:33 P:35 SP:4E CYC:197
0000  47        BRK                             A:66 X:47 Y:33 P:35 SP:4B CYC:203
0000  47        BRK                             A:66 X:47 Y:33 P:35 SP:48 CYC:209
0000  47        BRK                             A:66 X:47 Y:33 P:35 SP:45 CYC:215
0000  47        BRK                             A:66 X:47 Y:33 P:35 SP:42 CYC:221
0000  47        BRK                             A:66 X:47 Y:33 P:35 SP:3F CYC:227
0000  47        BRK                             A:66 X:47 Y:33 P:35 SP:3C CYC:233
0000  47        BRK                             A:66 X:47 Y:33 P:35 SP:39 CYC:239
0000  47        BRK                             A:66 X:47 Y:33 P:35 SP:36 CYC:245
0000  47        BRK                             A:66 X:47 Y:33 P:35 SP:33 CYC:251
0000  47        BRK                             A:66 X:47 Y:33 P:35 SP:30 CYC:257
0000  47        BRK                             A:66 X:47 Y:33 P:35 SP:2D CYC:263
0000  47        BRK                             A:66 X:47 Y:33 P:35 SP:2A CYC:269
0000  47        BRK                             A:66 X:47 Y:33 P:35 SP:27 CYC:275
0000  47        BRK                             A:66 X:47 Y:33 P:35 SP:24 CYC:281
0000  47        BRK                             A:66 X:47 Y:33 P:35 SP:21 CYC:287
0000  47        BRK                             A:66 X:47 Y:33 P:35 SP:1E CYC:293
0000  47        BRK                             A:66 X:47 Y:33 P:35 SP:1B CYC:299
0000  47        BRK                             A:66 X:47 Y:33 P:35 SP:18 CYC:305
0000  47        BRK                             A:66 X:47 Y:33 P:35 SP:15 CYC:311
0000  47        BRK                             A:66 X:47 Y:33 P:35 SP:12 CYC:317
0000  47        BRK                             A:66 X:47 Y:33 P:35 SP:0F CYC:323
0000  47        BRK                             A:66 X:47 Y:33 P:35 SP:0C CYC:329
0000  47        BRK                             A:66 X:47 Y:33 P:35 SP:09 CYC:335
0000  47        BRK                             A:66 X:47 Y:33 P:35 SP:06 CYC:  0
0000  47        BRK                             A:66 X:47 Y:33 P:35 SP:03 CYC:  6
0000  47        BRK                             A:66 X:47 Y:33 P:35 SP:00 CYC: 12
0000  47        BRK                             A:66 X:47 Y:33 P:35 SP:FD CYC: 18
0000  47        BRK                             A:66 X:47 Y:33 P:35 SP:FA CYC: 24
0000  47        BRK                             A:66 X:47 Y:33 P:35 SP:F7 CYC: 30
0000  47        BRK                             A:66 X:47 Y:33 P:35 SP:F4 CYC: 36
0000  47        BRK                             A:66 X:47 Y:33 P:35 SP:F1 CYC: 42
0000  47        BRK                             A:66 X:47 Y:33 P:35 SP:EE CYC: 48
0000  47        BRK                             A:66 X:47 Y:33 P:35 SP:EB CYC: 54
0000  47        BRK                             A:66 X:47 Y:33 P:35 SP:E8 CYC: 60
0000  47        BRK                             A:66 X:47 Y:33 P:35 SP:E5 CYC: 66
0000  47        BRK                             A:66 X:47 Y:33 P:35 SP:E2 CYC: 72
0000  47        BRK                             A:66 X:47 Y:33 P:35 SP:DF CYC: 78
0000  47        BRK                             A:66 X:47 Y:33 P:35 SP:DC CYC: 84
0000  47        BRK                             A:66 X:47 Y:33 P:35 SP:D9 CYC: 90
0000  47        BRK                             A:66 X:47 Y:33 P:35 SP:D6 CYC: 96
0000  47        BRK                             A:66 X:47 Y:33 P:35 SP:D3 CYC:102
0000  47        BRK                             A:66 X:47 Y:33 P:35 SP:D0 CYC:108
0000  47        BRK                             A:66 X:47 Y:33 P:35 SP:CD CYC:114
0000  47        BRK                             A:66 X:47 Y:33 P:35 SP:CA CYC:120
0000  47        BRK                             A:66 X:47 Y:33 P:35 SP:C7 CYC:126
0000  47        BRK                             A:66 X:47 Y:33 P:35 SP:C4 CYC:132
0000  47        BRK                             A:66 X:47 Y:33 P:35 SP:C1 CYC:138
0000  47        BRK                             A:66 X:47 Y:33 P:35 SP:BE CYC:144
0000  47        BRK                             A:66 X:47 Y:33 P:35 SP:BB CYC:150
0000  47        BRK                             A:66 X:47 Y:33 P:35 SP:B8 CYC:156
0000  47        BRK                             A:66 X:47 Y:33 P:35 SP:B5 CYC:162
0000  47        BRK                             A:66 X:47 Y:33 P:35 SP:B2 CYC:168
0000  47        BRK                             A:66 X:47 Y:33 P:35 SP:AF CYC:174
0000  47        BRK                             A:66 X:47 Y:33 P:35 SP:AC CYC:180
0000  47        BRK                             A:66 X:47 Y:33 P:35 SP:A9 CYC:186
0000  47        BRK                             A:66 X:47 Y:33 P:35 SP:A6 CYC:192
0000  47        BRK                             A:66 X:47 Y:33 P:35 SP:A3 CYC:198
0000  47        BRK                             A:66 X:47 Y:33 P:35 SP:A0 CYC:204
0000  47        BRK                             A:66 X:47 Y:33 P:35 SP:9D CYC:210
0000  47        BRK                             A:66 X:47 Y:33 P:35 SP:9A CYC:216
0000  47        BRK                             A:66 X:47 Y:33 P:35 SP:97 CYC:222
0000  47        BRK                             A:66 X:47 Y:33 P:35 SP:94 CYC:228
0000  47        BRK                             A:66 X:47 Y:33 P:35 SP:91 CYC:234
0000  47        BRK                             A:66 X:47 Y:33 P:35 SP:8E CYC:240
0000  47        BRK                             A:66 X:47 Y:33 P:35 SP:8B CYC:246
0000  47        BRK                             A:66 X:47 Y:33 P:35 SP:88 CYC:252
0000  47        BRK                             A:66 X:47 Y:33 P:35 SP:85 CYC:258
0000  47        BRK                             A:66 X:47 Y:33 P:35 SP:82 CYC:264
0000  47        BRK                             A:66 X:47 Y:33 P:35 SP:7F CYC:270
0000  47        BRK                             A:66 X:47 Y:33 P:35 SP:7C CYC:276
0000  47        BRK                             A:66 X:47 Y:33 P:35 SP:79 CYC:282
0000  47        BRK                             A:66 X:47 Y:33 P:35 SP:76 CYC:288
0000  47        BRK                             A:66 X:47 Y:33 P:35 SP:73 CYC:294
0000  47        BRK                             A:66 X:47 Y:33 P:35 SP:70 CYC:300
0000  47        BRK                             A:66 X:47 Y:33 P:35 SP:6D CYC:306
0000  47        BRK                             A:66 X:47 Y:33 P:35 SP:6A CYC:312
0000  47        BRK                             A:66 X:47 Y:33 P:35 SP:67 CYC:318
0000  47        BRK                             A:66 X:47 Y:33 P:35 SP:64 CYC:324
0000  47        BRK                             A:66 X:47 Y:33 P:35 SP:61 CYC:330
0000  47        BRK                             A:66 X:47 Y:33 P:35 SP:5E CYC:336
0000  47        BRK                             A:66 X:47 Y:33 P:35 SP:5B CYC:  1
0000  47        BRK                             A:66 X:47 Y:33 P:35 SP:58 CYC:  7
0000  47        BRK                             A:66 X:47 Y:33 P:35 SP:55 CYC: 13
0000  47        BRK                             A:66 X:47 Y:33 P:35 SP:52 CYC: 19
0000  47        BRK                             A:66 X:47 Y:33 P:35 SP:4F CYC: 25
0000  47        BRK                             A:66 X:47 Y:33 P:35 SP:4C CYC: 31
0000  47        BRK                             A:66 X:47 Y:33 P:35 SP:49 CYC: 37
0000  47        BRK                             A:66 X:47 Y:33 P:35 SP:46 CYC: 43
0000  47        BRK                             A:66 X:47 Y:33 P:35 SP:43 CYC: 49
0000  47        BRK                             A:66 X:47 Y:33 P:35 SP:40 CYC: 55
0000  47        BRK                             A:66 X:47 Y:33 P:35 SP:3D CYC: 61
0000  47        BRK                             A:66 X:47 Y:33 P:35 SP:3A CYC: 67
0000  47        BRK                             A:66 X:47 Y:33 P:35 SP:37 CYC: 73
0000  47        BRK                             A:66 X:47 Y:33 P:35 SP:34 CYC: 79
0000  47        BRK                             A:66 X:47 Y:33 P:35 SP:31 CYC: 85
0000  47        BRK                             A:66 X:47 Y:33 P:35 SP:2E CYC: 91
0000  47        BRK                             A:66 X:47 Y:33 P:35 SP:2B CYC: 97
0000  47        BRK                             A:66 X:47 Y:33 P:35 SP:28 CYC:103
0000  47        BRK                             A:66 X:47 Y:33 P:35 SP:25 CYC:109
0000  47        BRK                             A:66 X:47 Y:33 P:35 SP:22 CYC:115
0000  47        BRK                             A:66 X:47 Y:33 P:35 SP:1F CYC:121
0000  47        BRK                             A:66 X:47 Y:33 P:35 SP:1C CYC:127
0000  47        BRK                             A:66 X:47 Y:33 P:35 SP:19 CYC:133
0000  47        BRK                             A:66 X:47 Y:33 P:35 SP:16 CYC:139
0000  47        BRK                             A:66 X:47 Y:33 P:35 SP:13 CYC:145
0000  47        BRK                             A:66 X:47 Y:33 P:35 SP:10 CYC:151
0000  47        BRK                             A:66 X:47 Y:33 P:35 SP:0D CYC:157
0000  47        BRK                             A:66 X:47 Y:33 P:35 SP:0A CYC:163
0000  47        BRK                             A:66 X:47 Y:33 P:35 SP:07 CYC:169
0000  47        BRK                             A:66 X:47 Y:33 P:35 SP:04 CYC:175
0000  47        BRK                             A:66 X:47 Y:33 P:35 SP:01 CYC:181
0000  47        BRK                             A:66 X:47 Y:33 P:35 SP:FE CYC:187
0000  47        BRK                             A:66 X:47 Y:33 P:35 SP:FB CYC:193
0000  47        BRK                             A:66 X:47 Y:33 P:35 SP:F8 CYC:199
0000  47        BRK                             A:66 X:47 Y:33 P:35 SP:F5 CYC:205
0000  47        BRK                             A:66 X:47 Y:33 P:35 SP:F2 CYC:211
0000  47        BRK                             A:66 X:47 Y:33 P:35 SP:EF CYC:217
0000  47        BRK                             A:66 X:47 Y:33 P:35 SP:EC CYC:223
0000  47        BRK                             A:66 X:47 Y:33 P:35 SP:E9 CYC:229
0000  47        BRK                             A:66 X:47 Y:33 P:35 SP:E6 CYC:235
0000  47        BRK                             A:66 X:47 Y:33 P:35 SP:E3 CYC:241
0000  47        BRK                             A:66 X:47 Y:33 P:35 SP:E0 CYC:247
0000  47        BRK                             A:66 X:47 Y:33 P:35 SP:DD CYC:253
0000  47        BRK                             A:66 X:47 Y:33 P:35 SP:DA CYC:259
0000  47        BRK                             A:66 X:47 Y:33 P:35 SP:D7 CYC:265
0000  47        BRK                             A:66 X:47 Y:33 P:35 SP:D4 CYC:271
0000  47        BRK                             A:66 X:47 Y:33 P:35 SP:D1 CYC:277
0000  47        BRK                             A:66 X:47 Y:33 P:35 SP:CE CYC:283
0000  47        BRK                             A:66 X:47 Y:33 P:35 SP:CB CYC:289
0000  47        BRK                             A:66 X:47 Y:33 P:35 SP:C8 CYC:295
0000  47        BRK                             A:66 X:47 Y:33 P:35 SP:C5 CYC:301
0000  47        BRK                             A:66 X:47 Y:33 P:35 SP:C2 CYC:307
0000  47        BRK                             A:66 X:47 Y:33 P:35 SP:BF CYC:313
0000  47        BRK                             A:66 X:47 Y:33 P:35 SP:BC CYC:319
0000  47        BRK                             A:66 X:47 Y:33 P:35 SP:B9 CYC:325
0000  47        BRK                             A:66 X:47 Y:33 P:35 SP:B6 CYC:331
0000  47        BRK                             A:66 X:47 Y:33 P:35 SP:B3 CYC:337
0000  47        BRK                             A:66 X:47 Y:33 P:35 SP:B0 CYC:  2
0000  47        BRK                             A:66 X:47 Y:33 P:35 SP:AD CYC:  8
0000  47        BRK                             A:66 X:47 Y:33 P:35 SP:AA CYC: 14
0000  47        BRK                             A:66 X:47 Y:33 P:35 SP:A7 CYC: 20
0000  47        BRK                             A:66 X:47 Y:33 P:35 SP:A4 CYC: 26
0000  47        BRK                             A:66 X:47 Y:33 P:35 SP:A1 CYC: 32
0000  47        BRK                             A:66 X:47 Y:33 P:35 SP:9E CYC: 38
0000  47        BRK                             A:66 X:47 Y:33 P:35 SP:9B CYC: 44
0000  47        BRK                             A:66 X:47 Y:33 P:35 SP:98 CYC: 50
0000  47        BRK                             A:66 X:47 Y:33 P:35 SP:95 CYC: 56
0000  47        BRK                             A:66 X:47 Y:33 P:35 SP:92 CYC: 62
0000  47        BRK                             A:66 X:47 Y:33 P:35 SP:8F CYC: 68
0000  47        BRK                             A:66 X:47 Y:33 P:35 SP:8C CYC: 74
0000  47        BRK                             A:66 X:47 Y:33 P:35 SP:89 CYC: 80
0000  47        BRK                             A:66 X:47 Y:33 P:35 SP:86 CYC: 86
0000  47        BRK                             A:66 X:47 Y:33 P:35 SP:83 CYC: 92
0000  47        BRK                             A:66 X:47 Y:33 P:35 SP:80 CYC: 98
0000  47        BRK                             A:66 X:47 Y:33 P:35 SP:7D CYC:104
0000  47        BRK                             A:66 X:47 Y:33 P:35 SP:7A CYC:110
0000  47        BRK                             A:66 X:47 Y:33 P:35 SP:77 CYC:116
0000  47        BRK                             A:66 X:47 Y:33 P:35 SP:74 CYC:122
0000  47        BRK                             A:66 X:47 Y:33 P:35 SP:71 CYC:128
0000  47        BRK                             A:66 X:47 Y:33 P:35 SP:6E CYC:134
0000  47        BRK                             A:66 X:47 Y:33 P:35 SP:6B CYC:140
0000  47        BRK                             A:66 X:47 Y:33 P:35 SP:68 CYC:146
0000  47        BRK                             A:66 X:47 Y:33 P:35 SP:65 CYC:152
0000  47        BRK                             A:66 X:47 Y:33 P:35 SP:62 CYC:158
0000  47        BRK                             A:66 X:47 Y:33 P:35 SP:5F CYC:164
0000  47        BRK                             A:66 X:47 Y:33 P:35 SP:5C CYC:170
0000  47        BRK                             A:66 X:47 Y:33 P:35 SP:59 CYC:176
0000  47        BRK                             A:66 X:47 Y:33 P:35 SP:56 CYC:182
0000  47        BRK                             A:66 X:47 Y:33 P:35 SP:53 CYC:188
0000  47        BRK                             A:66 X:47 Y:33 P:35 SP:50 CYC:194
0000  47        BRK                             A:66 X:47 Y:33 P:35 SP:4D CYC:200
0000  47        BRK                             A:66 X:47 Y:33 P:35 SP:4A CYC:206
0000  47        BRK                             A:66 X:47 Y:33 P:35 SP:47 CYC:212
0000  47        BRK                             A:66 X:47 Y:33 P:35 SP:44 CYC:218
0000  47        BRK                             A:66 X:47 Y:33 P:35 SP:41 CYC:224
0000  47        BRK                             A:66 X:47 Y:33 P:35 SP:3E CYC:230
0000  47        BRK                             A:66 X:47 Y:33 P:35 SP:3B CYC:236
0000  47        BRK                             A:66 X:47 Y:33 P:35 SP:38 CYC:242
0000  47        BRK                             A:66 X:47 Y:33 P:35 SP:35 CYC:248
0000  47        BRK                             A:66 X:47 Y:33 P:35 SP:32 CYC:254
0000  47        BRK                             A:66 X:47 Y:33 P:35 SP:2F CYC:260
0000  47        BRK                             A:66 X:47 Y:33 P:35 SP:2C CYC:266
0000  47        BRK                             A:66 X:47 Y:33 P:35 SP:29 CYC:272
0000  47        BRK                             A:66 X:47 Y:33 P:35 SP:26 CYC:278
0000  47        BRK                             A:66 X:47 Y:33 P:35 SP:23 CYC:284
0000  47        BRK                             A:66 X:47 Y:33 P:35 SP:20 CYC:290
0000  47        BRK                             A:66 X:47 Y:33 P:35 SP:1D CYC:296
0000  47        BRK                             A:66 X:47 Y:33 P:35 SP:1A CYC:302
0000  47        BRK                             A:66 X:47 Y:33 P:35 SP:17 CYC:308
0000  47        BRK                             A:66 X:47 Y:33 P:35 SP:14 CYC:314
0000  47        BRK                             A:66 X:47 Y:33 P:35 SP:11 CYC:320
0000  47        BRK                             A:66 X:47 Y:33 P:35 SP:0E CYC:326
0000  47        BRK                             A:66 X:47 Y:33 P:35 SP:0B CYC:332
0000  47        BRK                             A:66 X:47 Y:33 P:35 SP:08 CYC:338
0000  47        BRK                             A:66 X:47 Y:33 P:35 SP:05 CYC:  3
0000  47        BRK                             A:66 X:47 Y:33 P:35 SP:02 CYC:  9
0000  47        BRK                             A:66 X:47 Y:33 P:35 SP:FF CYC: 15
0000  47        BRK                             A:66 X:47 Y:33 P:35 SP:FC CYC: 21
0000  47        BRK                             A:66 X:47 Y:33 P:35 SP:F9 CYC: 27
0000  47        BRK                             A:66 X:47 Y:33 P:35 SP:F6 CYC: 33
0000  47        BRK                             A:66 X:47 Y:33 P:35 SP:F3 CYC: 39
0000  47        BRK                             A:66 X:47 Y:33 P:35 SP:F0 CYC: 45
0000  47        BRK                             A:66 X:47 Y:33 P:35 SP:ED CYC: 51
0000  47        BRK                             A:66 X:47 Y:33 P:35 SP:EA CYC: 57
0000  47        BRK                             A:66 X:47 Y:33 P:35 SP:E7 CYC: 63
0000  47        BRK                             A:66 X:47 Y:33 P:35 SP:E4 CYC: 69
0000  47        BRK                             A:66 X:47 Y:33 P:35 SP:E1 CYC: 75
0000  47        BRK                             A:66 X:47 Y:33 P:35 SP:DE CYC: 81
0000  47        BRK                             A:66 X:47 Y:33 P:35 SP:DB CYC: 87
0000  47        BRK                             A:66 X:47 Y:33 P:35 SP:D8 CYC: 93
0000  47        BRK                             A:66 X:47 Y:33 P:35 SP:D5 CYC: 99
0000  47        BRK                             A:66 X:47 Y:33 P:35 SP:D2 CYC:105
0000  47        BRK                             A:66 X:47 Y:33 P:35 SP:CF CYC:111
0000  47        BRK                             A:66 X:47 Y:33 P:35 SP:CC CYC:117
0000  47        BRK                             A:66 X:47 Y:33 P:35 SP:C9 CYC:123
0000  47        BRK                             A:66 X:47 Y:33 P:35 SP:C6 CYC:129
0000  47        BRK                             A:66 X:47 Y:33 P:35 SP:C3 CYC:135
0000  47        BRK                             A:66 X:47 Y:33 P:35 SP:C0 CYC:141
0000  47        BRK                             A:66 X:47 Y:33 P:35 SP:BD CYC:147
0000  47        BRK                             A:66 X:47 Y:33 P:35 SP:BA CYC:153
0000  47        BRK                             A:66 X:47 Y:33 P:35 SP:B7 CYC:159
0000  47        BRK                             A:66 X:47 Y:33 P:35 SP:B4 CYC:165
0000  47        BRK                             A:66 X:47 Y:33 P:35 SP:B1 CYC:171
0000  47        BRK                             A:66 X:47 Y:33 P:35 SP:AE CYC:177
0000  47        BRK                             A:66 X:47 Y:33 P:35 SP:AB CYC:183
0000  47        BRK                             A:66 X:47 Y:33 P:35 SP:A8 CYC:189
0000  47        BRK                             A:66 X:47 Y:33 P:35 SP:A5 CYC:195
0000  47        BRK                             A:66 X:47 Y:33 P:35 SP:A2 CYC:201
0000  47        BRK                             A:66 X:47 Y:33 P:35 SP:9F CYC:207
0000  47        BRK                             A:66 X:47 Y:33 P:35 SP:9C CYC:213
0000  47        BRK                             A:66 X:47 Y:33 P:35 SP:99 CYC:219
0000  47        BRK                             A:66 X:47 Y:33 P:35 SP:96 CYC:225
0000  47        BRK                             A:66 X:47 Y:33 P:35 SP:93 CYC:231
0000  47        BRK                             A:66 X:47 Y:33 P:35 SP:90 CYC:237
0000  47        BRK                             A:66 X:47 Y:33 P:35 SP:8D CYC:243
0000  47        BRK                             A:66 X:47 Y:33 P:35 SP:8A CYC:249
0000  47        BRK                             A:66 X:47 Y:33 P:35 SP:87 CYC:255
0000  47        BRK                             A:66 X:47 Y:33 P:35 SP:84 CYC:261
0000  47        BRK                             A:66 X:47 Y:33 P:35 SP:81 CYC:267
0000  47        BRK                             A:66 X:47 Y:33 P:35 SP:7E CYC:273
0000  47        BRK                             A:66 X:47 Y:33 P:35 SP:7B CYC:279
0000  47        BRK                             A:66 X:47 Y:33 P:35 SP:78 CYC:285
0000  47        BRK                             A:66 X:47 Y:33 P:35 SP:75 CYC:291
0000  47        BRK                             A:66 X:47 Y:33 P:35 SP:72 CYC:297
0000  47        BRK                             A:66 X:47 Y:33 P:35 SP:6F CYC:303
0000  47        BRK                             A:66 X:47 Y:33 P:35 SP:6C CYC:309
0000  47        BRK                             A:66 X:47 Y:33 P:35 SP:69 CYC:315
0000  47        BRK                             A:66 X:47 Y:33 P:35 SP:66 CYC:321
0000  47        BRK                             A:66 X:47 Y:33 P:35 SP:63 CYC:327
0000  47        BRK                             A:66 X:47 Y:33 P:35 SP:60 CYC:333
0000  47        BRK                             A:66 X:47 Y:33 P:35 SP:5D CYC:339
0000  47        BRK                             A:66 X:47 Y:33 P:35 SP:5A CYC:  4
0000  47        BRK                             A:66 X:47 Y:33 P:35 SP:57 CYC: 10
0000  47        BRK                             A:66 X:47 Y:33 P:35 SP:54 CYC: 16
0000  47        BRK                             A:66 X:47 Y:33 P:35 SP:51 CYC: 22
0000  47        BRK                             A:66 X:47 Y:33 P:35 SP:4E CYC: 28
0000  47        BRK                             A:66 X:47 Y:33 P:35 SP:4B CYC: 34
0000  47        BRK                             A:66 X:47 Y:33 P:35 SP:48 CYC: 40
0000  47        BRK                             A:66 X:47 Y:33 P:35 SP:45 CYC: 46
0000  47        BRK                             A:66 X:47 Y:33 P:35 SP:42 CYC: 52
0000  47        BRK                             A:66 X:47 Y:33 P:35 SP:3F CYC: 58
0000  47        BRK                             A:66 X:47 Y:33 P:35 SP:3C CYC: 64
0000  47        BRK                             A:66 X:47 Y:33 P:35 SP:39 CYC: 70
0000  47        BRK                             A:66 X:47 Y:33 P:35 SP:36 CYC: 76
0000  47        BRK                             A:66 X:47 Y:33 P:35 SP:33 CYC: 82
0000  47        BRK                             A:66 X:47 Y:33 P:35 SP:30 CYC: 88
0000  47        BRK                             A:66 X:47 Y:33 P:35 SP:2D CYC: 94
0000  47        BRK                             A:66 X:47 Y:33 P:35 SP:2A CYC:100
0000  47        BRK                             A:66 X:47 Y:33 P:35 SP:27 CYC:106
0000  47        BRK                             A:66 X:47 Y:33 P:35 SP:24 CYC:112
0000  47        BRK                             A:66 X:47 Y:33 P:35 SP:21 CYC:118
0000  47        BRK                             A:66 X:47 Y:33 P:35 SP:1E CYC:124
0000  47        BRK                             A:66 X:47 Y:33 P:35 SP:1B CYC:130
0000  47        BRK                             A:66 X:47 Y:33 P:35 SP:18 CYC:136
0000  47        BRK                             A:66 X:47 Y:33 P:35 SP:15 CYC:142
0000  47        BRK                             A:66 X:47 Y:33 P:35 SP:12 CYC:148
0000  47        BRK                             A:66 X:47 Y:33 P:35 SP:0F CYC:154
0000  47        BRK                             A:66 X:47 Y:33 P:35 SP:0C CYC:160
0000  47        BRK                             A:66 X:47 Y:33 P:35 SP:09 CYC:166
0000  47        BRK                             A:66 X:47 Y:33 P:35 SP:06 CYC:172
0000  47        BRK                             A:66 X:47 Y:33 P:35 SP:03 CYC:178
0000  47        BRK                             A:66 X:47 Y:33 P:35 SP:00 CYC:184
0000  47        BRK                             A:66 X:47 Y:33 P:35 SP:FD CYC:190
0000  47        BRK                             A:66 X:47 Y:33 P:35 SP:FA CYC:196
0000  47        BRK                             A:66 X:47 Y:33 P:35 SP:F7 CYC:202
0000  47        BRK                             A:66 X:47 Y:33 P:35 SP:F4 CYC:208
0000  47        BRK                             A:66 X:47 Y:33 P:35 SP:F1 CYC:214
0000  47        BRK                             A:66 X:47 Y:33 P:35 SP:EE CYC:220
0000  47        BRK                             A:66 X:47 Y:33 P:35 SP:EB CYC:226
0000  47        BRK                             A:66 X:47 Y:33 P:35 SP:E8 CYC:232
0000  47        BRK                             A:66 X:47 Y:33 P:35 SP:E5 CYC:238
0000  47        BRK                             A:66 X:47 Y:33 P:35 SP:E2 CYC:244
0000  47        BRK                             A:66 X:47 Y:33 P:35 SP:DF CYC:250
0000  47        BRK                             A:66 X:47 Y:33 P:35 SP:DC CYC:256
0000  47        BRK                             A:66 X:47 Y:33 P:35 SP:D9 CYC:262
0000  47        BRK                             A:66 X:47 Y:33 P:35 SP:D6 CYC:268
0000  47        BRK                             A:66 X:47 Y:33 P:35 SP:D3 CYC:274
0000  47        BRK                             A:66 X:47 Y:33 P:35 SP:D0 CYC:280
0000  47        BRK                             A:66 X:47 Y:33 P:35 SP:CD CYC:286
0000  47        BRK                             A:66 X:47 Y:33 P:35 SP:CA CYC:292
0000  47        BRK                             A:66 X:47 Y:33 P:35 SP:C7 CYC:298
0000  47        BRK                             A:66 X:47 Y:33 P:35 SP:C4 CYC:304
0000  47        BRK                             A:66 X:47 Y:33 P:35 SP:C1 CYC:310
0000  47        BRK                             A:66 X:47 Y:33 P:35 SP:BE CYC:316
0000  47        BRK                             A:66 X:47 Y:33 P:35 SP:BB CYC:322
0000  47        BRK                             A:66 X:47 Y:33 P:35 SP:B8 CYC:328
0000  47        BRK                             A:66 X:47 Y:33 P:35 SP:B5 CYC:334
0000  47        BRK                             A:66 X:47 Y:33 P:35 SP:B2 CYC:340
0000  47        BRK                             A:66 X:47 Y:33 P:35 SP:AF CYC:  5
0000  47        BRK                             A:66 X:47 Y:33 P:35 SP:AC CYC: 11
0000  47        BRK                             A:66 X:47 Y:33 P:35 SP:A9 CYC: 17
0000  47        BRK                             A:66 X:47 Y:33 P:35 SP:A6 CYC: 23
0000  47        BRK                             A:66 X:47 Y:33 P:35 SP:A3 CYC: 29
0000  47        BRK                             A:66 X:47 Y:33 P:35 SP:A0 CYC: 35
0000  47        BRK                             A:66 X:47 Y:33 P:35 SP:9D CYC: 41
0000  47        BRK                             A:66 X:47 Y:33 P:35 SP:9A CYC: 47
0000  47        BRK                             A:66 X:47 Y:33 P:35 SP:97 CYC: 53
0000  47        BRK                             A:66 X:47 Y:33 P:35 SP:94 CYC: 59
0000  47        BRK                             A:66 X:47 Y:33 P:35 SP:91 CYC: 65
0000  47        BRK                             A:66 X:47 Y:33 P:35 SP:8E CYC: 71
0000  47        BRK                             A:66 X:47 Y:33 P:35 SP:8B CYC: 77
0000  47        BRK                             A:66 X:47 Y:33 P:35 SP:88 CYC: 83
0000  47        BRK                             A:66 X:47 Y:33 P:35 SP:85 CYC: 89
0000  47        BRK                             A:66 X:47 Y:33 P:35 SP:82 CYC: 95
0000  47        BRK                             A:66 X:47 Y:33 P:35 SP:7F CYC:101
0000  47        BRK                             A:66 X:47 Y:33 P:35 SP:7C CYC:107
0000  47        BRK                             A:66 X:47 Y:33 P:35 SP:79 CYC:113
0000  47        BRK                             A:66 X:47 Y:33 P:35 SP:76 CYC:119
0000  47        BRK                             A:66 X:47 Y:33 P:35 SP:73 CYC:125
0000  47        BRK                             A:66 X:47 Y:33 P:35 SP:70 CYC:131
0000  47        BRK                             A:66 X:47 Y:33 P:35 SP:6D CYC:137
0000  47        BRK                             A:66 X:47 Y:33 P:35 SP:6A CYC:143
0000  47        BRK                             A:66 X:47 Y:33 P:35 SP:67 CYC:149
0000  47        BRK                             A:66 X:47 Y:33 P:35 SP:64 CYC:155
0000  47        BRK                             A:66 X:47 Y:33 P:35 SP:61 CYC:161
0000  47        BRK                             A:66 X:47 Y:33 P:35 SP:5E CYC:167
0000  47        BRK                             A:66 X:47 Y:33 P:35 SP:5B CYC:173
0000  47        BRK                             A:66 X:47 Y:33 P:35 SP:58 CYC:179
0000  47        BRK                             A:66 X:47 Y:33 P:35 SP:55 CYC:185
0000  47        BRK                             A:66 X:47 Y:33 P:35 SP:52 CYC:191
0000  47        BRK                             A:66 X:47 Y:33 P:35 SP:4F CYC:197
0000  47        BRK                             A:66 X:47 Y:33 P:35 SP:4C CYC:203
0000  47        BRK                             A:66 X:47 Y:33 P:35 SP:49 CYC:209
0000  47        BRK                             A:66 X:47 Y:33 P:35 SP:46 CYC:215
0000  47        BRK                             A:66 X:47 Y:33 P:35 SP:43 CYC:221
0000  47        BRK                             A:66 X:47 Y:33 P:35 SP:40 CYC:227
0000  47        BRK                             A:66 X:47 Y:33 P:35 SP:3D CYC:233
0000  47        BRK                             A:66 X:47 Y:33 P:35 SP:3A CYC:239
0000  47        BRK                             A:66 X:47 Y:33 P:35 SP:37 CYC:245
0000  47        BRK                             A:66 X:47 Y:33 P:35 SP:34 CYC:251
0000  47        BRK                             A:66 X:47 Y:33 P:35 SP:31 CYC:257
0000  47        BRK                             A:66 X:47 Y:33 P:35 SP:2E CYC:263
0000  47        BRK                             A:66 X:47 Y:33 P:35 SP:2B CYC:269
0000  47        BRK                             A:66 X:47 Y:33 P:35 SP:28 CYC:275
0000  47        BRK                             A:66 X:47 Y:33 P:35 SP:25 CYC:281
0000  47        BRK                             A:66 X:47 Y:33 P:35 SP:22 CYC:287
0000  47        BRK                             A:66 X:47 Y:33 P:35 SP:1F CYC:293
0000  47        BRK                             A:66 X:47 Y:33 P:35 SP:1C CYC:299
0000  47        BRK                             A:66 X:47 Y:33 P:35 SP:19 CYC:305
0000  47        BRK                             A:66 X:47 Y:33 P:35 SP:16 CYC:311
0000  47        BRK                             A:66 X:47 Y:33 P:35 SP:13 CYC:317
0000  47        BRK                             A:66 X:47 Y:33 P:35 SP:10 CYC:323
0000  47        BRK                             A:66 X:47 Y:33 P:35 SP:0D CYC:329
0000  47        BRK                             A:66 X:47 Y:33 P:35 SP:0A CYC:335
0000  47        BRK                             A:66 X:47 Y:33 P:35 SP:07 CYC:  0
0000  47        BRK                             A:66 X:47 Y:33 P:35 SP:04 CYC:  6
0000  47        BRK                             A:66 X:47 Y:33 P:35 SP:01 CYC: 12
0000  47        BRK                             A:66 X:47 Y:33 P:35 SP:FE CYC: 18
0000  47        BRK                             A:66 X:47 Y:33 P:35 SP:FB CYC: 24
0000  47        BRK                             A:66 X:47 Y:33 P:35 SP:F8 CYC: 30
0000  47        BRK                             A:66 X:47 Y:33 P:35 SP:F5 CYC: 36
0000  47        BRK                             A:66 X:47 Y:33 P:35 SP:F2 CYC: 42
0000  47        BRK                             A:66 X:47 Y:33 P:35 SP:EF CYC: 48
0000  47        BRK                             A:66 X:47 Y:33 P:35 SP:EC CYC: 54
0000  47        BRK                             A:66 X:47 Y:33 P:35 SP:E9 CYC: 60
0000  47        BRK                             A:66 X:47 Y:33 P:35 SP:E6 CYC: 66
0000  47        BRK                             A:66 X:47 Y:33 P:35 SP:E3 CYC: 72
0000  47        BRK                             A:66 X:47 Y:33 P:35 SP:E0 CYC: 78
0000  47        BRK                             A:66 X:47 Y:33 P:35 SP:DD CYC: 84
0000  47        BRK                             A:66 X:47 Y:33 P:35 SP:DA CYC: 90
0000  47        BRK                             A:66 X:47 Y:33 P:35 SP:D7 CYC: 96
0000  47        BRK                             A:66 X:47 Y:33 P:35 SP:D4 CYC:102
0000  47        BRK                             A:66 X:47 Y:33 P:35 SP:D1 CYC:108
0000  47        BRK                             A:66 X:47 Y:33 P:35 SP:CE CYC:114
0000  47        BRK                             A:66 X:47 Y:33 P:35 SP:CB CYC:120
0000  47        BRK                             A:66 X:47 Y:33 P:35 SP:C8 CYC:126
0000  47        BRK                             A:66 X:47 Y:33 P:35 SP:C5 CYC:132
0000  47        BRK                             A:66 X:47 Y:33 P:35 SP:C2 CYC:138
0000  47        BRK                             A:66 X:47 Y:33 P:35 SP:BF CYC:144
0000  47        BRK                             A:66 X:47 Y:33 P:35 SP:BC CYC:150
0000  47        BRK                             A:66 X:47 Y:33 P:35 SP:B9 CYC:156
0000  47        BRK                             A:66 X:47 Y:33 P:35 SP:B6 CYC:162
0000  47        BRK                             A:66 X:47 Y:33 P:35 SP:B3 CYC:168
0000  47        BRK                             A:66 X:47 Y:33 P:35 SP:B0 CYC:174
0000  47        BRK                             A:66 X:47 Y:33 P:35 SP:AD CYC:180
0000  47        BRK                             A:66 X:47 Y:33 P:35 SP:AA CYC:186
0000  47        BRK                             A:66 X:47 Y:33 P:35 SP:A7 CYC:192
0000  47        BRK                             A:66 X:47 Y:33 P:35 SP:A4 CYC:198
0000  47        BRK                             A:66 X:47 Y:33 P:35 SP:A1 CYC:204
0000  47        BRK                             A:66 X:47 Y:33 P:35 SP:9E CYC:210
0000  47        BRK                             A:66 X:47 Y:33 P:35 SP:9B CYC:216
0000  47        BRK                             A:66 X:47 Y:33 P:35 SP:98 CYC:222
0000  47        BRK                             A:66 X:47 Y:33 P:35 SP:95 CYC:228
0000  47        BRK                             A:66 X:47 Y:33 P:35 SP:92 CYC:234
0000  47        BRK                             A:66 X:47 Y:33 P:35 SP:8F CYC:240
0000  47        BRK                             A:66 X:47 Y:33 P:35 SP:8C CYC:246
0000  47        BRK                             A:66 X:47 Y:33 P:35 SP:89 CYC:252
0000  47        BRK                             A:66 X:47 Y:33 P:35 SP:86 CYC:258
0000  47        BRK                             A:66 X:47 Y:33 P:35 SP:83 CYC:264
0000  47        BRK                             A:66 X:47 Y:33 P:35 SP:80 CYC:270
0000  47        BRK                             A:66 X:47 Y:33 P:35 SP:7D CYC:276
0000  47        BRK                             A:66 X:47 Y:33 P:35 SP:7A CYC:282
0000  47        BRK                             A:66 X:47 Y:33 P:35 SP:77 CYC:288
0000  47        BRK                             A:66 X:47 Y:33 P:35 SP:74 CYC:294
0000  47        BRK                             A:66 X:47 Y:33 P:35 SP:71 CYC:300
0000  47        BRK                             A:66 X:47 Y:33 P:35 SP:6E CYC:306
0000  47        BRK                             A:66 X:47 Y:33 P:35 SP:6B CYC:312
0000  47        BRK                             A:66 X:47 Y:33 P:35 SP:68 CYC:318
0000  47        BRK                             A:66 X:47 Y:33 P:35 SP:65 CYC:324
0000  47        BRK                             A:66 X:47 Y:33 P:35 SP:62 CYC:330
0000  47        BRK                             A:66 X:47 Y:33 P:35 SP:5F CYC:336
0000  47        BRK                             A:66 X:47 Y:33 P:35 SP:5C CYC:  1
0000  47        BRK                             A:66 X:47 Y:33 P:35 SP:59 CYC:  7
0000  47        BRK                             A:66 X:47 Y:33 P:35 SP:56 CYC: 13
0000  47        BRK                             A:66 X:47 Y:33 P:35 SP:53 CYC: 19
0000  47        BRK                             A:66 X:47 Y:33 P:35 SP:50 CYC: 25
0000  47        BRK                             A:66 X:47 Y:33 P:35 SP:4D CYC: 31
0000  47        BRK                             A:66 X:47 Y:33 P:35 SP:4A CYC: 37
0000  47        BRK                             A:66 X:47 Y:33 P:35 SP:47 CYC: 43
0000  47        BRK                             A:66 X:47 Y:33 P:35 SP:44 CYC: 49
0000  47        BRK                             A:66 X:47 Y:33 P:35 SP:41 CYC: 55
0000  47        BRK                             A:66 X:47 Y:33 P:35 SP:3E CYC: 61
0000  47        BRK                             A:66 X:47 Y:33 P:35 SP:3B CYC: 67
0000  47        BRK                             A:66 X:47 Y:33 P:35 SP:38 CYC: 73
0000  47        BRK                             A:66 X:47 Y:33 P:35 SP:35 CYC: 79
0000  47        BRK                             A:66 X:47 Y:33 P:35 SP:32 CYC: 85
0000  47        BRK                             A:66 X:47 Y:33 P:35 SP:2F CYC: 91
0000  47        BRK                             A:66 X:47 Y:33 P:35 SP:2C CYC: 97
0000  47        BRK                             A:66 X:47 Y:33 P:35 SP:29 CYC:103
0000  47        BRK                             A:66 X:47 Y:33 P:35 SP:26 CYC:109
0000  47        BRK                             A:66 X:47 Y:33 P:35 SP:23 CYC:115
0000  47        BRK                             A:66 X:47 Y:33 P:35 SP:20 CYC:121
0000  47        BRK                             A:66 X:47 Y:33 P:35 SP:1D CYC:127
0000  47        BRK                             A:66 X:47 Y:33 P:35 SP:1A CYC:133
0000  47        BRK                             A:66 X:47 Y:33 P:35 SP:17 CYC:139
0000  47        BRK                             A:66 X:47 Y:33 P:35 SP:14 CYC:145
0000  47        BRK                             A:66 X:47 Y:33 P:35 SP:11 CYC:151
0000  47        BRK                             A:66 X:47 Y:33 P:35 SP:0E CYC:157
0000  47        BRK                             A:66 X:47 Y:33 P:35 SP:0B CYC:163
0000  47        BRK                             A:66 X:47 Y:33 P:35 SP:08 CYC:169
0000  47        BRK                             A:66 X:47 Y:33 P:35 SP:05 CYC:175
0000  47        BRK                             A:66 X:47 Y:33 P:35 SP:02 CYC:181
0000  47        BRK                             A:66 X:47 Y:33 P:35 SP:FF CYC:187
0000  47        BRK                             A:66 X:47 Y:33 P:35 SP:FC CYC:193
0000  47        BRK                             A:66 X:47 Y:33 P:35 SP:F9 CYC:199
0000  47        BRK                             A:66 X:47 Y:33 P:35 SP:F6 CYC:205
0000  47        BRK                             A:66 X:47 Y:33 P:35 SP:F3 CYC:211
0000  47        BRK                             A:66 X:47 Y:33 P:35 SP:F0 CYC:217
0000  47        BRK                             A:66 X:47 Y:33 P:35 SP:ED CYC:223
0000  47        BRK                             A:66 X:47 Y:33 P:35 SP:EA CYC:229
0000  47        BRK                             A:66 X:47 Y:33 P:35 SP:E7 CYC:235
0000  47        BRK                             A:66 X:47 Y:33 P:35 SP:E4 CYC:241
0000  47        BRK                             A:66 X:47 Y:33 P:35 SP:E1 CYC:247
0000  47        BRK                             A:66 X:47 Y:33 P:35 SP:DE CYC:253
0000  47        BRK                             A:66 X:47 Y:33 P:35 SP:DB CYC:259
0000  47        BRK                             A:66 X:47 Y:33 P:35 SP:D8 CYC:265
0000  47        BRK                             A:66 X:47 Y:33 P:35 SP:D5 CYC:271
0000  47        BRK                             A:66 X:47 Y:33 P:35 SP:D2 CYC:277
0000  47        BRK                             A:66 X:47 Y:33 P:35 SP:CF CYC:283
0000  47        BRK                             A:66 X:47 Y:33 P:35 SP:CC CYC:289
0000  47        BRK                             A:66 X:47 Y:33 P:35 SP:C9 CYC:295
0000  47        BRK                             A:66 X:47 Y:33 P:35 SP:C6 CYC:301
0000  47        BRK                             A:66 X:47 Y:33 P:35 SP:C3 CYC:307
0000  47        BRK                             A:66 X:47 Y:33 P:35 SP:C0 CYC:313
0000  47        BRK                             A:66 X:47 Y:33 P:35 SP:BD CYC:319
0000  47        BRK                             A:66 X:47 Y:33 P:35 SP:BA CYC:325
0000  47        BRK                             A:66 X:47 Y:33 P:35 SP:B7 CYC:331
0000  47        BRK                             A:66 X:47 Y:33 P:35 SP:B4 CYC:337
0000  47        BRK                             A:66 X:47 Y:33 P:35 SP:B1 CYC:  2
0000  47        BRK                             A:66 X:47 Y:33 P:35 SP:AE CYC:  8
0000  47        BRK                             A:66 X:47 Y:33 P:35 SP:AB CYC: 14
0000  47        BRK                             A:66 X:47 Y:33 P:35 SP:A8 CYC: 20
0000  47        BRK                             A:66 X:47 Y:33 P:35 SP:A5 CYC: 26
0000  47        BRK                             A:66 X:47 Y:33 P:35 SP:A2 CYC: 32
0000  47        BRK                             A:66 X:47 Y:33 P:35 SP:9F CYC: 38
0000  47        BRK                             A:66 X:47 Y:33 P:35 SP:9C CYC: 44
0000  47        BRK                             A:66 X:47 Y:33 P:35 SP:99 CYC: 50
0000  47        BRK                             A:66 X:47 Y:33 P:35 SP:96 CYC: 56
0000  47        BRK                             A:66 X:47 Y:33 P:35 SP:93 CYC: 62
0000  47        BRK                             A:66 X:47 Y:33 P:35 SP:90 CYC: 68
0000  47        BRK                             A:66 X:47 Y:33 P:35 SP:8D CYC: 74
0000  47        BRK                             A:66 X:47 Y:33 P:35 SP:8A CYC: 80
0000  47        BRK                             A:66 X:47 Y:33 P:35 SP:87 CYC: 86
0000  47        BRK                             A:66 X:47 Y:33 P:35 SP:84 CYC: 92
0000  47        BRK                             A:66 X:47 Y:33 P:35 SP:81 CYC: 98
0000  47        BRK                             A:66 X:47 Y:33 P:35 SP:7E CYC:104
0000  47        BRK                             A:66 X:47 Y:33 P:35 SP:7B CYC:110
0000  47        BRK                             A:66 X:47 Y:33 P:35 SP:78 CYC:116
0000  47        BRK                             A:66 X:47 Y:33 P:35 SP:75 CYC:122
0000  47        BRK                             A:66 X:47 Y:33 P:35 SP:72 CYC:128
0000  47        BRK                             A:66 X:47 Y:33 P:35 SP:6F CYC:134
0000  47        BRK                             A:66 X:47 Y:33 P:35 SP:6C CYC:140
0000  47        BRK                             A:66 X:47 Y:33 P:35 SP:69 CYC:146
0000  47        BRK                             A:66 X:47 Y:33 P:35 SP:66 CYC:152
0000  47        BRK                             A:66 X:47 Y:33 P:35 SP:63 CYC:158
0000  47        BRK                             A:66 X:47 Y:33 P:35 SP:60 CYC:164
0000  47        BRK                             A:66 X:47 Y:33 P:35 SP:5D CYC:170
0000  47        BRK                             A:66 X:47 Y:33 P:35 SP:5A CYC:176
0000  47        BRK                             A:66 X:47 Y:33 P:35 SP:57 CYC:182
0000  47        BRK                             A:66 X:47 Y:33 P:35 SP:54 CYC:188
0000  47        BRK                             A:66 X:47 Y:33 P:35 SP:51 CYC:194
0000  47        BRK                             A:66 X:47 Y:33 P:35 SP:4E CYC:200
0000  47        BRK                             A:66 X:47 Y:33 P:35 SP:4B CYC:206
0000  47        BRK                             A:66 X:47 Y:33 P:35 SP:48 CYC:212
0000  47        BRK                             A:66 X:47 Y:33 P:35 SP:45 CYC:218
0000  47        BRK                             A:66 X:47 Y:33 P:35 SP:42 CYC:224
0000  47        BRK                             A:66 X:47 Y:33 P:35 SP:3F CYC:230
0000  47        BRK                             A:66 X:47 Y:33 P:35 SP:3C CYC:236
0000  47        BRK                             A:66 X:47 Y:33 P:35 SP:39 CYC:242
0000  47        BRK                             A:66 X:47 Y:33 P:35 SP:36 CYC:248
0000  47        BRK                             A:66 X:47 Y:33 P:35 SP:33 CYC:254
0000  47        BRK                             A:66 X:47 Y:33 P:35 SP:30 CYC:260
0000  47        BRK                             A:66 X:47 Y:33 P:35 SP:2D CYC:266
0000  47        BRK                             A:66 X:47 Y:33 P:35 SP:2A CYC:272
0000  47        BRK                             A:66 X:47 Y:33 P:35 SP:27 CYC:278
0000  47        BRK                             A:66 X:47 Y:33 P:35 SP:24 CYC:284
0000  47        BRK                             A:66 X:47 Y:33 P:35 SP:21 CYC:290
0000  47        BRK                             A:66 X:47 Y:33 P:35 SP:1E CYC:296
0000  47        BRK                             A:66 X:47 Y:33 P:35 SP:1B CYC:302
0000  47        BRK                             A:66 X:47 Y:33 P:35 SP:18 CYC:308
0000  47        BRK                             A:66 X:47 Y:33 P:35 SP:15 CYC:314
0000  47        BRK                             A:66 X:47 Y:33 P:35 SP:12 CYC:320
0000  47        BRK                             A:66 X:47 Y:33 P:35 SP:0F CYC:326
0000  47        BRK                             A:66 X:47 Y:33 P:35 SP:0C CYC:332
0000  47        BRK                             A:66 X:47 Y:33 P:35 SP:09 CYC:338
0000  47        BRK                             A:66 X:47 Y:33 P:35 SP:06 CYC:  3
0000  47        BRK                             A:66 X:47 Y:33 P:35 SP:03 CYC:  9
0000  47        BRK                             A:66 X:47 Y:33 P:35 SP:00 CYC: 15
0000  47        BRK                             A:66 X:47 Y:33 P:35 SP:FD CYC: 21
0000  47        BRK                             A:66 X:47 Y:33 P:35 SP:FA CYC: 27
0000  47        BRK                             A:66 X:47 Y:33 P:35 SP:F7 CYC: 33
0000  47        BRK                             A:66 X:47 Y:33 P:35 SP:F4 CYC: 39
0000  47        BRK                             A:66 X:47 Y:33 P:35 SP:F1 CYC: 45
0000  47        BRK                             A:66 X:47 Y:33 P:35 SP:EE CYC: 51
0000  47        BRK                             A:66 X:47 Y:33 P:35 SP:EB CYC: 57
0000  47        BRK                             A:66 X:47 Y:33 P:35 SP:E8 CYC: 63
0000  47        BRK                             A:66 X:47 Y:33 P:35 SP:E5 CYC: 69
0000  47        BRK                             A:66 X:47 Y:33 P:35 SP:E2 CYC: 75
0000  47        BRK                             A:66 X:47 Y:33 P:35 SP:DF CYC: 81
0000  47        BRK                             A:66 X:47 Y:33 P:35 SP:DC CYC: 87
0000  47        BRK                             A:66 X:47 Y:33 P:35 SP:D9 CYC: 93
0000  47        BRK                             A:66 X:47 Y:33 P:35 SP:D6 CYC: 99
0000  47        BRK                             A:66 X:47 Y:33 P:35 SP:D3 CYC:105
0000  47        BRK                             A:66 X:47 Y:33 P:35 SP:D0 CYC:111
0000  47        BRK                             A:66 X:47 Y:33 P:35 SP:CD CYC:117
0000  47        BRK                             A:66 X:47 Y:33 P:35 SP:CA CYC:123
0000  47        BRK                             A:66 X:47 Y:33 P:35 SP:C7 CYC:129
0000  47        BRK                             A:66 X:47 Y:33 P:35 SP:C4 CYC:135
0000  47        BRK                             A:66 X:47 Y:33 P:35 SP:C1 CYC:141
0000  47        BRK                             A:66 X:47 Y:33 P:35 SP:BE CYC:147
0000  47        BRK                             A:66 X:47 Y:33 P:35 SP:BB CYC:153
0000  47        BRK                             A:66 X:47 Y:33 P:35 SP:B8 CYC:159
0000  47        BRK                             A:66 X:47 Y:33 P:35 SP:B5 CYC:165
0000  47        BRK                             A:66 X:47 Y:33 P:35 SP:B2 CYC:171
0000  47        BRK                             A:66 X:47 Y:33 P:35 SP:AF CYC:177
0000  47        BRK                             A:66 X:47 Y:33 P:35 SP:AC CYC:183
0000  47        BRK                             A:66 X:47 Y:33 P:35 SP:A9 CYC:189
0000  47        BRK                             A:66 X:47 Y:33 P:35 SP:A6 CYC:195
0000  47        BRK                             A:66 X:47 Y:33 P:35 SP:A3 CYC:201
0000  47        BRK                             A:66 X:47 Y:33 P:35 SP:A0 CYC:207
0000  47        BRK                             A:66 X:47 Y:33 P:35 SP:9D CYC:213
0000  47        BRK                             A:66 X:47 Y:33 P:35 SP:9A CYC:219
0000  47        BRK                             A:66 X:47 Y:33 P:35 SP:97 CYC:225
0000  47        BRK                             A:66 X:47 Y:33 P:35 SP:94 CYC:231
0000  47        BRK                             A:66 X:47 Y:33 P:35 SP:91 CYC:237
0000  47        BRK                             A:66 X:47 Y:33 P:35 SP:8E CYC:243
0000  47        BRK                             A:66 X:47 Y:33 P:35 SP:8B CYC:249
0000  47        BRK                             A:66 X:47 Y:33 P:35 SP:88 CYC:255
0000  47        BRK                             A:66 X:47 Y:33 P:35 SP:85 CYC:261
0000  47        BRK                             A:66 X:47 Y:33 P:35 SP:82 CYC:267
0000  47        BRK                             A:66 X:47 Y:33 P:35 SP:7F CYC:273
0000  47        BRK                             A:66 X:47 Y:33 P:35 SP:7C CYC:279
0000  47        BRK                             A:66 X:47 Y:33 P:35 SP:79 CYC:285
0000  47        BRK                             A:66 X:47 Y:33 P:35 SP:76 CYC:291
0000  47        BRK                             A:66 X:47 Y:33 P:35 SP:73 CYC:297
0000  47        BRK                             A:66 X:47 Y:33 P:35 SP:70 CYC:303
0000  47        BRK                             A:66 X:47 Y:33 P:35 SP:6D CYC:309
0000  47        BRK                             A:66 X:47 Y:33 P:35 SP:6A CYC:315
0000  47        BRK                             A:66 X:47 Y:33 P:35 SP:67 CYC:321
0000  47        BRK                             A:66 X:47 Y:33 P:35 SP:64 CYC:327
0000  47        BRK                             A:66 X:47 Y:33 P:35 SP:61 CYC:333
0000  47        BRK                             A:66 X:47 Y:33 P:35 SP:5E CYC:339
0000  47        BRK                             A:66 X:47 Y:33 P:35 SP:5B CYC:  4
0000  47        BRK                             A:66 X:47 Y:33 P:35 SP:58 CYC: 10
0000  47        BRK                             A:66 X:47 Y:33 P:35 SP:55 CYC: 16
0000  47        BRK                             A:66 X:47 Y:33 P:35 SP:52 CYC: 22
0000  47        BRK                             A:66 X:47 Y:33 P:35 SP:4F CYC: 28
0000  47        BRK                             A:66 X:47 Y:33 P:35 SP:4C CYC: 34
0000  47        BRK                             A:66 X:47 Y:33 P:35 SP:49 CYC: 40
0000  47        BRK                             A:66 X:47 Y:33 P:35 SP:46 CYC: 46
0000  47        BRK                             A:66 X:47 Y:33 P:35 SP:43 CYC: 52
0000  47        BRK                             A:66 X:47 Y:33 P:35 SP:40 CYC: 58
0000  47        BRK                             A:66 X:47 Y:33 P:35 SP:3D CYC: 64
0000  47        BRK                             A:66 X:47 Y:33 P:35 SP:3A CYC: 70
0000  47        BRK                             A:66 X:47 Y:33 P:35 SP:37 CYC: 76
0000  47        BRK                             A:66 X:47 Y:33 P:35 SP:34 CYC: 82
0000  47        BRK                             A:66 X:47 Y:33 P:35 SP:31 CYC: 88
0000  47        BRK                             A:66 X:47 Y:33 P:35 SP:2E CYC: 94
0000  47        BRK                             A:66 X:47 Y:33 P:35 SP:2B CYC:100
0000  47        BRK                             A:66 X:47 Y:33 P:35 SP:28 CYC:106
0000  47        BRK                             A:66 X:47 Y:33 P:35 SP:25 CYC:112
0000  47        BRK                             A:66 X:47 Y:33 P:35 SP:22 CYC:118
0000  47        BRK                             A:66 X:47 Y:33 P:35 SP:1F CYC:124
0000  47        BRK                             A:66 X:47 Y:33 P:35 SP:1C CYC:130
0000  47        BRK                             A:66 X:47 Y:33 P:35 SP:19 CYC:136
0000  47        BRK                             A:66 X:47 Y:33 P:35 SP:16 CYC:142
0000  47        BRK                             A:66 X:47 Y:33 P:35 SP:13 CYC:148
0000  47        BRK                             A:66 X:47 Y:33 P:35 SP:10 CYC:154
0000  47        BRK                             A:66 X:47 Y:33 P:35 SP:0D CYC:160
0000  47        BRK                             A:66 X:47 Y:33 P:35 SP:0A CYC:166
0000  47        BRK                             A:66 X:47 Y:33 P:35 SP:07 CYC:172
0000  47        BRK                             A:66 X:47 Y:33 P:35 SP:04 CYC:178
0000  47        BRK                             A:66 X:47 Y:33 P:35 SP:01 CYC:184
0000  47        BRK                             A:66 X:47 Y:33 P:35 SP:FE CYC:190
0000  47        BRK                             A:66 X:47 Y:33 P:35 SP:FB CYC:196
0000  47        BRK                             A:66 X:47 Y:33 P:35 SP:F8 CYC:202
0000  47        BRK                             A:66 X:47 Y:33 P:35 SP:F5 CYC:208
0000  47        BRK                             A:66 X:47 Y:33 P:35 SP:F2 CYC:214
0000  47        BRK                             A:66 X:47 Y:33 P:35 SP:EF CYC:220
0000  47        BRK                             A:66 X:47 Y:33 P:35 SP:EC CYC:226
0000  47        BRK                             A:66 X:47 Y:33 P:35 SP:E9 CYC:232
0000  47        BRK                             A:66 X:47 Y:33 P:35 SP:E6 CYC:238
0000  47        BRK                             A:66 X:47 Y:33 P:35 SP:E3 CYC:244
0000  47        BRK                             A:66 X:47 Y:33 P:35 SP:E0 CYC:250
0000  47        BRK                             A:66 X:47 Y:33 P:35 SP:DD CYC:256
0000  47        BRK                             A:66 X:47 Y:33 P:35 SP:DA CYC:262
0000  47        BRK                             A:66 X:47 Y:33 P:35 SP:D7 CYC:268
0000  47        BRK                             A:66 X:47 Y:33 P:35 SP:D4 CYC:274
0000  47        BRK                             A:66 X:47 Y:33 P:35 SP:D1 CYC:280
0000  47        BRK                             A:66 X:47 Y:33 P:35 SP:CE CYC:286
0000  47        BRK                             A:66 X:47 Y:33 P:35 SP:CB CYC:292
0000  47        BRK                             A:66 X:47 Y:33 P:35 SP:C8 CYC:298
0000  47        BRK                             A:66 X:47 Y:33 P:35 SP:C5 CYC:304
0000  47        BRK                             A:66 X:47 Y:33 P:35 SP:C2 CYC:310
0000  47        BRK                             A:66 X:47 Y:33 P:35 SP:BF CYC:316
0000  47        BRK                             A:66 X:47 Y:33 P:35 SP:BC CYC:322
0000  47        BRK                             A:66 X:47 Y:33 P:35 SP:B9 CYC:328
0000  47        BRK                             A:66 X:47 Y:33 P:35 SP:B6 CYC:334
0000  47        BRK                             A:66 X:47 Y:33 P:35 SP:B3 CYC:340
0000  47        BRK                             A:66 X:47 Y:33 P:35 SP:B0 CYC:  5
0000  47        BRK                             A:66 X:47 Y:33 P:35 SP:AD CYC: 11
0000  47        BRK                             A:66 X:47 Y:33 P:35 SP:AA CYC: 17
0000  47        BRK                             A:66 X:47 Y:33 P:35 SP:A7 CYC: 23
0000  47        BRK                             A:66 X:47 Y:33 P:35 SP:A4 CYC: 29
0000  47        BRK                             A:66 X:47 Y:33 P:35 SP:A1 CYC: 35
0000  47        BRK                             A:66 X:47 Y:33 P:35 SP:9E CYC: 41
0000  47        BRK                             A:66 X:47 Y:33 P:35 SP:9B CYC: 47
0000  47        BRK                             A:66 X:47 Y:33 P:35 SP:98 CYC: 53
0000  47        BRK                             A:66 X:47 Y:33 P:35 SP:95 CYC: 59
0000  47        BRK                             A:66 X:47 Y:33 P:35 SP:92 CYC: 65
0000  47        BRK                             A:66 X:47 Y:33 P:35 SP:8F CYC: 71
0000  47        BRK                             A:66 X:47 Y:33 P:35 SP:8C CYC: 77
0000  47        BRK                             A:66 X:47 Y:33 P:35 SP:89 CYC: 83
0000  47        BRK                             A:66 X:47 Y:33 P:35 SP:86 CYC: 89
0000  47        BRK                             A:66 X:47 Y:33 P:35 SP:83 CYC: 95
0000  47        BRK                             A:66 X:47 Y:33 P:35 SP:80 CYC:101
0000  47        BRK                             A:66 X:47 Y:33 P:35 SP:7D CYC:107
0000  47        BRK                             A:66 X:47 Y:33 P:35 SP:7A CYC:113
0000  47        BRK                             A:66 X:47 Y:33 P:35 SP:77 CYC:119
0000  47        BRK                             A:66 X:47 Y:33 P:35 SP:74 CYC:125
0000  47        BRK                             A:66 X:47 Y:33 P:35 SP:71 CYC:131
0000  47        BRK                             A:66 X:47 Y:33 P:35 SP:6E CYC:137
0000  47        BRK                             A:66 X:47 Y:33 P:35 SP:6B CYC:143
0000  47        BRK                             A:66 X:47 Y:33 P:35 SP:68 CYC:149
0000  47        BRK                             A:66 X:47 Y:33 P:35 SP:65 CYC:155
0000  47        BRK                             A:66 X:47 Y:33 P:35 SP:62 CYC:161
0000  47        BRK                             A:66 X:47 Y:33 P:35 SP:5F CYC:167
0000  47        BRK                             A:66 X:47 Y:33 P:35 SP:5C CYC:173
0000  47        BRK                             A:66 X:47 Y:33 P:35 SP:59 CYC:179
0000  47        BRK                             A:66 X:47 Y:33 P:35 SP:56 CYC:185
0000  47        BRK                             A:66 X:47 Y:33 P:35 SP:53 CYC:191
0000  47        BRK                             A:66 X:47 Y:33 P:35 SP:50 CYC:197
0000  47        BRK                             A:66 X:47 Y:33 P:35 SP:4D CYC:203
0000  47        BRK                             A:66 X:47 Y:33 P:35 SP:4A CYC:209
0000  47        BRK                             A:66 X:47 Y:33 P:35 SP:47 CYC:215
0000  47        BRK                             A:66 X:47 Y:33 P:35 SP:44 CYC:221
0000  47        BRK                             A:66 X:47 Y:33 P:35 SP:41 CYC:227
0000  47        BRK                             A:66 X:47 Y:33 P:35 SP:3E CYC:233
0000  47        BRK                             A:66 X:47 Y:33 P:35 SP:3B CYC:239
0000  47        BRK                             A:66 X:47 Y:33 P:35 SP:38 CYC:245
0000  47        BRK                             A:66 X:47 Y:33 P:35 SP:35 CYC:251
0000  47        BRK                             A:66 X:47 Y:33 P:35 SP:32 CYC:257
0000  47        BRK                             A:66 X:47 Y:33 P:35 SP:2F CYC:263
0000  47        BRK                             A:66 X:47 Y:33 P:35 SP:2C CYC:269
0000  47        BRK                             A:66 X:47 Y:33 P:35 SP:29 CYC:275
0000  47        BRK                             A:66 X:47 Y:33 P:35 SP:26 CYC:281
0000  47        BRK                             A:66 X:47 Y:33 P:35 SP:23 CYC:287
0000  47        BRK                             A:66 X:47 Y:33 P:35 SP:20 CYC:293
0000  47        BRK                             A:66 X:47 Y:33 P:35 SP:1D CYC:299
0000  47        BRK                             A:66 X:47 Y:33 P:35 SP:1A CYC:305
0000  47        BRK                             A:66 X:47 Y:33 P:35 SP:17 CYC:311
0000  47        BRK                             A:66 X:47 Y:33 P:35 SP:14 CYC:317
0000  47        BRK                             A:66 X:47 Y:33 P:35 SP:11 CYC:323
0000  47        BRK                             A:66 X:47 Y:33 P:35 SP:0E CYC:329
0000  47        BRK                             A:66 X:47 Y:33 P:35 SP:0B CYC:335
0000  47        BRK                             A:66 X:47 Y:33 P:35 SP:08 CYC:  0
0000  47        BRK                             A:66 X:47 Y:33 P:35 SP:05 CYC:  6
0000  47        BRK                             A:66 X:47 Y:33 P:35 SP:02 CYC: 12
0000  47        BRK                             A:66 X:47 Y:33 P:35 SP:FF CYC: 18
0000  47        BRK                             A:66 X:47 Y:33 P:35 SP:FC CYC: 24
0000  47        BRK                             A:66 X:47 Y:33 P:35 SP:F9 CYC: 30
0000  47        BRK                             A:66 X:47 Y:33 P:35 SP:F6 CYC: 36
0000  47        BRK                             A:66 X:47 Y:33 P:35 SP:F3 CYC: 42
0000  47        BRK                             A:66 X:47 Y:33 P:35 SP:F0 CYC: 48
0000  47        BRK                             A:66 X:47 Y:33 P:35 SP:ED CYC: 54
0000  47        BRK                             A:66 X:47 Y:33 P:35 SP:EA CYC: 60
0000  47        BRK                             A:66 X:47 Y:33 P:35 SP:E7 CYC: 66
0000  47        BRK                             A:66 X:47 Y:33 P:35 SP:E4 CYC: 72
0000  47        BRK                             A:66 X:47 Y:33 P:35 SP:E1 CYC: 78
0000  47        BRK                             A:66 X:47 Y:33 P:35 SP:DE CYC: 84
0000  47        BRK                             A:66 X:47 Y:33 P:35 SP:DB CYC: 90
0000  47        BRK                             A:66 X:47 Y:33 P:35 SP:D8 CYC: 96
0000  47        BRK                             A:66 X:47 Y:33 P:35 SP:D5 CYC:102
0000  47        BRK                             A:66 X:47 Y:33 P:35 SP:D2 CYC:108
0000  47        BRK                             A:66 X:47 Y:33 P:35 SP:CF CYC:114
0000  47        BRK                             A:66 X:47 Y:33 P:35 SP:CC CYC:120
0000  47        BRK                             A:66 X:47 Y:33 P:35 SP:C9 CYC:126
0000  47        BRK                             A:66 X:47 Y:33 P:35 SP:C6 CYC:132
0000  47        BRK                             A:66 X:47 Y:33 P:35 SP:C3 CYC:138
0000  47        BRK                             A:66 X:47 Y:33 P:35 SP:C0 CYC:144
0000  47        BRK                             A:66 X:47 Y:33 P:35 SP:BD CYC:150
0000  47        BRK                             A:66 X:47 Y:33 P:35 SP:BA CYC:156
0000  47        BRK                             A:66 X:47 Y:33 P:35 SP:B7 CYC:162
0000  47        BRK                             A:66 X:47 Y:33 P:35 SP:B4 CYC:168
0000  47        BRK                             A:66 X:47 Y:33 P:35 SP:B1 CYC:174
0000  47        BRK                             A:66 X:47 Y:33 P:35 SP:AE CYC:180
0000  47        BRK                             A:66 X:47 Y:33 P:35 SP:AB CYC:186
0000  47        BRK                             A:66 X:47 Y:33 P:35 SP:A8 CYC:192
0000  47        BRK                             A:66 X:47 Y:33 P:35 SP:A5 CYC:198
0000  47        BRK                             A:66 X:47 Y:33 P:35 SP:A2 CYC:204
0000  47        BRK                             A:66 X:47 Y:33 P:35 SP:9F CYC:210
0000  47        BRK                             A:66 X:47 Y:33 P:35 SP:9C CYC:216
0000  47        BRK                             A:66 X:47 Y:33 P:35 SP:99 CYC:222
0000  47        BRK                             A:66 X:47 Y:33 P:35 SP:96 CYC:228
0000  47        BRK                             A:66 X:47 Y:33 P:35 SP:93 CYC:234
0000  47        BRK                             A:66 X:47 Y:33 P:35 SP:90 CYC:240
0000  47        BRK                             A:66 X:47 Y:33 P:35 SP:8D CYC:246
0000  47        BRK                             A:66 X:47 Y:33 P:35 SP:8A CYC:252
0000  47        BRK                             A:66 X:47 Y:33 P:35 SP:87 CYC:258
0000  47        BRK                             A:66 X:47 Y:33 P:35 SP:84 CYC:264
0000  47        BRK                             A:66 X:47 Y:33 P:35 SP:81 CYC:270
0000  47        BRK                             A:66 X:47 Y:33 P:35 SP:7E CYC:276
0000  47        BRK                             A:66 X:47 Y:33 P:35 SP:7B CYC:282
0000  47        BRK                             A:66 X:47 Y:33 P:35 SP:78 CYC:288
0000  47        BRK                             A:66 X:47 Y:33 P:35 SP:75 CYC:294
0000  47        BRK                             A:66 X:47 Y:33 P:35 SP:72 CYC:300
0000  47        BRK                             A:66 X:47 Y:33 P:35 SP:6F CYC:306
0000  47        BRK                             A:66 X:47 Y:33 P:35 SP:6C CYC:312
0000  47        BRK                             A:66 X:47 Y:33 P:35 SP:69 CYC:318
0000  47        BRK                             A:66 X:47 Y:33 P:35 SP:66 CYC:324
0000  47        BRK                             A:66 X:47 Y:33 P:35 SP:63 CYC:330
0000  47        BRK                             A:66 X:47 Y:33 P:35 SP:60 CYC:336
0000  47        BRK                             A:66 X:47 Y:33 P:35 SP:5D CYC:  1
0000  47        BRK                             A:66 X:47 Y:33 P:35 SP:5A CYC:  7
0000  47        BRK                             A:66 X:47 Y:33 P:35 SP:57 CYC: 13
0000  47        BRK                             A:66 X:47 Y:33 P:35 SP:54 CYC: 19
0000  47        BRK                             A:66 X:47 Y:33 P:35 SP:51 CYC: 25
0000  47        BRK                             A:66 X:47 Y:33 P:35 SP:4E CYC: 31
0000  47        BRK                             A:66 X:47 Y:33 P:35 SP:4B CYC: 37
0000  47        BRK                             A:66 X:47 Y:33 P:35 SP:48 CYC: 43
0000  47        BRK                             A:66 X:47 Y:33 P:35 SP:45 CYC: 49
0000  47        BRK                             A:66 X:47 Y:33 P:35 SP:42 CYC: 55
0000  47        BRK                             A:66 X:47 Y:33 P:35 SP:3F CYC: 61
0000  47        BRK                             A:66 X:47 Y:33 P:35 SP:3C CYC: 67
0000  47        BRK                             A:66 X:47 Y:33 P:35 SP:39 CYC: 73
0000  47        BRK                             A:66 X:47 Y:33 P:35 SP:36 CYC: 79
0000  47        BRK                             A:66 X:47 Y:33 P:35 SP:33 CYC: 85
0000  47        BRK                             A:66 X:47 Y:33 P:35 SP:30 CYC: 91
0000  47        BRK                             A:66 X:47 Y:33 P:35 SP:2D CYC: 97
0000  47        BRK                             A:66 X:47 Y:33 P:35 SP:2A CYC:103
0000  47        BRK                             A:66 X:47 Y:33 P:35 SP:27 CYC:109
0000  47        BRK                             A:66 X:47 Y:33 P:35 SP:24 CYC:115
0000  47        BRK                             A:66 X:47 Y:33 P:35 SP:21 CYC:121
0000  47        BRK                             A:66 X:47 Y:33 P:35 SP:1E CYC:127
0000  47        BRK                             A:66 X:47 Y:33 P:35 SP:1B CYC:133
0000  47        BRK                             A:66 X:47 Y:33 P:35 SP:18 CYC:139
0000  47        BRK                             A:66 X:47 Y:33 P:35 SP:15 CYC:145
0000  47        BRK                             A:66 X:47 Y:33 P:35 SP:12 CYC:151
0000  47        BRK                             A:66 X:47 Y:33 P:35 SP:0F CYC:157
0000  47        BRK                             A:66 X:47 Y:33 P:35 SP:0C CYC:163
0000  47        BRK                             A:66 X:47 Y:33 P:35 SP:09 CYC:169
0000  47        BRK                             A:66 X:47 Y:33 P:35 SP:06 CYC:175
0000  47        BRK                             A:66 X:47 Y:33 P:35 SP:03 CYC:181
0000  47        BRK                             A:66 X:47 Y:33 P:35 SP:00 CYC:187
0000  47        BRK                             A:66 X:47 Y:33 P:35 SP:FD CYC:193
0000  47        BRK                             A:66 X:47 Y:33 P:35 SP:FA CYC:199
0000  47        BRK                             A:66 X:47 Y:33 P:35 SP:F7 CYC:205
0000  47        BRK                             A:66 X:47 Y:33 P:35 SP:F4 CYC:211
0000  47        BRK                             A:66 X:47 Y:33 P:35 SP:F1 CYC:217
0000  47        BRK                             A:66 X:47 Y:33 P:35 SP:EE CYC:223
0000  47        BRK                             A:66 X:47 Y:33 P:35 SP:EB CYC:229
0000  47        BRK                             A:66 X:47 Y:33 P:35 SP:E8 CYC:235
0000  47        BRK                             A:66 X:47 Y:33 P:35 SP:E5 CYC:241
0000  47        BRK                             A:66 X:47 Y:33 P:35 SP:E2 CYC:247
0000  47        BRK                             A:66 X:47 Y:33 P:35 SP:DF CYC:253
0000  47        BRK                             A:66 X:47 Y:33 P:35 SP:DC CYC:259
0000  47        BRK                             A:66 X:47 Y:33 P:35 SP:D9 CYC:265
0000  47        BRK                             A:66 X:47 Y:33 P:35 SP:D6 CYC:271
0000  47        BRK                             A:66 X:47 Y:33 P:35 SP:D3 CYC:277
0000  47        BRK                             A:66 X:47 Y:33 P:35 SP:D0 CYC:283
0000  47        BRK                             A:66 X:47 Y:33 P:35 SP:CD CYC:289
0000  47        BRK                             A:66 X:47 Y:33 P:35 SP:CA CYC:295
0000  47        BRK                             A:66 X:47 Y:33 P:35 SP:C7 CYC:301
0000  47        BRK                             A:66 X:47 Y:33 P:35 SP:C4 CYC:307
0000  47        BRK                             A:66 X:47 Y:33 P:35 SP:C1 CYC:313
0000  47        BRK                             A:66 X:47 Y:33 P:35 SP:BE CYC:319
0000  47        BRK                             A:66 X:47 Y:33 P:35 SP:BB CYC:325
0000  47        BRK                             A:66 X:47 Y:33 P:35 SP:B8 CYC:331
0000  47        BRK                             A:66 X:47 Y:33 P:35 SP:B5 CYC:337
0000  47        BRK                             A:66 X:47 Y:33 P:35 SP:B2 CYC:  2
0000  47        BRK                             A:66 X:47 Y:33 P:35 SP:AF CYC:  8
0000  47        BRK                             A:66 X:47 Y:33 P:35 SP:AC CYC: 14
0000  47        BRK                             A:66 X:47 Y:33 P:35 SP:A9 CYC: 20
0000  47        BRK                             A:66 X:47 Y:33 P:35 SP:A6 CYC: 26
0000  47        BRK                             A:66 X:47 Y:33 P:35 SP:A3 CYC: 32
0000  47        BRK                             A:66 X:47 Y:33 P:35 SP:A0 CYC: 38
0000  47        BRK                             A:66 X:47 Y:33 P:35 SP:9D CYC: 44
0000  47        BRK                             A:66 X:47 Y:33 P:35 SP:9A CYC: 50
0000  47        BRK                             A:66 X:47 Y:33 P:35 SP:97 CYC: 56
0000  47        BRK                             A:66 X:47 Y:33 P:35 SP:94 CYC: 62
0000  47        BRK                             A:66 X:47 Y:33 P:35 SP:91 CYC: 68
0000  47        BRK                             A:66 X:47 Y:33 P:35 SP:8E CYC: 74
0000  47        BRK                             A:66 X:47 Y:33 P:35 SP:8B CYC: 80
0000  47        BRK                             A:66 X:47 Y:33 P:35 SP:88 CYC: 86
0000  47        BRK                             A:66 X:47 Y:33 P:35 SP:85 CYC: 92
0000  47        BRK                             A:66 X:47 Y:33 P:35 SP:82 CYC: 98
0000  47        BRK                             A:66 X:47 Y:33 P:35 SP:7F CYC:104
0000  47        BRK                             A:66 X:47 Y:33 P:35 SP:7C CYC:110
0000  47        BRK                             A:66 X:47 Y:33 P:35 SP:79 CYC:116
0000  47        BRK                             A:66 X:47 Y:33 P:35 SP:76 CYC:122
0000  47        BRK                             A:66 X:47 Y:33 P:35 SP:73 CYC:128
0000  47        BRK                             A:66 X:47 Y:33 P:35 SP:70 CYC:134
0000  47        BRK                             A:66 X:47 Y:33 P:35 SP:6D CYC:140
0000  47        BRK                             A:66 X:47 Y:33 P:35 SP:6A CYC:146
0000  47        BRK                             A:66 X:47 Y:33 P:35 SP:67 CYC:152
0000  47        BRK                             A:66 X:47 Y:33 P:35 SP:64 CYC:158
0000  47        BRK                             A:66 X:47 Y:33 P:35 SP:61 CYC:164
0000  47        BRK                             A:66 X:47 Y:33 P:35 SP:5E CYC:170
0000  47        BRK                             A:66 X:47 Y:33 P:35 SP:5B CYC:176
0000  47        BRK                             A:66 X:47 Y:33 P:35 SP:58 CYC:182
0000  47        BRK                             A:66 X:47 Y:33 P:35 SP:55 CYC:188
0000  47        BRK                             A:66 X:47 Y:33 P:35 SP:52 CYC:194
0000  47        BRK                             A:66 X:47 Y:33 P:35 SP:4F CYC:200
0000  47        BRK                             A:66 X:47 Y:33 P:35 SP:4C CYC:206
0000  47        BRK                             A:66 X:47 Y:33 P:35 SP:49 CYC:212
0000  47        BRK                             A:66 X:47 Y:33 P:35 SP:46 CYC:218
0000  47        BRK                             A:66 X:47 Y:33 P:35 SP:43 CYC:224
0000  47        BRK                             A:66 X:47 Y:33 P:35 SP:40 CYC:230
0000  47        BRK                             A:66 X:47 Y:33 P:35 SP:3D CYC:236
0000  47        BRK                             A:66 X:47 Y:33 P:35 SP:3A CYC:242
0000  47        BRK                             A:66 X:47 Y:33 P:35 SP:37 CYC:248
0000  47        BRK                             A:66 X:47 Y:33 P:35 SP:34 CYC:254
0000  47        BRK                             A:66 X:47 Y:33 P:35 SP:31 CYC:260
0000  47        BRK                             A:66 X:47 Y:33 P:35 SP:2E CYC:266
0000  47        BRK                             A:66 X:47 Y:33 P:35 SP:2B CYC:272
0000  47        BRK                             A:66 X:47 Y:33 P:35 SP:28 CYC:278
0000  47        BRK                             A:66 X:47 Y:33 P:35 SP:25 CYC:284
0000  47        BRK                             A:66 X:47 Y:33 P:35 SP:22 CYC:290
0000  47        BRK                             A:66 X:47 Y:33 P:35 SP:1F CYC:296
0000  47        BRK                             A:66 X:47 Y:33 P:35 SP:1C CYC:302
0000  47        BRK                             A:66 X:47 Y:33 P:35 SP:19 CYC:308
0000  47        BRK                             A:66 X:47 Y:33 P:35 SP:16 CYC:314
0000  47        BRK                             A:66 X:47 Y:33 P:35 SP:13 CYC:320
0000  47        BRK                             A:66 X:47 Y:33 P:35 SP:10 CYC:326
0000  47        BRK                             A:66 X:47 Y:33 P:35 SP:0D CYC:332
0000  47        BRK                             A:66 X:47 Y:33 P:35 SP:0A CYC:338
0000  47        BRK                             A:66 X:47 Y:33 P:35 SP:07 CYC:  3
0000  47        BRK                             A:66 X:47 Y:33 P:35 SP:04 CYC:  9
0000  47        BRK                             A:66 X:47 Y:33 P:35 SP:01 CYC: 15
0000  47        BRK                             A:66 X:47 Y:33 P:35 SP:FE CYC: 21
0000  47        BRK                             A:66 X:47 Y:33 P:35 SP:FB CYC: 27
0000  47        BRK                             A:66 X:47 Y:33 P:35 SP:F8 CYC: 33
0000  47        BRK                             A:66 X:47 Y:33 P:35 SP:F5 CYC: 39
0000  47        BRK                             A:66 X:47 Y:33 P:35 SP:F2 CYC: 45
0000  47        BRK                             A:66 X:47 Y:33 P:35 SP:EF CYC: 51
0000  47        BRK                             A:66 X:47 Y:33 P:35 SP:EC CYC: 57
0000  47        BRK                             A:66 X:47 Y:33 P:35 SP:E9 CYC: 63
0000  47        BRK                             A:66 X:47 Y:33 P:35 SP:E6 CYC: 69
0000  47        BRK                             A:66 X:47 Y:33 P:35 SP:E3 CYC: 75
0000  47        BRK                             A:66 X:47 Y:33 P:35 SP:E0 CYC: 81
0000  47        BRK                             A:66 X:47 Y:33 P:35 SP:DD CYC: 87
0000  47        BRK                             A:66 X:47 Y:33 P:35 SP:DA CYC: 93
0000  47        BRK                             A:66 X:47 Y:33 P:35 SP:D7 CYC: 99
0000  47        BRK                             A:66 X:47 Y:33 P:35 SP:D4 CYC:105
0000  47        BRK                             A:66 X:47 Y:33 P:35 SP:D1 CYC:111
0000  47        BRK                             A:66 X:47 Y:33 P:35 SP:CE CYC:117
0000  47        BRK                             A:66 X:47 Y:33 P:35 SP:CB CYC:123
0000  47        BRK                             A:66 X:47 Y:33 P:35 SP:C8 CYC:129
0000  47        BRK                             A:66 X:47 Y:33 P:35 SP:C5 CYC:135
0000  47        BRK                             A:66 X:47 Y:33 P:35 SP:C2 CYC:141
0000  47        BRK                             A:66 X:47 Y:33 P:35 SP:BF CYC:147
0000  47        BRK                             A:66 X:47 Y:33 P:35 SP:BC CYC:153
0000  47        BRK                             A:66 X:47 Y:33 P:35 SP:B9 CYC:159
0000  47        BRK                             A:66 X:47 Y:33 P:35 SP:B6 CYC:165
0000  47        BRK                             A:66 X:47 Y:33 P:35 SP:B3 CYC:171
0000  47        BRK                             A:66 X:47 Y:33 P:35 SP:B0 CYC:177
0000  47        BRK                             A:66 X:47 Y:33 P:35 SP:AD CYC:183
0000  47        BRK                             A:66 X:47 Y:33 P:35 SP:AA CYC:189
0000  47        BRK                             A:66 X:47 Y:33 P:35 SP:A7 CYC:195
0000  47        BRK                             A:66 X:47 Y:33 P:35 SP:A4 CYC:201
0000  47        BRK                             A:66 X:47 Y:33 P:35 SP:A1 CYC:207
0000  47        BRK                             A:66 X:47 Y:33 P:35 SP:9E CYC:213
0000  47        BRK                             A:66 X:47 Y:33 P:35 SP:9B CYC:219
0000  47        BRK                             A:66 X:47 Y:33 P:35 SP:98 CYC:225
0000  47        BRK                             A:66 X:47 Y:33 P:35 SP:95 CYC:231
0000  47        BRK                             A:66 X:47 Y:33 P:35 SP:92 CYC:237
0000  47        BRK                             A:66 X:47 Y:33 P:35 SP:8F CYC:243
0000  47        BRK                             A:66 X:47 Y:33 P:35 SP:8C CYC:249
0000  47        BRK                             A:66 X:47 Y:33 P:35 SP:89 CYC:255
0000  47        BRK                             A:66 X:47 Y:33 P:35 SP:86 CYC:261
0000  47        BRK                             A:66 X:47 Y:33 P:35 SP:83 CYC:267
0000  47        BRK                             A:66 X:47 Y:33 P:35 SP:80 CYC:273
0000  47        BRK                             A:66 X:47 Y:33 P:35 SP:7D CYC:279
0000  47        BRK                             A:66 X:47 Y:33 P:35 SP:7A CYC:285
0000  47        BRK                             A:66 X:47 Y:33 P:35 SP:77 CYC:291
0000  47        BRK                             A:66 X:47 Y:33 P:35 SP:74 CYC:297
0000  47        BRK                             A:66 X:47 Y:33 P:35 SP:71 CYC:303
0000  47        BRK                             A:66 X:47 Y:33 P:35 SP:6E CYC:309
0000  47        BRK                             A:66 X:47 Y:33 P:35 SP:6B CYC:315
0000  47        BRK                             A:66 X:47 Y:33 P:35 SP:68 CYC:321
0000  47        BRK                             A:66 X:47 Y:33 P:35 SP:65 CYC:327
0000  47        BRK                             A:66 X:47 Y:33 P:35 SP:62 CYC:333
0000  47        BRK                             A:66 X:47 Y:33 P:35 SP:5F CYC:339
0000  47        BRK                             A:66 X:47 Y:33 P:35 SP:5C CYC:  4
0000  47        BRK                             A:66 X:47 Y:33 P:35 SP:59 CYC: 10
0000  47        BRK                             A:66 X:47 Y:33 P:35 SP:56 CYC: 16
0000  47        BRK                             A:66 X:47 Y:33 P:35 SP:53 CYC: 22
0000  47        BRK                             A:66 X:47 Y:33 P:35 SP:50 CYC: 28
0000  47        BRK                             A:66 X:47 Y:33 P:35 SP:4D CYC: 34
0000  47        BRK                             A:66 X:47 Y:33 P:35 SP:4A CYC: 40
0000  47        BRK                             A:66 X:47 Y:33 P:35 SP:47 CYC: 46
0000  47        BRK                             A:66 X:47 Y:33 P:35 SP:44 CYC: 52
0000  47        BRK                             A:66 X:47 Y:33 P:35 SP:41 CYC: 58
0000  47        BRK                             A:66 X:47 Y:33 P:35 SP:3E CYC: 64
0000  47        BRK                             A:66 X:47 Y:33 P:35 SP:3B CYC: 70
0000  47        BRK                             A:66 X:47 Y:33 P:35 SP:38 CYC: 76
0000  47        BRK                             A:66 X:47 Y:33 P:35 SP:35 CYC: 82
0000  47        BRK                             A:66 X:47 Y:33 P:35 SP:32 CYC: 88
0000  47        BRK                             A:66 X:47 Y:33 P:35 SP:2F CYC: 94
0000  47        BRK                             A:66 X:47 Y:33 P:35 SP:2C CYC:100
0000  47        BRK                             A:66 X:47 Y:33 P:35 SP:29 CYC:106
0000  47        BRK                             A:66 X:47 Y:33 P:35 SP:26 CYC:112
0000  47        BRK                             A:66 X:47 Y:33 P:35 SP:23 CYC:118
0000  47        BRK                             A:66 X:47 Y:33 P:35 SP:20 CYC:124
0000  47        BRK                             A:66 X:47 Y:33 P:35 SP:1D CYC:130
0000  47        BRK                             A:66 X:47 Y:33 P:35 SP:1A CYC:136
0000  47        BRK                             A:66 X:47 Y:33 P:35 SP:17 CYC:142
0000  47        BRK                             A:66 X:47 Y:33 P:35 SP:14 CYC:148
0000  47        BRK                             A:66 X:47 Y:33 P:35 SP:11 CYC:154
0000  47        BRK                             A:66 X:47 Y:33 P:35 SP:0E CYC:160
0000  47        BRK                             A:66 X:47 Y:33 P:35 SP:0B CYC:166
0000  47        BRK                             A:66 X:47 Y:33 P:35 SP:08 CYC:172
0000  47        BRK                             A:66 X:47 Y:33 P:35 SP:05 CYC:178
0000  47        BRK                             A:66 X:47 Y:33 P:35 SP:02 CYC:184
0000  47        BRK                             A:66 X:47 Y:33 P:35 SP:FF CYC:190
0000  47        BRK                             A:66 X:47 Y:33 P:35 SP:FC CYC:196
0000  47        BRK                             A:66 X:47 Y:33 P:35 SP:F9 CYC:202
0000  47        BRK                             A:66 X:47 Y:33 P:35 SP:F6 CYC:208
0000  47        BRK                             A:66 X:47 Y:33 P:35 SP:F3 CYC:214
0000  47        BRK                             A:66 X:47 Y:33 P:35 SP:F0 CYC:220
0000  47        BRK                             A:66 X:47 Y:33 P:35 SP:ED CYC:226
0000  47        BRK                             A:66 X:47 Y:33 P:35 SP:EA CYC:232
0000  47        BRK                             A:66 X:47 Y:33 P:35 SP:E7 CYC:238
0000  47        BRK                             A:66 X:47 Y:33 P:35 SP:E4 CYC:244
0000  47        BRK                             A:66 X:47 Y:33 P:35 SP:E1 CYC:250
0000  47        BRK                             A:66 X:47 Y:33 P:35 SP:DE CYC:256
0000  47        BRK                             A:66 X:47 Y:33 P:35 SP:DB CYC:262
0000  47        BRK                             A:66 X:47 Y:33 P:35 SP:D8 CYC:268
0000  47        BRK                             A:66 X:47 Y:33 P:35 SP:D5 CYC:274
0000  47        BRK                             A:66 X:47 Y:33 P:35 SP:D2 CYC:280
0000  47        BRK                             A:66 X:47 Y:33 P:35 SP:CF CYC:286
0000  47        BRK                             A:66 X:47 Y:33 P:35 SP:CC CYC:292
0000  47        BRK                             A:66 X:47 Y:33 P:35 SP:C9 CYC:298
0000  47        BRK                             A:66 X:47 Y:33 P:35 SP:C6 CYC:304
0000  47        BRK                             A:66 X:47 Y:33 P:35 SP:C3 CYC:310
0000  47        BRK                             A:66 X:47 Y:33 P:35 SP:C0 CYC:316
0000  47        BRK                             A:66 X:47 Y:33 P:35 SP:BD CYC:322
0000  47        BRK                             A:66 X:47 Y:33 P:35 SP:BA CYC:328
0000  47        BRK                             A:66 X:47 Y:33 P:35 SP:B7 CYC:334
0000  47        BRK                             A:66 X:47 Y:33 P:35 SP:B4 CYC:340
0000  47        BRK                             A:66 X:47 Y:33 P:35 SP:B1 CYC:  5
0000  47        BRK                             A:66 X:47 Y:33 P:35 SP:AE CYC: 11
0000  47        BRK                             A:66 X:47 Y:33 P:35 SP:AB CYC: 17
0000  47        BRK                             A:66 X:47 Y:33 P:35 SP:A8 CYC: 23
0000  47        BRK                             A:66 X:47 Y:33 P:35 SP:A5 CYC: 29
0000  47        BRK                             A:66 X:47 Y:33 P:35 SP:A2 CYC: 35
0000  47        BRK                             A:66 X:47 Y:33 P:35 SP:9F CYC: 41
0000  47        BRK                             A:66 X:47 Y:33 P:35 SP:9C CYC: 47
0000  47        BRK                             A:66 X:47 Y:33 P:35 SP:99 CYC: 53
0000  47        BRK                             A:66 X:47 Y:33 P:35 SP:96 CYC: 59
0000  47        BRK                             A:66 X:47 Y:33 P:35 SP:93 CYC: 65
0000  47        BRK                             A:66 X:47 Y:33 P:35 SP:90 CYC: 71
0000  47        BRK                             A:66 X:47 Y:33 P:35 SP:8D CYC: 77
0000  47        BRK                             A:66 X:47 Y:33 P:35 SP:8A CYC: 83
0000  47        BRK                             A:66 X:47 Y:33 P:35 SP:87 CYC: 89
0000  47        BRK                             A:66 X:47 Y:33 P:35 SP:84 CYC: 95
0000  47        BRK                             A:66 X:47 Y:33 P:35 SP:81 CYC:101
0000  47        BRK                             A:66 X:47 Y:33 P:35 SP:7E CYC:107
0000  47        BRK                             A:66 X:47 Y:33 P:35 SP:7B CYC:113
0000  47        BRK                             A:66 X:47 Y:33 P:35 SP:78 CYC:119
0000  47        BRK                             A:66 X:47 Y:33 P:35 SP:75 CYC:125
0000  47        BRK                             A:66 X:47 Y:33 P:35 SP:72 CYC:131
0000  47        BRK                             A:66 X:47 Y:33 P:35 SP:6F CYC:137
0000  47        BRK                             A:66 X:47 Y:33 P:35 SP:6C CYC:143
0000  47        BRK                             A:66 X:47 Y:33 P:35 SP:69 CYC:149
0000  47        BRK                             A:66 X:47 Y:33 P:35 SP:66 CYC:155
0000  47        BRK                             A:66 X:47 Y:33 P:35 SP:63 CYC:161
0000  47        BRK                             A:66 X:47 Y:33 P:35 SP:60 CYC:167
0000  47        BRK                             A:66 X:47 Y:33 P:35 SP:5D CYC:173
0000  47        BRK                             A:66 X:47 Y:33 P:35 SP:5A CYC:179
0000  47        BRK                             A:66 X:47 Y:33 P:35 SP:57 CYC:185
0000  47        BRK                             A:66 X:47 Y:33 P:35 SP:54 CYC:191
0000  47        BRK                             A:66 X:47 Y:33 P:35 SP:51 CYC:197
0000  47        BRK                             A:66 X:47 Y:33 P:35 SP:4E CYC:203
0000  47        BRK                             A:66 X:47 Y:33 P:35 SP:4B CYC:209
0000  47        BRK                             A:66 X:47 Y:33 P:35 SP:48 CYC:215
0000  47        BRK                             A:66 X:47 Y:33 P:35 SP:45 CYC:221
0000  47        BRK                             A:66 X:47 Y:33 P:35 SP:42 CYC:227
0000  47        BRK                             A:66 X:47 Y:33 P:35 SP:3F CYC:233
0000  47        BRK                             A:66 X:47 Y:33 P:35 SP:3C CYC:239
0000  47        BRK                             A:66 X:47 Y:33 P:35 SP:39 CYC:245
0000  47        BRK                             A:66 X:47 Y:33 P:35 SP:36 CYC:251
0000  47        BRK                             A:66 X:47 Y:33 P:35 SP:33 CYC:257
0000  47        BRK                             A:66 X:47 Y:33 P:35 SP:30 CYC:263
0000  47        BRK                             A:66 X:47 Y:33 P:35 SP:2D CYC:269
0000  47        BRK                             A:66 X:47 Y:33 P:35 SP:2A CYC:275
0000  47        BRK                             A:66 X:47 Y:33 P:35 SP:27 CYC:281
0000  47        BRK                             A:66 X:47 Y:33 P:35 SP:24 CYC:287
0000  47        BRK                             A:66 X:47 Y:33 P:35 SP:21 CYC:293
0000  47        BRK                             A:66 X:47 Y:33 P:35 SP:1E CYC:299
0000  47        BRK                             A:66 X:47 Y:33 P:35 SP:1B CYC:305
0000  47        BRK                             A:66 X:47 Y:33 P:35 SP:18 CYC:311
0000  47        BRK                             A:66 X:47 Y:33 P:35 SP:15 CYC:317
0000  47        BRK                             A:66 X:47 Y:33 P:35 SP:12 CYC:323
0000  47        BRK                             A:66 X:47 Y:33 P:35 SP:0F CYC:329
0000  47        BRK                             A:66 X:47 Y:33 P:35 SP:0C CYC:335
0000  47        BRK                             A:66 X:47 Y:33 P:35 SP:09 CYC:  0
0000  47        BRK                             A:66 X:47 Y:33 P:35 SP:06 CYC:  6
0000  47        BRK                             A:66 X:47 Y:33 P:35 SP:03 CYC: 12
0000  47        BRK                             A:66 X:47 Y:33 P:35 SP:00 CYC: 18
0000  47        BRK                             A:66 X:47 Y:33 P:35 SP:FD CYC: 24
0000  47        BRK                             A:66 X:47 Y:33 P:35 SP:FA CYC: 30
0000  47        BRK                             A:66 X:47 Y:33 P:35 SP:F7 CYC: 36
0000  47        BRK                             A:66 X:47 Y:33 P:35 SP:F4 CYC: 42
0000  47        BRK                             A:66 X:47 Y:33 P:35 SP:F1 CYC: 48
0000  47        BRK                             A:66 X:47 Y:33 P:35 SP:EE CYC: 54
0000  47        BRK                             A:66 X:47 Y:33 P:35 SP:EB CYC: 60
0000  47        BRK                             A:66 X:47 Y:33 P:35 SP:E8 CYC: 66
0000  47        BRK                             A:66 X:47 Y:33 P:35 SP:E5 CYC: 72
0000  47        BRK                             A:66 X:47 Y:33 P:35 SP:E2 CYC: 78
0000  47        BRK                             A:66 X:47 Y:33 P:35 SP:DF CYC: 84
0000  47        BRK                             A:66 X:47 Y:33 P:35 SP:DC CYC: 90
0000  47        BRK                             A:66 X:47 Y:33 P:35 SP:D9 CYC: 96
0000  47        BRK                             A:66 X:47 Y:33 P:35 SP:D6 CYC:102
0000  47        BRK                             A:66 X:47 Y:33 P:35 SP:D3 CYC:108
0000  47        BRK                             A:66 X:47 Y:33 P:35 SP:D0 CYC:114
0000  47        BRK                             A:66 X:47 Y:33 P:35 SP:CD CYC:120
0000  47        BRK                             A:66 X:47 Y:33 P:35 SP:CA CYC:126
0000  47        BRK                             A:66 X:47 Y:33 P:35 SP:C7 CYC:132
0000  47        BRK                             A:66 X:47 Y:33 P:35 SP:C4 CYC:138
0000  47        BRK                             A:66 X:47 Y:33 P:35 SP:C1 CYC:144
0000  47        BRK                             A:66 X:47 Y:33 P:35 SP:BE CYC:150
0000  47        BRK                             A:66 X:47 Y:33 P:35 SP:BB CYC:156
0000  47        BRK                             A:66 X:47 Y:33 P:35 SP:B8 CYC:162
0000  47        BRK                             A:66 X:47 Y:33 P:35 SP:B5 CYC:168
0000  47        BRK                             A:66 X:47 Y:33 P:35 SP:B2 CYC:174
0000  47        BRK                             A:66 X:47 Y:33 P:35 SP:AF CYC:180
0000  47        BRK                             A:66 X:47 Y:33 P:35 SP:AC CYC:186
0000  47        BRK                             A:66 X:47 Y:33 P:35 SP:A9 CYC:192
0000  47        BRK                             A:66 X:47 Y:33 P:35 SP:A6 CYC:198
0000  47        BRK                             A:66 X:47 Y:33 P:35 SP:A3 CYC:204
0000  47        BRK                             A:66 X:47 Y:33 P:35 SP:A0 CYC:210
0000  47        BRK                             A:66 X:47 Y:33 P:35 SP:9D CYC:216
0000  47        BRK                             A:66 X:47 Y:33 P:35 SP:9A CYC:222
0000  47        BRK                             A:66 X:47 Y:33 P:35 SP:97 CYC:228
0000  47        BRK                             A:66 X:47 Y:33 P:35 SP:94 CYC:234
0000  47        BRK                             A:66 X:47 Y:33 P:35 SP:91 CYC:240
0000  47        BRK                             A:66 X:47 Y:33 P:35 SP:8E CYC:246
0000  47        BRK                             A:66 X:47 Y:33 P:35 SP:8B CYC:252
0000  47        BRK                             A:66 X:47 Y:33 P:35 SP:88 CYC:258
0000  47        BRK                             A:66 X:47 Y:33 P:35 SP:85 CYC:264
0000  47        BRK                             A:66 X:47 Y:33 P:35 SP:82 CYC:270
0000  47        BRK                             A:66 X:47 Y:33 P:35 SP:7F CYC:276
0000  47        BRK                             A:66 X:47 Y:33 P:35 SP:7C CYC:282
0000  47        BRK                             A:66 X:47 Y:33 P:35 SP:79 CYC:288
0000  47        BRK                             A:66 X:47 Y:33 P:35 SP:76 CYC:294
0000  47        BRK                             A:66 X:47 Y:33 P:35 SP:73 CYC:300
0000  47        BRK                             A:66 X:47 Y:33 P:35 SP:70 CYC:306
0000  47        BRK                             A:66 X:47 Y:33 P:35 SP:6D CYC:312
0000  47        BRK                             A:66 X:47 Y:33 P:35 SP:6A CYC:318
0000  47        BRK                             A:66 X:47 Y:33 P:35 SP:67 CYC:324
0000  47        BRK                             A:66 X:47 Y:33 P:35 SP:64 CYC:330
0000  47        BRK                             A:66 X:47 Y:33 P:35 SP:61 CYC:336
0000  47        BRK                             A:66 X:47 Y:33 P:35 SP:5E CYC:  1
0000  47        BRK                             A:66 X:47 Y:33 P:35 SP:5B CYC:  7
0000  47        BRK                             A:66 X:47 Y:33 P:35 SP:58 CYC: 13
0000  47        BRK                             A:66 X:47 Y:33 P:35 SP:55 CYC: 19
0000  47        BRK                             A:66 X:47 Y:33 P:35 SP:52 CYC: 25
0000  47        BRK                             A:66 X:47 Y:33 P:35 SP:4F CYC: 31
0000  47        BRK                             A:66 X:47 Y:33 P:35 SP:4C CYC: 37
0000  47        BRK                             A:66 X:47 Y:33 P:35 SP:49 CYC: 43
0000  47        BRK                             A:66 X:47 Y:33 P:35 SP:46 CYC: 49
0000  47        BRK                             A:66 X:47 Y:33 P:35 SP:43 CYC: 55
0000  47        BRK                             A:66 X:47 Y:33 P:35 SP:40 CYC: 61
0000  47        BRK                             A:66 X:47 Y:33 P:35 SP:3D CYC: 67
0000  47        BRK                             A:66 X:47 Y:33 P:35 SP:3A CYC: 73
0000  47        BRK                             A:66 X:47 Y:33 P:35 SP:37 CYC: 79
0000  47        BRK                             A:66 X:47 Y:33 P:35 SP:34 CYC: 85
0000  47        BRK                             A:66 X:47 Y:33 P:35 SP:31 CYC: 91
0000  47        BRK                             A:66 X:47 Y:33 P:35 SP:2E CYC: 97
0000  47        BRK                             A:66 X:47 Y:33 P:35 SP:2B CYC:103
0000  47        BRK                             A:66 X:47 Y:33 P:35 SP:28 CYC:109
0000  47        BRK                             A:66 X:47 Y:33 P:35 SP:25 CYC:115
0000  47        BRK                             A:66 X:47 Y:33 P:35 SP:22 CYC:121
0000  47        BRK                             A:66 X:47 Y:33 P:35 SP:1F CYC:127
0000  47        BRK                             A:66 X:47 Y:33 P:35 SP:1C CYC:133
0000  47        BRK                             A:66 X:47 Y:33 P:35 SP:19 CYC:139
0000  47        BRK                             A:66 X:47 Y:33 P:35 SP:16 CYC:145
0000  47        BRK                             A:66 X:47 Y:33 P:35 SP:13 CYC:151
0000  47        BRK                             A:66 X:47 Y:33 P:35 SP:10 CYC:157
0000  47        BRK                             A:66 X:47 Y:33 P:35 SP:0D CYC:163
0000  47        BRK                             A:66 X:47 Y:33 P:35 SP:0A CYC:169
0000  47        BRK                             A:66 X:47 Y:33 P:35 SP:07 CYC:175
0000  47        BRK                             A:66 X:47 Y:33 P:35 SP:04 CYC:181
0000  47        BRK                             A:66 X:47 Y:33 P:35 SP:01 CYC:187
0000  47        BRK                             A:66 X:47 Y:33 P:35 SP:FE CYC:193
0000  47        BRK                             A:66 X:47 Y:33 P:35 SP:FB CYC:199
0000  47        BRK                             A:66 X:47 Y:33 P:35 SP:F8 CYC:205
0000  47        BRK                             A:66 X:47 Y:33 P:35 SP:F5 CYC:211
0000  47        BRK                             A:66 X:47 Y:33 P:35 SP:F2 CYC:217
0000  47        BRK                             A:66 X:47 Y:33 P:35 SP:EF CYC:223
0000  47        BRK                             A:66 X:47 Y:33 P:35 SP:EC CYC:229
0000  47        BRK                             A:66 X:47 Y:33 P:35 SP:E9 CYC:235
0000  47        BRK                             A:66 X:47 Y:33 P:35 SP:E6 CYC:241
0000  47        BRK                             A:66 X:47 Y:33 P:35 SP:E3 CYC:247
0000  47        BRK                             A:66 X:47 Y:33 P:35 SP:E0 CYC:253
0000  47        BRK                             A:66 X:47 Y:33 P:35 SP:DD CYC:259
0000  47        BRK                             A:66 X:47 Y:33 P:35 SP:DA CYC:265
0000  47        BRK                             A:66 X:47 Y:33 P:35 SP:D7 CYC:271
0000  47        BRK                             A:66 X:47 Y:33 P:35 SP:D4 CYC:277
0000  47        BRK                             A:66 X:47 Y:33 P:35 SP:D1 CYC:283
0000  47        BRK                             A:66 X:47 Y:33 P:35 SP:CE CYC:289
0000  47        BRK                             A:66 X:47 Y:33 P:35 SP:CB CYC:295
0000  47        BRK                             A:66 X:47 Y:33 P:35 SP:C8 CYC:301
0000  47        BRK                             A:66 X:47 Y:33 P:35 SP:C5 CYC:307
0000  47        BRK                             A:66 X:47 Y:33 P:35 SP:C2 CYC:313
0000  47        BRK                             A:66 X:47 Y:33 P:35 SP:BF CYC:319
0000  47        BRK                             A:66 X:47 Y:33 P:35 SP:BC CYC:325
0000  47        BRK                             A:66 X:47 Y:33 P:35 SP:B9 CYC:331
0000  47        BRK                             A:66 X:47 Y:33 P:35 SP:B6 CYC:337
0000  47        BRK                             A:66 X:47 Y:33 P:35 SP:B3 CYC:  2
0000  47        BRK                             A:66 X:47 Y:33 P:35 SP:B0 CYC:  8
0000  47        BRK                             A:66 X:47 Y:33 P:35 SP:AD CYC: 14
0000  47        BRK                             A:66 X:47 Y:33 P:35 SP:AA CYC: 20
0000  47        BRK                             A:66 X:47 Y:33 P:35 SP:A7 CYC: 26
0000  47        BRK                             A:66 X:47 Y:33 P:35 SP:A4 CYC: 32
0000  47        BRK                             A:66 X:47 Y:33 P:35 SP:A1 CYC: 38
0000  47        BRK                             A:66 X:47 Y:33 P:35 SP:9E CYC: 44
0000  47        BRK                             A:66 X:47 Y:33 P:35 SP:9B CYC: 50
0000  47        BRK                             A:66 X:47 Y:33 P:35 SP:98 CYC: 56
0000  47        BRK                             A:66 X:47 Y:33 P:35 SP:95 CYC: 62
0000  47        BRK                             A:66 X:47 Y:33 P:35 SP:92 CYC: 68
0000  47        BRK                             A:66 X:47 Y:33 P:35 SP:8F CYC: 74
0000  47        BRK                             A:66 X:47 Y:33 P:35 SP:8C CYC: 80
0000  47        BRK                             A:66 X:47 Y:33 P:35 SP:89 CYC: 86
0000  47        BRK                             A:66 X:47 Y:33 P:35 SP:86 CYC: 92
0000  47        BRK                             A:66 X:47 Y:33 P:35 SP:83 CYC: 98
0000  47        BRK                             A:66 X:47 Y:33 P:35 SP:80 CYC:104
0000  47        BRK                             A:66 X:47 Y:33 P:35 SP:7D CYC:110
0000  47        BRK                             A:66 X:47 Y:33 P:35 SP:7A CYC:116
0000  47        BRK                             A:66 X:47 Y:33 P:35 SP:77 CYC:122
0000  47        BRK                             A:66 X:47 Y:33 P:35 SP:74 CYC:128
0000  47        BRK                             A:66 X:47 Y:33 P:35 SP:71 CYC:134
0000  47        BRK                             A:66 X:47 Y:33 P:35 SP:6E CYC:140
0000  47        BRK                             A:66 X:47 Y:33 P:35 SP:6B CYC:146
0000  47        BRK                             A:66 X:47 Y:33 P:35 SP:68 CYC:152
0000  47        BRK                             A:66 X:47 Y:33 P:35 SP:65 CYC:158
0000  47        BRK                             A:66 X:47 Y:33 P:35 SP:62 CYC:164
0000  47        BRK                             A:66 X:47 Y:33 P:35 SP:5F CYC:170
0000  47        BRK                             A:66 X:47 Y:33 P:35 SP:5C CYC:176
0000  47        BRK                             A:66 X:47 Y:33 P:35 SP:59 CYC:182
0000  47        BRK                             A:66 X:47 Y:33 P:35 SP:56 CYC:188
0000  47        BRK                             A:66 X:47 Y:33 P:35 SP:53 CYC:194
0000  47        BRK                             A:66 X:47 Y:33 P:35 SP:50 CYC:200
0000  47        BRK                             A:66 X:47 Y:33 P:35 SP:4D CYC:206
0000  47        BRK                             A:66 X:47 Y:33 P:35 SP:4A CYC:212
0000  47        BRK                             A:66 X:47 Y:33 P:35 SP:47 CYC:218
0000  47        BRK                             A:66 X:47 Y:33 P:35 SP:44 CYC:224
0000  47        BRK                             A:66 X:47 Y:33 P:35 SP:41 CYC:230
0000  47        BRK                             A:66 X:47 Y:33 P:35 SP:3E CYC:236
0000  47        BRK                             A:66 X:47 Y:33 P:35 SP:3B CYC:242
0000  47        BRK                             A:66 X:47 Y:33 P:35 SP:38 CYC:248
0000  47        BRK                             A:66 X:47 Y:33 P:35 SP:35 CYC:254
0000  47        BRK                             A:66 X:47 Y:33 P:35 SP:32 CYC:260
0000  47        BRK                             A:66 X:47 Y:33 P:35 SP:2F CYC:266
0000  47        BRK                             A:66 X:47 Y:33 P:35 SP:2C CYC:272
0000  47        BRK                             A:66 X:47 Y:33 P:35 SP:29 CYC:278
0000  47        BRK                             A:66 X:47 Y:33 P:35 SP:26 CYC:284
0000  47        BRK                             A:66 X:47 Y:33 P:35 SP:23 CYC:290
0000  47        BRK                             A:66 X:47 Y:33 P:35 SP:20 CYC:296
0000  47        BRK                             A:66 X:47 Y:33 P:35 SP:1D CYC:302
0000  47        BRK                             A:66 X:47 Y:33 P:35 SP:1A CYC:308
0000  47        BRK                             A:66 X:47 Y:33 P:35 SP:17 CYC:314
0000  47        BRK                             A:66 X:47 Y:33 P:35 SP:14 CYC:320
0000  47        BRK                             A:66 X:47 Y:33 P:35 SP:11 CYC:326
0000  47        BRK                             A:66 X:47 Y:33 P:35 SP:0E CYC:332
0000  47        BRK                             A:66 X:47 Y:33 P:35 SP:0B CYC:338
0000  47        BRK                             A:66 X:47 Y:33 P:35 SP:08 CYC:  3
0000  47        BRK                             A:66 X:47 Y:33 P:35 SP:05 CYC:  9
0000  47        BRK                             A:66 X:47 Y:33 P:35 SP:02 CYC: 15
0000  47        BRK                             A:66 X:47 Y:33 P:35 SP:FF CYC: 21
0000  47        BRK                             A:66 X:47 Y:33 P:35 SP:FC CYC: 27
0000  47        BRK                             A:66 X:47 Y:33 P:35 SP:F9 CYC: 33
0000  47        BRK                             A:66 X:47 Y:33 P:35 SP:F6 CYC: 39
0000  47        BRK                             A:66 X:47 Y:33 P:35 SP:F3 CYC: 45
0000  47        BRK                             A:66 X:47 Y:33 P:35 SP:F0 CYC: 51
0000  47        BRK                             A:66 X:47 Y:33 P:35 SP:ED CYC: 57
0000  47        BRK                             A:66 X:47 Y:33 P:35 SP:EA CYC: 63
0000  47        BRK                             A:66 X:47 Y:33 P:35 SP:E7 CYC: 69
0000  47        BRK                             A:66 X:47 Y:33 P:35 SP:E4 CYC: 75
0000  47        BRK                             A:66 X:47 Y:33 P:35 SP:E1 CYC: 81
0000  47        BRK                             A:66 X:47 Y:33 P:35 SP:DE CYC: 87
0000  47        BRK                             A:66 X:47 Y:33 P:35 SP:DB CYC: 93
0000  47        BRK                             A:66 X:47 Y:33 P:35 SP:D8 CYC: 99
0000  47        BRK                             A:66 X:47 Y:33 P:35 SP:D5 CYC:105
0000  47        BRK                             A:66 X:47 Y:33 P:35 SP:D2 CYC:111
0000  47        BRK                             A:66 X:47 Y:33 P:35 SP:CF CYC:117
0000  47        BRK                             A:66 X:47 Y:33 P:35 SP:CC CYC:123
0000  47        BRK                             A:66 X:47 Y:33 P:35 SP:C9 CYC:129
0000  47        BRK                             A:66 X:47 Y:33 P:35 SP:C6 CYC:135
0000  47        BRK                             A:66 X:47 Y:33 P:35 SP:C3 CYC:141
0000  47        BRK                             A:66 X:47 Y:33 P:35 SP:C0 CYC:147
0000  47        BRK                             A:66 X:47 Y:33 P:35 SP:BD CYC:153
0000  47        BRK                             A:66 X:47 Y:33 P:35 SP:BA CYC:159
0000  47        BRK                             A:66 X:47 Y:33 P:35 SP:B7 CYC:165
0000  47        BRK                             A:66 X:47 Y:33 P:35 SP:B4 CYC:171
0000  47        BRK                             A:66 X:47 Y:33 P:35 SP:B1 CYC:177
0000  47        BRK                             A:66 X:47 Y:33 P:35 SP:AE CYC:183
0000  47        BRK                             A:66 X:47 Y:33 P:35 SP:AB CYC:189
0000  47        BRK                             A:66 X:47 Y:33 P:35 SP:A8 CYC:195
0000  47        BRK                             A:66 X:47 Y:33 P:35 SP:A5 CYC:201
0000  47        BRK                             A:66 X:47 Y:33 P:35 SP:A2 CYC:207
0000  47        BRK                             A:66 X:47 Y:33 P:35 SP:9F CYC:213
0000  47        BRK                             A:66 X:47 Y:33 P:35 SP:9C CYC:219
0000  47        BRK                             A:66 X:47 Y:33 P:35 SP:99 CYC:225
0000  47        BRK                             A:66 X:47 Y:33 P:35 SP:96 CYC:231
0000  47        BRK                             A:66 X:47 Y:33 P:35 SP:93 CYC:237
0000  47        BRK                             A:66 X:47 Y:33 P:35 SP:90 CYC:243
0000  47        BRK                             A:66 X:47 Y:33 P:35 SP:8D CYC:249
0000  47        BRK                             A:66 X:47 Y:33 P:35 SP:8A CYC:255
0000  47        BRK                             A:66 X:47 Y:33 P:35 SP:87 CYC:261
0000  47        BRK                             A:66 X:47 Y:33 P:35 SP:84 CYC:267
0000  47        BRK                             A:66 X:47 Y:33 P:35 SP:81 CYC:273
0000  47        BRK                             A:66 X:47 Y:33 P:35 SP:7E CYC:279
0000  47        BRK                             A:66 X:47 Y:33 P:35 SP:7B CYC:285
0000  47        BRK                             A:66 X:47 Y:33 P:35 SP:78 CYC:291
0000  47        BRK                             A:66 X:47 Y:33 P:35 SP:75 CYC:297
0000  47        BRK                             A:66 X:47 Y:33 P:35 SP:72 CYC:303
0000  47        BRK                             A:66 X:47 Y:33 P:35 SP:6F CYC:309
0000  47        BRK                             A:66 X:47 Y:33 P:35 SP:6C CYC:315
0000  47        BRK                             A:66 X:47 Y:33 P:35 SP:69 CYC:321
0000  47        BRK                             A:66 X:47 Y:33 P:35 SP:66 CYC:327
0000  47        BRK                             A:66 X:47 Y:33 P:35 SP:63 CYC:333
0000  47        BRK                             A:66 X:47 Y:33 P:35 SP:60 CYC:339
0000  47        BRK                             A:66 X:47 Y:33 P:35 SP:5D CYC:  4
0000  47        BRK                             A:66 X:47 Y:33 P:35 SP:5A CYC: 10
0000  47        BRK                             A:66 X:47 Y:33 P:35 SP:57 CYC: 16
0000  47        BRK                             A:66 X:47 Y:33 P:35 SP:54 CYC: 22
0000  47        BRK                             A:66 X:47 Y:33 P:35 SP:51 CYC: 28
0000  47        BRK                             A:66 X:47 Y:33 P:35 SP:4E CYC: 34
0000  47        BRK                             A:66 X:47 Y:33 P:35 SP:4B CYC: 40
0000  47        BRK                             A:66 X:47 Y:33 P:35 SP:48 CYC: 46
0000  47        BRK                             A:66 X:47 Y:33 P:35 SP:45 CYC: 52
0000  47        BRK                             A:66 X:47 Y:33 P:35 SP:42 CYC: 58
0000  47        BRK                             A:66 X:47 Y:33 P:35 SP:3F CYC: 64
0000  47        BRK                             A:66 X:47 Y:33 P:35 SP:3C CYC: 70
0000  47        BRK                             A:66 X:47 Y:33 P:35 SP:39 CYC: 76
0000  47        BRK                             A:66 X:47 Y:33 P:35 SP:36 CYC: 82
0000  47        BRK                             A:66 X:47 Y:33 P:35 SP:33 CYC: 88
0000  47        BRK                             A:66 X:47 Y:33 P:35 SP:30 CYC: 94
0000  47        BRK                             A:66 X:47 Y:33 P:35 SP:2D CYC:100
0000  47        BRK                             A:66 X:47 Y:33 P:35 SP:2A CYC:106
0000  47        BRK                             A:66 X:47 Y:33 P:35 SP:27 CYC:112
0000  47        BRK                             A:66 X:47 Y:33 P:35 SP:24 CYC:118
0000  47        BRK                             A:66 X:47 Y:33 P:35 SP:21 CYC:124
0000  47        BRK                             A:66 X:47 Y:33 P:35 SP:1E CYC:130
0000  47        BRK                             A:66 X:47 Y:33 P:35 SP:1B CYC:136
0000  47        BRK                             A:66 X:47 Y:33 P:35 SP:18 CYC:142
0000  47        BRK                             A:66 X:47 Y:33 P:35 SP:15 CYC:148
0000  47        BRK                             A:66 X:47 Y:33 P:35 SP:12 CYC:154
0000  47        BRK                             A:66 X:47 Y:33 P:35 SP:0F CYC:160
0000  47        BRK                             A:66 X:47 Y:33 P:35 SP:0C CYC:166
0000  47        BRK                             A:66 X:47 Y:33 P:35 SP:09 CYC:172
0000  47        BRK                             A:66 X:47 Y:33 P:35 SP:06 CYC:178
0000  47        BRK                             A:66 X:47 Y:33 P:35 SP:03 CYC:184
0000  47        BRK                             A:66 X:47 Y:33 P:35 SP:00 CYC:190
0000  47        BRK                             A:66 X:47 Y:33 P:35 SP:FD CYC:196
0000  47        BRK                             A:66 X:47 Y:33 P:35 SP:FA CYC:202
0000  47        BRK                             A:66 X:47 Y:33 P:35 SP:F7 CYC:208
0000  47        BRK                             A:66 X:47 Y:33 P:35 SP:F4 CYC:214
0000  47        BRK                             A:66 X:47 Y:33 P:35 SP:F1 CYC:220
0000  47        BRK                             A:66 X:47 Y:33 P:35 SP:EE CYC:226
0000  47        BRK                             A:66 X:47 Y:33 P:35 SP:EB CYC:232
0000  47        BRK                             A:66 X:47 Y:33 P:35 SP:E8 CYC:238
0000  47        BRK                             A:66 X:47 Y:33 P:35 SP:E5 CYC:244
0000  47        BRK                             A:66 X:47 Y:33 P:35 SP:E2 CYC:250
0000  47        BRK                             A:66 X:47 Y:33 P:35 SP:DF CYC:256
0000  47        BRK                             A:66 X:47 Y:33 P:35 SP:DC CYC:262
0000  47        BRK                             A:66 X:47 Y:33 P:35 SP:D9 CYC:268
0000  47        BRK                             A:66 X:47 Y:33 P:35 SP:D6 CYC:274
0000  47        BRK                             A:66 X:47 Y:33 P:35 SP:D3 CYC:280
0000  47        BRK                             A:66 X:47 Y:33 P:35 SP:D0 CYC:286
0000  47        BRK                             A:66 X:47 Y:33 P:35 SP:CD CYC:292
0000  47        BRK                             A:66 X:47 Y:33 P:35 SP:CA CYC:298
0000  47        BRK                             A:66 X:47 Y:33 P:35 SP:C7 CYC:304
0000  47        BRK                             A:66 X:47 Y:33 P:35 SP:C4 CYC:310
0000  47        BRK                             A:66 X:47 Y:33 P:35 SP:C1 CYC:316
0000  47        BRK                             A:66 X:47 Y:33 P:35 SP:BE CYC:322
0000  47        BRK                             A:66 X:47 Y:33 P:35 SP:BB CYC:328
